[0.225s] DEBUG:colcon:Command line arguments: ['/usr/bin/colcon', 'build']
[0.225s] DEBUG:colcon:Parsed command line arguments: Namespace(log_base=None, log_level=None, verb_name='build', build_base='build', install_base='install', merge_install=False, symlink_install=False, test_result_base=None, continue_on_error=False, executor='parallel', parallel_workers=6, event_handlers=None, ignore_user_meta=False, metas=['./colcon.meta'], base_paths=['.'], packages_ignore=None, packages_ignore_regex=None, paths=None, packages_up_to=None, packages_up_to_regex=None, packages_above=None, packages_above_and_dependencies=None, packages_above_depth=None, packages_select_by_dep=None, packages_skip_by_dep=None, packages_skip_up_to=None, packages_select_build_failed=False, packages_skip_build_finished=False, packages_select_test_failures=False, packages_skip_test_passed=False, packages_select=None, packages_skip=None, packages_select_regex=None, packages_skip_regex=None, packages_start=None, packages_end=None, allow_overriding=[], cargo_args=None, clean_build=False, cmake_args=None, cmake_target=None, cmake_target_skip_unavailable=False, cmake_clean_cache=False, cmake_clean_first=False, cmake_force_configure=False, lookup_in_workspace=False, ament_cmake_args=None, catkin_cmake_args=None, catkin_skip_building_tests=False, verb_parser=<colcon_defaults.argument_parser.defaults.DefaultArgumentsDecorator object at 0xffffb207f880>, verb_extension=<colcon_core.verb.build.BuildVerb object at 0xffffb22ad420>, main=<bound method BuildVerb.main of <colcon_core.verb.build.BuildVerb object at 0xffffb22ad420>>)
[0.302s] Level 1:colcon.colcon_core.package_discovery:discover_packages(colcon_meta) check parameters
[0.302s] Level 1:colcon.colcon_core.package_discovery:discover_packages(recursive) check parameters
[0.302s] Level 1:colcon.colcon_core.package_discovery:discover_packages(ignore) check parameters
[0.302s] Level 1:colcon.colcon_core.package_discovery:discover_packages(path) check parameters
[0.302s] Level 1:colcon.colcon_core.package_discovery:discover_packages(cargo_workspace) check parameters
[0.302s] Level 1:colcon.colcon_core.package_discovery:discover_packages(colcon_meta) discover
[0.303s] Level 1:colcon.colcon_core.package_discovery:discover_packages(recursive) discover
[0.303s] INFO:colcon.colcon_core.package_discovery:Crawling recursively for packages in '/home/spkmak/vegabot_ws'
[0.303s] Level 1:colcon.colcon_core.package_identification:_identify(.) by extensions ['ignore', 'ignore_ament_install']
[0.303s] Level 1:colcon.colcon_core.package_identification:_identify(.) by extension 'ignore'
[0.303s] Level 1:colcon.colcon_core.package_identification:_identify(.) by extension 'ignore_ament_install'
[0.303s] Level 1:colcon.colcon_core.package_identification:_identify(.) by extensions ['cargo_workspace']
[0.304s] Level 1:colcon.colcon_core.package_identification:_identify(.) by extension 'cargo_workspace'
[0.304s] Level 1:colcon.colcon_core.package_identification:_identify(.) by extensions ['colcon_pkg']
[0.304s] Level 1:colcon.colcon_core.package_identification:_identify(.) by extension 'colcon_pkg'
[0.304s] Level 1:colcon.colcon_core.package_identification:_identify(.) by extensions ['colcon_meta']
[0.304s] Level 1:colcon.colcon_core.package_identification:_identify(.) by extension 'colcon_meta'
[0.304s] Level 1:colcon.colcon_core.package_identification:_identify(.) by extensions ['ros']
[0.304s] Level 1:colcon.colcon_core.package_identification:_identify(.) by extension 'ros'
[0.330s] Level 1:colcon.colcon_core.package_identification:_identify(.) by extensions ['cargo', 'cmake', 'python']
[0.330s] Level 1:colcon.colcon_core.package_identification:_identify(.) by extension 'cargo'
[0.330s] Level 1:colcon.colcon_core.package_identification:_identify(.) by extension 'cmake'
[0.330s] Level 1:colcon.colcon_core.package_identification:_identify(.) by extension 'python'
[0.330s] Level 1:colcon.colcon_core.package_identification:_identify(.) by extensions ['python_setup_py']
[0.331s] Level 1:colcon.colcon_core.package_identification:_identify(.) by extension 'python_setup_py'
[0.331s] Level 1:colcon.colcon_core.package_identification:_identify(build) by extensions ['ignore', 'ignore_ament_install']
[0.331s] Level 1:colcon.colcon_core.package_identification:_identify(build) by extension 'ignore'
[0.331s] Level 1:colcon.colcon_core.package_identification:_identify(build) ignored
[0.331s] Level 1:colcon.colcon_core.package_identification:_identify(install) by extensions ['ignore', 'ignore_ament_install']
[0.332s] Level 1:colcon.colcon_core.package_identification:_identify(install) by extension 'ignore'
[0.332s] Level 1:colcon.colcon_core.package_identification:_identify(install) ignored
[0.332s] Level 1:colcon.colcon_core.package_identification:_identify(log) by extensions ['ignore', 'ignore_ament_install']
[0.332s] Level 1:colcon.colcon_core.package_identification:_identify(log) by extension 'ignore'
[0.332s] Level 1:colcon.colcon_core.package_identification:_identify(log) ignored
[0.332s] Level 1:colcon.colcon_core.package_identification:_identify(src) by extensions ['ignore', 'ignore_ament_install']
[0.332s] Level 1:colcon.colcon_core.package_identification:_identify(src) by extension 'ignore'
[0.332s] Level 1:colcon.colcon_core.package_identification:_identify(src) by extension 'ignore_ament_install'
[0.333s] Level 1:colcon.colcon_core.package_identification:_identify(src) by extensions ['cargo_workspace']
[0.333s] Level 1:colcon.colcon_core.package_identification:_identify(src) by extension 'cargo_workspace'
[0.333s] Level 1:colcon.colcon_core.package_identification:_identify(src) by extensions ['colcon_pkg']
[0.333s] Level 1:colcon.colcon_core.package_identification:_identify(src) by extension 'colcon_pkg'
[0.333s] Level 1:colcon.colcon_core.package_identification:_identify(src) by extensions ['colcon_meta']
[0.333s] Level 1:colcon.colcon_core.package_identification:_identify(src) by extension 'colcon_meta'
[0.333s] Level 1:colcon.colcon_core.package_identification:_identify(src) by extensions ['ros']
[0.333s] Level 1:colcon.colcon_core.package_identification:_identify(src) by extension 'ros'
[0.333s] Level 1:colcon.colcon_core.package_identification:_identify(src) by extensions ['cargo', 'cmake', 'python']
[0.333s] Level 1:colcon.colcon_core.package_identification:_identify(src) by extension 'cargo'
[0.333s] Level 1:colcon.colcon_core.package_identification:_identify(src) by extension 'cmake'
[0.333s] Level 1:colcon.colcon_core.package_identification:_identify(src) by extension 'python'
[0.333s] Level 1:colcon.colcon_core.package_identification:_identify(src) by extensions ['python_setup_py']
[0.334s] Level 1:colcon.colcon_core.package_identification:_identify(src) by extension 'python_setup_py'
[0.334s] Level 1:colcon.colcon_core.package_identification:_identify(src/vegabot_controller) by extensions ['ignore', 'ignore_ament_install']
[0.334s] Level 1:colcon.colcon_core.package_identification:_identify(src/vegabot_controller) by extension 'ignore'
[0.334s] Level 1:colcon.colcon_core.package_identification:_identify(src/vegabot_controller) by extension 'ignore_ament_install'
[0.334s] Level 1:colcon.colcon_core.package_identification:_identify(src/vegabot_controller) by extensions ['cargo_workspace']
[0.334s] Level 1:colcon.colcon_core.package_identification:_identify(src/vegabot_controller) by extension 'cargo_workspace'
[0.334s] Level 1:colcon.colcon_core.package_identification:_identify(src/vegabot_controller) by extensions ['colcon_pkg']
[0.334s] Level 1:colcon.colcon_core.package_identification:_identify(src/vegabot_controller) by extension 'colcon_pkg'
[0.334s] Level 1:colcon.colcon_core.package_identification:_identify(src/vegabot_controller) by extensions ['colcon_meta']
[0.334s] Level 1:colcon.colcon_core.package_identification:_identify(src/vegabot_controller) by extension 'colcon_meta'
[0.334s] Level 1:colcon.colcon_core.package_identification:_identify(src/vegabot_controller) by extensions ['ros']
[0.335s] Level 1:colcon.colcon_core.package_identification:_identify(src/vegabot_controller) by extension 'ros'
[0.339s] DEBUG:colcon.colcon_core.package_identification:Package 'src/vegabot_controller' with type 'ros.ament_cmake' and name 'vegabot_controller'
[0.339s] Level 1:colcon.colcon_core.package_identification:_identify(src/vegabot_description) by extensions ['ignore', 'ignore_ament_install']
[0.339s] Level 1:colcon.colcon_core.package_identification:_identify(src/vegabot_description) by extension 'ignore'
[0.339s] Level 1:colcon.colcon_core.package_identification:_identify(src/vegabot_description) by extension 'ignore_ament_install'
[0.340s] Level 1:colcon.colcon_core.package_identification:_identify(src/vegabot_description) by extensions ['cargo_workspace']
[0.340s] Level 1:colcon.colcon_core.package_identification:_identify(src/vegabot_description) by extension 'cargo_workspace'
[0.340s] Level 1:colcon.colcon_core.package_identification:_identify(src/vegabot_description) by extensions ['colcon_pkg']
[0.340s] Level 1:colcon.colcon_core.package_identification:_identify(src/vegabot_description) by extension 'colcon_pkg'
[0.340s] Level 1:colcon.colcon_core.package_identification:_identify(src/vegabot_description) by extensions ['colcon_meta']
[0.340s] Level 1:colcon.colcon_core.package_identification:_identify(src/vegabot_description) by extension 'colcon_meta'
[0.340s] Level 1:colcon.colcon_core.package_identification:_identify(src/vegabot_description) by extensions ['ros']
[0.340s] Level 1:colcon.colcon_core.package_identification:_identify(src/vegabot_description) by extension 'ros'
[0.341s] DEBUG:colcon.colcon_core.package_identification:Package 'src/vegabot_description' with type 'ros.ament_cmake' and name 'vegabot_description'
[0.341s] Level 1:colcon.colcon_core.package_discovery:discover_packages(recursive) using defaults
[0.341s] Level 1:colcon.colcon_core.package_discovery:discover_packages(ignore) discover
[0.341s] Level 1:colcon.colcon_core.package_discovery:discover_packages(ignore) using defaults
[0.342s] Level 1:colcon.colcon_core.package_discovery:discover_packages(path) discover
[0.342s] Level 1:colcon.colcon_core.package_discovery:discover_packages(path) using defaults
[0.342s] Level 1:colcon.colcon_core.package_discovery:discover_packages(cargo_workspace) discover
[0.342s] Level 1:colcon.colcon_core.package_discovery:discover_packages(cargo_workspace) using defaults
[0.379s] Level 1:colcon.colcon_core.package_discovery:discover_packages(prefix_path) check parameters
[0.379s] Level 1:colcon.colcon_core.package_discovery:discover_packages(prefix_path) discover
[0.381s] WARNING:colcon.colcon_ros.prefix_path.ament:The path '/home/spkmak/ros2_ws/install/mechabot_scripts' in the environment variable AMENT_PREFIX_PATH doesn't exist
[0.382s] WARNING:colcon.colcon_ros.prefix_path.ament:The path '/home/spkmak/ros2_ws/install/mechabot_navigation' in the environment variable AMENT_PREFIX_PATH doesn't exist
[0.382s] WARNING:colcon.colcon_ros.prefix_path.ament:The path '/home/spkmak/ros2_ws/install/mechabot_localization' in the environment variable AMENT_PREFIX_PATH doesn't exist
[0.382s] WARNING:colcon.colcon_ros.prefix_path.ament:The path '/home/spkmak/ros2_ws/install/mechabot_mapping' in the environment variable AMENT_PREFIX_PATH doesn't exist
[0.382s] WARNING:colcon.colcon_ros.prefix_path.ament:The path '/home/spkmak/ros2_ws/install/mechabot_description' in the environment variable AMENT_PREFIX_PATH doesn't exist
[0.382s] WARNING:colcon.colcon_ros.prefix_path.ament:The path '/home/spkmak/ros2_ws/install/mechabot_controller' in the environment variable AMENT_PREFIX_PATH doesn't exist
[0.382s] WARNING:colcon.colcon_ros.prefix_path.catkin:The path '/home/spkmak/ros2_ws/install/mechabot_navigation' in the environment variable CMAKE_PREFIX_PATH doesn't exist
[0.382s] WARNING:colcon.colcon_ros.prefix_path.catkin:The path '/home/spkmak/ros2_ws/install/mechabot_localization' in the environment variable CMAKE_PREFIX_PATH doesn't exist
[0.382s] WARNING:colcon.colcon_ros.prefix_path.catkin:The path '/home/spkmak/ros2_ws/install/mechabot_mapping' in the environment variable CMAKE_PREFIX_PATH doesn't exist
[0.382s] WARNING:colcon.colcon_ros.prefix_path.catkin:The path '/home/spkmak/ros2_ws/install/mechabot_description' in the environment variable CMAKE_PREFIX_PATH doesn't exist
[0.382s] WARNING:colcon.colcon_ros.prefix_path.catkin:The path '/home/spkmak/ros2_ws/install/mechabot_controller' in the environment variable CMAKE_PREFIX_PATH doesn't exist
[0.384s] DEBUG:colcon.colcon_installed_package_information.package_discovery:Found 10 installed packages in /home/spkmak/ros2_ws/install
[0.387s] DEBUG:colcon.colcon_installed_package_information.package_discovery:Found 413 installed packages in /opt/ros/humble
[0.390s] Level 1:colcon.colcon_core.package_discovery:discover_packages(prefix_path) using defaults
[0.511s] Level 5:colcon.colcon_core.verb:set package 'vegabot_controller' build argument 'cargo_args' from command line to 'None'
[0.512s] Level 5:colcon.colcon_core.verb:set package 'vegabot_controller' build argument 'clean_build' from command line to 'False'
[0.512s] Level 5:colcon.colcon_core.verb:set package 'vegabot_controller' build argument 'cmake_args' from command line to 'None'
[0.512s] Level 5:colcon.colcon_core.verb:set package 'vegabot_controller' build argument 'cmake_target' from command line to 'None'
[0.512s] Level 5:colcon.colcon_core.verb:set package 'vegabot_controller' build argument 'cmake_target_skip_unavailable' from command line to 'False'
[0.512s] Level 5:colcon.colcon_core.verb:set package 'vegabot_controller' build argument 'cmake_clean_cache' from command line to 'False'
[0.512s] Level 5:colcon.colcon_core.verb:set package 'vegabot_controller' build argument 'cmake_clean_first' from command line to 'False'
[0.512s] Level 5:colcon.colcon_core.verb:set package 'vegabot_controller' build argument 'cmake_force_configure' from command line to 'False'
[0.512s] Level 5:colcon.colcon_core.verb:set package 'vegabot_controller' build argument 'lookup_in_workspace' from command line to 'False'
[0.512s] Level 5:colcon.colcon_core.verb:set package 'vegabot_controller' build argument 'ament_cmake_args' from command line to 'None'
[0.512s] Level 5:colcon.colcon_core.verb:set package 'vegabot_controller' build argument 'catkin_cmake_args' from command line to 'None'
[0.512s] Level 5:colcon.colcon_core.verb:set package 'vegabot_controller' build argument 'catkin_skip_building_tests' from command line to 'False'
[0.512s] DEBUG:colcon.colcon_core.verb:Building package 'vegabot_controller' with the following arguments: {'ament_cmake_args': None, 'build_base': '/home/spkmak/vegabot_ws/build/vegabot_controller', 'cargo_args': None, 'catkin_cmake_args': None, 'catkin_skip_building_tests': False, 'clean_build': False, 'cmake_args': None, 'cmake_clean_cache': False, 'cmake_clean_first': False, 'cmake_force_configure': False, 'cmake_target': None, 'cmake_target_skip_unavailable': False, 'install_base': '/home/spkmak/vegabot_ws/install/vegabot_controller', 'lookup_in_workspace': False, 'merge_install': False, 'path': '/home/spkmak/vegabot_ws/src/vegabot_controller', 'symlink_install': False, 'test_result_base': None}
[0.513s] Level 5:colcon.colcon_core.verb:set package 'vegabot_description' build argument 'cargo_args' from command line to 'None'
[0.513s] Level 5:colcon.colcon_core.verb:set package 'vegabot_description' build argument 'clean_build' from command line to 'False'
[0.513s] Level 5:colcon.colcon_core.verb:set package 'vegabot_description' build argument 'cmake_args' from command line to 'None'
[0.513s] Level 5:colcon.colcon_core.verb:set package 'vegabot_description' build argument 'cmake_target' from command line to 'None'
[0.513s] Level 5:colcon.colcon_core.verb:set package 'vegabot_description' build argument 'cmake_target_skip_unavailable' from command line to 'False'
[0.513s] Level 5:colcon.colcon_core.verb:set package 'vegabot_description' build argument 'cmake_clean_cache' from command line to 'False'
[0.513s] Level 5:colcon.colcon_core.verb:set package 'vegabot_description' build argument 'cmake_clean_first' from command line to 'False'
[0.513s] Level 5:colcon.colcon_core.verb:set package 'vegabot_description' build argument 'cmake_force_configure' from command line to 'False'
[0.513s] Level 5:colcon.colcon_core.verb:set package 'vegabot_description' build argument 'lookup_in_workspace' from command line to 'False'
[0.513s] Level 5:colcon.colcon_core.verb:set package 'vegabot_description' build argument 'ament_cmake_args' from command line to 'None'
[0.513s] Level 5:colcon.colcon_core.verb:set package 'vegabot_description' build argument 'catkin_cmake_args' from command line to 'None'
[0.514s] Level 5:colcon.colcon_core.verb:set package 'vegabot_description' build argument 'catkin_skip_building_tests' from command line to 'False'
[0.514s] DEBUG:colcon.colcon_core.verb:Building package 'vegabot_description' with the following arguments: {'ament_cmake_args': None, 'build_base': '/home/spkmak/vegabot_ws/build/vegabot_description', 'cargo_args': None, 'catkin_cmake_args': None, 'catkin_skip_building_tests': False, 'clean_build': False, 'cmake_args': None, 'cmake_clean_cache': False, 'cmake_clean_first': False, 'cmake_force_configure': False, 'cmake_target': None, 'cmake_target_skip_unavailable': False, 'install_base': '/home/spkmak/vegabot_ws/install/vegabot_description', 'lookup_in_workspace': False, 'merge_install': False, 'path': '/home/spkmak/vegabot_ws/src/vegabot_description', 'symlink_install': False, 'test_result_base': None}
[0.514s] INFO:colcon.colcon_core.executor:Executing jobs using 'parallel' executor
[0.516s] DEBUG:colcon.colcon_parallel_executor.executor.parallel:run_until_complete
[0.517s] INFO:colcon.colcon_ros.task.ament_cmake.build:Building ROS package in '/home/spkmak/vegabot_ws/src/vegabot_controller' with build type 'ament_cmake'
[0.517s] INFO:colcon.colcon_cmake.task.cmake.build:Building CMake package in '/home/spkmak/vegabot_ws/src/vegabot_controller'
[0.521s] INFO:colcon.colcon_core.plugin_system:Skipping extension 'colcon_core.shell.bat': Not used on non-Windows systems
[0.521s] INFO:colcon.colcon_core.shell:Skip shell extension 'powershell' for command environment: Not usable outside of PowerShell
[0.522s] DEBUG:colcon.colcon_core.shell:Skip shell extension 'dsv' for command environment
[0.529s] INFO:colcon.colcon_ros.task.ament_cmake.build:Building ROS package in '/home/spkmak/vegabot_ws/src/vegabot_description' with build type 'ament_cmake'
[0.530s] INFO:colcon.colcon_cmake.task.cmake.build:Building CMake package in '/home/spkmak/vegabot_ws/src/vegabot_description'
[0.530s] INFO:colcon.colcon_core.shell:Skip shell extension 'powershell' for command environment: Not usable outside of PowerShell
[0.530s] DEBUG:colcon.colcon_core.shell:Skip shell extension 'dsv' for command environment
[0.546s] DEBUG:colcon.colcon_core.event_handler.log_command:Invoking command in '/home/spkmak/vegabot_ws/build/vegabot_controller': CMAKE_PREFIX_PATH=${CMAKE_PREFIX_PATH}:/home/spkmak/ros2_ws/install/so_arm_100_bringup:/home/spkmak/ros2_ws/install/mechabot_scripts:/opt/ros/humble /home/spkmak/.local/bin/cmake /home/spkmak/vegabot_ws/src/vegabot_controller -DCMAKE_INSTALL_PREFIX=/home/spkmak/vegabot_ws/install/vegabot_controller
[0.555s] DEBUG:colcon.colcon_core.event_handler.log_command:Invoking command in '/home/spkmak/vegabot_ws/build/vegabot_description': CMAKE_PREFIX_PATH=${CMAKE_PREFIX_PATH}:/home/spkmak/ros2_ws/install/so_arm_100_bringup:/home/spkmak/ros2_ws/install/mechabot_scripts:/opt/ros/humble /home/spkmak/.local/bin/cmake --build /home/spkmak/vegabot_ws/build/vegabot_description -- -j6 -l6
[0.723s] DEBUG:colcon.colcon_core.event_handler.log_command:Invoked command in '/home/spkmak/vegabot_ws/build/vegabot_description' returned '0': CMAKE_PREFIX_PATH=${CMAKE_PREFIX_PATH}:/home/spkmak/ros2_ws/install/so_arm_100_bringup:/home/spkmak/ros2_ws/install/mechabot_scripts:/opt/ros/humble /home/spkmak/.local/bin/cmake --build /home/spkmak/vegabot_ws/build/vegabot_description -- -j6 -l6
[0.882s] DEBUG:colcon.colcon_core.event_handler.log_command:Invoking command in '/home/spkmak/vegabot_ws/build/vegabot_description': CMAKE_PREFIX_PATH=${CMAKE_PREFIX_PATH}:/home/spkmak/ros2_ws/install/so_arm_100_bringup:/home/spkmak/ros2_ws/install/mechabot_scripts:/opt/ros/humble /home/spkmak/.local/bin/cmake --install /home/spkmak/vegabot_ws/build/vegabot_description
[1.136s] Level 1:colcon.colcon_core.environment:create_environment_scripts_only(vegabot_description)
[1.143s] DEBUG:colcon.colcon_core.event_handler.log_command:Invoked command in '/home/spkmak/vegabot_ws/build/vegabot_description' returned '0': CMAKE_PREFIX_PATH=${CMAKE_PREFIX_PATH}:/home/spkmak/ros2_ws/install/so_arm_100_bringup:/home/spkmak/ros2_ws/install/mechabot_scripts:/opt/ros/humble /home/spkmak/.local/bin/cmake --install /home/spkmak/vegabot_ws/build/vegabot_description
[1.146s] Level 1:colcon.colcon_core.environment:checking '/home/spkmak/vegabot_ws/install/vegabot_description' for CMake module files
[1.147s] Level 1:colcon.colcon_core.environment:checking '/home/spkmak/vegabot_ws/install/vegabot_description' for CMake config files
[1.148s] Level 1:colcon.colcon_core.shell:create_environment_hook('vegabot_description', 'cmake_prefix_path')
[1.149s] INFO:colcon.colcon_core.shell:Creating environment hook '/home/spkmak/vegabot_ws/install/vegabot_description/share/vegabot_description/hook/cmake_prefix_path.ps1'
[1.151s] INFO:colcon.colcon_core.shell:Creating environment descriptor '/home/spkmak/vegabot_ws/install/vegabot_description/share/vegabot_description/hook/cmake_prefix_path.dsv'
[1.152s] INFO:colcon.colcon_core.shell:Creating environment hook '/home/spkmak/vegabot_ws/install/vegabot_description/share/vegabot_description/hook/cmake_prefix_path.sh'
[1.153s] Level 1:colcon.colcon_core.environment:checking '/home/spkmak/vegabot_ws/install/vegabot_description/bin'
[1.153s] Level 1:colcon.colcon_core.environment:checking '/home/spkmak/vegabot_ws/install/vegabot_description/lib/pkgconfig/vegabot_description.pc'
[1.154s] Level 1:colcon.colcon_core.environment:checking '/home/spkmak/vegabot_ws/install/vegabot_description/lib/python3.10/site-packages'
[1.155s] Level 1:colcon.colcon_core.environment:checking '/home/spkmak/vegabot_ws/install/vegabot_description/bin'
[1.155s] INFO:colcon.colcon_core.shell:Creating package script '/home/spkmak/vegabot_ws/install/vegabot_description/share/vegabot_description/package.ps1'
[1.158s] INFO:colcon.colcon_core.shell:Creating package descriptor '/home/spkmak/vegabot_ws/install/vegabot_description/share/vegabot_description/package.dsv'
[1.159s] INFO:colcon.colcon_core.shell:Creating package script '/home/spkmak/vegabot_ws/install/vegabot_description/share/vegabot_description/package.sh'
[1.160s] INFO:colcon.colcon_core.shell:Creating package script '/home/spkmak/vegabot_ws/install/vegabot_description/share/vegabot_description/package.bash'
[1.162s] INFO:colcon.colcon_core.shell:Creating package script '/home/spkmak/vegabot_ws/install/vegabot_description/share/vegabot_description/package.zsh'
[1.163s] Level 1:colcon.colcon_core.environment:create_file_with_runtime_dependencies(/home/spkmak/vegabot_ws/install/vegabot_description/share/colcon-core/packages/vegabot_description)
[1.164s] Level 1:colcon.colcon_core.environment:create_environment_scripts_only(vegabot_description)
[1.165s] Level 1:colcon.colcon_core.environment:checking '/home/spkmak/vegabot_ws/install/vegabot_description' for CMake module files
[1.166s] Level 1:colcon.colcon_core.environment:checking '/home/spkmak/vegabot_ws/install/vegabot_description' for CMake config files
[1.167s] Level 1:colcon.colcon_core.shell:create_environment_hook('vegabot_description', 'cmake_prefix_path')
[1.167s] INFO:colcon.colcon_core.shell:Creating environment hook '/home/spkmak/vegabot_ws/install/vegabot_description/share/vegabot_description/hook/cmake_prefix_path.ps1'
[1.168s] INFO:colcon.colcon_core.shell:Creating environment descriptor '/home/spkmak/vegabot_ws/install/vegabot_description/share/vegabot_description/hook/cmake_prefix_path.dsv'
[1.169s] INFO:colcon.colcon_core.shell:Creating environment hook '/home/spkmak/vegabot_ws/install/vegabot_description/share/vegabot_description/hook/cmake_prefix_path.sh'
[1.171s] Level 1:colcon.colcon_core.environment:checking '/home/spkmak/vegabot_ws/install/vegabot_description/bin'
[1.171s] Level 1:colcon.colcon_core.environment:checking '/home/spkmak/vegabot_ws/install/vegabot_description/lib/pkgconfig/vegabot_description.pc'
[1.171s] Level 1:colcon.colcon_core.environment:checking '/home/spkmak/vegabot_ws/install/vegabot_description/lib/python3.10/site-packages'
[1.172s] Level 1:colcon.colcon_core.environment:checking '/home/spkmak/vegabot_ws/install/vegabot_description/bin'
[1.173s] INFO:colcon.colcon_core.shell:Creating package script '/home/spkmak/vegabot_ws/install/vegabot_description/share/vegabot_description/package.ps1'
[1.174s] INFO:colcon.colcon_core.shell:Creating package descriptor '/home/spkmak/vegabot_ws/install/vegabot_description/share/vegabot_description/package.dsv'
[1.175s] INFO:colcon.colcon_core.shell:Creating package script '/home/spkmak/vegabot_ws/install/vegabot_description/share/vegabot_description/package.sh'
[1.176s] INFO:colcon.colcon_core.shell:Creating package script '/home/spkmak/vegabot_ws/install/vegabot_description/share/vegabot_description/package.bash'
[1.177s] INFO:colcon.colcon_core.shell:Creating package script '/home/spkmak/vegabot_ws/install/vegabot_description/share/vegabot_description/package.zsh'
[1.177s] Level 1:colcon.colcon_core.environment:create_file_with_runtime_dependencies(/home/spkmak/vegabot_ws/install/vegabot_description/share/colcon-core/packages/vegabot_description)
[2.139s] DEBUG:colcon.colcon_core.event_handler.log_command:Invoked command in '/home/spkmak/vegabot_ws/build/vegabot_controller' returned '0': CMAKE_PREFIX_PATH=${CMAKE_PREFIX_PATH}:/home/spkmak/ros2_ws/install/so_arm_100_bringup:/home/spkmak/ros2_ws/install/mechabot_scripts:/opt/ros/humble /home/spkmak/.local/bin/cmake /home/spkmak/vegabot_ws/src/vegabot_controller -DCMAKE_INSTALL_PREFIX=/home/spkmak/vegabot_ws/install/vegabot_controller
[2.143s] DEBUG:colcon.colcon_core.event_handler.log_command:Invoking command in '/home/spkmak/vegabot_ws/build/vegabot_controller': CMAKE_PREFIX_PATH=${CMAKE_PREFIX_PATH}:/home/spkmak/ros2_ws/install/so_arm_100_bringup:/home/spkmak/ros2_ws/install/mechabot_scripts:/opt/ros/humble /home/spkmak/.local/bin/cmake --build /home/spkmak/vegabot_ws/build/vegabot_controller -- -j6 -l6
[2.319s] DEBUG:colcon.colcon_core.event_handler.log_command:Invoked command in '/home/spkmak/vegabot_ws/build/vegabot_controller' returned '0': CMAKE_PREFIX_PATH=${CMAKE_PREFIX_PATH}:/home/spkmak/ros2_ws/install/so_arm_100_bringup:/home/spkmak/ros2_ws/install/mechabot_scripts:/opt/ros/humble /home/spkmak/.local/bin/cmake --build /home/spkmak/vegabot_ws/build/vegabot_controller -- -j6 -l6
[2.325s] DEBUG:colcon.colcon_core.event_handler.log_command:Invoking command in '/home/spkmak/vegabot_ws/build/vegabot_controller': CMAKE_PREFIX_PATH=${CMAKE_PREFIX_PATH}:/home/spkmak/ros2_ws/install/so_arm_100_bringup:/home/spkmak/ros2_ws/install/mechabot_scripts:/opt/ros/humble /home/spkmak/.local/bin/cmake --install /home/spkmak/vegabot_ws/build/vegabot_controller
[2.486s] Level 1:colcon.colcon_core.environment:create_environment_scripts_only(vegabot_controller)
[2.488s] Level 1:colcon.colcon_core.environment:checking '/home/spkmak/vegabot_ws/install/vegabot_controller' for CMake module files
[2.491s] DEBUG:colcon.colcon_core.event_handler.log_command:Invoked command in '/home/spkmak/vegabot_ws/build/vegabot_controller' returned '0': CMAKE_PREFIX_PATH=${CMAKE_PREFIX_PATH}:/home/spkmak/ros2_ws/install/so_arm_100_bringup:/home/spkmak/ros2_ws/install/mechabot_scripts:/opt/ros/humble /home/spkmak/.local/bin/cmake --install /home/spkmak/vegabot_ws/build/vegabot_controller
[2.491s] Level 1:colcon.colcon_core.environment:checking '/home/spkmak/vegabot_ws/install/vegabot_controller' for CMake config files
[2.492s] Level 1:colcon.colcon_core.shell:create_environment_hook('vegabot_controller', 'cmake_prefix_path')
[2.493s] INFO:colcon.colcon_core.shell:Creating environment hook '/home/spkmak/vegabot_ws/install/vegabot_controller/share/vegabot_controller/hook/cmake_prefix_path.ps1'
[2.495s] INFO:colcon.colcon_core.shell:Creating environment descriptor '/home/spkmak/vegabot_ws/install/vegabot_controller/share/vegabot_controller/hook/cmake_prefix_path.dsv'
[2.497s] INFO:colcon.colcon_core.shell:Creating environment hook '/home/spkmak/vegabot_ws/install/vegabot_controller/share/vegabot_controller/hook/cmake_prefix_path.sh'
[2.499s] Level 1:colcon.colcon_core.environment:checking '/home/spkmak/vegabot_ws/install/vegabot_controller/bin'
[2.499s] Level 1:colcon.colcon_core.environment:checking '/home/spkmak/vegabot_ws/install/vegabot_controller/lib/pkgconfig/vegabot_controller.pc'
[2.500s] Level 1:colcon.colcon_core.environment:checking '/home/spkmak/vegabot_ws/install/vegabot_controller/lib/python3.10/site-packages'
[2.501s] Level 1:colcon.colcon_core.environment:checking '/home/spkmak/vegabot_ws/install/vegabot_controller/bin'
[2.503s] INFO:colcon.colcon_core.shell:Creating package script '/home/spkmak/vegabot_ws/install/vegabot_controller/share/vegabot_controller/package.ps1'
[2.505s] INFO:colcon.colcon_core.shell:Creating package descriptor '/home/spkmak/vegabot_ws/install/vegabot_controller/share/vegabot_controller/package.dsv'
[2.507s] INFO:colcon.colcon_core.shell:Creating package script '/home/spkmak/vegabot_ws/install/vegabot_controller/share/vegabot_controller/package.sh'
[2.508s] INFO:colcon.colcon_core.shell:Creating package script '/home/spkmak/vegabot_ws/install/vegabot_controller/share/vegabot_controller/package.bash'
[2.510s] INFO:colcon.colcon_core.shell:Creating package script '/home/spkmak/vegabot_ws/install/vegabot_controller/share/vegabot_controller/package.zsh'
[2.511s] Level 1:colcon.colcon_core.environment:create_file_with_runtime_dependencies(/home/spkmak/vegabot_ws/install/vegabot_controller/share/colcon-core/packages/vegabot_controller)
[2.513s] Level 1:colcon.colcon_core.environment:create_environment_scripts_only(vegabot_controller)
[2.514s] Level 1:colcon.colcon_core.environment:checking '/home/spkmak/vegabot_ws/install/vegabot_controller' for CMake module files
[2.516s] Level 1:colcon.colcon_core.environment:checking '/home/spkmak/vegabot_ws/install/vegabot_controller' for CMake config files
[2.517s] Level 1:colcon.colcon_core.shell:create_environment_hook('vegabot_controller', 'cmake_prefix_path')
[2.517s] INFO:colcon.colcon_core.shell:Creating environment hook '/home/spkmak/vegabot_ws/install/vegabot_controller/share/vegabot_controller/hook/cmake_prefix_path.ps1'
[2.519s] INFO:colcon.colcon_core.shell:Creating environment descriptor '/home/spkmak/vegabot_ws/install/vegabot_controller/share/vegabot_controller/hook/cmake_prefix_path.dsv'
[2.521s] INFO:colcon.colcon_core.shell:Creating environment hook '/home/spkmak/vegabot_ws/install/vegabot_controller/share/vegabot_controller/hook/cmake_prefix_path.sh'
[2.523s] Level 1:colcon.colcon_core.environment:checking '/home/spkmak/vegabot_ws/install/vegabot_controller/bin'
[2.524s] Level 1:colcon.colcon_core.environment:checking '/home/spkmak/vegabot_ws/install/vegabot_controller/lib/pkgconfig/vegabot_controller.pc'
[2.525s] Level 1:colcon.colcon_core.environment:checking '/home/spkmak/vegabot_ws/install/vegabot_controller/lib/python3.10/site-packages'
[2.526s] Level 1:colcon.colcon_core.environment:checking '/home/spkmak/vegabot_ws/install/vegabot_controller/bin'
[2.527s] INFO:colcon.colcon_core.shell:Creating package script '/home/spkmak/vegabot_ws/install/vegabot_controller/share/vegabot_controller/package.ps1'
[2.529s] INFO:colcon.colcon_core.shell:Creating package descriptor '/home/spkmak/vegabot_ws/install/vegabot_controller/share/vegabot_controller/package.dsv'
[2.531s] INFO:colcon.colcon_core.shell:Creating package script '/home/spkmak/vegabot_ws/install/vegabot_controller/share/vegabot_controller/package.sh'
[2.532s] INFO:colcon.colcon_core.shell:Creating package script '/home/spkmak/vegabot_ws/install/vegabot_controller/share/vegabot_controller/package.bash'
[2.534s] INFO:colcon.colcon_core.shell:Creating package script '/home/spkmak/vegabot_ws/install/vegabot_controller/share/vegabot_controller/package.zsh'
[2.535s] Level 1:colcon.colcon_core.environment:create_file_with_runtime_dependencies(/home/spkmak/vegabot_ws/install/vegabot_controller/share/colcon-core/packages/vegabot_controller)
[2.536s] DEBUG:colcon.colcon_parallel_executor.executor.parallel:closing loop
[2.538s] DEBUG:colcon.colcon_parallel_executor.executor.parallel:loop closed
[2.538s] DEBUG:colcon.colcon_parallel_executor.executor.parallel:run_until_complete finished with '0'
[2.539s] DEBUG:colcon.colcon_core.event_reactor:joining thread
[2.560s] INFO:colcon.colcon_core.plugin_system:Skipping extension 'colcon_notification.desktop_notification.terminal_notifier': Not used on non-Darwin systems
[2.560s] INFO:colcon.colcon_core.plugin_system:Skipping extension 'colcon_notification.desktop_notification.win32': Not used on non-Windows systems
[2.560s] INFO:colcon.colcon_notification.desktop_notification:Sending desktop notification using 'notify2'
[2.606s] DEBUG:colcon.colcon_core.event_reactor:joined thread
[2.608s] INFO:colcon.colcon_core.shell:Creating prefix script '/home/spkmak/vegabot_ws/install/local_setup.ps1'
[2.611s] INFO:colcon.colcon_core.shell:Creating prefix util module '/home/spkmak/vegabot_ws/install/_local_setup_util_ps1.py'
[2.614s] INFO:colcon.colcon_core.shell:Creating prefix chain script '/home/spkmak/vegabot_ws/install/setup.ps1'
[2.620s] INFO:colcon.colcon_core.shell:Creating prefix script '/home/spkmak/vegabot_ws/install/local_setup.sh'
[2.622s] INFO:colcon.colcon_core.shell:Creating prefix util module '/home/spkmak/vegabot_ws/install/_local_setup_util_sh.py'
[2.624s] INFO:colcon.colcon_core.shell:Creating prefix chain script '/home/spkmak/vegabot_ws/install/setup.sh'
[2.627s] INFO:colcon.colcon_core.shell:Creating prefix script '/home/spkmak/vegabot_ws/install/local_setup.bash'
[2.628s] INFO:colcon.colcon_core.shell:Creating prefix chain script '/home/spkmak/vegabot_ws/install/setup.bash'
[2.631s] INFO:colcon.colcon_core.shell:Creating prefix script '/home/spkmak/vegabot_ws/install/local_setup.zsh'
[2.633s] INFO:colcon.colcon_core.shell:Creating prefix chain script '/home/spkmak/vegabot_ws/install/setup.zsh'
