[0.072s] Invoking command in '/home/spkmak/vegabot_ws/build/mechabot_bringup': CMAKE_PREFIX_PATH=${CMAKE_PREFIX_PATH}:/home/spkmak/vegabot_ws/install/vegabot_scripts:/home/spkmak/ros2_ws/install/so_arm_100_bringup:/opt/ros/humble /home/spkmak/.local/bin/cmake /home/spkmak/vegabot_ws/src/vegabot_bringup -DCMAKE_INSTALL_PREFIX=/home/spkmak/vegabot_ws/install/mechabot_bringup
[0.258s] [0mCMake Deprecation Warning at CMakeLists.txt:1 (cmake_minimum_required):
[0.258s]   Compatibility with CMake < 3.10 will be removed from a future version of
[0.258s]   CMake.
[0.258s] 
[0.258s]   Update the VERSION argument <min> value.  Or, use the <min>...<max> syntax
[0.258s]   to tell CMake that the project requires at least <min> but has been updated
[0.259s]   to work with policies introduced by <max> or earlier.
[0.259s] 
[0.259s] [0m
[0.347s] -- The C compiler identification is GNU 11.4.0
[0.478s] -- The CXX compiler identification is GNU 11.4.0
[0.495s] -- Detecting C compiler ABI info
[0.963s] -- Detecting C compiler ABI info - done
[0.963s] -- Check for working C compiler: /usr/bin/cc - skipped
[0.963s] -- Detecting C compile features
[0.963s] -- Detecting C compile features - done
[0.963s] -- Detecting CXX compiler ABI info
[0.967s] -- Detecting CXX compiler ABI info - done
[0.970s] -- Check for working CXX compiler: /usr/bin/c++ - skipped
[0.970s] -- Detecting CXX compile features
[0.971s] -- Detecting CXX compile features - done
[0.973s] -- Found ament_cmake: 1.3.14 (/opt/ros/humble/share/ament_cmake/cmake)
[1.180s] -- Found Python3: /usr/bin/python3 (found version "3.10.12") found components: Interpreter
[1.467s] -- Found ament_lint_auto: 0.12.15 (/opt/ros/humble/share/ament_lint_auto/cmake)
[1.672s] -- Added test 'flake8' to check Python code syntax and style conventions
[1.674s] -- Added test 'lint_cmake' to check CMake code style
[1.676s] -- Added test 'pep257' to check Python code against some of the docstring style conventions in PEP 257
[1.678s] -- Added test 'xmllint' to check XML markup files
[1.683s] -- Configuring done (1.4s)
[1.692s] -- Generating done (0.0s)
[1.694s] -- Build files have been written to: /home/spkmak/vegabot_ws/build/mechabot_bringup
[1.706s] Invoked command in '/home/spkmak/vegabot_ws/build/mechabot_bringup' returned '0': CMAKE_PREFIX_PATH=${CMAKE_PREFIX_PATH}:/home/spkmak/vegabot_ws/install/vegabot_scripts:/home/spkmak/ros2_ws/install/so_arm_100_bringup:/opt/ros/humble /home/spkmak/.local/bin/cmake /home/spkmak/vegabot_ws/src/vegabot_bringup -DCMAKE_INSTALL_PREFIX=/home/spkmak/vegabot_ws/install/mechabot_bringup
[1.709s] Invoking command in '/home/spkmak/vegabot_ws/build/mechabot_bringup': CMAKE_PREFIX_PATH=${CMAKE_PREFIX_PATH}:/home/spkmak/vegabot_ws/install/vegabot_scripts:/home/spkmak/ros2_ws/install/so_arm_100_bringup:/opt/ros/humble /home/spkmak/.local/bin/cmake --build /home/spkmak/vegabot_ws/build/mechabot_bringup -- -j6 -l6
[1.893s] Invoked command in '/home/spkmak/vegabot_ws/build/mechabot_bringup' returned '0': CMAKE_PREFIX_PATH=${CMAKE_PREFIX_PATH}:/home/spkmak/vegabot_ws/install/vegabot_scripts:/home/spkmak/ros2_ws/install/so_arm_100_bringup:/opt/ros/humble /home/spkmak/.local/bin/cmake --build /home/spkmak/vegabot_ws/build/mechabot_bringup -- -j6 -l6
[1.896s] Invoking command in '/home/spkmak/vegabot_ws/build/mechabot_bringup': CMAKE_PREFIX_PATH=${CMAKE_PREFIX_PATH}:/home/spkmak/vegabot_ws/install/vegabot_scripts:/home/spkmak/ros2_ws/install/so_arm_100_bringup:/opt/ros/humble /home/spkmak/.local/bin/cmake --install /home/spkmak/vegabot_ws/build/mechabot_bringup
[2.046s] -- Install configuration: ""
[2.047s] -- Installing: /home/spkmak/vegabot_ws/install/mechabot_bringup/share/mechabot_bringup/launch
[2.047s] -- Installing: /home/spkmak/vegabot_ws/install/mechabot_bringup/share/mechabot_bringup/launch/real_robot.launch.py
[2.047s] -- Installing: /home/spkmak/vegabot_ws/install/mechabot_bringup/share/mechabot_bringup/launch/simulated_robot.launch.py
[2.047s] -- Installing: /home/spkmak/vegabot_ws/install/mechabot_bringup/share/ament_index/resource_index/package_run_dependencies/mechabot_bringup
[2.048s] -- Installing: /home/spkmak/vegabot_ws/install/mechabot_bringup/share/ament_index/resource_index/parent_prefix_path/mechabot_bringup
[2.048s] -- Installing: /home/spkmak/vegabot_ws/install/mechabot_bringup/share/mechabot_bringup/environment/ament_prefix_path.sh
[2.048s] -- Installing: /home/spkmak/vegabot_ws/install/mechabot_bringup/share/mechabot_bringup/environment/ament_prefix_path.dsv
[2.048s] -- Installing: /home/spkmak/vegabot_ws/install/mechabot_bringup/share/mechabot_bringup/environment/path.sh
[2.049s] -- Installing: /home/spkmak/vegabot_ws/install/mechabot_bringup/share/mechabot_bringup/environment/path.dsv
[2.049s] -- Installing: /home/spkmak/vegabot_ws/install/mechabot_bringup/share/mechabot_bringup/local_setup.bash
[2.049s] -- Installing: /home/spkmak/vegabot_ws/install/mechabot_bringup/share/mechabot_bringup/local_setup.sh
[2.049s] -- Installing: /home/spkmak/vegabot_ws/install/mechabot_bringup/share/mechabot_bringup/local_setup.zsh
[2.050s] -- Installing: /home/spkmak/vegabot_ws/install/mechabot_bringup/share/mechabot_bringup/local_setup.dsv
[2.050s] -- Installing: /home/spkmak/vegabot_ws/install/mechabot_bringup/share/mechabot_bringup/package.dsv
[2.050s] -- Installing: /home/spkmak/vegabot_ws/install/mechabot_bringup/share/ament_index/resource_index/packages/mechabot_bringup
[2.050s] -- Installing: /home/spkmak/vegabot_ws/install/mechabot_bringup/share/mechabot_bringup/cmake/mechabot_bringupConfig.cmake
[2.050s] -- Installing: /home/spkmak/vegabot_ws/install/mechabot_bringup/share/mechabot_bringup/cmake/mechabot_bringupConfig-version.cmake
[2.051s] -- Installing: /home/spkmak/vegabot_ws/install/mechabot_bringup/share/mechabot_bringup/package.xml
[2.054s] Invoked command in '/home/spkmak/vegabot_ws/build/mechabot_bringup' returned '0': CMAKE_PREFIX_PATH=${CMAKE_PREFIX_PATH}:/home/spkmak/vegabot_ws/install/vegabot_scripts:/home/spkmak/ros2_ws/install/so_arm_100_bringup:/opt/ros/humble /home/spkmak/.local/bin/cmake --install /home/spkmak/vegabot_ws/build/mechabot_bringup
