[0.054s] Invoking command in '/home/spkmak/vegabot_ws/build/vegabot_mapping': CMAKE_PREFIX_PATH=${CMAKE_PREFIX_PATH}:/home/spkmak/vegabot_ws/install/vegabot_scripts:/home/spkmak/ros2_ws/install/so_arm_100_bringup:/opt/ros/humble /home/spkmak/.local/bin/cmake --build /home/spkmak/vegabot_ws/build/vegabot_mapping -- -j6 -l6
[0.398s] Invoked command in '/home/spkmak/vegabot_ws/build/vegabot_mapping' returned '0': CMAKE_PREFIX_PATH=${CMAKE_PREFIX_PATH}:/home/spkmak/vegabot_ws/install/vegabot_scripts:/home/spkmak/ros2_ws/install/so_arm_100_bringup:/opt/ros/humble /home/spkmak/.local/bin/cmake --build /home/spkmak/vegabot_ws/build/vegabot_mapping -- -j6 -l6
[0.400s] Invoking command in '/home/spkmak/vegabot_ws/build/vegabot_mapping': CMAKE_PREFIX_PATH=${CMAKE_PREFIX_PATH}:/home/spkmak/vegabot_ws/install/vegabot_scripts:/home/spkmak/ros2_ws/install/so_arm_100_bringup:/opt/ros/humble /home/spkmak/.local/bin/cmake --install /home/spkmak/vegabot_ws/build/vegabot_mapping
[0.572s] -- Install configuration: ""
[0.573s] -- Up-to-date: /home/spkmak/vegabot_ws/install/vegabot_mapping/share/vegabot_mapping/config
[0.575s] -- Up-to-date: /home/spkmak/vegabot_ws/install/vegabot_mapping/share/vegabot_mapping/config/slam_toolbox.yaml
[0.575s] -- Up-to-date: /home/spkmak/vegabot_ws/install/vegabot_mapping/share/vegabot_mapping/launch
[0.576s] -- Up-to-date: /home/spkmak/vegabot_ws/install/vegabot_mapping/share/vegabot_mapping/launch/slam.launch.py
[0.576s] -- Up-to-date: /home/spkmak/vegabot_ws/install/vegabot_mapping/share/vegabot_mapping/maps
[0.577s] -- Up-to-date: /home/spkmak/vegabot_ws/install/vegabot_mapping/share/vegabot_mapping/maps/myroom
[0.579s] -- Up-to-date: /home/spkmak/vegabot_ws/install/vegabot_mapping/share/vegabot_mapping/maps/myroom/map.yaml
[0.579s] -- Up-to-date: /home/spkmak/vegabot_ws/install/vegabot_mapping/share/vegabot_mapping/maps/myroom/map.pgm
[0.580s] -- Up-to-date: /home/spkmak/vegabot_ws/install/vegabot_mapping/share/vegabot_mapping/maps/small_house
[0.581s] -- Up-to-date: /home/spkmak/vegabot_ws/install/vegabot_mapping/share/vegabot_mapping/maps/small_house/map.yaml
[0.581s] -- Up-to-date: /home/spkmak/vegabot_ws/install/vegabot_mapping/share/vegabot_mapping/maps/small_house/map.pgm
[0.582s] -- Up-to-date: /home/spkmak/vegabot_ws/install/vegabot_mapping/share/vegabot_mapping/rviz
[0.582s] -- Up-to-date: /home/spkmak/vegabot_ws/install/vegabot_mapping/share/vegabot_mapping/rviz/slam.rviz
[0.583s] -- Up-to-date: /home/spkmak/vegabot_ws/install/vegabot_mapping/share/ament_index/resource_index/package_run_dependencies/vegabot_mapping
[0.583s] -- Up-to-date: /home/spkmak/vegabot_ws/install/vegabot_mapping/share/ament_index/resource_index/parent_prefix_path/vegabot_mapping
[0.583s] -- Up-to-date: /home/spkmak/vegabot_ws/install/vegabot_mapping/share/vegabot_mapping/environment/ament_prefix_path.sh
[0.584s] -- Up-to-date: /home/spkmak/vegabot_ws/install/vegabot_mapping/share/vegabot_mapping/environment/ament_prefix_path.dsv
[0.584s] -- Up-to-date: /home/spkmak/vegabot_ws/install/vegabot_mapping/share/vegabot_mapping/environment/path.sh
[0.584s] -- Up-to-date: /home/spkmak/vegabot_ws/install/vegabot_mapping/share/vegabot_mapping/environment/path.dsv
[0.584s] -- Up-to-date: /home/spkmak/vegabot_ws/install/vegabot_mapping/share/vegabot_mapping/local_setup.bash
[0.586s] -- Up-to-date: /home/spkmak/vegabot_ws/install/vegabot_mapping/share/vegabot_mapping/local_setup.sh
[0.586s] -- Up-to-date: /home/spkmak/vegabot_ws/install/vegabot_mapping/share/vegabot_mapping/local_setup.zsh
[0.586s] -- Up-to-date: /home/spkmak/vegabot_ws/install/vegabot_mapping/share/vegabot_mapping/local_setup.dsv
[0.586s] -- Installing: /home/spkmak/vegabot_ws/install/vegabot_mapping/share/vegabot_mapping/package.dsv
[0.586s] -- Up-to-date: /home/spkmak/vegabot_ws/install/vegabot_mapping/share/ament_index/resource_index/packages/vegabot_mapping
[0.587s] -- Up-to-date: /home/spkmak/vegabot_ws/install/vegabot_mapping/share/vegabot_mapping/cmake/vegabot_mappingConfig.cmake
[0.600s] -- Up-to-date: /home/spkmak/vegabot_ws/install/vegabot_mapping/share/vegabot_mapping/cmake/vegabot_mappingConfig-version.cmake
[0.601s] -- Up-to-date: /home/spkmak/vegabot_ws/install/vegabot_mapping/share/vegabot_mapping/package.xml
[0.854s] Invoked command in '/home/spkmak/vegabot_ws/build/vegabot_mapping' returned '0': CMAKE_PREFIX_PATH=${CMAKE_PREFIX_PATH}:/home/spkmak/vegabot_ws/install/vegabot_scripts:/home/spkmak/ros2_ws/install/so_arm_100_bringup:/opt/ros/humble /home/spkmak/.local/bin/cmake --install /home/spkmak/vegabot_ws/build/vegabot_mapping
