[0.025s] Invoking command in '/home/spkmak/vegabot_ws/build/mechabot_controller': CMAKE_PREFIX_PATH=${CMAKE_PREFIX_PATH}:/home/spkmak/ros2_ws/install/so_arm_100_bringup:/home/spkmak/ros2_ws/install/mechabot_scripts:/opt/ros/humble /home/spkmak/.local/bin/cmake /home/spkmak/vegabot_ws/src/vegabot_controller -DCMAKE_INSTALL_PREFIX=/home/spkmak/vegabot_ws/install/mechabot_controller
[0.178s] [0mCMake Deprecation Warning at CMakeLists.txt:1 (cmake_minimum_required):
[0.178s]   Compatibility with CMake < 3.10 will be removed from a future version of
[0.179s]   CMake.
[0.179s] 
[0.179s]   Update the VERSION argument <min> value.  Or, use the <min>...<max> syntax
[0.179s]   to tell CMake that the project requires at least <min> but has been updated
[0.179s]   to work with policies introduced by <max> or earlier.
[0.179s] 
[0.179s] [0m
[0.265s] -- The C compiler identification is GNU 11.4.0
[0.411s] -- The CXX compiler identification is GNU 11.4.0
[0.439s] -- Detecting C compiler ABI info
[0.555s] -- Detecting C compiler ABI info - done
[0.590s] -- Check for working C compiler: /usr/bin/cc - skipped
[0.590s] -- Detecting C compile features
[0.591s] -- Detecting C compile features - done
[0.622s] -- Detecting CXX compiler ABI info
[0.748s] -- Detecting CXX compiler ABI info - done
[0.775s] -- Check for working CXX compiler: /usr/bin/c++ - skipped
[0.776s] -- Detecting CXX compile features
[0.777s] -- Detecting CXX compile features - done
[0.807s] -- Found ament_cmake: 1.3.14 (/opt/ros/humble/share/ament_cmake/cmake)
[1.151s] -- Found Python3: /usr/bin/python3 (found version "3.10.12") found components: Interpreter
[1.435s] -- Found ament_lint_auto: 0.12.15 (/opt/ros/humble/share/ament_lint_auto/cmake)
[1.572s] [31mCMake Error at /opt/ros/humble/share/ament_cmake_core/cmake/core/ament_package_xml.cmake:53 (message):
[1.572s]   ament_package_xml() package name 'mechabot_controller' in '/package.xml'
[1.572s]   does not match current PROJECT_NAME 'vegabot_controller'.  You must call
[1.572s]   project() with the same package name before.
[1.572s] Call Stack (most recent call first):
[1.573s]   /opt/ros/humble/share/ament_lint_auto/cmake/ament_lint_auto_find_test_dependencies.cmake:31 (ament_package_xml)
[1.573s]   CMakeLists.txt:20 (ament_lint_auto_find_test_dependencies)
[1.573s] 
[1.573s] [0m
[1.573s] -- Configuring incomplete, errors occurred!
[1.618s] Invoked command in '/home/spkmak/vegabot_ws/build/mechabot_controller' returned '1': CMAKE_PREFIX_PATH=${CMAKE_PREFIX_PATH}:/home/spkmak/ros2_ws/install/so_arm_100_bringup:/home/spkmak/ros2_ws/install/mechabot_scripts:/opt/ros/humble /home/spkmak/.local/bin/cmake /home/spkmak/vegabot_ws/src/vegabot_controller -DCMAKE_INSTALL_PREFIX=/home/spkmak/vegabot_ws/install/mechabot_controller
