[1.455s] DEBUG:colcon:Command line arguments: ['/usr/bin/colcon', 'build']
[1.455s] DEBUG:colcon:Parsed command line arguments: Namespace(log_base=None, log_level=None, verb_name='build', build_base='build', install_base='install', merge_install=False, symlink_install=False, test_result_base=None, continue_on_error=False, executor='parallel', parallel_workers=6, event_handlers=None, ignore_user_meta=False, metas=['./colcon.meta'], base_paths=['.'], packages_ignore=None, packages_ignore_regex=None, paths=None, packages_up_to=None, packages_up_to_regex=None, packages_above=None, packages_above_and_dependencies=None, packages_above_depth=None, packages_select_by_dep=None, packages_skip_by_dep=None, packages_skip_up_to=None, packages_select_build_failed=False, packages_skip_build_finished=False, packages_select_test_failures=False, packages_skip_test_passed=False, packages_select=None, packages_skip=None, packages_select_regex=None, packages_skip_regex=None, packages_start=None, packages_end=None, allow_overriding=[], cargo_args=None, clean_build=False, cmake_args=None, cmake_target=None, cmake_target_skip_unavailable=False, cmake_clean_cache=False, cmake_clean_first=False, cmake_force_configure=False, lookup_in_workspace=False, ament_cmake_args=None, catkin_cmake_args=None, catkin_skip_building_tests=False, verb_parser=<colcon_defaults.argument_parser.defaults.DefaultArgumentsDecorator object at 0xffffb7413430>, verb_extension=<colcon_core.verb.build.BuildVerb object at 0xffffb76412a0>, main=<bound method BuildVerb.main of <colcon_core.verb.build.BuildVerb object at 0xffffb76412a0>>)
[1.761s] Level 1:colcon.colcon_core.package_discovery:discover_packages(colcon_meta) check parameters
[1.762s] Level 1:colcon.colcon_core.package_discovery:discover_packages(recursive) check parameters
[1.762s] Level 1:colcon.colcon_core.package_discovery:discover_packages(ignore) check parameters
[1.762s] Level 1:colcon.colcon_core.package_discovery:discover_packages(path) check parameters
[1.762s] Level 1:colcon.colcon_core.package_discovery:discover_packages(cargo_workspace) check parameters
[1.762s] Level 1:colcon.colcon_core.package_discovery:discover_packages(colcon_meta) discover
[1.762s] Level 1:colcon.colcon_core.package_discovery:discover_packages(recursive) discover
[1.762s] INFO:colcon.colcon_core.package_discovery:Crawling recursively for packages in '/home/spkmak/vegabot_ws'
[1.763s] Level 1:colcon.colcon_core.package_identification:_identify(.) by extensions ['ignore', 'ignore_ament_install']
[1.763s] Level 1:colcon.colcon_core.package_identification:_identify(.) by extension 'ignore'
[1.763s] Level 1:colcon.colcon_core.package_identification:_identify(.) by extension 'ignore_ament_install'
[1.763s] Level 1:colcon.colcon_core.package_identification:_identify(.) by extensions ['cargo_workspace']
[1.763s] Level 1:colcon.colcon_core.package_identification:_identify(.) by extension 'cargo_workspace'
[1.763s] Level 1:colcon.colcon_core.package_identification:_identify(.) by extensions ['colcon_pkg']
[1.763s] Level 1:colcon.colcon_core.package_identification:_identify(.) by extension 'colcon_pkg'
[1.763s] Level 1:colcon.colcon_core.package_identification:_identify(.) by extensions ['colcon_meta']
[1.764s] Level 1:colcon.colcon_core.package_identification:_identify(.) by extension 'colcon_meta'
[1.764s] Level 1:colcon.colcon_core.package_identification:_identify(.) by extensions ['ros']
[1.764s] Level 1:colcon.colcon_core.package_identification:_identify(.) by extension 'ros'
[1.809s] Level 1:colcon.colcon_core.package_identification:_identify(.) by extensions ['cargo', 'cmake', 'python']
[1.809s] Level 1:colcon.colcon_core.package_identification:_identify(.) by extension 'cargo'
[1.809s] Level 1:colcon.colcon_core.package_identification:_identify(.) by extension 'cmake'
[1.809s] Level 1:colcon.colcon_core.package_identification:_identify(.) by extension 'python'
[1.809s] Level 1:colcon.colcon_core.package_identification:_identify(.) by extensions ['python_setup_py']
[1.810s] Level 1:colcon.colcon_core.package_identification:_identify(.) by extension 'python_setup_py'
[1.810s] Level 1:colcon.colcon_core.package_identification:_identify(build) by extensions ['ignore', 'ignore_ament_install']
[1.810s] Level 1:colcon.colcon_core.package_identification:_identify(build) by extension 'ignore'
[1.810s] Level 1:colcon.colcon_core.package_identification:_identify(build) ignored
[1.811s] Level 1:colcon.colcon_core.package_identification:_identify(install) by extensions ['ignore', 'ignore_ament_install']
[1.811s] Level 1:colcon.colcon_core.package_identification:_identify(install) by extension 'ignore'
[1.811s] Level 1:colcon.colcon_core.package_identification:_identify(install) ignored
[1.811s] Level 1:colcon.colcon_core.package_identification:_identify(log) by extensions ['ignore', 'ignore_ament_install']
[1.812s] Level 1:colcon.colcon_core.package_identification:_identify(log) by extension 'ignore'
[1.812s] Level 1:colcon.colcon_core.package_identification:_identify(log) ignored
[1.812s] Level 1:colcon.colcon_core.package_identification:_identify(src) by extensions ['ignore', 'ignore_ament_install']
[1.812s] Level 1:colcon.colcon_core.package_identification:_identify(src) by extension 'ignore'
[1.812s] Level 1:colcon.colcon_core.package_identification:_identify(src) by extension 'ignore_ament_install'
[1.812s] Level 1:colcon.colcon_core.package_identification:_identify(src) by extensions ['cargo_workspace']
[1.812s] Level 1:colcon.colcon_core.package_identification:_identify(src) by extension 'cargo_workspace'
[1.813s] Level 1:colcon.colcon_core.package_identification:_identify(src) by extensions ['colcon_pkg']
[1.813s] Level 1:colcon.colcon_core.package_identification:_identify(src) by extension 'colcon_pkg'
[1.813s] Level 1:colcon.colcon_core.package_identification:_identify(src) by extensions ['colcon_meta']
[1.813s] Level 1:colcon.colcon_core.package_identification:_identify(src) by extension 'colcon_meta'
[1.813s] Level 1:colcon.colcon_core.package_identification:_identify(src) by extensions ['ros']
[1.813s] Level 1:colcon.colcon_core.package_identification:_identify(src) by extension 'ros'
[1.813s] Level 1:colcon.colcon_core.package_identification:_identify(src) by extensions ['cargo', 'cmake', 'python']
[1.813s] Level 1:colcon.colcon_core.package_identification:_identify(src) by extension 'cargo'
[1.813s] Level 1:colcon.colcon_core.package_identification:_identify(src) by extension 'cmake'
[1.814s] Level 1:colcon.colcon_core.package_identification:_identify(src) by extension 'python'
[1.814s] Level 1:colcon.colcon_core.package_identification:_identify(src) by extensions ['python_setup_py']
[1.814s] Level 1:colcon.colcon_core.package_identification:_identify(src) by extension 'python_setup_py'
[1.814s] Level 1:colcon.colcon_core.package_identification:_identify(src/vegabot_controller) by extensions ['ignore', 'ignore_ament_install']
[1.814s] Level 1:colcon.colcon_core.package_identification:_identify(src/vegabot_controller) by extension 'ignore'
[1.814s] Level 1:colcon.colcon_core.package_identification:_identify(src/vegabot_controller) by extension 'ignore_ament_install'
[1.814s] Level 1:colcon.colcon_core.package_identification:_identify(src/vegabot_controller) by extensions ['cargo_workspace']
[1.815s] Level 1:colcon.colcon_core.package_identification:_identify(src/vegabot_controller) by extension 'cargo_workspace'
[1.815s] Level 1:colcon.colcon_core.package_identification:_identify(src/vegabot_controller) by extensions ['colcon_pkg']
[1.815s] Level 1:colcon.colcon_core.package_identification:_identify(src/vegabot_controller) by extension 'colcon_pkg'
[1.815s] Level 1:colcon.colcon_core.package_identification:_identify(src/vegabot_controller) by extensions ['colcon_meta']
[1.815s] Level 1:colcon.colcon_core.package_identification:_identify(src/vegabot_controller) by extension 'colcon_meta'
[1.815s] Level 1:colcon.colcon_core.package_identification:_identify(src/vegabot_controller) by extensions ['ros']
[1.815s] Level 1:colcon.colcon_core.package_identification:_identify(src/vegabot_controller) by extension 'ros'
[1.833s] DEBUG:colcon.colcon_core.package_identification:Package 'src/vegabot_controller' with type 'ros.ament_cmake' and name 'vegabot_controller'
[1.834s] Level 1:colcon.colcon_core.package_identification:_identify(src/vegabot_description) by extensions ['ignore', 'ignore_ament_install']
[1.835s] Level 1:colcon.colcon_core.package_identification:_identify(src/vegabot_description) by extension 'ignore'
[1.835s] Level 1:colcon.colcon_core.package_identification:_identify(src/vegabot_description) by extension 'ignore_ament_install'
[1.835s] Level 1:colcon.colcon_core.package_identification:_identify(src/vegabot_description) by extensions ['cargo_workspace']
[1.835s] Level 1:colcon.colcon_core.package_identification:_identify(src/vegabot_description) by extension 'cargo_workspace'
[1.835s] Level 1:colcon.colcon_core.package_identification:_identify(src/vegabot_description) by extensions ['colcon_pkg']
[1.835s] Level 1:colcon.colcon_core.package_identification:_identify(src/vegabot_description) by extension 'colcon_pkg'
[1.835s] Level 1:colcon.colcon_core.package_identification:_identify(src/vegabot_description) by extensions ['colcon_meta']
[1.836s] Level 1:colcon.colcon_core.package_identification:_identify(src/vegabot_description) by extension 'colcon_meta'
[1.836s] Level 1:colcon.colcon_core.package_identification:_identify(src/vegabot_description) by extensions ['ros']
[1.836s] Level 1:colcon.colcon_core.package_identification:_identify(src/vegabot_description) by extension 'ros'
[1.838s] DEBUG:colcon.colcon_core.package_identification:Package 'src/vegabot_description' with type 'ros.ament_cmake' and name 'vegabot_description'
[1.839s] Level 1:colcon.colcon_core.package_identification:_identify(src/vegabot_mapping) by extensions ['ignore', 'ignore_ament_install']
[1.839s] Level 1:colcon.colcon_core.package_identification:_identify(src/vegabot_mapping) by extension 'ignore'
[1.839s] Level 1:colcon.colcon_core.package_identification:_identify(src/vegabot_mapping) by extension 'ignore_ament_install'
[1.840s] Level 1:colcon.colcon_core.package_identification:_identify(src/vegabot_mapping) by extensions ['cargo_workspace']
[1.840s] Level 1:colcon.colcon_core.package_identification:_identify(src/vegabot_mapping) by extension 'cargo_workspace'
[1.840s] Level 1:colcon.colcon_core.package_identification:_identify(src/vegabot_mapping) by extensions ['colcon_pkg']
[1.840s] Level 1:colcon.colcon_core.package_identification:_identify(src/vegabot_mapping) by extension 'colcon_pkg'
[1.840s] Level 1:colcon.colcon_core.package_identification:_identify(src/vegabot_mapping) by extensions ['colcon_meta']
[1.840s] Level 1:colcon.colcon_core.package_identification:_identify(src/vegabot_mapping) by extension 'colcon_meta'
[1.840s] Level 1:colcon.colcon_core.package_identification:_identify(src/vegabot_mapping) by extensions ['ros']
[1.840s] Level 1:colcon.colcon_core.package_identification:_identify(src/vegabot_mapping) by extension 'ros'
[1.842s] DEBUG:colcon.colcon_core.package_identification:Package 'src/vegabot_mapping' with type 'ros.ament_cmake' and name 'vegabot_mapping'
[1.842s] Level 1:colcon.colcon_core.package_discovery:discover_packages(recursive) using defaults
[1.842s] Level 1:colcon.colcon_core.package_discovery:discover_packages(ignore) discover
[1.842s] Level 1:colcon.colcon_core.package_discovery:discover_packages(ignore) using defaults
[1.842s] Level 1:colcon.colcon_core.package_discovery:discover_packages(path) discover
[1.842s] Level 1:colcon.colcon_core.package_discovery:discover_packages(path) using defaults
[1.842s] Level 1:colcon.colcon_core.package_discovery:discover_packages(cargo_workspace) discover
[1.843s] Level 1:colcon.colcon_core.package_discovery:discover_packages(cargo_workspace) using defaults
[1.942s] Level 1:colcon.colcon_core.package_discovery:discover_packages(prefix_path) check parameters
[1.943s] Level 1:colcon.colcon_core.package_discovery:discover_packages(prefix_path) discover
[1.954s] DEBUG:colcon.colcon_installed_package_information.package_discovery:Found 10 installed packages in /home/spkmak/ros2_ws/install
[1.959s] DEBUG:colcon.colcon_installed_package_information.package_discovery:Found 415 installed packages in /opt/ros/humble
[1.964s] Level 1:colcon.colcon_core.package_discovery:discover_packages(prefix_path) using defaults
[2.144s] Level 5:colcon.colcon_core.verb:set package 'vegabot_controller' build argument 'cargo_args' from command line to 'None'
[2.144s] Level 5:colcon.colcon_core.verb:set package 'vegabot_controller' build argument 'clean_build' from command line to 'False'
[2.144s] Level 5:colcon.colcon_core.verb:set package 'vegabot_controller' build argument 'cmake_args' from command line to 'None'
[2.144s] Level 5:colcon.colcon_core.verb:set package 'vegabot_controller' build argument 'cmake_target' from command line to 'None'
[2.144s] Level 5:colcon.colcon_core.verb:set package 'vegabot_controller' build argument 'cmake_target_skip_unavailable' from command line to 'False'
[2.144s] Level 5:colcon.colcon_core.verb:set package 'vegabot_controller' build argument 'cmake_clean_cache' from command line to 'False'
[2.144s] Level 5:colcon.colcon_core.verb:set package 'vegabot_controller' build argument 'cmake_clean_first' from command line to 'False'
[2.144s] Level 5:colcon.colcon_core.verb:set package 'vegabot_controller' build argument 'cmake_force_configure' from command line to 'False'
[2.144s] Level 5:colcon.colcon_core.verb:set package 'vegabot_controller' build argument 'lookup_in_workspace' from command line to 'False'
[2.145s] Level 5:colcon.colcon_core.verb:set package 'vegabot_controller' build argument 'ament_cmake_args' from command line to 'None'
[2.145s] Level 5:colcon.colcon_core.verb:set package 'vegabot_controller' build argument 'catkin_cmake_args' from command line to 'None'
[2.145s] Level 5:colcon.colcon_core.verb:set package 'vegabot_controller' build argument 'catkin_skip_building_tests' from command line to 'False'
[2.145s] DEBUG:colcon.colcon_core.verb:Building package 'vegabot_controller' with the following arguments: {'ament_cmake_args': None, 'build_base': '/home/spkmak/vegabot_ws/build/vegabot_controller', 'cargo_args': None, 'catkin_cmake_args': None, 'catkin_skip_building_tests': False, 'clean_build': False, 'cmake_args': None, 'cmake_clean_cache': False, 'cmake_clean_first': False, 'cmake_force_configure': False, 'cmake_target': None, 'cmake_target_skip_unavailable': False, 'install_base': '/home/spkmak/vegabot_ws/install/vegabot_controller', 'lookup_in_workspace': False, 'merge_install': False, 'path': '/home/spkmak/vegabot_ws/src/vegabot_controller', 'symlink_install': False, 'test_result_base': None}
[2.146s] Level 5:colcon.colcon_core.verb:set package 'vegabot_description' build argument 'cargo_args' from command line to 'None'
[2.146s] Level 5:colcon.colcon_core.verb:set package 'vegabot_description' build argument 'clean_build' from command line to 'False'
[2.146s] Level 5:colcon.colcon_core.verb:set package 'vegabot_description' build argument 'cmake_args' from command line to 'None'
[2.146s] Level 5:colcon.colcon_core.verb:set package 'vegabot_description' build argument 'cmake_target' from command line to 'None'
[2.146s] Level 5:colcon.colcon_core.verb:set package 'vegabot_description' build argument 'cmake_target_skip_unavailable' from command line to 'False'
[2.146s] Level 5:colcon.colcon_core.verb:set package 'vegabot_description' build argument 'cmake_clean_cache' from command line to 'False'
[2.146s] Level 5:colcon.colcon_core.verb:set package 'vegabot_description' build argument 'cmake_clean_first' from command line to 'False'
[2.146s] Level 5:colcon.colcon_core.verb:set package 'vegabot_description' build argument 'cmake_force_configure' from command line to 'False'
[2.146s] Level 5:colcon.colcon_core.verb:set package 'vegabot_description' build argument 'lookup_in_workspace' from command line to 'False'
[2.146s] Level 5:colcon.colcon_core.verb:set package 'vegabot_description' build argument 'ament_cmake_args' from command line to 'None'
[2.146s] Level 5:colcon.colcon_core.verb:set package 'vegabot_description' build argument 'catkin_cmake_args' from command line to 'None'
[2.146s] Level 5:colcon.colcon_core.verb:set package 'vegabot_description' build argument 'catkin_skip_building_tests' from command line to 'False'
[2.146s] DEBUG:colcon.colcon_core.verb:Building package 'vegabot_description' with the following arguments: {'ament_cmake_args': None, 'build_base': '/home/spkmak/vegabot_ws/build/vegabot_description', 'cargo_args': None, 'catkin_cmake_args': None, 'catkin_skip_building_tests': False, 'clean_build': False, 'cmake_args': None, 'cmake_clean_cache': False, 'cmake_clean_first': False, 'cmake_force_configure': False, 'cmake_target': None, 'cmake_target_skip_unavailable': False, 'install_base': '/home/spkmak/vegabot_ws/install/vegabot_description', 'lookup_in_workspace': False, 'merge_install': False, 'path': '/home/spkmak/vegabot_ws/src/vegabot_description', 'symlink_install': False, 'test_result_base': None}
[2.147s] Level 5:colcon.colcon_core.verb:set package 'vegabot_mapping' build argument 'cargo_args' from command line to 'None'
[2.147s] Level 5:colcon.colcon_core.verb:set package 'vegabot_mapping' build argument 'clean_build' from command line to 'False'
[2.147s] Level 5:colcon.colcon_core.verb:set package 'vegabot_mapping' build argument 'cmake_args' from command line to 'None'
[2.147s] Level 5:colcon.colcon_core.verb:set package 'vegabot_mapping' build argument 'cmake_target' from command line to 'None'
[2.147s] Level 5:colcon.colcon_core.verb:set package 'vegabot_mapping' build argument 'cmake_target_skip_unavailable' from command line to 'False'
[2.147s] Level 5:colcon.colcon_core.verb:set package 'vegabot_mapping' build argument 'cmake_clean_cache' from command line to 'False'
[2.147s] Level 5:colcon.colcon_core.verb:set package 'vegabot_mapping' build argument 'cmake_clean_first' from command line to 'False'
[2.147s] Level 5:colcon.colcon_core.verb:set package 'vegabot_mapping' build argument 'cmake_force_configure' from command line to 'False'
[2.147s] Level 5:colcon.colcon_core.verb:set package 'vegabot_mapping' build argument 'lookup_in_workspace' from command line to 'False'
[2.147s] Level 5:colcon.colcon_core.verb:set package 'vegabot_mapping' build argument 'ament_cmake_args' from command line to 'None'
[2.147s] Level 5:colcon.colcon_core.verb:set package 'vegabot_mapping' build argument 'catkin_cmake_args' from command line to 'None'
[2.148s] Level 5:colcon.colcon_core.verb:set package 'vegabot_mapping' build argument 'catkin_skip_building_tests' from command line to 'False'
[2.148s] DEBUG:colcon.colcon_core.verb:Building package 'vegabot_mapping' with the following arguments: {'ament_cmake_args': None, 'build_base': '/home/spkmak/vegabot_ws/build/vegabot_mapping', 'cargo_args': None, 'catkin_cmake_args': None, 'catkin_skip_building_tests': False, 'clean_build': False, 'cmake_args': None, 'cmake_clean_cache': False, 'cmake_clean_first': False, 'cmake_force_configure': False, 'cmake_target': None, 'cmake_target_skip_unavailable': False, 'install_base': '/home/spkmak/vegabot_ws/install/vegabot_mapping', 'lookup_in_workspace': False, 'merge_install': False, 'path': '/home/spkmak/vegabot_ws/src/vegabot_mapping', 'symlink_install': False, 'test_result_base': None}
[2.148s] INFO:colcon.colcon_core.executor:Executing jobs using 'parallel' executor
[2.150s] DEBUG:colcon.colcon_parallel_executor.executor.parallel:run_until_complete
[2.150s] INFO:colcon.colcon_ros.task.ament_cmake.build:Building ROS package in '/home/spkmak/vegabot_ws/src/vegabot_controller' with build type 'ament_cmake'
[2.151s] INFO:colcon.colcon_cmake.task.cmake.build:Building CMake package in '/home/spkmak/vegabot_ws/src/vegabot_controller'
[2.169s] INFO:colcon.colcon_core.plugin_system:Skipping extension 'colcon_core.shell.bat': Not used on non-Windows systems
[2.169s] INFO:colcon.colcon_core.shell:Skip shell extension 'powershell' for command environment: Not usable outside of PowerShell
[2.169s] DEBUG:colcon.colcon_core.shell:Skip shell extension 'dsv' for command environment
[2.179s] INFO:colcon.colcon_ros.task.ament_cmake.build:Building ROS package in '/home/spkmak/vegabot_ws/src/vegabot_description' with build type 'ament_cmake'
[2.180s] INFO:colcon.colcon_cmake.task.cmake.build:Building CMake package in '/home/spkmak/vegabot_ws/src/vegabot_description'
[2.180s] INFO:colcon.colcon_core.shell:Skip shell extension 'powershell' for command environment: Not usable outside of PowerShell
[2.180s] DEBUG:colcon.colcon_core.shell:Skip shell extension 'dsv' for command environment
[2.189s] INFO:colcon.colcon_ros.task.ament_cmake.build:Building ROS package in '/home/spkmak/vegabot_ws/src/vegabot_mapping' with build type 'ament_cmake'
[2.190s] INFO:colcon.colcon_cmake.task.cmake.build:Building CMake package in '/home/spkmak/vegabot_ws/src/vegabot_mapping'
[2.190s] INFO:colcon.colcon_core.shell:Skip shell extension 'powershell' for command environment: Not usable outside of PowerShell
[2.190s] DEBUG:colcon.colcon_core.shell:Skip shell extension 'dsv' for command environment
[2.208s] DEBUG:colcon.colcon_core.event_handler.log_command:Invoking command in '/home/spkmak/vegabot_ws/build/vegabot_controller': CMAKE_PREFIX_PATH=${CMAKE_PREFIX_PATH}:/home/spkmak/ros2_ws/install/so_arm_100_bringup:/opt/ros/humble /home/spkmak/.local/bin/cmake --build /home/spkmak/vegabot_ws/build/vegabot_controller -- -j6 -l6
[2.220s] DEBUG:colcon.colcon_core.event_handler.log_command:Invoking command in '/home/spkmak/vegabot_ws/build/vegabot_description': CMAKE_PREFIX_PATH=${CMAKE_PREFIX_PATH}:/home/spkmak/ros2_ws/install/so_arm_100_bringup:/opt/ros/humble /home/spkmak/.local/bin/cmake --build /home/spkmak/vegabot_ws/build/vegabot_description -- -j6 -l6
[2.227s] DEBUG:colcon.colcon_core.event_handler.log_command:Invoking command in '/home/spkmak/vegabot_ws/build/vegabot_mapping': CMAKE_PREFIX_PATH=${CMAKE_PREFIX_PATH}:/home/spkmak/ros2_ws/install/so_arm_100_bringup:/opt/ros/humble /home/spkmak/.local/bin/cmake /home/spkmak/vegabot_ws/src/vegabot_mapping -DCMAKE_INSTALL_PREFIX=/home/spkmak/vegabot_ws/install/vegabot_mapping
[2.847s] DEBUG:colcon.colcon_core.event_handler.log_command:Invoked command in '/home/spkmak/vegabot_ws/build/vegabot_controller' returned '0': CMAKE_PREFIX_PATH=${CMAKE_PREFIX_PATH}:/home/spkmak/ros2_ws/install/so_arm_100_bringup:/opt/ros/humble /home/spkmak/.local/bin/cmake --build /home/spkmak/vegabot_ws/build/vegabot_controller -- -j6 -l6
[3.072s] DEBUG:colcon.colcon_core.event_handler.log_command:Invoking command in '/home/spkmak/vegabot_ws/build/vegabot_controller': CMAKE_PREFIX_PATH=${CMAKE_PREFIX_PATH}:/home/spkmak/ros2_ws/install/so_arm_100_bringup:/opt/ros/humble /home/spkmak/.local/bin/cmake --install /home/spkmak/vegabot_ws/build/vegabot_controller
[3.481s] Level 1:colcon.colcon_core.environment:create_environment_scripts_only(vegabot_controller)
[3.482s] DEBUG:colcon.colcon_core.event_handler.log_command:Invoked command in '/home/spkmak/vegabot_ws/build/vegabot_controller' returned '0': CMAKE_PREFIX_PATH=${CMAKE_PREFIX_PATH}:/home/spkmak/ros2_ws/install/so_arm_100_bringup:/opt/ros/humble /home/spkmak/.local/bin/cmake --install /home/spkmak/vegabot_ws/build/vegabot_controller
[3.568s] Level 1:colcon.colcon_core.environment:checking '/home/spkmak/vegabot_ws/install/vegabot_controller' for CMake module files
[3.569s] Level 1:colcon.colcon_core.environment:checking '/home/spkmak/vegabot_ws/install/vegabot_controller' for CMake config files
[3.571s] Level 1:colcon.colcon_core.shell:create_environment_hook('vegabot_controller', 'cmake_prefix_path')
[3.572s] INFO:colcon.colcon_core.shell:Creating environment hook '/home/spkmak/vegabot_ws/install/vegabot_controller/share/vegabot_controller/hook/cmake_prefix_path.ps1'
[3.586s] INFO:colcon.colcon_core.shell:Creating environment descriptor '/home/spkmak/vegabot_ws/install/vegabot_controller/share/vegabot_controller/hook/cmake_prefix_path.dsv'
[3.599s] INFO:colcon.colcon_core.shell:Creating environment hook '/home/spkmak/vegabot_ws/install/vegabot_controller/share/vegabot_controller/hook/cmake_prefix_path.sh'
[3.604s] Level 1:colcon.colcon_core.environment:checking '/home/spkmak/vegabot_ws/install/vegabot_controller/bin'
[3.604s] Level 1:colcon.colcon_core.environment:checking '/home/spkmak/vegabot_ws/install/vegabot_controller/lib/pkgconfig/vegabot_controller.pc'
[3.604s] Level 1:colcon.colcon_core.environment:checking '/home/spkmak/vegabot_ws/install/vegabot_controller/lib/python3.10/site-packages'
[3.605s] Level 1:colcon.colcon_core.environment:checking '/home/spkmak/vegabot_ws/install/vegabot_controller/bin'
[3.606s] INFO:colcon.colcon_core.shell:Creating package script '/home/spkmak/vegabot_ws/install/vegabot_controller/share/vegabot_controller/package.ps1'
[3.617s] INFO:colcon.colcon_core.shell:Creating package descriptor '/home/spkmak/vegabot_ws/install/vegabot_controller/share/vegabot_controller/package.dsv'
[3.623s] INFO:colcon.colcon_core.shell:Creating package script '/home/spkmak/vegabot_ws/install/vegabot_controller/share/vegabot_controller/package.sh'
[3.626s] INFO:colcon.colcon_core.shell:Creating package script '/home/spkmak/vegabot_ws/install/vegabot_controller/share/vegabot_controller/package.bash'
[3.630s] INFO:colcon.colcon_core.shell:Creating package script '/home/spkmak/vegabot_ws/install/vegabot_controller/share/vegabot_controller/package.zsh'
[3.634s] Level 1:colcon.colcon_core.environment:create_file_with_runtime_dependencies(/home/spkmak/vegabot_ws/install/vegabot_controller/share/colcon-core/packages/vegabot_controller)
[3.640s] Level 1:colcon.colcon_core.environment:create_environment_scripts_only(vegabot_controller)
[3.640s] Level 1:colcon.colcon_core.environment:checking '/home/spkmak/vegabot_ws/install/vegabot_controller' for CMake module files
[3.641s] Level 1:colcon.colcon_core.environment:checking '/home/spkmak/vegabot_ws/install/vegabot_controller' for CMake config files
[3.642s] Level 1:colcon.colcon_core.shell:create_environment_hook('vegabot_controller', 'cmake_prefix_path')
[3.642s] INFO:colcon.colcon_core.shell:Creating environment hook '/home/spkmak/vegabot_ws/install/vegabot_controller/share/vegabot_controller/hook/cmake_prefix_path.ps1'
[3.643s] INFO:colcon.colcon_core.shell:Creating environment descriptor '/home/spkmak/vegabot_ws/install/vegabot_controller/share/vegabot_controller/hook/cmake_prefix_path.dsv'
[3.644s] INFO:colcon.colcon_core.shell:Creating environment hook '/home/spkmak/vegabot_ws/install/vegabot_controller/share/vegabot_controller/hook/cmake_prefix_path.sh'
[3.646s] Level 1:colcon.colcon_core.environment:checking '/home/spkmak/vegabot_ws/install/vegabot_controller/bin'
[3.646s] Level 1:colcon.colcon_core.environment:checking '/home/spkmak/vegabot_ws/install/vegabot_controller/lib/pkgconfig/vegabot_controller.pc'
[3.646s] Level 1:colcon.colcon_core.environment:checking '/home/spkmak/vegabot_ws/install/vegabot_controller/lib/python3.10/site-packages'
[3.647s] Level 1:colcon.colcon_core.environment:checking '/home/spkmak/vegabot_ws/install/vegabot_controller/bin'
[3.647s] INFO:colcon.colcon_core.shell:Creating package script '/home/spkmak/vegabot_ws/install/vegabot_controller/share/vegabot_controller/package.ps1'
[3.649s] INFO:colcon.colcon_core.shell:Creating package descriptor '/home/spkmak/vegabot_ws/install/vegabot_controller/share/vegabot_controller/package.dsv'
[3.650s] INFO:colcon.colcon_core.shell:Creating package script '/home/spkmak/vegabot_ws/install/vegabot_controller/share/vegabot_controller/package.sh'
[3.650s] INFO:colcon.colcon_core.shell:Creating package script '/home/spkmak/vegabot_ws/install/vegabot_controller/share/vegabot_controller/package.bash'
[3.651s] INFO:colcon.colcon_core.shell:Creating package script '/home/spkmak/vegabot_ws/install/vegabot_controller/share/vegabot_controller/package.zsh'
[3.652s] Level 1:colcon.colcon_core.environment:create_file_with_runtime_dependencies(/home/spkmak/vegabot_ws/install/vegabot_controller/share/colcon-core/packages/vegabot_controller)
[5.105s] DEBUG:colcon.colcon_core.event_handler.log_command:Invoked command in '/home/spkmak/vegabot_ws/build/vegabot_description' returned '0': CMAKE_PREFIX_PATH=${CMAKE_PREFIX_PATH}:/home/spkmak/ros2_ws/install/so_arm_100_bringup:/opt/ros/humble /home/spkmak/.local/bin/cmake --build /home/spkmak/vegabot_ws/build/vegabot_description -- -j6 -l6
[5.196s] DEBUG:colcon.colcon_core.event_handler.log_command:Invoking command in '/home/spkmak/vegabot_ws/build/vegabot_description': CMAKE_PREFIX_PATH=${CMAKE_PREFIX_PATH}:/home/spkmak/ros2_ws/install/so_arm_100_bringup:/opt/ros/humble /home/spkmak/.local/bin/cmake --install /home/spkmak/vegabot_ws/build/vegabot_description
[5.710s] Level 1:colcon.colcon_core.environment:create_environment_scripts_only(vegabot_description)
[5.712s] Level 1:colcon.colcon_core.environment:checking '/home/spkmak/vegabot_ws/install/vegabot_description' for CMake module files
[5.713s] DEBUG:colcon.colcon_core.event_handler.log_command:Invoked command in '/home/spkmak/vegabot_ws/build/vegabot_description' returned '0': CMAKE_PREFIX_PATH=${CMAKE_PREFIX_PATH}:/home/spkmak/ros2_ws/install/so_arm_100_bringup:/opt/ros/humble /home/spkmak/.local/bin/cmake --install /home/spkmak/vegabot_ws/build/vegabot_description
[5.714s] Level 1:colcon.colcon_core.environment:checking '/home/spkmak/vegabot_ws/install/vegabot_description' for CMake config files
[5.741s] Level 1:colcon.colcon_core.shell:create_environment_hook('vegabot_description', 'cmake_prefix_path')
[5.742s] INFO:colcon.colcon_core.shell:Creating environment hook '/home/spkmak/vegabot_ws/install/vegabot_description/share/vegabot_description/hook/cmake_prefix_path.ps1'
[5.744s] INFO:colcon.colcon_core.shell:Creating environment descriptor '/home/spkmak/vegabot_ws/install/vegabot_description/share/vegabot_description/hook/cmake_prefix_path.dsv'
[5.745s] INFO:colcon.colcon_core.shell:Creating environment hook '/home/spkmak/vegabot_ws/install/vegabot_description/share/vegabot_description/hook/cmake_prefix_path.sh'
[5.746s] Level 1:colcon.colcon_core.environment:checking '/home/spkmak/vegabot_ws/install/vegabot_description/bin'
[5.746s] Level 1:colcon.colcon_core.environment:checking '/home/spkmak/vegabot_ws/install/vegabot_description/lib/pkgconfig/vegabot_description.pc'
[5.747s] Level 1:colcon.colcon_core.environment:checking '/home/spkmak/vegabot_ws/install/vegabot_description/lib/python3.10/site-packages'
[5.749s] Level 1:colcon.colcon_core.environment:checking '/home/spkmak/vegabot_ws/install/vegabot_description/bin'
[5.750s] INFO:colcon.colcon_core.shell:Creating package script '/home/spkmak/vegabot_ws/install/vegabot_description/share/vegabot_description/package.ps1'
[5.752s] INFO:colcon.colcon_core.shell:Creating package descriptor '/home/spkmak/vegabot_ws/install/vegabot_description/share/vegabot_description/package.dsv'
[5.754s] INFO:colcon.colcon_core.shell:Creating package script '/home/spkmak/vegabot_ws/install/vegabot_description/share/vegabot_description/package.sh'
[5.756s] INFO:colcon.colcon_core.shell:Creating package script '/home/spkmak/vegabot_ws/install/vegabot_description/share/vegabot_description/package.bash'
[5.757s] INFO:colcon.colcon_core.shell:Creating package script '/home/spkmak/vegabot_ws/install/vegabot_description/share/vegabot_description/package.zsh'
[5.758s] Level 1:colcon.colcon_core.environment:create_file_with_runtime_dependencies(/home/spkmak/vegabot_ws/install/vegabot_description/share/colcon-core/packages/vegabot_description)
[5.763s] Level 1:colcon.colcon_core.environment:create_environment_scripts_only(vegabot_description)
[5.764s] Level 1:colcon.colcon_core.environment:checking '/home/spkmak/vegabot_ws/install/vegabot_description' for CMake module files
[5.766s] Level 1:colcon.colcon_core.environment:checking '/home/spkmak/vegabot_ws/install/vegabot_description' for CMake config files
[5.787s] Level 1:colcon.colcon_core.shell:create_environment_hook('vegabot_description', 'cmake_prefix_path')
[5.788s] INFO:colcon.colcon_core.shell:Creating environment hook '/home/spkmak/vegabot_ws/install/vegabot_description/share/vegabot_description/hook/cmake_prefix_path.ps1'
[5.790s] INFO:colcon.colcon_core.shell:Creating environment descriptor '/home/spkmak/vegabot_ws/install/vegabot_description/share/vegabot_description/hook/cmake_prefix_path.dsv'
[5.791s] INFO:colcon.colcon_core.shell:Creating environment hook '/home/spkmak/vegabot_ws/install/vegabot_description/share/vegabot_description/hook/cmake_prefix_path.sh'
[5.792s] Level 1:colcon.colcon_core.environment:checking '/home/spkmak/vegabot_ws/install/vegabot_description/bin'
[5.793s] Level 1:colcon.colcon_core.environment:checking '/home/spkmak/vegabot_ws/install/vegabot_description/lib/pkgconfig/vegabot_description.pc'
[5.794s] Level 1:colcon.colcon_core.environment:checking '/home/spkmak/vegabot_ws/install/vegabot_description/lib/python3.10/site-packages'
[5.795s] Level 1:colcon.colcon_core.environment:checking '/home/spkmak/vegabot_ws/install/vegabot_description/bin'
[5.796s] INFO:colcon.colcon_core.shell:Creating package script '/home/spkmak/vegabot_ws/install/vegabot_description/share/vegabot_description/package.ps1'
[5.798s] INFO:colcon.colcon_core.shell:Creating package descriptor '/home/spkmak/vegabot_ws/install/vegabot_description/share/vegabot_description/package.dsv'
[5.799s] INFO:colcon.colcon_core.shell:Creating package script '/home/spkmak/vegabot_ws/install/vegabot_description/share/vegabot_description/package.sh'
[5.800s] INFO:colcon.colcon_core.shell:Creating package script '/home/spkmak/vegabot_ws/install/vegabot_description/share/vegabot_description/package.bash'
[5.801s] INFO:colcon.colcon_core.shell:Creating package script '/home/spkmak/vegabot_ws/install/vegabot_description/share/vegabot_description/package.zsh'
[5.802s] Level 1:colcon.colcon_core.environment:create_file_with_runtime_dependencies(/home/spkmak/vegabot_ws/install/vegabot_description/share/colcon-core/packages/vegabot_description)
[5.807s] DEBUG:colcon.colcon_core.event_handler.log_command:Invoked command in '/home/spkmak/vegabot_ws/build/vegabot_mapping' returned '0': CMAKE_PREFIX_PATH=${CMAKE_PREFIX_PATH}:/home/spkmak/ros2_ws/install/so_arm_100_bringup:/opt/ros/humble /home/spkmak/.local/bin/cmake /home/spkmak/vegabot_ws/src/vegabot_mapping -DCMAKE_INSTALL_PREFIX=/home/spkmak/vegabot_ws/install/vegabot_mapping
[5.809s] DEBUG:colcon.colcon_core.event_handler.log_command:Invoking command in '/home/spkmak/vegabot_ws/build/vegabot_mapping': CMAKE_PREFIX_PATH=${CMAKE_PREFIX_PATH}:/home/spkmak/ros2_ws/install/so_arm_100_bringup:/opt/ros/humble /home/spkmak/.local/bin/cmake --build /home/spkmak/vegabot_ws/build/vegabot_mapping -- -j6 -l6
[5.980s] DEBUG:colcon.colcon_core.event_handler.log_command:Invoked command in '/home/spkmak/vegabot_ws/build/vegabot_mapping' returned '0': CMAKE_PREFIX_PATH=${CMAKE_PREFIX_PATH}:/home/spkmak/ros2_ws/install/so_arm_100_bringup:/opt/ros/humble /home/spkmak/.local/bin/cmake --build /home/spkmak/vegabot_ws/build/vegabot_mapping -- -j6 -l6
[5.986s] DEBUG:colcon.colcon_core.event_handler.log_command:Invoking command in '/home/spkmak/vegabot_ws/build/vegabot_mapping': CMAKE_PREFIX_PATH=${CMAKE_PREFIX_PATH}:/home/spkmak/ros2_ws/install/so_arm_100_bringup:/opt/ros/humble /home/spkmak/.local/bin/cmake --install /home/spkmak/vegabot_ws/build/vegabot_mapping
[6.146s] Level 1:colcon.colcon_core.environment:create_environment_scripts_only(vegabot_mapping)
[6.148s] Level 1:colcon.colcon_core.environment:checking '/home/spkmak/vegabot_ws/install/vegabot_mapping' for CMake module files
[6.149s] DEBUG:colcon.colcon_core.event_handler.log_command:Invoked command in '/home/spkmak/vegabot_ws/build/vegabot_mapping' returned '0': CMAKE_PREFIX_PATH=${CMAKE_PREFIX_PATH}:/home/spkmak/ros2_ws/install/so_arm_100_bringup:/opt/ros/humble /home/spkmak/.local/bin/cmake --install /home/spkmak/vegabot_ws/build/vegabot_mapping
[6.151s] Level 1:colcon.colcon_core.environment:checking '/home/spkmak/vegabot_ws/install/vegabot_mapping' for CMake config files
[6.152s] Level 1:colcon.colcon_core.shell:create_environment_hook('vegabot_mapping', 'cmake_prefix_path')
[6.153s] INFO:colcon.colcon_core.shell:Creating environment hook '/home/spkmak/vegabot_ws/install/vegabot_mapping/share/vegabot_mapping/hook/cmake_prefix_path.ps1'
[6.155s] INFO:colcon.colcon_core.shell:Creating environment descriptor '/home/spkmak/vegabot_ws/install/vegabot_mapping/share/vegabot_mapping/hook/cmake_prefix_path.dsv'
[6.156s] INFO:colcon.colcon_core.shell:Creating environment hook '/home/spkmak/vegabot_ws/install/vegabot_mapping/share/vegabot_mapping/hook/cmake_prefix_path.sh'
[6.158s] Level 1:colcon.colcon_core.environment:checking '/home/spkmak/vegabot_ws/install/vegabot_mapping/bin'
[6.159s] Level 1:colcon.colcon_core.environment:checking '/home/spkmak/vegabot_ws/install/vegabot_mapping/lib/pkgconfig/vegabot_mapping.pc'
[6.160s] Level 1:colcon.colcon_core.environment:checking '/home/spkmak/vegabot_ws/install/vegabot_mapping/lib/python3.10/site-packages'
[6.161s] Level 1:colcon.colcon_core.environment:checking '/home/spkmak/vegabot_ws/install/vegabot_mapping/bin'
[6.162s] INFO:colcon.colcon_core.shell:Creating package script '/home/spkmak/vegabot_ws/install/vegabot_mapping/share/vegabot_mapping/package.ps1'
[6.164s] INFO:colcon.colcon_core.shell:Creating package descriptor '/home/spkmak/vegabot_ws/install/vegabot_mapping/share/vegabot_mapping/package.dsv'
[6.166s] INFO:colcon.colcon_core.shell:Creating package script '/home/spkmak/vegabot_ws/install/vegabot_mapping/share/vegabot_mapping/package.sh'
[6.167s] INFO:colcon.colcon_core.shell:Creating package script '/home/spkmak/vegabot_ws/install/vegabot_mapping/share/vegabot_mapping/package.bash'
[6.169s] INFO:colcon.colcon_core.shell:Creating package script '/home/spkmak/vegabot_ws/install/vegabot_mapping/share/vegabot_mapping/package.zsh'
[6.170s] Level 1:colcon.colcon_core.environment:create_file_with_runtime_dependencies(/home/spkmak/vegabot_ws/install/vegabot_mapping/share/colcon-core/packages/vegabot_mapping)
[6.172s] Level 1:colcon.colcon_core.environment:create_environment_scripts_only(vegabot_mapping)
[6.173s] Level 1:colcon.colcon_core.environment:checking '/home/spkmak/vegabot_ws/install/vegabot_mapping' for CMake module files
[6.175s] Level 1:colcon.colcon_core.environment:checking '/home/spkmak/vegabot_ws/install/vegabot_mapping' for CMake config files
[6.176s] Level 1:colcon.colcon_core.shell:create_environment_hook('vegabot_mapping', 'cmake_prefix_path')
[6.177s] INFO:colcon.colcon_core.shell:Creating environment hook '/home/spkmak/vegabot_ws/install/vegabot_mapping/share/vegabot_mapping/hook/cmake_prefix_path.ps1'
[6.179s] INFO:colcon.colcon_core.shell:Creating environment descriptor '/home/spkmak/vegabot_ws/install/vegabot_mapping/share/vegabot_mapping/hook/cmake_prefix_path.dsv'
[6.180s] INFO:colcon.colcon_core.shell:Creating environment hook '/home/spkmak/vegabot_ws/install/vegabot_mapping/share/vegabot_mapping/hook/cmake_prefix_path.sh'
[6.182s] Level 1:colcon.colcon_core.environment:checking '/home/spkmak/vegabot_ws/install/vegabot_mapping/bin'
[6.182s] Level 1:colcon.colcon_core.environment:checking '/home/spkmak/vegabot_ws/install/vegabot_mapping/lib/pkgconfig/vegabot_mapping.pc'
[6.183s] Level 1:colcon.colcon_core.environment:checking '/home/spkmak/vegabot_ws/install/vegabot_mapping/lib/python3.10/site-packages'
[6.184s] Level 1:colcon.colcon_core.environment:checking '/home/spkmak/vegabot_ws/install/vegabot_mapping/bin'
[6.185s] INFO:colcon.colcon_core.shell:Creating package script '/home/spkmak/vegabot_ws/install/vegabot_mapping/share/vegabot_mapping/package.ps1'
[6.188s] INFO:colcon.colcon_core.shell:Creating package descriptor '/home/spkmak/vegabot_ws/install/vegabot_mapping/share/vegabot_mapping/package.dsv'
[6.189s] INFO:colcon.colcon_core.shell:Creating package script '/home/spkmak/vegabot_ws/install/vegabot_mapping/share/vegabot_mapping/package.sh'
[6.191s] INFO:colcon.colcon_core.shell:Creating package script '/home/spkmak/vegabot_ws/install/vegabot_mapping/share/vegabot_mapping/package.bash'
[6.192s] INFO:colcon.colcon_core.shell:Creating package script '/home/spkmak/vegabot_ws/install/vegabot_mapping/share/vegabot_mapping/package.zsh'
[6.193s] Level 1:colcon.colcon_core.environment:create_file_with_runtime_dependencies(/home/spkmak/vegabot_ws/install/vegabot_mapping/share/colcon-core/packages/vegabot_mapping)
[6.194s] DEBUG:colcon.colcon_parallel_executor.executor.parallel:closing loop
[6.195s] DEBUG:colcon.colcon_parallel_executor.executor.parallel:loop closed
[6.196s] DEBUG:colcon.colcon_parallel_executor.executor.parallel:run_until_complete finished with '0'
[6.196s] DEBUG:colcon.colcon_core.event_reactor:joining thread
[6.226s] INFO:colcon.colcon_core.plugin_system:Skipping extension 'colcon_notification.desktop_notification.terminal_notifier': Not used on non-Darwin systems
[6.227s] INFO:colcon.colcon_core.plugin_system:Skipping extension 'colcon_notification.desktop_notification.win32': Not used on non-Windows systems
[6.227s] INFO:colcon.colcon_notification.desktop_notification:Sending desktop notification using 'notify2'
[6.291s] DEBUG:colcon.colcon_core.event_reactor:joined thread
[6.292s] INFO:colcon.colcon_core.shell:Creating prefix script '/home/spkmak/vegabot_ws/install/local_setup.ps1'
[6.300s] INFO:colcon.colcon_core.shell:Creating prefix util module '/home/spkmak/vegabot_ws/install/_local_setup_util_ps1.py'
[6.340s] INFO:colcon.colcon_core.shell:Creating prefix chain script '/home/spkmak/vegabot_ws/install/setup.ps1'
[6.346s] INFO:colcon.colcon_core.shell:Creating prefix script '/home/spkmak/vegabot_ws/install/local_setup.sh'
[6.348s] INFO:colcon.colcon_core.shell:Creating prefix util module '/home/spkmak/vegabot_ws/install/_local_setup_util_sh.py'
[6.349s] INFO:colcon.colcon_core.shell:Creating prefix chain script '/home/spkmak/vegabot_ws/install/setup.sh'
[6.354s] INFO:colcon.colcon_core.shell:Creating prefix script '/home/spkmak/vegabot_ws/install/local_setup.bash'
[6.357s] INFO:colcon.colcon_core.shell:Creating prefix chain script '/home/spkmak/vegabot_ws/install/setup.bash'
[6.361s] INFO:colcon.colcon_core.shell:Creating prefix script '/home/spkmak/vegabot_ws/install/local_setup.zsh'
[6.363s] INFO:colcon.colcon_core.shell:Creating prefix chain script '/home/spkmak/vegabot_ws/install/setup.zsh'
