[0.042s] Invoking command in '/home/spkmak/vegabot_ws/build/vegabot_mapping': CMAKE_PREFIX_PATH=${CMAKE_PREFIX_PATH}:/home/spkmak/ros2_ws/install/so_arm_100_bringup:/opt/ros/humble /home/spkmak/.local/bin/cmake --build /home/spkmak/vegabot_ws/build/vegabot_mapping -- -j6 -l6
[0.887s] Invoked command in '/home/spkmak/vegabot_ws/build/vegabot_mapping' returned '0': CMAKE_PREFIX_PATH=${CMAKE_PREFIX_PATH}:/home/spkmak/ros2_ws/install/so_arm_100_bringup:/opt/ros/humble /home/spkmak/.local/bin/cmake --build /home/spkmak/vegabot_ws/build/vegabot_mapping -- -j6 -l6
[0.895s] Invoking command in '/home/spkmak/vegabot_ws/build/vegabot_mapping': CMAKE_PREFIX_PATH=${CMAKE_PREFIX_PATH}:/home/spkmak/ros2_ws/install/so_arm_100_bringup:/opt/ros/humble /home/spkmak/.local/bin/cmake --install /home/spkmak/vegabot_ws/build/vegabot_mapping
[1.058s] -- Install configuration: ""
[1.060s] -- Up-to-date: /home/spkmak/vegabot_ws/install/vegabot_mapping/share/vegabot_mapping/config
[1.064s] -- Up-to-date: /home/spkmak/vegabot_ws/install/vegabot_mapping/share/vegabot_mapping/config/slam_toolbox.yaml
[1.066s] -- Up-to-date: /home/spkmak/vegabot_ws/install/vegabot_mapping/share/vegabot_mapping/launch
[1.075s] -- Up-to-date: /home/spkmak/vegabot_ws/install/vegabot_mapping/share/vegabot_mapping/launch/slam.launch.py
[1.076s] -- Up-to-date: /home/spkmak/vegabot_ws/install/vegabot_mapping/share/vegabot_mapping/maps
[1.080s] -- Up-to-date: /home/spkmak/vegabot_ws/install/vegabot_mapping/share/vegabot_mapping/maps/myroom
[1.084s] -- Up-to-date: /home/spkmak/vegabot_ws/install/vegabot_mapping/share/vegabot_mapping/maps/myroom/map.yaml
[1.084s] -- Up-to-date: /home/spkmak/vegabot_ws/install/vegabot_mapping/share/vegabot_mapping/maps/myroom/map.pgm
[1.085s] -- Up-to-date: /home/spkmak/vegabot_ws/install/vegabot_mapping/share/vegabot_mapping/maps/small_house
[1.088s] -- Up-to-date: /home/spkmak/vegabot_ws/install/vegabot_mapping/share/vegabot_mapping/maps/small_house/map.yaml
[1.088s] -- Up-to-date: /home/spkmak/vegabot_ws/install/vegabot_mapping/share/vegabot_mapping/maps/small_house/map.pgm
[1.089s] -- Up-to-date: /home/spkmak/vegabot_ws/install/vegabot_mapping/share/vegabot_mapping/rviz
[1.091s] -- Up-to-date: /home/spkmak/vegabot_ws/install/vegabot_mapping/share/vegabot_mapping/rviz/slam.rviz
[1.091s] -- Up-to-date: /home/spkmak/vegabot_ws/install/vegabot_mapping/share/ament_index/resource_index/package_run_dependencies/vegabot_mapping
[1.092s] -- Up-to-date: /home/spkmak/vegabot_ws/install/vegabot_mapping/share/ament_index/resource_index/parent_prefix_path/vegabot_mapping
[1.093s] -- Up-to-date: /home/spkmak/vegabot_ws/install/vegabot_mapping/share/vegabot_mapping/environment/ament_prefix_path.sh
[1.094s] -- Up-to-date: /home/spkmak/vegabot_ws/install/vegabot_mapping/share/vegabot_mapping/environment/ament_prefix_path.dsv
[1.095s] -- Up-to-date: /home/spkmak/vegabot_ws/install/vegabot_mapping/share/vegabot_mapping/environment/path.sh
[1.096s] -- Up-to-date: /home/spkmak/vegabot_ws/install/vegabot_mapping/share/vegabot_mapping/environment/path.dsv
[1.100s] -- Up-to-date: /home/spkmak/vegabot_ws/install/vegabot_mapping/share/vegabot_mapping/local_setup.bash
[1.100s] -- Up-to-date: /home/spkmak/vegabot_ws/install/vegabot_mapping/share/vegabot_mapping/local_setup.sh
[1.100s] -- Up-to-date: /home/spkmak/vegabot_ws/install/vegabot_mapping/share/vegabot_mapping/local_setup.zsh
[1.101s] -- Up-to-date: /home/spkmak/vegabot_ws/install/vegabot_mapping/share/vegabot_mapping/local_setup.dsv
[1.102s] -- Installing: /home/spkmak/vegabot_ws/install/vegabot_mapping/share/vegabot_mapping/package.dsv
[1.104s] -- Up-to-date: /home/spkmak/vegabot_ws/install/vegabot_mapping/share/ament_index/resource_index/packages/vegabot_mapping
[1.105s] -- Up-to-date: /home/spkmak/vegabot_ws/install/vegabot_mapping/share/vegabot_mapping/cmake/vegabot_mappingConfig.cmake
[1.106s] -- Up-to-date: /home/spkmak/vegabot_ws/install/vegabot_mapping/share/vegabot_mapping/cmake/vegabot_mappingConfig-version.cmake
[1.106s] -- Up-to-date: /home/spkmak/vegabot_ws/install/vegabot_mapping/share/vegabot_mapping/package.xml
[1.346s] Invoked command in '/home/spkmak/vegabot_ws/build/vegabot_mapping' returned '0': CMAKE_PREFIX_PATH=${CMAKE_PREFIX_PATH}:/home/spkmak/ros2_ws/install/so_arm_100_bringup:/opt/ros/humble /home/spkmak/.local/bin/cmake --install /home/spkmak/vegabot_ws/build/vegabot_mapping
