[0.048s] Invoking command in '/home/spkmak/vegabot_ws/build/vegabot_mapping': CMAKE_PREFIX_PATH=${CMAKE_PREFIX_PATH}:/home/spkmak/vegabot_ws/install/vegabot_scripts:/home/spkmak/ros2_ws/install/so_arm_100_bringup:/opt/ros/humble /home/spkmak/.local/bin/cmake --build /home/spkmak/vegabot_ws/build/vegabot_mapping -- -j6 -l6
[0.394s] Invoked command in '/home/spkmak/vegabot_ws/build/vegabot_mapping' returned '0': CMAKE_PREFIX_PATH=${CMAKE_PREFIX_PATH}:/home/spkmak/vegabot_ws/install/vegabot_scripts:/home/spkmak/ros2_ws/install/so_arm_100_bringup:/opt/ros/humble /home/spkmak/.local/bin/cmake --build /home/spkmak/vegabot_ws/build/vegabot_mapping -- -j6 -l6
[0.397s] Invoking command in '/home/spkmak/vegabot_ws/build/vegabot_mapping': CMAKE_PREFIX_PATH=${CMAKE_PREFIX_PATH}:/home/spkmak/vegabot_ws/install/vegabot_scripts:/home/spkmak/ros2_ws/install/so_arm_100_bringup:/opt/ros/humble /home/spkmak/.local/bin/cmake --install /home/spkmak/vegabot_ws/build/vegabot_mapping
[0.857s] -- Install configuration: ""
[0.857s] -- Up-to-date: /home/spkmak/vegabot_ws/install/vegabot_mapping/share/vegabot_mapping/config
[0.857s] -- Up-to-date: /home/spkmak/vegabot_ws/install/vegabot_mapping/share/vegabot_mapping/config/slam_toolbox.yaml
[0.859s] -- Up-to-date: /home/spkmak/vegabot_ws/install/vegabot_mapping/share/vegabot_mapping/launch
[0.859s] -- Up-to-date: /home/spkmak/vegabot_ws/install/vegabot_mapping/share/vegabot_mapping/launch/slam.launch.py
[0.859s] -- Up-to-date: /home/spkmak/vegabot_ws/install/vegabot_mapping/share/vegabot_mapping/maps
[0.860s] -- Up-to-date: /home/spkmak/vegabot_ws/install/vegabot_mapping/share/vegabot_mapping/maps/myroom
[0.860s] -- Up-to-date: /home/spkmak/vegabot_ws/install/vegabot_mapping/share/vegabot_mapping/maps/myroom/map.yaml
[0.860s] -- Up-to-date: /home/spkmak/vegabot_ws/install/vegabot_mapping/share/vegabot_mapping/maps/myroom/map.pgm
[0.860s] -- Up-to-date: /home/spkmak/vegabot_ws/install/vegabot_mapping/share/vegabot_mapping/maps/small_house
[0.861s] -- Up-to-date: /home/spkmak/vegabot_ws/install/vegabot_mapping/share/vegabot_mapping/maps/small_house/map.yaml
[0.861s] -- Up-to-date: /home/spkmak/vegabot_ws/install/vegabot_mapping/share/vegabot_mapping/maps/small_house/map.pgm
[0.861s] -- Up-to-date: /home/spkmak/vegabot_ws/install/vegabot_mapping/share/vegabot_mapping/rviz
[0.861s] -- Up-to-date: /home/spkmak/vegabot_ws/install/vegabot_mapping/share/vegabot_mapping/rviz/slam.rviz
[0.865s] -- Up-to-date: /home/spkmak/vegabot_ws/install/vegabot_mapping/share/ament_index/resource_index/package_run_dependencies/vegabot_mapping
[0.865s] -- Up-to-date: /home/spkmak/vegabot_ws/install/vegabot_mapping/share/ament_index/resource_index/parent_prefix_path/vegabot_mapping
[0.865s] -- Up-to-date: /home/spkmak/vegabot_ws/install/vegabot_mapping/share/vegabot_mapping/environment/ament_prefix_path.sh
[0.866s] -- Up-to-date: /home/spkmak/vegabot_ws/install/vegabot_mapping/share/vegabot_mapping/environment/ament_prefix_path.dsv
[0.869s] -- Up-to-date: /home/spkmak/vegabot_ws/install/vegabot_mapping/share/vegabot_mapping/environment/path.sh
[0.869s] -- Up-to-date: /home/spkmak/vegabot_ws/install/vegabot_mapping/share/vegabot_mapping/environment/path.dsv
[0.869s] -- Up-to-date: /home/spkmak/vegabot_ws/install/vegabot_mapping/share/vegabot_mapping/local_setup.bash
[0.869s] -- Up-to-date: /home/spkmak/vegabot_ws/install/vegabot_mapping/share/vegabot_mapping/local_setup.sh
[0.876s] -- Up-to-date: /home/spkmak/vegabot_ws/install/vegabot_mapping/share/vegabot_mapping/local_setup.zsh
[0.876s] -- Up-to-date: /home/spkmak/vegabot_ws/install/vegabot_mapping/share/vegabot_mapping/local_setup.dsv
[0.876s] -- Installing: /home/spkmak/vegabot_ws/install/vegabot_mapping/share/vegabot_mapping/package.dsv
[0.877s] -- Up-to-date: /home/spkmak/vegabot_ws/install/vegabot_mapping/share/ament_index/resource_index/packages/vegabot_mapping
[0.877s] -- Up-to-date: /home/spkmak/vegabot_ws/install/vegabot_mapping/share/vegabot_mapping/cmake/vegabot_mappingConfig.cmake
[0.877s] -- Up-to-date: /home/spkmak/vegabot_ws/install/vegabot_mapping/share/vegabot_mapping/cmake/vegabot_mappingConfig-version.cmake
[0.877s] -- Up-to-date: /home/spkmak/vegabot_ws/install/vegabot_mapping/share/vegabot_mapping/package.xml
[0.906s] Invoked command in '/home/spkmak/vegabot_ws/build/vegabot_mapping' returned '0': CMAKE_PREFIX_PATH=${CMAKE_PREFIX_PATH}:/home/spkmak/vegabot_ws/install/vegabot_scripts:/home/spkmak/ros2_ws/install/so_arm_100_bringup:/opt/ros/humble /home/spkmak/.local/bin/cmake --install /home/spkmak/vegabot_ws/build/vegabot_mapping
