[0.548s] Invoking command in '/home/spkmak/vegabot_ws/build/vegabot_localization': CMAKE_PREFIX_PATH=${CMAKE_PREFIX_PATH}:/home/spkmak/ros2_ws/install/so_arm_100_bringup:/opt/ros/humble /home/spkmak/.local/bin/cmake /home/spkmak/vegabot_ws/src/vegabot_localization -DCMAKE_INSTALL_PREFIX=/home/spkmak/vegabot_ws/install/vegabot_localization
[0.940s] [0mCMake Deprecation Warning at CMakeLists.txt:1 (cmake_minimum_required):
[0.940s]   Compatibility with CMake < 3.10 will be removed from a future version of
[0.940s]   CMake.
[0.940s] 
[0.940s]   Update the VERSION argument <min> value.  Or, use the <min>...<max> syntax
[0.940s]   to tell CMake that the project requires at least <min> but has been updated
[0.940s]   to work with policies introduced by <max> or earlier.
[0.940s] 
[0.941s] [0m
[2.336s] -- The C compiler identification is GNU 11.4.0
[2.953s] -- The CXX compiler identification is GNU 11.4.0
[3.007s] -- Detecting C compiler ABI info
[3.148s] -- Detecting C compiler ABI info - done
[3.182s] -- Check for working C compiler: /usr/bin/cc - skipped
[3.183s] -- Detecting C compile features
[3.185s] -- Detecting C compile features - done
[3.230s] -- Detecting CXX compiler ABI info
[3.362s] -- Detecting CXX compiler ABI info - done
[3.402s] -- Check for working CXX compiler: /usr/bin/c++ - skipped
[3.402s] -- Detecting CXX compile features
[3.404s] -- Detecting CXX compile features - done
[3.514s] -- Found ament_cmake: 1.3.14 (/opt/ros/humble/share/ament_cmake/cmake)
[3.925s] -- Found Python3: /usr/bin/python3 (found version "3.10.12") found components: Interpreter
[4.265s] -- Found ament_lint_auto: 0.12.15 (/opt/ros/humble/share/ament_lint_auto/cmake)
[4.538s] -- Added test 'flake8' to check Python code syntax and style conventions
[4.541s] -- Added test 'lint_cmake' to check CMake code style
[4.544s] -- Added test 'pep257' to check Python code against some of the docstring style conventions in PEP 257
[4.548s] -- Added test 'xmllint' to check XML markup files
[4.554s] -- Configuring done (3.6s)
[4.563s] -- Generating done (0.0s)
[4.565s] -- Build files have been written to: /home/spkmak/vegabot_ws/build/vegabot_localization
[4.578s] Invoked command in '/home/spkmak/vegabot_ws/build/vegabot_localization' returned '0': CMAKE_PREFIX_PATH=${CMAKE_PREFIX_PATH}:/home/spkmak/ros2_ws/install/so_arm_100_bringup:/opt/ros/humble /home/spkmak/.local/bin/cmake /home/spkmak/vegabot_ws/src/vegabot_localization -DCMAKE_INSTALL_PREFIX=/home/spkmak/vegabot_ws/install/vegabot_localization
[4.581s] Invoking command in '/home/spkmak/vegabot_ws/build/vegabot_localization': CMAKE_PREFIX_PATH=${CMAKE_PREFIX_PATH}:/home/spkmak/ros2_ws/install/so_arm_100_bringup:/opt/ros/humble /home/spkmak/.local/bin/cmake --build /home/spkmak/vegabot_ws/build/vegabot_localization -- -j6 -l6
[4.775s] Invoked command in '/home/spkmak/vegabot_ws/build/vegabot_localization' returned '0': CMAKE_PREFIX_PATH=${CMAKE_PREFIX_PATH}:/home/spkmak/ros2_ws/install/so_arm_100_bringup:/opt/ros/humble /home/spkmak/.local/bin/cmake --build /home/spkmak/vegabot_ws/build/vegabot_localization -- -j6 -l6
[4.779s] Invoking command in '/home/spkmak/vegabot_ws/build/vegabot_localization': CMAKE_PREFIX_PATH=${CMAKE_PREFIX_PATH}:/home/spkmak/ros2_ws/install/so_arm_100_bringup:/opt/ros/humble /home/spkmak/.local/bin/cmake --install /home/spkmak/vegabot_ws/build/vegabot_localization
[4.934s] -- Install configuration: ""
[4.934s] -- Installing: /home/spkmak/vegabot_ws/install/vegabot_localization/share/vegabot_localization/launch
[4.934s] -- Installing: /home/spkmak/vegabot_ws/install/vegabot_localization/share/vegabot_localization/launch/global_localization.launch.py
[4.934s] -- Installing: /home/spkmak/vegabot_ws/install/vegabot_localization/share/vegabot_localization/config
[4.934s] -- Installing: /home/spkmak/vegabot_ws/install/vegabot_localization/share/vegabot_localization/config/amcl.yaml
[4.935s] -- Installing: /home/spkmak/vegabot_ws/install/vegabot_localization/share/vegabot_localization/rviz
[4.935s] -- Installing: /home/spkmak/vegabot_ws/install/vegabot_localization/share/vegabot_localization/rviz/global_localization.rviz
[4.935s] -- Installing: /home/spkmak/vegabot_ws/install/vegabot_localization/share/ament_index/resource_index/package_run_dependencies/vegabot_localization
[4.935s] -- Installing: /home/spkmak/vegabot_ws/install/vegabot_localization/share/ament_index/resource_index/parent_prefix_path/vegabot_localization
[4.936s] -- Installing: /home/spkmak/vegabot_ws/install/vegabot_localization/share/vegabot_localization/environment/ament_prefix_path.sh
[4.936s] -- Installing: /home/spkmak/vegabot_ws/install/vegabot_localization/share/vegabot_localization/environment/ament_prefix_path.dsv
[4.936s] -- Installing: /home/spkmak/vegabot_ws/install/vegabot_localization/share/vegabot_localization/environment/path.sh
[4.936s] -- Installing: /home/spkmak/vegabot_ws/install/vegabot_localization/share/vegabot_localization/environment/path.dsv
[4.937s] -- Installing: /home/spkmak/vegabot_ws/install/vegabot_localization/share/vegabot_localization/local_setup.bash
[4.937s] -- Installing: /home/spkmak/vegabot_ws/install/vegabot_localization/share/vegabot_localization/local_setup.sh
[4.937s] -- Installing: /home/spkmak/vegabot_ws/install/vegabot_localization/share/vegabot_localization/local_setup.zsh
[4.937s] -- Installing: /home/spkmak/vegabot_ws/install/vegabot_localization/share/vegabot_localization/local_setup.dsv
[4.937s] -- Installing: /home/spkmak/vegabot_ws/install/vegabot_localization/share/vegabot_localization/package.dsv
[4.938s] -- Installing: /home/spkmak/vegabot_ws/install/vegabot_localization/share/ament_index/resource_index/packages/vegabot_localization
[4.938s] -- Installing: /home/spkmak/vegabot_ws/install/vegabot_localization/share/vegabot_localization/cmake/vegabot_localizationConfig.cmake
[4.938s] -- Installing: /home/spkmak/vegabot_ws/install/vegabot_localization/share/vegabot_localization/cmake/vegabot_localizationConfig-version.cmake
[4.938s] -- Installing: /home/spkmak/vegabot_ws/install/vegabot_localization/share/vegabot_localization/package.xml
[4.943s] Invoked command in '/home/spkmak/vegabot_ws/build/vegabot_localization' returned '0': CMAKE_PREFIX_PATH=${CMAKE_PREFIX_PATH}:/home/spkmak/ros2_ws/install/so_arm_100_bringup:/opt/ros/humble /home/spkmak/.local/bin/cmake --install /home/spkmak/vegabot_ws/build/vegabot_localization
