[0.230s] DEBUG:colcon:Command line arguments: ['/usr/bin/colcon', 'build']
[0.230s] DEBUG:colcon:Parsed command line arguments: Namespace(log_base=None, log_level=None, verb_name='build', build_base='build', install_base='install', merge_install=False, symlink_install=False, test_result_base=None, continue_on_error=False, executor='parallel', parallel_workers=6, event_handlers=None, ignore_user_meta=False, metas=['./colcon.meta'], base_paths=['.'], packages_ignore=None, packages_ignore_regex=None, paths=None, packages_up_to=None, packages_up_to_regex=None, packages_above=None, packages_above_and_dependencies=None, packages_above_depth=None, packages_select_by_dep=None, packages_skip_by_dep=None, packages_skip_up_to=None, packages_select_build_failed=False, packages_skip_build_finished=False, packages_select_test_failures=False, packages_skip_test_passed=False, packages_select=None, packages_skip=None, packages_select_regex=None, packages_skip_regex=None, packages_start=None, packages_end=None, allow_overriding=[], cargo_args=None, clean_build=False, cmake_args=None, cmake_target=None, cmake_target_skip_unavailable=False, cmake_clean_cache=False, cmake_clean_first=False, cmake_force_configure=False, lookup_in_workspace=False, ament_cmake_args=None, catkin_cmake_args=None, catkin_skip_building_tests=False, verb_parser=<colcon_defaults.argument_parser.defaults.DefaultArgumentsDecorator object at 0xffffb6b03430>, verb_extension=<colcon_core.verb.build.BuildVerb object at 0xffffb6d312a0>, main=<bound method BuildVerb.main of <colcon_core.verb.build.BuildVerb object at 0xffffb6d312a0>>)
[0.309s] Level 1:colcon.colcon_core.package_discovery:discover_packages(colcon_meta) check parameters
[0.310s] Level 1:colcon.colcon_core.package_discovery:discover_packages(recursive) check parameters
[0.310s] Level 1:colcon.colcon_core.package_discovery:discover_packages(ignore) check parameters
[0.310s] Level 1:colcon.colcon_core.package_discovery:discover_packages(path) check parameters
[0.310s] Level 1:colcon.colcon_core.package_discovery:discover_packages(cargo_workspace) check parameters
[0.310s] Level 1:colcon.colcon_core.package_discovery:discover_packages(colcon_meta) discover
[0.310s] Level 1:colcon.colcon_core.package_discovery:discover_packages(recursive) discover
[0.310s] INFO:colcon.colcon_core.package_discovery:Crawling recursively for packages in '/home/spkmak/vegabot_ws'
[0.311s] Level 1:colcon.colcon_core.package_identification:_identify(.) by extensions ['ignore', 'ignore_ament_install']
[0.311s] Level 1:colcon.colcon_core.package_identification:_identify(.) by extension 'ignore'
[0.311s] Level 1:colcon.colcon_core.package_identification:_identify(.) by extension 'ignore_ament_install'
[0.311s] Level 1:colcon.colcon_core.package_identification:_identify(.) by extensions ['cargo_workspace']
[0.311s] Level 1:colcon.colcon_core.package_identification:_identify(.) by extension 'cargo_workspace'
[0.311s] Level 1:colcon.colcon_core.package_identification:_identify(.) by extensions ['colcon_pkg']
[0.311s] Level 1:colcon.colcon_core.package_identification:_identify(.) by extension 'colcon_pkg'
[0.311s] Level 1:colcon.colcon_core.package_identification:_identify(.) by extensions ['colcon_meta']
[0.311s] Level 1:colcon.colcon_core.package_identification:_identify(.) by extension 'colcon_meta'
[0.311s] Level 1:colcon.colcon_core.package_identification:_identify(.) by extensions ['ros']
[0.312s] Level 1:colcon.colcon_core.package_identification:_identify(.) by extension 'ros'
[0.338s] Level 1:colcon.colcon_core.package_identification:_identify(.) by extensions ['cargo', 'cmake', 'python']
[0.339s] Level 1:colcon.colcon_core.package_identification:_identify(.) by extension 'cargo'
[0.339s] Level 1:colcon.colcon_core.package_identification:_identify(.) by extension 'cmake'
[0.339s] Level 1:colcon.colcon_core.package_identification:_identify(.) by extension 'python'
[0.339s] Level 1:colcon.colcon_core.package_identification:_identify(.) by extensions ['python_setup_py']
[0.339s] Level 1:colcon.colcon_core.package_identification:_identify(.) by extension 'python_setup_py'
[0.339s] Level 1:colcon.colcon_core.package_identification:_identify(build) by extensions ['ignore', 'ignore_ament_install']
[0.340s] Level 1:colcon.colcon_core.package_identification:_identify(build) by extension 'ignore'
[0.340s] Level 1:colcon.colcon_core.package_identification:_identify(build) ignored
[0.340s] Level 1:colcon.colcon_core.package_identification:_identify(install) by extensions ['ignore', 'ignore_ament_install']
[0.340s] Level 1:colcon.colcon_core.package_identification:_identify(install) by extension 'ignore'
[0.340s] Level 1:colcon.colcon_core.package_identification:_identify(install) ignored
[0.341s] Level 1:colcon.colcon_core.package_identification:_identify(log) by extensions ['ignore', 'ignore_ament_install']
[0.341s] Level 1:colcon.colcon_core.package_identification:_identify(log) by extension 'ignore'
[0.341s] Level 1:colcon.colcon_core.package_identification:_identify(log) ignored
[0.341s] Level 1:colcon.colcon_core.package_identification:_identify(src) by extensions ['ignore', 'ignore_ament_install']
[0.341s] Level 1:colcon.colcon_core.package_identification:_identify(src) by extension 'ignore'
[0.341s] Level 1:colcon.colcon_core.package_identification:_identify(src) by extension 'ignore_ament_install'
[0.341s] Level 1:colcon.colcon_core.package_identification:_identify(src) by extensions ['cargo_workspace']
[0.341s] Level 1:colcon.colcon_core.package_identification:_identify(src) by extension 'cargo_workspace'
[0.342s] Level 1:colcon.colcon_core.package_identification:_identify(src) by extensions ['colcon_pkg']
[0.342s] Level 1:colcon.colcon_core.package_identification:_identify(src) by extension 'colcon_pkg'
[0.342s] Level 1:colcon.colcon_core.package_identification:_identify(src) by extensions ['colcon_meta']
[0.342s] Level 1:colcon.colcon_core.package_identification:_identify(src) by extension 'colcon_meta'
[0.342s] Level 1:colcon.colcon_core.package_identification:_identify(src) by extensions ['ros']
[0.342s] Level 1:colcon.colcon_core.package_identification:_identify(src) by extension 'ros'
[0.342s] Level 1:colcon.colcon_core.package_identification:_identify(src) by extensions ['cargo', 'cmake', 'python']
[0.342s] Level 1:colcon.colcon_core.package_identification:_identify(src) by extension 'cargo'
[0.342s] Level 1:colcon.colcon_core.package_identification:_identify(src) by extension 'cmake'
[0.342s] Level 1:colcon.colcon_core.package_identification:_identify(src) by extension 'python'
[0.342s] Level 1:colcon.colcon_core.package_identification:_identify(src) by extensions ['python_setup_py']
[0.342s] Level 1:colcon.colcon_core.package_identification:_identify(src) by extension 'python_setup_py'
[0.343s] Level 1:colcon.colcon_core.package_identification:_identify(src/vegabot_controller) by extensions ['ignore', 'ignore_ament_install']
[0.343s] Level 1:colcon.colcon_core.package_identification:_identify(src/vegabot_controller) by extension 'ignore'
[0.343s] Level 1:colcon.colcon_core.package_identification:_identify(src/vegabot_controller) by extension 'ignore_ament_install'
[0.343s] Level 1:colcon.colcon_core.package_identification:_identify(src/vegabot_controller) by extensions ['cargo_workspace']
[0.343s] Level 1:colcon.colcon_core.package_identification:_identify(src/vegabot_controller) by extension 'cargo_workspace'
[0.343s] Level 1:colcon.colcon_core.package_identification:_identify(src/vegabot_controller) by extensions ['colcon_pkg']
[0.343s] Level 1:colcon.colcon_core.package_identification:_identify(src/vegabot_controller) by extension 'colcon_pkg'
[0.343s] Level 1:colcon.colcon_core.package_identification:_identify(src/vegabot_controller) by extensions ['colcon_meta']
[0.343s] Level 1:colcon.colcon_core.package_identification:_identify(src/vegabot_controller) by extension 'colcon_meta'
[0.343s] Level 1:colcon.colcon_core.package_identification:_identify(src/vegabot_controller) by extensions ['ros']
[0.343s] Level 1:colcon.colcon_core.package_identification:_identify(src/vegabot_controller) by extension 'ros'
[0.348s] DEBUG:colcon.colcon_core.package_identification:Package 'src/vegabot_controller' with type 'ros.ament_cmake' and name 'vegabot_controller'
[0.348s] Level 1:colcon.colcon_core.package_identification:_identify(src/vegabot_description) by extensions ['ignore', 'ignore_ament_install']
[0.348s] Level 1:colcon.colcon_core.package_identification:_identify(src/vegabot_description) by extension 'ignore'
[0.349s] Level 1:colcon.colcon_core.package_identification:_identify(src/vegabot_description) by extension 'ignore_ament_install'
[0.349s] Level 1:colcon.colcon_core.package_identification:_identify(src/vegabot_description) by extensions ['cargo_workspace']
[0.349s] Level 1:colcon.colcon_core.package_identification:_identify(src/vegabot_description) by extension 'cargo_workspace'
[0.349s] Level 1:colcon.colcon_core.package_identification:_identify(src/vegabot_description) by extensions ['colcon_pkg']
[0.349s] Level 1:colcon.colcon_core.package_identification:_identify(src/vegabot_description) by extension 'colcon_pkg'
[0.349s] Level 1:colcon.colcon_core.package_identification:_identify(src/vegabot_description) by extensions ['colcon_meta']
[0.349s] Level 1:colcon.colcon_core.package_identification:_identify(src/vegabot_description) by extension 'colcon_meta'
[0.349s] Level 1:colcon.colcon_core.package_identification:_identify(src/vegabot_description) by extensions ['ros']
[0.349s] Level 1:colcon.colcon_core.package_identification:_identify(src/vegabot_description) by extension 'ros'
[0.350s] DEBUG:colcon.colcon_core.package_identification:Package 'src/vegabot_description' with type 'ros.ament_cmake' and name 'vegabot_description'
[0.351s] Level 1:colcon.colcon_core.package_identification:_identify(src/vegabot_localization) by extensions ['ignore', 'ignore_ament_install']
[0.351s] Level 1:colcon.colcon_core.package_identification:_identify(src/vegabot_localization) by extension 'ignore'
[0.351s] Level 1:colcon.colcon_core.package_identification:_identify(src/vegabot_localization) by extension 'ignore_ament_install'
[0.351s] Level 1:colcon.colcon_core.package_identification:_identify(src/vegabot_localization) by extensions ['cargo_workspace']
[0.351s] Level 1:colcon.colcon_core.package_identification:_identify(src/vegabot_localization) by extension 'cargo_workspace'
[0.351s] Level 1:colcon.colcon_core.package_identification:_identify(src/vegabot_localization) by extensions ['colcon_pkg']
[0.351s] Level 1:colcon.colcon_core.package_identification:_identify(src/vegabot_localization) by extension 'colcon_pkg'
[0.351s] Level 1:colcon.colcon_core.package_identification:_identify(src/vegabot_localization) by extensions ['colcon_meta']
[0.351s] Level 1:colcon.colcon_core.package_identification:_identify(src/vegabot_localization) by extension 'colcon_meta'
[0.352s] Level 1:colcon.colcon_core.package_identification:_identify(src/vegabot_localization) by extensions ['ros']
[0.352s] Level 1:colcon.colcon_core.package_identification:_identify(src/vegabot_localization) by extension 'ros'
[0.353s] DEBUG:colcon.colcon_core.package_identification:Package 'src/vegabot_localization' with type 'ros.ament_cmake' and name 'vegabot_localization'
[0.353s] Level 1:colcon.colcon_core.package_identification:_identify(src/vegabot_mapping) by extensions ['ignore', 'ignore_ament_install']
[0.353s] Level 1:colcon.colcon_core.package_identification:_identify(src/vegabot_mapping) by extension 'ignore'
[0.353s] Level 1:colcon.colcon_core.package_identification:_identify(src/vegabot_mapping) by extension 'ignore_ament_install'
[0.353s] Level 1:colcon.colcon_core.package_identification:_identify(src/vegabot_mapping) by extensions ['cargo_workspace']
[0.353s] Level 1:colcon.colcon_core.package_identification:_identify(src/vegabot_mapping) by extension 'cargo_workspace'
[0.353s] Level 1:colcon.colcon_core.package_identification:_identify(src/vegabot_mapping) by extensions ['colcon_pkg']
[0.353s] Level 1:colcon.colcon_core.package_identification:_identify(src/vegabot_mapping) by extension 'colcon_pkg'
[0.353s] Level 1:colcon.colcon_core.package_identification:_identify(src/vegabot_mapping) by extensions ['colcon_meta']
[0.354s] Level 1:colcon.colcon_core.package_identification:_identify(src/vegabot_mapping) by extension 'colcon_meta'
[0.354s] Level 1:colcon.colcon_core.package_identification:_identify(src/vegabot_mapping) by extensions ['ros']
[0.354s] Level 1:colcon.colcon_core.package_identification:_identify(src/vegabot_mapping) by extension 'ros'
[0.355s] DEBUG:colcon.colcon_core.package_identification:Package 'src/vegabot_mapping' with type 'ros.ament_cmake' and name 'vegabot_mapping'
[0.355s] Level 1:colcon.colcon_core.package_identification:_identify(src/vegabot_media) by extensions ['ignore', 'ignore_ament_install']
[0.355s] Level 1:colcon.colcon_core.package_identification:_identify(src/vegabot_media) by extension 'ignore'
[0.355s] Level 1:colcon.colcon_core.package_identification:_identify(src/vegabot_media) by extension 'ignore_ament_install'
[0.355s] Level 1:colcon.colcon_core.package_identification:_identify(src/vegabot_media) by extensions ['cargo_workspace']
[0.355s] Level 1:colcon.colcon_core.package_identification:_identify(src/vegabot_media) by extension 'cargo_workspace'
[0.355s] Level 1:colcon.colcon_core.package_identification:_identify(src/vegabot_media) by extensions ['colcon_pkg']
[0.355s] Level 1:colcon.colcon_core.package_identification:_identify(src/vegabot_media) by extension 'colcon_pkg'
[0.355s] Level 1:colcon.colcon_core.package_identification:_identify(src/vegabot_media) by extensions ['colcon_meta']
[0.356s] Level 1:colcon.colcon_core.package_identification:_identify(src/vegabot_media) by extension 'colcon_meta'
[0.356s] Level 1:colcon.colcon_core.package_identification:_identify(src/vegabot_media) by extensions ['ros']
[0.356s] Level 1:colcon.colcon_core.package_identification:_identify(src/vegabot_media) by extension 'ros'
[0.356s] Level 1:colcon.colcon_core.package_identification:_identify(src/vegabot_media) by extensions ['cargo', 'cmake', 'python']
[0.356s] Level 1:colcon.colcon_core.package_identification:_identify(src/vegabot_media) by extension 'cargo'
[0.356s] Level 1:colcon.colcon_core.package_identification:_identify(src/vegabot_media) by extension 'cmake'
[0.356s] Level 1:colcon.colcon_core.package_identification:_identify(src/vegabot_media) by extension 'python'
[0.356s] Level 1:colcon.colcon_core.package_identification:_identify(src/vegabot_media) by extensions ['python_setup_py']
[0.356s] Level 1:colcon.colcon_core.package_identification:_identify(src/vegabot_media) by extension 'python_setup_py'
[0.356s] Level 1:colcon.colcon_core.package_identification:_identify(src/vegabot_navigation) by extensions ['ignore', 'ignore_ament_install']
[0.357s] Level 1:colcon.colcon_core.package_identification:_identify(src/vegabot_navigation) by extension 'ignore'
[0.357s] Level 1:colcon.colcon_core.package_identification:_identify(src/vegabot_navigation) by extension 'ignore_ament_install'
[0.357s] Level 1:colcon.colcon_core.package_identification:_identify(src/vegabot_navigation) by extensions ['cargo_workspace']
[0.357s] Level 1:colcon.colcon_core.package_identification:_identify(src/vegabot_navigation) by extension 'cargo_workspace'
[0.357s] Level 1:colcon.colcon_core.package_identification:_identify(src/vegabot_navigation) by extensions ['colcon_pkg']
[0.357s] Level 1:colcon.colcon_core.package_identification:_identify(src/vegabot_navigation) by extension 'colcon_pkg'
[0.357s] Level 1:colcon.colcon_core.package_identification:_identify(src/vegabot_navigation) by extensions ['colcon_meta']
[0.357s] Level 1:colcon.colcon_core.package_identification:_identify(src/vegabot_navigation) by extension 'colcon_meta'
[0.357s] Level 1:colcon.colcon_core.package_identification:_identify(src/vegabot_navigation) by extensions ['ros']
[0.357s] Level 1:colcon.colcon_core.package_identification:_identify(src/vegabot_navigation) by extension 'ros'
[0.359s] DEBUG:colcon.colcon_core.package_identification:Package 'src/vegabot_navigation' with type 'ros.ament_cmake' and name 'vegabot_navigation'
[0.359s] Level 1:colcon.colcon_core.package_identification:_identify(src/vegabot_scripts) by extensions ['ignore', 'ignore_ament_install']
[0.359s] Level 1:colcon.colcon_core.package_identification:_identify(src/vegabot_scripts) by extension 'ignore'
[0.359s] Level 1:colcon.colcon_core.package_identification:_identify(src/vegabot_scripts) by extension 'ignore_ament_install'
[0.359s] Level 1:colcon.colcon_core.package_identification:_identify(src/vegabot_scripts) by extensions ['cargo_workspace']
[0.359s] Level 1:colcon.colcon_core.package_identification:_identify(src/vegabot_scripts) by extension 'cargo_workspace'
[0.360s] Level 1:colcon.colcon_core.package_identification:_identify(src/vegabot_scripts) by extensions ['colcon_pkg']
[0.360s] Level 1:colcon.colcon_core.package_identification:_identify(src/vegabot_scripts) by extension 'colcon_pkg'
[0.360s] Level 1:colcon.colcon_core.package_identification:_identify(src/vegabot_scripts) by extensions ['colcon_meta']
[0.360s] Level 1:colcon.colcon_core.package_identification:_identify(src/vegabot_scripts) by extension 'colcon_meta'
[0.360s] Level 1:colcon.colcon_core.package_identification:_identify(src/vegabot_scripts) by extensions ['ros']
[0.360s] Level 1:colcon.colcon_core.package_identification:_identify(src/vegabot_scripts) by extension 'ros'
[0.361s] DEBUG:colcon.colcon_core.package_identification:Package 'src/vegabot_scripts' with type 'ros.ament_python' and name 'mechabot_scripts'
[0.361s] Level 1:colcon.colcon_core.package_discovery:discover_packages(recursive) using defaults
[0.361s] Level 1:colcon.colcon_core.package_discovery:discover_packages(ignore) discover
[0.362s] Level 1:colcon.colcon_core.package_discovery:discover_packages(ignore) using defaults
[0.362s] Level 1:colcon.colcon_core.package_discovery:discover_packages(path) discover
[0.362s] Level 1:colcon.colcon_core.package_discovery:discover_packages(path) using defaults
[0.362s] Level 1:colcon.colcon_core.package_discovery:discover_packages(cargo_workspace) discover
[0.362s] Level 1:colcon.colcon_core.package_discovery:discover_packages(cargo_workspace) using defaults
[0.401s] Level 1:colcon.colcon_core.package_discovery:discover_packages(prefix_path) check parameters
[0.402s] Level 1:colcon.colcon_core.package_discovery:discover_packages(prefix_path) discover
[0.406s] DEBUG:colcon.colcon_installed_package_information.package_discovery:Found 6 installed packages in /home/spkmak/vegabot_ws/install
[0.407s] DEBUG:colcon.colcon_installed_package_information.package_discovery:Found 10 installed packages in /home/spkmak/ros2_ws/install
[0.410s] DEBUG:colcon.colcon_installed_package_information.package_discovery:Found 415 installed packages in /opt/ros/humble
[0.413s] Level 1:colcon.colcon_core.package_discovery:discover_packages(prefix_path) using defaults
[0.545s] Level 5:colcon.colcon_core.verb:set package 'mechabot_scripts' build argument 'cargo_args' from command line to 'None'
[0.545s] Level 5:colcon.colcon_core.verb:set package 'mechabot_scripts' build argument 'clean_build' from command line to 'False'
[0.545s] Level 5:colcon.colcon_core.verb:set package 'mechabot_scripts' build argument 'cmake_args' from command line to 'None'
[0.545s] Level 5:colcon.colcon_core.verb:set package 'mechabot_scripts' build argument 'cmake_target' from command line to 'None'
[0.545s] Level 5:colcon.colcon_core.verb:set package 'mechabot_scripts' build argument 'cmake_target_skip_unavailable' from command line to 'False'
[0.545s] Level 5:colcon.colcon_core.verb:set package 'mechabot_scripts' build argument 'cmake_clean_cache' from command line to 'False'
[0.545s] Level 5:colcon.colcon_core.verb:set package 'mechabot_scripts' build argument 'cmake_clean_first' from command line to 'False'
[0.546s] Level 5:colcon.colcon_core.verb:set package 'mechabot_scripts' build argument 'cmake_force_configure' from command line to 'False'
[0.546s] Level 5:colcon.colcon_core.verb:set package 'mechabot_scripts' build argument 'lookup_in_workspace' from command line to 'False'
[0.546s] Level 5:colcon.colcon_core.verb:set package 'mechabot_scripts' build argument 'ament_cmake_args' from command line to 'None'
[0.546s] Level 5:colcon.colcon_core.verb:set package 'mechabot_scripts' build argument 'catkin_cmake_args' from command line to 'None'
[0.546s] Level 5:colcon.colcon_core.verb:set package 'mechabot_scripts' build argument 'catkin_skip_building_tests' from command line to 'False'
[0.546s] DEBUG:colcon.colcon_core.verb:Building package 'mechabot_scripts' with the following arguments: {'ament_cmake_args': None, 'build_base': '/home/spkmak/vegabot_ws/build/mechabot_scripts', 'cargo_args': None, 'catkin_cmake_args': None, 'catkin_skip_building_tests': False, 'clean_build': False, 'cmake_args': None, 'cmake_clean_cache': False, 'cmake_clean_first': False, 'cmake_force_configure': False, 'cmake_target': None, 'cmake_target_skip_unavailable': False, 'install_base': '/home/spkmak/vegabot_ws/install/mechabot_scripts', 'lookup_in_workspace': False, 'merge_install': False, 'path': '/home/spkmak/vegabot_ws/src/vegabot_scripts', 'symlink_install': False, 'test_result_base': None}
[0.547s] Level 5:colcon.colcon_core.verb:set package 'vegabot_controller' build argument 'cargo_args' from command line to 'None'
[0.547s] Level 5:colcon.colcon_core.verb:set package 'vegabot_controller' build argument 'clean_build' from command line to 'False'
[0.547s] Level 5:colcon.colcon_core.verb:set package 'vegabot_controller' build argument 'cmake_args' from command line to 'None'
[0.547s] Level 5:colcon.colcon_core.verb:set package 'vegabot_controller' build argument 'cmake_target' from command line to 'None'
[0.547s] Level 5:colcon.colcon_core.verb:set package 'vegabot_controller' build argument 'cmake_target_skip_unavailable' from command line to 'False'
[0.547s] Level 5:colcon.colcon_core.verb:set package 'vegabot_controller' build argument 'cmake_clean_cache' from command line to 'False'
[0.547s] Level 5:colcon.colcon_core.verb:set package 'vegabot_controller' build argument 'cmake_clean_first' from command line to 'False'
[0.547s] Level 5:colcon.colcon_core.verb:set package 'vegabot_controller' build argument 'cmake_force_configure' from command line to 'False'
[0.547s] Level 5:colcon.colcon_core.verb:set package 'vegabot_controller' build argument 'lookup_in_workspace' from command line to 'False'
[0.547s] Level 5:colcon.colcon_core.verb:set package 'vegabot_controller' build argument 'ament_cmake_args' from command line to 'None'
[0.547s] Level 5:colcon.colcon_core.verb:set package 'vegabot_controller' build argument 'catkin_cmake_args' from command line to 'None'
[0.547s] Level 5:colcon.colcon_core.verb:set package 'vegabot_controller' build argument 'catkin_skip_building_tests' from command line to 'False'
[0.547s] DEBUG:colcon.colcon_core.verb:Building package 'vegabot_controller' with the following arguments: {'ament_cmake_args': None, 'build_base': '/home/spkmak/vegabot_ws/build/vegabot_controller', 'cargo_args': None, 'catkin_cmake_args': None, 'catkin_skip_building_tests': False, 'clean_build': False, 'cmake_args': None, 'cmake_clean_cache': False, 'cmake_clean_first': False, 'cmake_force_configure': False, 'cmake_target': None, 'cmake_target_skip_unavailable': False, 'install_base': '/home/spkmak/vegabot_ws/install/vegabot_controller', 'lookup_in_workspace': False, 'merge_install': False, 'path': '/home/spkmak/vegabot_ws/src/vegabot_controller', 'symlink_install': False, 'test_result_base': None}
[0.548s] Level 5:colcon.colcon_core.verb:set package 'vegabot_description' build argument 'cargo_args' from command line to 'None'
[0.548s] Level 5:colcon.colcon_core.verb:set package 'vegabot_description' build argument 'clean_build' from command line to 'False'
[0.548s] Level 5:colcon.colcon_core.verb:set package 'vegabot_description' build argument 'cmake_args' from command line to 'None'
[0.548s] Level 5:colcon.colcon_core.verb:set package 'vegabot_description' build argument 'cmake_target' from command line to 'None'
[0.548s] Level 5:colcon.colcon_core.verb:set package 'vegabot_description' build argument 'cmake_target_skip_unavailable' from command line to 'False'
[0.548s] Level 5:colcon.colcon_core.verb:set package 'vegabot_description' build argument 'cmake_clean_cache' from command line to 'False'
[0.548s] Level 5:colcon.colcon_core.verb:set package 'vegabot_description' build argument 'cmake_clean_first' from command line to 'False'
[0.548s] Level 5:colcon.colcon_core.verb:set package 'vegabot_description' build argument 'cmake_force_configure' from command line to 'False'
[0.548s] Level 5:colcon.colcon_core.verb:set package 'vegabot_description' build argument 'lookup_in_workspace' from command line to 'False'
[0.548s] Level 5:colcon.colcon_core.verb:set package 'vegabot_description' build argument 'ament_cmake_args' from command line to 'None'
[0.548s] Level 5:colcon.colcon_core.verb:set package 'vegabot_description' build argument 'catkin_cmake_args' from command line to 'None'
[0.548s] Level 5:colcon.colcon_core.verb:set package 'vegabot_description' build argument 'catkin_skip_building_tests' from command line to 'False'
[0.548s] DEBUG:colcon.colcon_core.verb:Building package 'vegabot_description' with the following arguments: {'ament_cmake_args': None, 'build_base': '/home/spkmak/vegabot_ws/build/vegabot_description', 'cargo_args': None, 'catkin_cmake_args': None, 'catkin_skip_building_tests': False, 'clean_build': False, 'cmake_args': None, 'cmake_clean_cache': False, 'cmake_clean_first': False, 'cmake_force_configure': False, 'cmake_target': None, 'cmake_target_skip_unavailable': False, 'install_base': '/home/spkmak/vegabot_ws/install/vegabot_description', 'lookup_in_workspace': False, 'merge_install': False, 'path': '/home/spkmak/vegabot_ws/src/vegabot_description', 'symlink_install': False, 'test_result_base': None}
[0.549s] Level 5:colcon.colcon_core.verb:set package 'vegabot_localization' build argument 'cargo_args' from command line to 'None'
[0.549s] Level 5:colcon.colcon_core.verb:set package 'vegabot_localization' build argument 'clean_build' from command line to 'False'
[0.549s] Level 5:colcon.colcon_core.verb:set package 'vegabot_localization' build argument 'cmake_args' from command line to 'None'
[0.549s] Level 5:colcon.colcon_core.verb:set package 'vegabot_localization' build argument 'cmake_target' from command line to 'None'
[0.549s] Level 5:colcon.colcon_core.verb:set package 'vegabot_localization' build argument 'cmake_target_skip_unavailable' from command line to 'False'
[0.549s] Level 5:colcon.colcon_core.verb:set package 'vegabot_localization' build argument 'cmake_clean_cache' from command line to 'False'
[0.549s] Level 5:colcon.colcon_core.verb:set package 'vegabot_localization' build argument 'cmake_clean_first' from command line to 'False'
[0.549s] Level 5:colcon.colcon_core.verb:set package 'vegabot_localization' build argument 'cmake_force_configure' from command line to 'False'
[0.550s] Level 5:colcon.colcon_core.verb:set package 'vegabot_localization' build argument 'lookup_in_workspace' from command line to 'False'
[0.550s] Level 5:colcon.colcon_core.verb:set package 'vegabot_localization' build argument 'ament_cmake_args' from command line to 'None'
[0.550s] Level 5:colcon.colcon_core.verb:set package 'vegabot_localization' build argument 'catkin_cmake_args' from command line to 'None'
[0.550s] Level 5:colcon.colcon_core.verb:set package 'vegabot_localization' build argument 'catkin_skip_building_tests' from command line to 'False'
[0.550s] DEBUG:colcon.colcon_core.verb:Building package 'vegabot_localization' with the following arguments: {'ament_cmake_args': None, 'build_base': '/home/spkmak/vegabot_ws/build/vegabot_localization', 'cargo_args': None, 'catkin_cmake_args': None, 'catkin_skip_building_tests': False, 'clean_build': False, 'cmake_args': None, 'cmake_clean_cache': False, 'cmake_clean_first': False, 'cmake_force_configure': False, 'cmake_target': None, 'cmake_target_skip_unavailable': False, 'install_base': '/home/spkmak/vegabot_ws/install/vegabot_localization', 'lookup_in_workspace': False, 'merge_install': False, 'path': '/home/spkmak/vegabot_ws/src/vegabot_localization', 'symlink_install': False, 'test_result_base': None}
[0.550s] Level 5:colcon.colcon_core.verb:set package 'vegabot_mapping' build argument 'cargo_args' from command line to 'None'
[0.550s] Level 5:colcon.colcon_core.verb:set package 'vegabot_mapping' build argument 'clean_build' from command line to 'False'
[0.551s] Level 5:colcon.colcon_core.verb:set package 'vegabot_mapping' build argument 'cmake_args' from command line to 'None'
[0.551s] Level 5:colcon.colcon_core.verb:set package 'vegabot_mapping' build argument 'cmake_target' from command line to 'None'
[0.551s] Level 5:colcon.colcon_core.verb:set package 'vegabot_mapping' build argument 'cmake_target_skip_unavailable' from command line to 'False'
[0.551s] Level 5:colcon.colcon_core.verb:set package 'vegabot_mapping' build argument 'cmake_clean_cache' from command line to 'False'
[0.551s] Level 5:colcon.colcon_core.verb:set package 'vegabot_mapping' build argument 'cmake_clean_first' from command line to 'False'
[0.551s] Level 5:colcon.colcon_core.verb:set package 'vegabot_mapping' build argument 'cmake_force_configure' from command line to 'False'
[0.551s] Level 5:colcon.colcon_core.verb:set package 'vegabot_mapping' build argument 'lookup_in_workspace' from command line to 'False'
[0.551s] Level 5:colcon.colcon_core.verb:set package 'vegabot_mapping' build argument 'ament_cmake_args' from command line to 'None'
[0.551s] Level 5:colcon.colcon_core.verb:set package 'vegabot_mapping' build argument 'catkin_cmake_args' from command line to 'None'
[0.551s] Level 5:colcon.colcon_core.verb:set package 'vegabot_mapping' build argument 'catkin_skip_building_tests' from command line to 'False'
[0.551s] DEBUG:colcon.colcon_core.verb:Building package 'vegabot_mapping' with the following arguments: {'ament_cmake_args': None, 'build_base': '/home/spkmak/vegabot_ws/build/vegabot_mapping', 'cargo_args': None, 'catkin_cmake_args': None, 'catkin_skip_building_tests': False, 'clean_build': False, 'cmake_args': None, 'cmake_clean_cache': False, 'cmake_clean_first': False, 'cmake_force_configure': False, 'cmake_target': None, 'cmake_target_skip_unavailable': False, 'install_base': '/home/spkmak/vegabot_ws/install/vegabot_mapping', 'lookup_in_workspace': False, 'merge_install': False, 'path': '/home/spkmak/vegabot_ws/src/vegabot_mapping', 'symlink_install': False, 'test_result_base': None}
[0.552s] Level 5:colcon.colcon_core.verb:set package 'vegabot_navigation' build argument 'cargo_args' from command line to 'None'
[0.552s] Level 5:colcon.colcon_core.verb:set package 'vegabot_navigation' build argument 'clean_build' from command line to 'False'
[0.552s] Level 5:colcon.colcon_core.verb:set package 'vegabot_navigation' build argument 'cmake_args' from command line to 'None'
[0.552s] Level 5:colcon.colcon_core.verb:set package 'vegabot_navigation' build argument 'cmake_target' from command line to 'None'
[0.552s] Level 5:colcon.colcon_core.verb:set package 'vegabot_navigation' build argument 'cmake_target_skip_unavailable' from command line to 'False'
[0.552s] Level 5:colcon.colcon_core.verb:set package 'vegabot_navigation' build argument 'cmake_clean_cache' from command line to 'False'
[0.552s] Level 5:colcon.colcon_core.verb:set package 'vegabot_navigation' build argument 'cmake_clean_first' from command line to 'False'
[0.552s] Level 5:colcon.colcon_core.verb:set package 'vegabot_navigation' build argument 'cmake_force_configure' from command line to 'False'
[0.552s] Level 5:colcon.colcon_core.verb:set package 'vegabot_navigation' build argument 'lookup_in_workspace' from command line to 'False'
[0.552s] Level 5:colcon.colcon_core.verb:set package 'vegabot_navigation' build argument 'ament_cmake_args' from command line to 'None'
[0.552s] Level 5:colcon.colcon_core.verb:set package 'vegabot_navigation' build argument 'catkin_cmake_args' from command line to 'None'
[0.552s] Level 5:colcon.colcon_core.verb:set package 'vegabot_navigation' build argument 'catkin_skip_building_tests' from command line to 'False'
[0.552s] DEBUG:colcon.colcon_core.verb:Building package 'vegabot_navigation' with the following arguments: {'ament_cmake_args': None, 'build_base': '/home/spkmak/vegabot_ws/build/vegabot_navigation', 'cargo_args': None, 'catkin_cmake_args': None, 'catkin_skip_building_tests': False, 'clean_build': False, 'cmake_args': None, 'cmake_clean_cache': False, 'cmake_clean_first': False, 'cmake_force_configure': False, 'cmake_target': None, 'cmake_target_skip_unavailable': False, 'install_base': '/home/spkmak/vegabot_ws/install/vegabot_navigation', 'lookup_in_workspace': False, 'merge_install': False, 'path': '/home/spkmak/vegabot_ws/src/vegabot_navigation', 'symlink_install': False, 'test_result_base': None}
[0.552s] INFO:colcon.colcon_core.executor:Executing jobs using 'parallel' executor
[0.554s] DEBUG:colcon.colcon_parallel_executor.executor.parallel:run_until_complete
[0.555s] INFO:colcon.colcon_ros.task.ament_python.build:Building ROS package in '/home/spkmak/vegabot_ws/src/vegabot_scripts' with build type 'ament_python'
[0.556s] Level 1:colcon.colcon_core.shell:create_environment_hook('mechabot_scripts', 'ament_prefix_path')
[0.560s] INFO:colcon.colcon_core.plugin_system:Skipping extension 'colcon_core.shell.bat': Not used on non-Windows systems
[0.560s] INFO:colcon.colcon_core.shell:Creating environment hook '/home/spkmak/vegabot_ws/install/mechabot_scripts/share/mechabot_scripts/hook/ament_prefix_path.ps1'
[0.562s] INFO:colcon.colcon_core.shell:Creating environment descriptor '/home/spkmak/vegabot_ws/install/mechabot_scripts/share/mechabot_scripts/hook/ament_prefix_path.dsv'
[0.563s] INFO:colcon.colcon_core.shell:Creating environment hook '/home/spkmak/vegabot_ws/install/mechabot_scripts/share/mechabot_scripts/hook/ament_prefix_path.sh'
[0.564s] INFO:colcon.colcon_core.shell:Skip shell extension 'powershell' for command environment: Not usable outside of PowerShell
[0.564s] DEBUG:colcon.colcon_core.shell:Skip shell extension 'dsv' for command environment
[0.574s] INFO:colcon.colcon_ros.task.ament_cmake.build:Building ROS package in '/home/spkmak/vegabot_ws/src/vegabot_controller' with build type 'ament_cmake'
[0.575s] INFO:colcon.colcon_cmake.task.cmake.build:Building CMake package in '/home/spkmak/vegabot_ws/src/vegabot_controller'
[0.575s] INFO:colcon.colcon_core.shell:Skip shell extension 'powershell' for command environment: Not usable outside of PowerShell
[0.575s] DEBUG:colcon.colcon_core.shell:Skip shell extension 'dsv' for command environment
[0.584s] INFO:colcon.colcon_ros.task.ament_cmake.build:Building ROS package in '/home/spkmak/vegabot_ws/src/vegabot_description' with build type 'ament_cmake'
[0.585s] INFO:colcon.colcon_cmake.task.cmake.build:Building CMake package in '/home/spkmak/vegabot_ws/src/vegabot_description'
[0.585s] INFO:colcon.colcon_core.shell:Skip shell extension 'powershell' for command environment: Not usable outside of PowerShell
[0.586s] DEBUG:colcon.colcon_core.shell:Skip shell extension 'dsv' for command environment
[0.595s] INFO:colcon.colcon_ros.task.ament_cmake.build:Building ROS package in '/home/spkmak/vegabot_ws/src/vegabot_localization' with build type 'ament_cmake'
[0.595s] INFO:colcon.colcon_cmake.task.cmake.build:Building CMake package in '/home/spkmak/vegabot_ws/src/vegabot_localization'
[0.596s] INFO:colcon.colcon_core.shell:Skip shell extension 'powershell' for command environment: Not usable outside of PowerShell
[0.596s] DEBUG:colcon.colcon_core.shell:Skip shell extension 'dsv' for command environment
[0.604s] INFO:colcon.colcon_ros.task.ament_cmake.build:Building ROS package in '/home/spkmak/vegabot_ws/src/vegabot_mapping' with build type 'ament_cmake'
[0.604s] INFO:colcon.colcon_cmake.task.cmake.build:Building CMake package in '/home/spkmak/vegabot_ws/src/vegabot_mapping'
[0.605s] INFO:colcon.colcon_core.shell:Skip shell extension 'powershell' for command environment: Not usable outside of PowerShell
[0.605s] DEBUG:colcon.colcon_core.shell:Skip shell extension 'dsv' for command environment
[0.614s] INFO:colcon.colcon_ros.task.ament_cmake.build:Building ROS package in '/home/spkmak/vegabot_ws/src/vegabot_navigation' with build type 'ament_cmake'
[0.614s] INFO:colcon.colcon_cmake.task.cmake.build:Building CMake package in '/home/spkmak/vegabot_ws/src/vegabot_navigation'
[0.615s] INFO:colcon.colcon_core.shell:Skip shell extension 'powershell' for command environment: Not usable outside of PowerShell
[0.615s] DEBUG:colcon.colcon_core.shell:Skip shell extension 'dsv' for command environment
[1.080s] INFO:colcon.colcon_core.task.python.build:Building Python package in '/home/spkmak/vegabot_ws/src/vegabot_scripts'
[1.081s] INFO:colcon.colcon_core.shell:Skip shell extension 'powershell' for command environment: Not usable outside of PowerShell
[1.081s] DEBUG:colcon.colcon_core.shell:Skip shell extension 'dsv' for command environment
[1.098s] DEBUG:colcon.colcon_core.event_handler.log_command:Invoking command in '/home/spkmak/vegabot_ws/build/vegabot_controller': CMAKE_PREFIX_PATH=${CMAKE_PREFIX_PATH}:/home/spkmak/ros2_ws/install/so_arm_100_bringup:/opt/ros/humble /home/spkmak/.local/bin/cmake --build /home/spkmak/vegabot_ws/build/vegabot_controller -- -j6 -l6
[1.115s] DEBUG:colcon.colcon_core.event_handler.log_command:Invoking command in '/home/spkmak/vegabot_ws/build/vegabot_description': CMAKE_PREFIX_PATH=${CMAKE_PREFIX_PATH}:/home/spkmak/ros2_ws/install/so_arm_100_bringup:/opt/ros/humble /home/spkmak/.local/bin/cmake --build /home/spkmak/vegabot_ws/build/vegabot_description -- -j6 -l6
[1.122s] DEBUG:colcon.colcon_core.event_handler.log_command:Invoking command in '/home/spkmak/vegabot_ws/build/vegabot_localization': CMAKE_PREFIX_PATH=${CMAKE_PREFIX_PATH}:/home/spkmak/ros2_ws/install/so_arm_100_bringup:/opt/ros/humble /home/spkmak/.local/bin/cmake --build /home/spkmak/vegabot_ws/build/vegabot_localization -- -j6 -l6
[1.128s] DEBUG:colcon.colcon_core.event_handler.log_command:Invoking command in '/home/spkmak/vegabot_ws/build/vegabot_mapping': CMAKE_PREFIX_PATH=${CMAKE_PREFIX_PATH}:/home/spkmak/ros2_ws/install/so_arm_100_bringup:/opt/ros/humble /home/spkmak/.local/bin/cmake --build /home/spkmak/vegabot_ws/build/vegabot_mapping -- -j6 -l6
[1.140s] DEBUG:colcon.colcon_core.event_handler.log_command:Invoking command in '/home/spkmak/vegabot_ws/build/vegabot_navigation': CMAKE_PREFIX_PATH=${CMAKE_PREFIX_PATH}:/home/spkmak/ros2_ws/install/so_arm_100_bringup:/opt/ros/humble /home/spkmak/.local/bin/cmake --build /home/spkmak/vegabot_ws/build/vegabot_navigation -- -j6 -l6
[1.328s] DEBUG:colcon.colcon_core.event_handler.log_command:Invoked command in '/home/spkmak/vegabot_ws/build/vegabot_controller' returned '0': CMAKE_PREFIX_PATH=${CMAKE_PREFIX_PATH}:/home/spkmak/ros2_ws/install/so_arm_100_bringup:/opt/ros/humble /home/spkmak/.local/bin/cmake --build /home/spkmak/vegabot_ws/build/vegabot_controller -- -j6 -l6
[1.487s] DEBUG:colcon.colcon_core.event_handler.log_command:Invoking command in '/home/spkmak/vegabot_ws/build/vegabot_controller': CMAKE_PREFIX_PATH=${CMAKE_PREFIX_PATH}:/home/spkmak/ros2_ws/install/so_arm_100_bringup:/opt/ros/humble /home/spkmak/.local/bin/cmake --install /home/spkmak/vegabot_ws/build/vegabot_controller
[1.493s] DEBUG:colcon.colcon_core.event_handler.log_command:Invoked command in '/home/spkmak/vegabot_ws/build/vegabot_localization' returned '0': CMAKE_PREFIX_PATH=${CMAKE_PREFIX_PATH}:/home/spkmak/ros2_ws/install/so_arm_100_bringup:/opt/ros/humble /home/spkmak/.local/bin/cmake --build /home/spkmak/vegabot_ws/build/vegabot_localization -- -j6 -l6
[1.493s] DEBUG:colcon.colcon_core.event_handler.log_command:Invoking command in '/home/spkmak/vegabot_ws/build/vegabot_localization': CMAKE_PREFIX_PATH=${CMAKE_PREFIX_PATH}:/home/spkmak/ros2_ws/install/so_arm_100_bringup:/opt/ros/humble /home/spkmak/.local/bin/cmake --install /home/spkmak/vegabot_ws/build/vegabot_localization
[1.497s] DEBUG:colcon.colcon_core.event_handler.log_command:Invoked command in '/home/spkmak/vegabot_ws/build/vegabot_description' returned '0': CMAKE_PREFIX_PATH=${CMAKE_PREFIX_PATH}:/home/spkmak/ros2_ws/install/so_arm_100_bringup:/opt/ros/humble /home/spkmak/.local/bin/cmake --build /home/spkmak/vegabot_ws/build/vegabot_description -- -j6 -l6
[1.498s] DEBUG:colcon.colcon_core.event_handler.log_command:Invoking command in '/home/spkmak/vegabot_ws/build/vegabot_description': CMAKE_PREFIX_PATH=${CMAKE_PREFIX_PATH}:/home/spkmak/ros2_ws/install/so_arm_100_bringup:/opt/ros/humble /home/spkmak/.local/bin/cmake --install /home/spkmak/vegabot_ws/build/vegabot_description
[1.519s] DEBUG:colcon.colcon_core.event_handler.log_command:Invoked command in '/home/spkmak/vegabot_ws/build/vegabot_mapping' returned '0': CMAKE_PREFIX_PATH=${CMAKE_PREFIX_PATH}:/home/spkmak/ros2_ws/install/so_arm_100_bringup:/opt/ros/humble /home/spkmak/.local/bin/cmake --build /home/spkmak/vegabot_ws/build/vegabot_mapping -- -j6 -l6
[1.520s] DEBUG:colcon.colcon_core.event_handler.log_command:Invoking command in '/home/spkmak/vegabot_ws/build/vegabot_mapping': CMAKE_PREFIX_PATH=${CMAKE_PREFIX_PATH}:/home/spkmak/ros2_ws/install/so_arm_100_bringup:/opt/ros/humble /home/spkmak/.local/bin/cmake --install /home/spkmak/vegabot_ws/build/vegabot_mapping
[1.751s] Level 1:colcon.colcon_core.environment:create_environment_scripts_only(vegabot_controller)
[1.767s] Level 1:colcon.colcon_core.environment:checking '/home/spkmak/vegabot_ws/install/vegabot_controller' for CMake module files
[1.768s] Level 1:colcon.colcon_core.environment:checking '/home/spkmak/vegabot_ws/install/vegabot_controller' for CMake config files
[1.768s] Level 1:colcon.colcon_core.shell:create_environment_hook('vegabot_controller', 'cmake_prefix_path')
[1.769s] INFO:colcon.colcon_core.shell:Creating environment hook '/home/spkmak/vegabot_ws/install/vegabot_controller/share/vegabot_controller/hook/cmake_prefix_path.ps1'
[1.770s] INFO:colcon.colcon_core.shell:Creating environment descriptor '/home/spkmak/vegabot_ws/install/vegabot_controller/share/vegabot_controller/hook/cmake_prefix_path.dsv'
[1.771s] INFO:colcon.colcon_core.shell:Creating environment hook '/home/spkmak/vegabot_ws/install/vegabot_controller/share/vegabot_controller/hook/cmake_prefix_path.sh'
[1.778s] Level 1:colcon.colcon_core.environment:checking '/home/spkmak/vegabot_ws/install/vegabot_controller/bin'
[1.778s] Level 1:colcon.colcon_core.environment:checking '/home/spkmak/vegabot_ws/install/vegabot_controller/lib/pkgconfig/vegabot_controller.pc'
[1.779s] Level 1:colcon.colcon_core.environment:checking '/home/spkmak/vegabot_ws/install/vegabot_controller/lib/python3.10/site-packages'
[1.779s] Level 1:colcon.colcon_core.environment:checking '/home/spkmak/vegabot_ws/install/vegabot_controller/bin'
[1.780s] INFO:colcon.colcon_core.shell:Creating package script '/home/spkmak/vegabot_ws/install/vegabot_controller/share/vegabot_controller/package.ps1'
[1.784s] INFO:colcon.colcon_core.shell:Creating package descriptor '/home/spkmak/vegabot_ws/install/vegabot_controller/share/vegabot_controller/package.dsv'
[1.786s] INFO:colcon.colcon_core.shell:Creating package script '/home/spkmak/vegabot_ws/install/vegabot_controller/share/vegabot_controller/package.sh'
[1.788s] INFO:colcon.colcon_core.shell:Creating package script '/home/spkmak/vegabot_ws/install/vegabot_controller/share/vegabot_controller/package.bash'
[1.791s] INFO:colcon.colcon_core.shell:Creating package script '/home/spkmak/vegabot_ws/install/vegabot_controller/share/vegabot_controller/package.zsh'
[1.794s] Level 1:colcon.colcon_core.environment:create_file_with_runtime_dependencies(/home/spkmak/vegabot_ws/install/vegabot_controller/share/colcon-core/packages/vegabot_controller)
[1.797s] Level 1:colcon.colcon_core.environment:create_environment_scripts_only(vegabot_controller)
[1.797s] Level 1:colcon.colcon_core.environment:checking '/home/spkmak/vegabot_ws/install/vegabot_controller' for CMake module files
[1.800s] Level 1:colcon.colcon_core.environment:checking '/home/spkmak/vegabot_ws/install/vegabot_controller' for CMake config files
[1.802s] Level 1:colcon.colcon_core.shell:create_environment_hook('vegabot_controller', 'cmake_prefix_path')
[1.803s] INFO:colcon.colcon_core.shell:Creating environment hook '/home/spkmak/vegabot_ws/install/vegabot_controller/share/vegabot_controller/hook/cmake_prefix_path.ps1'
[1.805s] INFO:colcon.colcon_core.shell:Creating environment descriptor '/home/spkmak/vegabot_ws/install/vegabot_controller/share/vegabot_controller/hook/cmake_prefix_path.dsv'
[1.806s] INFO:colcon.colcon_core.shell:Creating environment hook '/home/spkmak/vegabot_ws/install/vegabot_controller/share/vegabot_controller/hook/cmake_prefix_path.sh'
[1.808s] Level 1:colcon.colcon_core.environment:checking '/home/spkmak/vegabot_ws/install/vegabot_controller/bin'
[1.809s] Level 1:colcon.colcon_core.environment:checking '/home/spkmak/vegabot_ws/install/vegabot_controller/lib/pkgconfig/vegabot_controller.pc'
[1.809s] Level 1:colcon.colcon_core.environment:checking '/home/spkmak/vegabot_ws/install/vegabot_controller/lib/python3.10/site-packages'
[1.810s] Level 1:colcon.colcon_core.environment:checking '/home/spkmak/vegabot_ws/install/vegabot_controller/bin'
[1.811s] INFO:colcon.colcon_core.shell:Creating package script '/home/spkmak/vegabot_ws/install/vegabot_controller/share/vegabot_controller/package.ps1'
[1.813s] INFO:colcon.colcon_core.shell:Creating package descriptor '/home/spkmak/vegabot_ws/install/vegabot_controller/share/vegabot_controller/package.dsv'
[1.815s] INFO:colcon.colcon_core.shell:Creating package script '/home/spkmak/vegabot_ws/install/vegabot_controller/share/vegabot_controller/package.sh'
[1.817s] INFO:colcon.colcon_core.shell:Creating package script '/home/spkmak/vegabot_ws/install/vegabot_controller/share/vegabot_controller/package.bash'
[1.818s] INFO:colcon.colcon_core.shell:Creating package script '/home/spkmak/vegabot_ws/install/vegabot_controller/share/vegabot_controller/package.zsh'
[1.820s] Level 1:colcon.colcon_core.environment:create_file_with_runtime_dependencies(/home/spkmak/vegabot_ws/install/vegabot_controller/share/colcon-core/packages/vegabot_controller)
[1.826s] Level 1:colcon.colcon_core.environment:create_environment_scripts_only(vegabot_description)
[1.829s] Level 1:colcon.colcon_core.environment:checking '/home/spkmak/vegabot_ws/install/vegabot_description' for CMake module files
[1.837s] Level 1:colcon.colcon_core.environment:checking '/home/spkmak/vegabot_ws/install/vegabot_description' for CMake config files
[1.896s] DEBUG:colcon.colcon_core.event_handler.log_command:Invoked command in '/home/spkmak/vegabot_ws/build/vegabot_controller' returned '0': CMAKE_PREFIX_PATH=${CMAKE_PREFIX_PATH}:/home/spkmak/ros2_ws/install/so_arm_100_bringup:/opt/ros/humble /home/spkmak/.local/bin/cmake --install /home/spkmak/vegabot_ws/build/vegabot_controller
[1.908s] Level 1:colcon.colcon_core.shell:create_environment_hook('vegabot_description', 'cmake_prefix_path')
[1.909s] INFO:colcon.colcon_core.shell:Creating environment hook '/home/spkmak/vegabot_ws/install/vegabot_description/share/vegabot_description/hook/cmake_prefix_path.ps1'
[1.912s] INFO:colcon.colcon_core.shell:Creating environment descriptor '/home/spkmak/vegabot_ws/install/vegabot_description/share/vegabot_description/hook/cmake_prefix_path.dsv'
[1.913s] INFO:colcon.colcon_core.shell:Creating environment hook '/home/spkmak/vegabot_ws/install/vegabot_description/share/vegabot_description/hook/cmake_prefix_path.sh'
[1.916s] Level 1:colcon.colcon_core.environment:checking '/home/spkmak/vegabot_ws/install/vegabot_description/bin'
[1.916s] Level 1:colcon.colcon_core.environment:checking '/home/spkmak/vegabot_ws/install/vegabot_description/lib/pkgconfig/vegabot_description.pc'
[1.916s] Level 1:colcon.colcon_core.environment:checking '/home/spkmak/vegabot_ws/install/vegabot_description/lib/python3.10/site-packages'
[1.917s] Level 1:colcon.colcon_core.environment:checking '/home/spkmak/vegabot_ws/install/vegabot_description/bin'
[1.918s] INFO:colcon.colcon_core.shell:Creating package script '/home/spkmak/vegabot_ws/install/vegabot_description/share/vegabot_description/package.ps1'
[1.920s] INFO:colcon.colcon_core.shell:Creating package descriptor '/home/spkmak/vegabot_ws/install/vegabot_description/share/vegabot_description/package.dsv'
[1.922s] INFO:colcon.colcon_core.shell:Creating package script '/home/spkmak/vegabot_ws/install/vegabot_description/share/vegabot_description/package.sh'
[1.925s] INFO:colcon.colcon_core.shell:Creating package script '/home/spkmak/vegabot_ws/install/vegabot_description/share/vegabot_description/package.bash'
[1.927s] INFO:colcon.colcon_core.shell:Creating package script '/home/spkmak/vegabot_ws/install/vegabot_description/share/vegabot_description/package.zsh'
[1.928s] Level 1:colcon.colcon_core.environment:create_file_with_runtime_dependencies(/home/spkmak/vegabot_ws/install/vegabot_description/share/colcon-core/packages/vegabot_description)
[1.931s] Level 1:colcon.colcon_core.environment:create_environment_scripts_only(vegabot_description)
[1.932s] Level 1:colcon.colcon_core.environment:checking '/home/spkmak/vegabot_ws/install/vegabot_description' for CMake module files
[1.934s] Level 1:colcon.colcon_core.environment:checking '/home/spkmak/vegabot_ws/install/vegabot_description' for CMake config files
[1.938s] DEBUG:colcon.colcon_core.event_handler.log_command:Invoked command in '/home/spkmak/vegabot_ws/build/vegabot_description' returned '0': CMAKE_PREFIX_PATH=${CMAKE_PREFIX_PATH}:/home/spkmak/ros2_ws/install/so_arm_100_bringup:/opt/ros/humble /home/spkmak/.local/bin/cmake --install /home/spkmak/vegabot_ws/build/vegabot_description
[1.949s] Level 1:colcon.colcon_core.shell:create_environment_hook('vegabot_description', 'cmake_prefix_path')
[1.949s] INFO:colcon.colcon_core.shell:Creating environment hook '/home/spkmak/vegabot_ws/install/vegabot_description/share/vegabot_description/hook/cmake_prefix_path.ps1'
[1.951s] INFO:colcon.colcon_core.shell:Creating environment descriptor '/home/spkmak/vegabot_ws/install/vegabot_description/share/vegabot_description/hook/cmake_prefix_path.dsv'
[1.951s] INFO:colcon.colcon_core.shell:Creating environment hook '/home/spkmak/vegabot_ws/install/vegabot_description/share/vegabot_description/hook/cmake_prefix_path.sh'
[1.952s] Level 1:colcon.colcon_core.environment:checking '/home/spkmak/vegabot_ws/install/vegabot_description/bin'
[1.952s] Level 1:colcon.colcon_core.environment:checking '/home/spkmak/vegabot_ws/install/vegabot_description/lib/pkgconfig/vegabot_description.pc'
[1.953s] Level 1:colcon.colcon_core.environment:checking '/home/spkmak/vegabot_ws/install/vegabot_description/lib/python3.10/site-packages'
[1.953s] Level 1:colcon.colcon_core.environment:checking '/home/spkmak/vegabot_ws/install/vegabot_description/bin'
[1.954s] INFO:colcon.colcon_core.shell:Creating package script '/home/spkmak/vegabot_ws/install/vegabot_description/share/vegabot_description/package.ps1'
[1.955s] INFO:colcon.colcon_core.shell:Creating package descriptor '/home/spkmak/vegabot_ws/install/vegabot_description/share/vegabot_description/package.dsv'
[1.956s] INFO:colcon.colcon_core.shell:Creating package script '/home/spkmak/vegabot_ws/install/vegabot_description/share/vegabot_description/package.sh'
[1.957s] INFO:colcon.colcon_core.shell:Creating package script '/home/spkmak/vegabot_ws/install/vegabot_description/share/vegabot_description/package.bash'
[1.959s] INFO:colcon.colcon_core.shell:Creating package script '/home/spkmak/vegabot_ws/install/vegabot_description/share/vegabot_description/package.zsh'
[1.960s] Level 1:colcon.colcon_core.environment:create_file_with_runtime_dependencies(/home/spkmak/vegabot_ws/install/vegabot_description/share/colcon-core/packages/vegabot_description)
[1.961s] Level 1:colcon.colcon_core.environment:create_environment_scripts_only(vegabot_mapping)
[1.962s] Level 1:colcon.colcon_core.environment:checking '/home/spkmak/vegabot_ws/install/vegabot_mapping' for CMake module files
[1.964s] DEBUG:colcon.colcon_core.event_handler.log_command:Invoked command in '/home/spkmak/vegabot_ws/build/vegabot_mapping' returned '0': CMAKE_PREFIX_PATH=${CMAKE_PREFIX_PATH}:/home/spkmak/ros2_ws/install/so_arm_100_bringup:/opt/ros/humble /home/spkmak/.local/bin/cmake --install /home/spkmak/vegabot_ws/build/vegabot_mapping
[1.964s] Level 1:colcon.colcon_core.environment:checking '/home/spkmak/vegabot_ws/install/vegabot_mapping' for CMake config files
[1.965s] Level 1:colcon.colcon_core.shell:create_environment_hook('vegabot_mapping', 'cmake_prefix_path')
[1.965s] INFO:colcon.colcon_core.shell:Creating environment hook '/home/spkmak/vegabot_ws/install/vegabot_mapping/share/vegabot_mapping/hook/cmake_prefix_path.ps1'
[1.966s] INFO:colcon.colcon_core.shell:Creating environment descriptor '/home/spkmak/vegabot_ws/install/vegabot_mapping/share/vegabot_mapping/hook/cmake_prefix_path.dsv'
[1.967s] INFO:colcon.colcon_core.shell:Creating environment hook '/home/spkmak/vegabot_ws/install/vegabot_mapping/share/vegabot_mapping/hook/cmake_prefix_path.sh'
[1.968s] Level 1:colcon.colcon_core.environment:checking '/home/spkmak/vegabot_ws/install/vegabot_mapping/bin'
[1.968s] Level 1:colcon.colcon_core.environment:checking '/home/spkmak/vegabot_ws/install/vegabot_mapping/lib/pkgconfig/vegabot_mapping.pc'
[1.969s] Level 1:colcon.colcon_core.environment:checking '/home/spkmak/vegabot_ws/install/vegabot_mapping/lib/python3.10/site-packages'
[1.969s] Level 1:colcon.colcon_core.environment:checking '/home/spkmak/vegabot_ws/install/vegabot_mapping/bin'
[1.970s] INFO:colcon.colcon_core.shell:Creating package script '/home/spkmak/vegabot_ws/install/vegabot_mapping/share/vegabot_mapping/package.ps1'
[1.971s] INFO:colcon.colcon_core.shell:Creating package descriptor '/home/spkmak/vegabot_ws/install/vegabot_mapping/share/vegabot_mapping/package.dsv'
[1.972s] INFO:colcon.colcon_core.shell:Creating package script '/home/spkmak/vegabot_ws/install/vegabot_mapping/share/vegabot_mapping/package.sh'
[1.973s] INFO:colcon.colcon_core.shell:Creating package script '/home/spkmak/vegabot_ws/install/vegabot_mapping/share/vegabot_mapping/package.bash'
[1.974s] INFO:colcon.colcon_core.shell:Creating package script '/home/spkmak/vegabot_ws/install/vegabot_mapping/share/vegabot_mapping/package.zsh'
[1.975s] Level 1:colcon.colcon_core.environment:create_file_with_runtime_dependencies(/home/spkmak/vegabot_ws/install/vegabot_mapping/share/colcon-core/packages/vegabot_mapping)
[1.976s] Level 1:colcon.colcon_core.environment:create_environment_scripts_only(vegabot_mapping)
[1.977s] Level 1:colcon.colcon_core.environment:checking '/home/spkmak/vegabot_ws/install/vegabot_mapping' for CMake module files
[1.978s] Level 1:colcon.colcon_core.environment:checking '/home/spkmak/vegabot_ws/install/vegabot_mapping' for CMake config files
[1.978s] Level 1:colcon.colcon_core.shell:create_environment_hook('vegabot_mapping', 'cmake_prefix_path')
[1.979s] INFO:colcon.colcon_core.shell:Creating environment hook '/home/spkmak/vegabot_ws/install/vegabot_mapping/share/vegabot_mapping/hook/cmake_prefix_path.ps1'
[1.980s] INFO:colcon.colcon_core.shell:Creating environment descriptor '/home/spkmak/vegabot_ws/install/vegabot_mapping/share/vegabot_mapping/hook/cmake_prefix_path.dsv'
[1.980s] INFO:colcon.colcon_core.shell:Creating environment hook '/home/spkmak/vegabot_ws/install/vegabot_mapping/share/vegabot_mapping/hook/cmake_prefix_path.sh'
[1.982s] Level 1:colcon.colcon_core.environment:checking '/home/spkmak/vegabot_ws/install/vegabot_mapping/bin'
[1.982s] Level 1:colcon.colcon_core.environment:checking '/home/spkmak/vegabot_ws/install/vegabot_mapping/lib/pkgconfig/vegabot_mapping.pc'
[1.982s] Level 1:colcon.colcon_core.environment:checking '/home/spkmak/vegabot_ws/install/vegabot_mapping/lib/python3.10/site-packages'
[1.983s] Level 1:colcon.colcon_core.environment:checking '/home/spkmak/vegabot_ws/install/vegabot_mapping/bin'
[1.984s] INFO:colcon.colcon_core.shell:Creating package script '/home/spkmak/vegabot_ws/install/vegabot_mapping/share/vegabot_mapping/package.ps1'
[1.986s] INFO:colcon.colcon_core.shell:Creating package descriptor '/home/spkmak/vegabot_ws/install/vegabot_mapping/share/vegabot_mapping/package.dsv'
[1.987s] INFO:colcon.colcon_core.shell:Creating package script '/home/spkmak/vegabot_ws/install/vegabot_mapping/share/vegabot_mapping/package.sh'
[1.987s] INFO:colcon.colcon_core.shell:Creating package script '/home/spkmak/vegabot_ws/install/vegabot_mapping/share/vegabot_mapping/package.bash'
[1.988s] INFO:colcon.colcon_core.shell:Creating package script '/home/spkmak/vegabot_ws/install/vegabot_mapping/share/vegabot_mapping/package.zsh'
[1.989s] Level 1:colcon.colcon_core.environment:create_file_with_runtime_dependencies(/home/spkmak/vegabot_ws/install/vegabot_mapping/share/colcon-core/packages/vegabot_mapping)
[1.990s] Level 1:colcon.colcon_core.environment:create_environment_scripts_only(vegabot_localization)
[1.992s] Level 1:colcon.colcon_core.environment:checking '/home/spkmak/vegabot_ws/install/vegabot_localization' for CMake module files
[1.993s] Level 1:colcon.colcon_core.environment:checking '/home/spkmak/vegabot_ws/install/vegabot_localization' for CMake config files
[1.993s] Level 1:colcon.colcon_core.shell:create_environment_hook('vegabot_localization', 'cmake_prefix_path')
[1.994s] INFO:colcon.colcon_core.shell:Creating environment hook '/home/spkmak/vegabot_ws/install/vegabot_localization/share/vegabot_localization/hook/cmake_prefix_path.ps1'
[1.995s] DEBUG:colcon.colcon_core.event_handler.log_command:Invoked command in '/home/spkmak/vegabot_ws/build/vegabot_localization' returned '0': CMAKE_PREFIX_PATH=${CMAKE_PREFIX_PATH}:/home/spkmak/ros2_ws/install/so_arm_100_bringup:/opt/ros/humble /home/spkmak/.local/bin/cmake --install /home/spkmak/vegabot_ws/build/vegabot_localization
[1.995s] INFO:colcon.colcon_core.shell:Creating environment descriptor '/home/spkmak/vegabot_ws/install/vegabot_localization/share/vegabot_localization/hook/cmake_prefix_path.dsv'
[1.996s] INFO:colcon.colcon_core.shell:Creating environment hook '/home/spkmak/vegabot_ws/install/vegabot_localization/share/vegabot_localization/hook/cmake_prefix_path.sh'
[1.997s] Level 1:colcon.colcon_core.environment:checking '/home/spkmak/vegabot_ws/install/vegabot_localization/bin'
[1.997s] Level 1:colcon.colcon_core.environment:checking '/home/spkmak/vegabot_ws/install/vegabot_localization/lib/pkgconfig/vegabot_localization.pc'
[1.998s] Level 1:colcon.colcon_core.environment:checking '/home/spkmak/vegabot_ws/install/vegabot_localization/lib/python3.10/site-packages'
[1.999s] Level 1:colcon.colcon_core.environment:checking '/home/spkmak/vegabot_ws/install/vegabot_localization/bin'
[1.999s] INFO:colcon.colcon_core.shell:Creating package script '/home/spkmak/vegabot_ws/install/vegabot_localization/share/vegabot_localization/package.ps1'
[2.000s] INFO:colcon.colcon_core.shell:Creating package descriptor '/home/spkmak/vegabot_ws/install/vegabot_localization/share/vegabot_localization/package.dsv'
[2.001s] INFO:colcon.colcon_core.shell:Creating package script '/home/spkmak/vegabot_ws/install/vegabot_localization/share/vegabot_localization/package.sh'
[2.002s] INFO:colcon.colcon_core.shell:Creating package script '/home/spkmak/vegabot_ws/install/vegabot_localization/share/vegabot_localization/package.bash'
[2.003s] INFO:colcon.colcon_core.shell:Creating package script '/home/spkmak/vegabot_ws/install/vegabot_localization/share/vegabot_localization/package.zsh'
[2.003s] Level 1:colcon.colcon_core.environment:create_file_with_runtime_dependencies(/home/spkmak/vegabot_ws/install/vegabot_localization/share/colcon-core/packages/vegabot_localization)
[2.005s] Level 1:colcon.colcon_core.environment:create_environment_scripts_only(vegabot_localization)
[2.006s] Level 1:colcon.colcon_core.environment:checking '/home/spkmak/vegabot_ws/install/vegabot_localization' for CMake module files
[2.007s] Level 1:colcon.colcon_core.environment:checking '/home/spkmak/vegabot_ws/install/vegabot_localization' for CMake config files
[2.007s] Level 1:colcon.colcon_core.shell:create_environment_hook('vegabot_localization', 'cmake_prefix_path')
[2.008s] INFO:colcon.colcon_core.shell:Creating environment hook '/home/spkmak/vegabot_ws/install/vegabot_localization/share/vegabot_localization/hook/cmake_prefix_path.ps1'
[2.009s] INFO:colcon.colcon_core.shell:Creating environment descriptor '/home/spkmak/vegabot_ws/install/vegabot_localization/share/vegabot_localization/hook/cmake_prefix_path.dsv'
[2.010s] INFO:colcon.colcon_core.shell:Creating environment hook '/home/spkmak/vegabot_ws/install/vegabot_localization/share/vegabot_localization/hook/cmake_prefix_path.sh'
[2.011s] Level 1:colcon.colcon_core.environment:checking '/home/spkmak/vegabot_ws/install/vegabot_localization/bin'
[2.011s] Level 1:colcon.colcon_core.environment:checking '/home/spkmak/vegabot_ws/install/vegabot_localization/lib/pkgconfig/vegabot_localization.pc'
[2.011s] Level 1:colcon.colcon_core.environment:checking '/home/spkmak/vegabot_ws/install/vegabot_localization/lib/python3.10/site-packages'
[2.012s] Level 1:colcon.colcon_core.environment:checking '/home/spkmak/vegabot_ws/install/vegabot_localization/bin'
[2.013s] INFO:colcon.colcon_core.shell:Creating package script '/home/spkmak/vegabot_ws/install/vegabot_localization/share/vegabot_localization/package.ps1'
[2.014s] INFO:colcon.colcon_core.shell:Creating package descriptor '/home/spkmak/vegabot_ws/install/vegabot_localization/share/vegabot_localization/package.dsv'
[2.015s] INFO:colcon.colcon_core.shell:Creating package script '/home/spkmak/vegabot_ws/install/vegabot_localization/share/vegabot_localization/package.sh'
[2.016s] INFO:colcon.colcon_core.shell:Creating package script '/home/spkmak/vegabot_ws/install/vegabot_localization/share/vegabot_localization/package.bash'
[2.016s] INFO:colcon.colcon_core.shell:Creating package script '/home/spkmak/vegabot_ws/install/vegabot_localization/share/vegabot_localization/package.zsh'
[2.017s] Level 1:colcon.colcon_core.environment:create_file_with_runtime_dependencies(/home/spkmak/vegabot_ws/install/vegabot_localization/share/colcon-core/packages/vegabot_localization)
[2.135s] DEBUG:colcon.colcon_core.event_handler.log_command:Invoked command in '/home/spkmak/vegabot_ws/build/vegabot_navigation' returned '0': CMAKE_PREFIX_PATH=${CMAKE_PREFIX_PATH}:/home/spkmak/ros2_ws/install/so_arm_100_bringup:/opt/ros/humble /home/spkmak/.local/bin/cmake --build /home/spkmak/vegabot_ws/build/vegabot_navigation -- -j6 -l6
[2.137s] DEBUG:colcon.colcon_core.event_handler.log_command:Invoking command in '/home/spkmak/vegabot_ws/build/vegabot_navigation': CMAKE_PREFIX_PATH=${CMAKE_PREFIX_PATH}:/home/spkmak/ros2_ws/install/so_arm_100_bringup:/opt/ros/humble /home/spkmak/.local/bin/cmake --install /home/spkmak/vegabot_ws/build/vegabot_navigation
[2.384s] Level 1:colcon.colcon_core.environment:create_environment_scripts_only(vegabot_navigation)
[2.385s] Level 1:colcon.colcon_core.environment:checking '/home/spkmak/vegabot_ws/install/vegabot_navigation' for CMake module files
[2.386s] DEBUG:colcon.colcon_core.event_handler.log_command:Invoked command in '/home/spkmak/vegabot_ws/build/vegabot_navigation' returned '0': CMAKE_PREFIX_PATH=${CMAKE_PREFIX_PATH}:/home/spkmak/ros2_ws/install/so_arm_100_bringup:/opt/ros/humble /home/spkmak/.local/bin/cmake --install /home/spkmak/vegabot_ws/build/vegabot_navigation
[2.387s] Level 1:colcon.colcon_core.environment:checking '/home/spkmak/vegabot_ws/install/vegabot_navigation' for CMake config files
[2.388s] Level 1:colcon.colcon_core.shell:create_environment_hook('vegabot_navigation', 'cmake_prefix_path')
[2.388s] INFO:colcon.colcon_core.shell:Creating environment hook '/home/spkmak/vegabot_ws/install/vegabot_navigation/share/vegabot_navigation/hook/cmake_prefix_path.ps1'
[2.390s] INFO:colcon.colcon_core.shell:Creating environment descriptor '/home/spkmak/vegabot_ws/install/vegabot_navigation/share/vegabot_navigation/hook/cmake_prefix_path.dsv'
[2.391s] INFO:colcon.colcon_core.shell:Creating environment hook '/home/spkmak/vegabot_ws/install/vegabot_navigation/share/vegabot_navigation/hook/cmake_prefix_path.sh'
[2.392s] Level 1:colcon.colcon_core.environment:checking '/home/spkmak/vegabot_ws/install/vegabot_navigation/lib'
[2.393s] Level 1:colcon.colcon_core.environment:checking '/home/spkmak/vegabot_ws/install/vegabot_navigation/bin'
[2.393s] Level 1:colcon.colcon_core.environment:checking '/home/spkmak/vegabot_ws/install/vegabot_navigation/lib/pkgconfig/vegabot_navigation.pc'
[2.394s] Level 1:colcon.colcon_core.environment:checking '/home/spkmak/vegabot_ws/install/vegabot_navigation/lib/python3.10/site-packages'
[2.394s] Level 1:colcon.colcon_core.environment:checking '/home/spkmak/vegabot_ws/install/vegabot_navigation/bin'
[2.395s] INFO:colcon.colcon_core.shell:Creating package script '/home/spkmak/vegabot_ws/install/vegabot_navigation/share/vegabot_navigation/package.ps1'
[2.397s] INFO:colcon.colcon_core.shell:Creating package descriptor '/home/spkmak/vegabot_ws/install/vegabot_navigation/share/vegabot_navigation/package.dsv'
[2.397s] INFO:colcon.colcon_core.shell:Creating package script '/home/spkmak/vegabot_ws/install/vegabot_navigation/share/vegabot_navigation/package.sh'
[2.398s] INFO:colcon.colcon_core.shell:Creating package script '/home/spkmak/vegabot_ws/install/vegabot_navigation/share/vegabot_navigation/package.bash'
[2.399s] INFO:colcon.colcon_core.shell:Creating package script '/home/spkmak/vegabot_ws/install/vegabot_navigation/share/vegabot_navigation/package.zsh'
[2.399s] Level 1:colcon.colcon_core.environment:create_file_with_runtime_dependencies(/home/spkmak/vegabot_ws/install/vegabot_navigation/share/colcon-core/packages/vegabot_navigation)
[2.401s] Level 1:colcon.colcon_core.environment:create_environment_scripts_only(vegabot_navigation)
[2.401s] Level 1:colcon.colcon_core.environment:checking '/home/spkmak/vegabot_ws/install/vegabot_navigation' for CMake module files
[2.402s] Level 1:colcon.colcon_core.environment:checking '/home/spkmak/vegabot_ws/install/vegabot_navigation' for CMake config files
[2.403s] Level 1:colcon.colcon_core.shell:create_environment_hook('vegabot_navigation', 'cmake_prefix_path')
[2.403s] INFO:colcon.colcon_core.shell:Creating environment hook '/home/spkmak/vegabot_ws/install/vegabot_navigation/share/vegabot_navigation/hook/cmake_prefix_path.ps1'
[2.404s] INFO:colcon.colcon_core.shell:Creating environment descriptor '/home/spkmak/vegabot_ws/install/vegabot_navigation/share/vegabot_navigation/hook/cmake_prefix_path.dsv'
[2.405s] INFO:colcon.colcon_core.shell:Creating environment hook '/home/spkmak/vegabot_ws/install/vegabot_navigation/share/vegabot_navigation/hook/cmake_prefix_path.sh'
[2.406s] Level 1:colcon.colcon_core.environment:checking '/home/spkmak/vegabot_ws/install/vegabot_navigation/lib'
[2.406s] Level 1:colcon.colcon_core.environment:checking '/home/spkmak/vegabot_ws/install/vegabot_navigation/bin'
[2.406s] Level 1:colcon.colcon_core.environment:checking '/home/spkmak/vegabot_ws/install/vegabot_navigation/lib/pkgconfig/vegabot_navigation.pc'
[2.407s] Level 1:colcon.colcon_core.environment:checking '/home/spkmak/vegabot_ws/install/vegabot_navigation/lib/python3.10/site-packages'
[2.407s] Level 1:colcon.colcon_core.environment:checking '/home/spkmak/vegabot_ws/install/vegabot_navigation/bin'
[2.408s] INFO:colcon.colcon_core.shell:Creating package script '/home/spkmak/vegabot_ws/install/vegabot_navigation/share/vegabot_navigation/package.ps1'
[2.409s] INFO:colcon.colcon_core.shell:Creating package descriptor '/home/spkmak/vegabot_ws/install/vegabot_navigation/share/vegabot_navigation/package.dsv'
[2.411s] INFO:colcon.colcon_core.shell:Creating package script '/home/spkmak/vegabot_ws/install/vegabot_navigation/share/vegabot_navigation/package.sh'
[2.412s] INFO:colcon.colcon_core.shell:Creating package script '/home/spkmak/vegabot_ws/install/vegabot_navigation/share/vegabot_navigation/package.bash'
[2.413s] INFO:colcon.colcon_core.shell:Creating package script '/home/spkmak/vegabot_ws/install/vegabot_navigation/share/vegabot_navigation/package.zsh'
[2.413s] Level 1:colcon.colcon_core.environment:create_file_with_runtime_dependencies(/home/spkmak/vegabot_ws/install/vegabot_navigation/share/colcon-core/packages/vegabot_navigation)
[2.416s] DEBUG:colcon.colcon_core.task.python.build:Available setuptools commands: install_lib, symlink_data, bdist_dumb, update_catalog, build_py, saveopts, install_data, bdist_wheel, build_scripts, extract_messages, sdist, dist_info, alias, egg_info, easy_install, setopt, build_ext, bdist, install_headers, build_clib, init_catalog, install_egg_info, rotate, editable_wheel, clean, install, check, develop, build, bdist_rpm, compile_catalog, bdist_egg, install_scripts
[2.424s] DEBUG:colcon.colcon_core.event_handler.log_command:Invoking command in '/home/spkmak/vegabot_ws/src/vegabot_scripts': PYTHONPATH=/home/spkmak/vegabot_ws/build/mechabot_scripts/prefix_override:/usr/lib/python3/dist-packages/colcon_core/task/python/colcon_distutils_commands:/home/spkmak/vegabot_ws/install/mechabot_scripts/lib/python3.10/site-packages:${PYTHONPATH} /usr/bin/python3 -W ignore:setup.py install is deprecated -W ignore:easy_install command is deprecated setup.py egg_info --egg-base ../../build/mechabot_scripts build --build-base /home/spkmak/vegabot_ws/build/mechabot_scripts/build install --record /home/spkmak/vegabot_ws/build/mechabot_scripts/install.log --install-scripts $base/lib/mechabot_scripts --single-version-externally-managed install_data
[3.215s] DEBUG:colcon.colcon_core.event_handler.log_command:Invoked command in '/home/spkmak/vegabot_ws/src/vegabot_scripts' returned '1': PYTHONPATH=/home/spkmak/vegabot_ws/build/mechabot_scripts/prefix_override:/usr/lib/python3/dist-packages/colcon_core/task/python/colcon_distutils_commands:/home/spkmak/vegabot_ws/install/mechabot_scripts/lib/python3.10/site-packages:${PYTHONPATH} /usr/bin/python3 -W ignore:setup.py install is deprecated -W ignore:easy_install command is deprecated setup.py egg_info --egg-base ../../build/mechabot_scripts build --build-base /home/spkmak/vegabot_ws/build/mechabot_scripts/build install --record /home/spkmak/vegabot_ws/build/mechabot_scripts/install.log --install-scripts $base/lib/mechabot_scripts --single-version-externally-managed install_data
[3.224s] DEBUG:colcon.colcon_parallel_executor.executor.parallel:closing loop
[3.225s] DEBUG:colcon.colcon_parallel_executor.executor.parallel:loop closed
[3.225s] DEBUG:colcon.colcon_parallel_executor.executor.parallel:run_until_complete finished with '1'
[3.225s] DEBUG:colcon.colcon_core.event_reactor:joining thread
[3.244s] INFO:colcon.colcon_core.plugin_system:Skipping extension 'colcon_notification.desktop_notification.terminal_notifier': Not used on non-Darwin systems
[3.244s] INFO:colcon.colcon_core.plugin_system:Skipping extension 'colcon_notification.desktop_notification.win32': Not used on non-Windows systems
[3.244s] INFO:colcon.colcon_notification.desktop_notification:Sending desktop notification using 'notify2'
[3.291s] DEBUG:colcon.colcon_core.event_reactor:joined thread
[3.293s] INFO:colcon.colcon_core.shell:Creating prefix script '/home/spkmak/vegabot_ws/install/local_setup.ps1'
[3.296s] INFO:colcon.colcon_core.shell:Creating prefix util module '/home/spkmak/vegabot_ws/install/_local_setup_util_ps1.py'
[3.300s] INFO:colcon.colcon_core.shell:Creating prefix chain script '/home/spkmak/vegabot_ws/install/setup.ps1'
[3.306s] INFO:colcon.colcon_core.shell:Creating prefix script '/home/spkmak/vegabot_ws/install/local_setup.sh'
[3.307s] INFO:colcon.colcon_core.shell:Creating prefix util module '/home/spkmak/vegabot_ws/install/_local_setup_util_sh.py'
[3.308s] INFO:colcon.colcon_core.shell:Creating prefix chain script '/home/spkmak/vegabot_ws/install/setup.sh'
[3.312s] INFO:colcon.colcon_core.shell:Creating prefix script '/home/spkmak/vegabot_ws/install/local_setup.bash'
[3.314s] INFO:colcon.colcon_core.shell:Creating prefix chain script '/home/spkmak/vegabot_ws/install/setup.bash'
[3.318s] INFO:colcon.colcon_core.shell:Creating prefix script '/home/spkmak/vegabot_ws/install/local_setup.zsh'
[3.319s] INFO:colcon.colcon_core.shell:Creating prefix chain script '/home/spkmak/vegabot_ws/install/setup.zsh'
