[0.058s] Invoking command in '/home/spkmak/vegabot_ws/build/vegabot_localization': CMAKE_PREFIX_PATH=${CMAKE_PREFIX_PATH}:/home/spkmak/vegabot_ws/install/vegabot_scripts:/home/spkmak/ros2_ws/install/so_arm_100_bringup:/opt/ros/humble /home/spkmak/.local/bin/cmake --build /home/spkmak/vegabot_ws/build/vegabot_localization -- -j6 -l6
[0.390s] Invoked command in '/home/spkmak/vegabot_ws/build/vegabot_localization' returned '0': CMAKE_PREFIX_PATH=${CMAKE_PREFIX_PATH}:/home/spkmak/vegabot_ws/install/vegabot_scripts:/home/spkmak/ros2_ws/install/so_arm_100_bringup:/opt/ros/humble /home/spkmak/.local/bin/cmake --build /home/spkmak/vegabot_ws/build/vegabot_localization -- -j6 -l6
[0.394s] Invoking command in '/home/spkmak/vegabot_ws/build/vegabot_localization': CMAKE_PREFIX_PATH=${CMAKE_PREFIX_PATH}:/home/spkmak/vegabot_ws/install/vegabot_scripts:/home/spkmak/ros2_ws/install/so_arm_100_bringup:/opt/ros/humble /home/spkmak/.local/bin/cmake --install /home/spkmak/vegabot_ws/build/vegabot_localization
[0.553s] -- Install configuration: ""
[0.553s] -- Up-to-date: /home/spkmak/vegabot_ws/install/vegabot_localization/share/vegabot_localization/launch
[0.554s] -- Up-to-date: /home/spkmak/vegabot_ws/install/vegabot_localization/share/vegabot_localization/launch/global_localization.launch.py
[0.554s] -- Up-to-date: /home/spkmak/vegabot_ws/install/vegabot_localization/share/vegabot_localization/config
[0.554s] -- Up-to-date: /home/spkmak/vegabot_ws/install/vegabot_localization/share/vegabot_localization/config/amcl.yaml
[0.554s] -- Up-to-date: /home/spkmak/vegabot_ws/install/vegabot_localization/share/vegabot_localization/rviz
[0.554s] -- Up-to-date: /home/spkmak/vegabot_ws/install/vegabot_localization/share/vegabot_localization/rviz/global_localization.rviz
[0.555s] -- Up-to-date: /home/spkmak/vegabot_ws/install/vegabot_localization/share/ament_index/resource_index/package_run_dependencies/vegabot_localization
[0.555s] -- Up-to-date: /home/spkmak/vegabot_ws/install/vegabot_localization/share/ament_index/resource_index/parent_prefix_path/vegabot_localization
[0.555s] -- Up-to-date: /home/spkmak/vegabot_ws/install/vegabot_localization/share/vegabot_localization/environment/ament_prefix_path.sh
[0.556s] -- Up-to-date: /home/spkmak/vegabot_ws/install/vegabot_localization/share/vegabot_localization/environment/ament_prefix_path.dsv
[0.556s] -- Up-to-date: /home/spkmak/vegabot_ws/install/vegabot_localization/share/vegabot_localization/environment/path.sh
[0.556s] -- Up-to-date: /home/spkmak/vegabot_ws/install/vegabot_localization/share/vegabot_localization/environment/path.dsv
[0.556s] -- Up-to-date: /home/spkmak/vegabot_ws/install/vegabot_localization/share/vegabot_localization/local_setup.bash
[0.556s] -- Up-to-date: /home/spkmak/vegabot_ws/install/vegabot_localization/share/vegabot_localization/local_setup.sh
[0.557s] -- Up-to-date: /home/spkmak/vegabot_ws/install/vegabot_localization/share/vegabot_localization/local_setup.zsh
[0.557s] -- Up-to-date: /home/spkmak/vegabot_ws/install/vegabot_localization/share/vegabot_localization/local_setup.dsv
[0.557s] -- Installing: /home/spkmak/vegabot_ws/install/vegabot_localization/share/vegabot_localization/package.dsv
[0.558s] -- Up-to-date: /home/spkmak/vegabot_ws/install/vegabot_localization/share/ament_index/resource_index/packages/vegabot_localization
[0.558s] -- Up-to-date: /home/spkmak/vegabot_ws/install/vegabot_localization/share/vegabot_localization/cmake/vegabot_localizationConfig.cmake
[0.560s] -- Up-to-date: /home/spkmak/vegabot_ws/install/vegabot_localization/share/vegabot_localization/cmake/vegabot_localizationConfig-version.cmake
[0.565s] -- Up-to-date: /home/spkmak/vegabot_ws/install/vegabot_localization/share/vegabot_localization/package.xml
[0.610s] Invoked command in '/home/spkmak/vegabot_ws/build/vegabot_localization' returned '0': CMAKE_PREFIX_PATH=${CMAKE_PREFIX_PATH}:/home/spkmak/vegabot_ws/install/vegabot_scripts:/home/spkmak/ros2_ws/install/so_arm_100_bringup:/opt/ros/humble /home/spkmak/.local/bin/cmake --install /home/spkmak/vegabot_ws/build/vegabot_localization
