[1.780s] Invoking command in '/home/spkmak/vegabot_ws/src/vegabot_scripts': PYTHONPATH=/home/spkmak/vegabot_ws/build/vegabot_scripts/prefix_override:/usr/lib/python3/dist-packages/colcon_core/task/python/colcon_distutils_commands:/home/spkmak/vegabot_ws/install/vegabot_scripts/lib/python3.10/site-packages:${PYTHONPATH} /usr/bin/python3 -W ignore:setup.py install is deprecated -W ignore:easy_install command is deprecated setup.py egg_info --egg-base ../../build/vegabot_scripts build --build-base /home/spkmak/vegabot_ws/build/vegabot_scripts/build install --record /home/spkmak/vegabot_ws/build/vegabot_scripts/install.log --install-scripts $base/lib/vegabot_scripts --single-version-externally-managed install_data
[2.316s] running egg_info
[2.352s] writing ../../build/vegabot_scripts/vegabot_scripts.egg-info/PKG-INFO
[2.353s] writing dependency_links to ../../build/vegabot_scripts/vegabot_scripts.egg-info/dependency_links.txt
[2.354s] writing entry points to ../../build/vegabot_scripts/vegabot_scripts.egg-info/entry_points.txt
[2.354s] writing requirements to ../../build/vegabot_scripts/vegabot_scripts.egg-info/requires.txt
[2.355s] writing top-level names to ../../build/vegabot_scripts/vegabot_scripts.egg-info/top_level.txt
[2.432s] reading manifest file '../../build/vegabot_scripts/vegabot_scripts.egg-info/SOURCES.txt'
[2.435s] writing manifest file '../../build/vegabot_scripts/vegabot_scripts.egg-info/SOURCES.txt'
[2.435s] running build
[2.436s] running build_py
[2.437s] running install
[2.445s] running install_lib
[2.484s] running install_data
[2.484s] copying package.xml -> /home/spkmak/vegabot_ws/install/vegabot_scripts/share/vegabot_scripts
[2.485s] running install_egg_info
[2.525s] removing '/home/spkmak/vegabot_ws/install/vegabot_scripts/lib/python3.10/site-packages/vegabot_scripts-0.0.0-py3.10.egg-info' (and everything under it)
[2.526s] Copying ../../build/vegabot_scripts/vegabot_scripts.egg-info to /home/spkmak/vegabot_ws/install/vegabot_scripts/lib/python3.10/site-packages/vegabot_scripts-0.0.0-py3.10.egg-info
[2.528s] running install_scripts
[2.825s] Installing auto_docking_undocking script to /home/spkmak/vegabot_ws/install/vegabot_scripts/lib/vegabot_scripts
[2.826s] Installing auto_docking_with_battery script to /home/spkmak/vegabot_ws/install/vegabot_scripts/lib/vegabot_scripts
[2.826s] Installing detect_marker script to /home/spkmak/vegabot_ws/install/vegabot_scripts/lib/vegabot_scripts
[2.826s] Installing docking_with_patrolling script to /home/spkmak/vegabot_ws/install/vegabot_scripts/lib/vegabot_scripts
[2.827s] Installing maze_solver script to /home/spkmak/vegabot_ws/install/vegabot_scripts/lib/vegabot_scripts
[2.827s] Installing obstacle_avoidance script to /home/spkmak/vegabot_ws/install/vegabot_scripts/lib/vegabot_scripts
[2.827s] Installing read_camera script to /home/spkmak/vegabot_ws/install/vegabot_scripts/lib/vegabot_scripts
[2.828s] Installing read_imu script to /home/spkmak/vegabot_ws/install/vegabot_scripts/lib/vegabot_scripts
[2.828s] Installing read_lidar script to /home/spkmak/vegabot_ws/install/vegabot_scripts/lib/vegabot_scripts
[2.828s] writing list of installed files to '/home/spkmak/vegabot_ws/build/vegabot_scripts/install.log'
[2.903s] Invoked command in '/home/spkmak/vegabot_ws/src/vegabot_scripts' returned '0': PYTHONPATH=/home/spkmak/vegabot_ws/build/vegabot_scripts/prefix_override:/usr/lib/python3/dist-packages/colcon_core/task/python/colcon_distutils_commands:/home/spkmak/vegabot_ws/install/vegabot_scripts/lib/python3.10/site-packages:${PYTHONPATH} /usr/bin/python3 -W ignore:setup.py install is deprecated -W ignore:easy_install command is deprecated setup.py egg_info --egg-base ../../build/vegabot_scripts build --build-base /home/spkmak/vegabot_ws/build/vegabot_scripts/build install --record /home/spkmak/vegabot_ws/build/vegabot_scripts/install.log --install-scripts $base/lib/vegabot_scripts --single-version-externally-managed install_data
