[0.068s] Invoking command in '/home/spkmak/vegabot_ws/build/vegabot_controller': CMAKE_PREFIX_PATH=${CMAKE_PREFIX_PATH}:/home/spkmak/vegabot_ws/install/vegabot_scripts:/home/spkmak/ros2_ws/install/so_arm_100_bringup:/opt/ros/humble /home/spkmak/.local/bin/cmake --build /home/spkmak/vegabot_ws/build/vegabot_controller -- -j6 -l6
[0.433s] Invoked command in '/home/spkmak/vegabot_ws/build/vegabot_controller' returned '0': CMAKE_PREFIX_PATH=${CMAKE_PREFIX_PATH}:/home/spkmak/vegabot_ws/install/vegabot_scripts:/home/spkmak/ros2_ws/install/so_arm_100_bringup:/opt/ros/humble /home/spkmak/.local/bin/cmake --build /home/spkmak/vegabot_ws/build/vegabot_controller -- -j6 -l6
[0.434s] Invoking command in '/home/spkmak/vegabot_ws/build/vegabot_controller': CMAKE_PREFIX_PATH=${CMAKE_PREFIX_PATH}:/home/spkmak/vegabot_ws/install/vegabot_scripts:/home/spkmak/ros2_ws/install/so_arm_100_bringup:/opt/ros/humble /home/spkmak/.local/bin/cmake --install /home/spkmak/vegabot_ws/build/vegabot_controller
[0.773s] -- Install configuration: ""
[0.781s] -- Up-to-date: /home/spkmak/vegabot_ws/install/vegabot_controller/share/vegabot_controller/launch
[0.781s] -- Up-to-date: /home/spkmak/vegabot_ws/install/vegabot_controller/share/vegabot_controller/launch/joystick.launch.py
[0.781s] -- Up-to-date: /home/spkmak/vegabot_ws/install/vegabot_controller/share/vegabot_controller/launch/controller.launch.py
[0.781s] -- Up-to-date: /home/spkmak/vegabot_ws/install/vegabot_controller/share/vegabot_controller/config
[0.782s] -- Up-to-date: /home/spkmak/vegabot_ws/install/vegabot_controller/share/vegabot_controller/config/vegabot_controllers.yaml
[0.782s] -- Up-to-date: /home/spkmak/vegabot_ws/install/vegabot_controller/share/vegabot_controller/config/twist_mux_locks.yaml
[0.782s] -- Up-to-date: /home/spkmak/vegabot_ws/install/vegabot_controller/share/vegabot_controller/config/twist_mux_joy.yaml
[0.782s] -- Up-to-date: /home/spkmak/vegabot_ws/install/vegabot_controller/share/vegabot_controller/config/twist_mux_topics.yaml
[0.782s] -- Up-to-date: /home/spkmak/vegabot_ws/install/vegabot_controller/share/vegabot_controller/config/joy_teleop.yaml
[0.782s] -- Up-to-date: /home/spkmak/vegabot_ws/install/vegabot_controller/share/vegabot_controller/config/joy_config.yaml
[0.783s] -- Up-to-date: /home/spkmak/vegabot_ws/install/vegabot_controller/share/ament_index/resource_index/package_run_dependencies/vegabot_controller
[0.783s] -- Up-to-date: /home/spkmak/vegabot_ws/install/vegabot_controller/share/ament_index/resource_index/parent_prefix_path/vegabot_controller
[0.784s] -- Up-to-date: /home/spkmak/vegabot_ws/install/vegabot_controller/share/vegabot_controller/environment/ament_prefix_path.sh
[0.784s] -- Up-to-date: /home/spkmak/vegabot_ws/install/vegabot_controller/share/vegabot_controller/environment/ament_prefix_path.dsv
[0.787s] -- Up-to-date: /home/spkmak/vegabot_ws/install/vegabot_controller/share/vegabot_controller/environment/path.sh
[0.787s] -- Up-to-date: /home/spkmak/vegabot_ws/install/vegabot_controller/share/vegabot_controller/environment/path.dsv
[0.792s] -- Up-to-date: /home/spkmak/vegabot_ws/install/vegabot_controller/share/vegabot_controller/local_setup.bash
[0.792s] -- Up-to-date: /home/spkmak/vegabot_ws/install/vegabot_controller/share/vegabot_controller/local_setup.sh
[0.793s] -- Up-to-date: /home/spkmak/vegabot_ws/install/vegabot_controller/share/vegabot_controller/local_setup.zsh
[0.794s] -- Up-to-date: /home/spkmak/vegabot_ws/install/vegabot_controller/share/vegabot_controller/local_setup.dsv
[0.799s] -- Installing: /home/spkmak/vegabot_ws/install/vegabot_controller/share/vegabot_controller/package.dsv
[0.803s] -- Up-to-date: /home/spkmak/vegabot_ws/install/vegabot_controller/share/ament_index/resource_index/packages/vegabot_controller
[0.810s] -- Up-to-date: /home/spkmak/vegabot_ws/install/vegabot_controller/share/vegabot_controller/cmake/vegabot_controllerConfig.cmake
[0.814s] -- Up-to-date: /home/spkmak/vegabot_ws/install/vegabot_controller/share/vegabot_controller/cmake/vegabot_controllerConfig-version.cmake
[0.814s] -- Up-to-date: /home/spkmak/vegabot_ws/install/vegabot_controller/share/vegabot_controller/package.xml
[0.937s] Invoked command in '/home/spkmak/vegabot_ws/build/vegabot_controller' returned '0': CMAKE_PREFIX_PATH=${CMAKE_PREFIX_PATH}:/home/spkmak/vegabot_ws/install/vegabot_scripts:/home/spkmak/ros2_ws/install/so_arm_100_bringup:/opt/ros/humble /home/spkmak/.local/bin/cmake --install /home/spkmak/vegabot_ws/build/vegabot_controller
