[0.075s] Invoking command in '/home/spkmak/vegabot_ws/build/mechabot_bringup': CMAKE_PREFIX_PATH=${CMAKE_PREFIX_PATH}:/home/spkmak/vegabot_ws/install/vegabot_scripts:/home/spkmak/ros2_ws/install/so_arm_100_bringup:/opt/ros/humble /home/spkmak/.local/bin/cmake --build /home/spkmak/vegabot_ws/build/mechabot_bringup -- -j6 -l6
[0.440s] Invoked command in '/home/spkmak/vegabot_ws/build/mechabot_bringup' returned '0': CMAKE_PREFIX_PATH=${CMAKE_PREFIX_PATH}:/home/spkmak/vegabot_ws/install/vegabot_scripts:/home/spkmak/ros2_ws/install/so_arm_100_bringup:/opt/ros/humble /home/spkmak/.local/bin/cmake --build /home/spkmak/vegabot_ws/build/mechabot_bringup -- -j6 -l6
[0.442s] Invoking command in '/home/spkmak/vegabot_ws/build/mechabot_bringup': CMAKE_PREFIX_PATH=${CMAKE_PREFIX_PATH}:/home/spkmak/vegabot_ws/install/vegabot_scripts:/home/spkmak/ros2_ws/install/so_arm_100_bringup:/opt/ros/humble /home/spkmak/.local/bin/cmake --install /home/spkmak/vegabot_ws/build/mechabot_bringup
[0.828s] -- Install configuration: ""
[0.829s] -- Up-to-date: /home/spkmak/vegabot_ws/install/mechabot_bringup/share/mechabot_bringup/launch
[0.829s] -- Up-to-date: /home/spkmak/vegabot_ws/install/mechabot_bringup/share/mechabot_bringup/launch/real_robot.launch.py
[0.829s] -- Up-to-date: /home/spkmak/vegabot_ws/install/mechabot_bringup/share/mechabot_bringup/launch/simulated_robot.launch.py
[0.829s] -- Up-to-date: /home/spkmak/vegabot_ws/install/mechabot_bringup/share/ament_index/resource_index/package_run_dependencies/mechabot_bringup
[0.829s] -- Up-to-date: /home/spkmak/vegabot_ws/install/mechabot_bringup/share/ament_index/resource_index/parent_prefix_path/mechabot_bringup
[0.829s] -- Up-to-date: /home/spkmak/vegabot_ws/install/mechabot_bringup/share/mechabot_bringup/environment/ament_prefix_path.sh
[0.830s] -- Up-to-date: /home/spkmak/vegabot_ws/install/mechabot_bringup/share/mechabot_bringup/environment/ament_prefix_path.dsv
[0.830s] -- Up-to-date: /home/spkmak/vegabot_ws/install/mechabot_bringup/share/mechabot_bringup/environment/path.sh
[0.830s] -- Up-to-date: /home/spkmak/vegabot_ws/install/mechabot_bringup/share/mechabot_bringup/environment/path.dsv
[0.830s] -- Up-to-date: /home/spkmak/vegabot_ws/install/mechabot_bringup/share/mechabot_bringup/local_setup.bash
[0.830s] -- Up-to-date: /home/spkmak/vegabot_ws/install/mechabot_bringup/share/mechabot_bringup/local_setup.sh
[0.830s] -- Up-to-date: /home/spkmak/vegabot_ws/install/mechabot_bringup/share/mechabot_bringup/local_setup.zsh
[0.831s] -- Up-to-date: /home/spkmak/vegabot_ws/install/mechabot_bringup/share/mechabot_bringup/local_setup.dsv
[0.831s] -- Up-to-date: /home/spkmak/vegabot_ws/install/mechabot_bringup/share/mechabot_bringup/package.dsv
[0.831s] -- Up-to-date: /home/spkmak/vegabot_ws/install/mechabot_bringup/share/ament_index/resource_index/packages/mechabot_bringup
[0.831s] -- Up-to-date: /home/spkmak/vegabot_ws/install/mechabot_bringup/share/mechabot_bringup/cmake/mechabot_bringupConfig.cmake
[0.831s] -- Up-to-date: /home/spkmak/vegabot_ws/install/mechabot_bringup/share/mechabot_bringup/cmake/mechabot_bringupConfig-version.cmake
[0.831s] -- Up-to-date: /home/spkmak/vegabot_ws/install/mechabot_bringup/share/mechabot_bringup/package.xml
[0.887s] Invoked command in '/home/spkmak/vegabot_ws/build/mechabot_bringup' returned '0': CMAKE_PREFIX_PATH=${CMAKE_PREFIX_PATH}:/home/spkmak/vegabot_ws/install/vegabot_scripts:/home/spkmak/ros2_ws/install/so_arm_100_bringup:/opt/ros/humble /home/spkmak/.local/bin/cmake --install /home/spkmak/vegabot_ws/build/mechabot_bringup
