[0.053s] Invoking command in '/home/spkmak/vegabot_ws/build/vegabot_localization': CMAKE_PREFIX_PATH=${CMAKE_PREFIX_PATH}:/home/spkmak/vegabot_ws/install/vegabot_scripts:/home/spkmak/ros2_ws/install/so_arm_100_bringup:/opt/ros/humble /home/spkmak/.local/bin/cmake --build /home/spkmak/vegabot_ws/build/vegabot_localization -- -j6 -l6
[0.397s] Invoked command in '/home/spkmak/vegabot_ws/build/vegabot_localization' returned '0': CMAKE_PREFIX_PATH=${CMAKE_PREFIX_PATH}:/home/spkmak/vegabot_ws/install/vegabot_scripts:/home/spkmak/ros2_ws/install/so_arm_100_bringup:/opt/ros/humble /home/spkmak/.local/bin/cmake --build /home/spkmak/vegabot_ws/build/vegabot_localization -- -j6 -l6
[0.401s] Invoking command in '/home/spkmak/vegabot_ws/build/vegabot_localization': CMAKE_PREFIX_PATH=${CMAKE_PREFIX_PATH}:/home/spkmak/vegabot_ws/install/vegabot_scripts:/home/spkmak/ros2_ws/install/so_arm_100_bringup:/opt/ros/humble /home/spkmak/.local/bin/cmake --install /home/spkmak/vegabot_ws/build/vegabot_localization
[0.678s] -- Install configuration: ""
[0.679s] -- Up-to-date: /home/spkmak/vegabot_ws/install/vegabot_localization/share/vegabot_localization/launch
[0.685s] -- Up-to-date: /home/spkmak/vegabot_ws/install/vegabot_localization/share/vegabot_localization/launch/global_localization.launch.py
[0.686s] -- Up-to-date: /home/spkmak/vegabot_ws/install/vegabot_localization/share/vegabot_localization/config
[0.687s] -- Up-to-date: /home/spkmak/vegabot_ws/install/vegabot_localization/share/vegabot_localization/config/amcl.yaml
[0.687s] -- Up-to-date: /home/spkmak/vegabot_ws/install/vegabot_localization/share/vegabot_localization/rviz
[0.688s] -- Up-to-date: /home/spkmak/vegabot_ws/install/vegabot_localization/share/vegabot_localization/rviz/global_localization.rviz
[0.688s] -- Up-to-date: /home/spkmak/vegabot_ws/install/vegabot_localization/share/ament_index/resource_index/package_run_dependencies/vegabot_localization
[0.689s] -- Up-to-date: /home/spkmak/vegabot_ws/install/vegabot_localization/share/ament_index/resource_index/parent_prefix_path/vegabot_localization
[0.689s] -- Up-to-date: /home/spkmak/vegabot_ws/install/vegabot_localization/share/vegabot_localization/environment/ament_prefix_path.sh
[0.690s] -- Up-to-date: /home/spkmak/vegabot_ws/install/vegabot_localization/share/vegabot_localization/environment/ament_prefix_path.dsv
[0.690s] -- Up-to-date: /home/spkmak/vegabot_ws/install/vegabot_localization/share/vegabot_localization/environment/path.sh
[0.691s] -- Up-to-date: /home/spkmak/vegabot_ws/install/vegabot_localization/share/vegabot_localization/environment/path.dsv
[0.691s] -- Up-to-date: /home/spkmak/vegabot_ws/install/vegabot_localization/share/vegabot_localization/local_setup.bash
[0.691s] -- Up-to-date: /home/spkmak/vegabot_ws/install/vegabot_localization/share/vegabot_localization/local_setup.sh
[0.692s] -- Up-to-date: /home/spkmak/vegabot_ws/install/vegabot_localization/share/vegabot_localization/local_setup.zsh
[0.692s] -- Up-to-date: /home/spkmak/vegabot_ws/install/vegabot_localization/share/vegabot_localization/local_setup.dsv
[0.693s] -- Installing: /home/spkmak/vegabot_ws/install/vegabot_localization/share/vegabot_localization/package.dsv
[0.693s] -- Up-to-date: /home/spkmak/vegabot_ws/install/vegabot_localization/share/ament_index/resource_index/packages/vegabot_localization
[0.693s] -- Up-to-date: /home/spkmak/vegabot_ws/install/vegabot_localization/share/vegabot_localization/cmake/vegabot_localizationConfig.cmake
[0.694s] -- Up-to-date: /home/spkmak/vegabot_ws/install/vegabot_localization/share/vegabot_localization/cmake/vegabot_localizationConfig-version.cmake
[0.694s] -- Up-to-date: /home/spkmak/vegabot_ws/install/vegabot_localization/share/vegabot_localization/package.xml
[0.745s] Invoked command in '/home/spkmak/vegabot_ws/build/vegabot_localization' returned '0': CMAKE_PREFIX_PATH=${CMAKE_PREFIX_PATH}:/home/spkmak/vegabot_ws/install/vegabot_scripts:/home/spkmak/ros2_ws/install/so_arm_100_bringup:/opt/ros/humble /home/spkmak/.local/bin/cmake --install /home/spkmak/vegabot_ws/build/vegabot_localization
