[0.523s] Invoking command in '/home/spkmak/vegabot_ws/build/vegabot_mapping': CMAKE_PREFIX_PATH=${CMAKE_PREFIX_PATH}:/home/spkmak/ros2_ws/install/so_arm_100_bringup:/opt/ros/humble /home/spkmak/.local/bin/cmake --build /home/spkmak/vegabot_ws/build/vegabot_mapping -- -j6 -l6
[0.914s] Invoked command in '/home/spkmak/vegabot_ws/build/vegabot_mapping' returned '0': CMAKE_PREFIX_PATH=${CMAKE_PREFIX_PATH}:/home/spkmak/ros2_ws/install/so_arm_100_bringup:/opt/ros/humble /home/spkmak/.local/bin/cmake --build /home/spkmak/vegabot_ws/build/vegabot_mapping -- -j6 -l6
[0.915s] Invoking command in '/home/spkmak/vegabot_ws/build/vegabot_mapping': CMAKE_PREFIX_PATH=${CMAKE_PREFIX_PATH}:/home/spkmak/ros2_ws/install/so_arm_100_bringup:/opt/ros/humble /home/spkmak/.local/bin/cmake --install /home/spkmak/vegabot_ws/build/vegabot_mapping
[1.276s] -- Install configuration: ""
[1.315s] -- Up-to-date: /home/spkmak/vegabot_ws/install/vegabot_mapping/share/vegabot_mapping/config
[1.316s] -- Up-to-date: /home/spkmak/vegabot_ws/install/vegabot_mapping/share/vegabot_mapping/config/slam_toolbox.yaml
[1.316s] -- Up-to-date: /home/spkmak/vegabot_ws/install/vegabot_mapping/share/vegabot_mapping/launch
[1.317s] -- Up-to-date: /home/spkmak/vegabot_ws/install/vegabot_mapping/share/vegabot_mapping/launch/slam.launch.py
[1.317s] -- Up-to-date: /home/spkmak/vegabot_ws/install/vegabot_mapping/share/vegabot_mapping/maps
[1.317s] -- Up-to-date: /home/spkmak/vegabot_ws/install/vegabot_mapping/share/vegabot_mapping/maps/myroom
[1.318s] -- Up-to-date: /home/spkmak/vegabot_ws/install/vegabot_mapping/share/vegabot_mapping/maps/myroom/map.yaml
[1.318s] -- Up-to-date: /home/spkmak/vegabot_ws/install/vegabot_mapping/share/vegabot_mapping/maps/myroom/map.pgm
[1.318s] -- Up-to-date: /home/spkmak/vegabot_ws/install/vegabot_mapping/share/vegabot_mapping/maps/small_house
[1.319s] -- Up-to-date: /home/spkmak/vegabot_ws/install/vegabot_mapping/share/vegabot_mapping/maps/small_house/map.yaml
[1.319s] -- Up-to-date: /home/spkmak/vegabot_ws/install/vegabot_mapping/share/vegabot_mapping/maps/small_house/map.pgm
[1.319s] -- Up-to-date: /home/spkmak/vegabot_ws/install/vegabot_mapping/share/vegabot_mapping/rviz
[1.319s] -- Up-to-date: /home/spkmak/vegabot_ws/install/vegabot_mapping/share/vegabot_mapping/rviz/slam.rviz
[1.319s] -- Up-to-date: /home/spkmak/vegabot_ws/install/vegabot_mapping/share/ament_index/resource_index/package_run_dependencies/vegabot_mapping
[1.319s] -- Up-to-date: /home/spkmak/vegabot_ws/install/vegabot_mapping/share/ament_index/resource_index/parent_prefix_path/vegabot_mapping
[1.319s] -- Up-to-date: /home/spkmak/vegabot_ws/install/vegabot_mapping/share/vegabot_mapping/environment/ament_prefix_path.sh
[1.319s] -- Up-to-date: /home/spkmak/vegabot_ws/install/vegabot_mapping/share/vegabot_mapping/environment/ament_prefix_path.dsv
[1.320s] -- Up-to-date: /home/spkmak/vegabot_ws/install/vegabot_mapping/share/vegabot_mapping/environment/path.sh
[1.320s] -- Up-to-date: /home/spkmak/vegabot_ws/install/vegabot_mapping/share/vegabot_mapping/environment/path.dsv
[1.320s] -- Up-to-date: /home/spkmak/vegabot_ws/install/vegabot_mapping/share/vegabot_mapping/local_setup.bash
[1.320s] -- Up-to-date: /home/spkmak/vegabot_ws/install/vegabot_mapping/share/vegabot_mapping/local_setup.sh
[1.320s] -- Up-to-date: /home/spkmak/vegabot_ws/install/vegabot_mapping/share/vegabot_mapping/local_setup.zsh
[1.320s] -- Up-to-date: /home/spkmak/vegabot_ws/install/vegabot_mapping/share/vegabot_mapping/local_setup.dsv
[1.321s] -- Installing: /home/spkmak/vegabot_ws/install/vegabot_mapping/share/vegabot_mapping/package.dsv
[1.321s] -- Up-to-date: /home/spkmak/vegabot_ws/install/vegabot_mapping/share/ament_index/resource_index/packages/vegabot_mapping
[1.321s] -- Up-to-date: /home/spkmak/vegabot_ws/install/vegabot_mapping/share/vegabot_mapping/cmake/vegabot_mappingConfig.cmake
[1.322s] -- Up-to-date: /home/spkmak/vegabot_ws/install/vegabot_mapping/share/vegabot_mapping/cmake/vegabot_mappingConfig-version.cmake
[1.322s] -- Up-to-date: /home/spkmak/vegabot_ws/install/vegabot_mapping/share/vegabot_mapping/package.xml
[1.359s] Invoked command in '/home/spkmak/vegabot_ws/build/vegabot_mapping' returned '0': CMAKE_PREFIX_PATH=${CMAKE_PREFIX_PATH}:/home/spkmak/ros2_ws/install/so_arm_100_bringup:/opt/ros/humble /home/spkmak/.local/bin/cmake --install /home/spkmak/vegabot_ws/build/vegabot_mapping
