[0.073s] Invoking command in '/home/spkmak/vegabot_ws/build/vegabot_bringup': CMAKE_PREFIX_PATH=${CMAKE_PREFIX_PATH}:/home/spkmak/vegabot_ws/install/vegabot_scripts:/home/spkmak/ros2_ws/install/so_arm_100_bringup:/opt/ros/humble /home/spkmak/.local/bin/cmake --build /home/spkmak/vegabot_ws/build/vegabot_bringup -- -j6 -l6
[0.439s] Invoked command in '/home/spkmak/vegabot_ws/build/vegabot_bringup' returned '0': CMAKE_PREFIX_PATH=${CMAKE_PREFIX_PATH}:/home/spkmak/vegabot_ws/install/vegabot_scripts:/home/spkmak/ros2_ws/install/so_arm_100_bringup:/opt/ros/humble /home/spkmak/.local/bin/cmake --build /home/spkmak/vegabot_ws/build/vegabot_bringup -- -j6 -l6
[0.439s] Invoking command in '/home/spkmak/vegabot_ws/build/vegabot_bringup': CMAKE_PREFIX_PATH=${CMAKE_PREFIX_PATH}:/home/spkmak/vegabot_ws/install/vegabot_scripts:/home/spkmak/ros2_ws/install/so_arm_100_bringup:/opt/ros/humble /home/spkmak/.local/bin/cmake --install /home/spkmak/vegabot_ws/build/vegabot_bringup
[0.777s] -- Install configuration: ""
[0.779s] -- Up-to-date: /home/spkmak/vegabot_ws/install/vegabot_bringup/share/vegabot_bringup/launch
[0.779s] -- Up-to-date: /home/spkmak/vegabot_ws/install/vegabot_bringup/share/vegabot_bringup/launch/real_robot.launch.py
[0.780s] -- Up-to-date: /home/spkmak/vegabot_ws/install/vegabot_bringup/share/vegabot_bringup/launch/simulated_robot.launch.py
[0.780s] -- Up-to-date: /home/spkmak/vegabot_ws/install/vegabot_bringup/share/ament_index/resource_index/package_run_dependencies/vegabot_bringup
[0.780s] -- Up-to-date: /home/spkmak/vegabot_ws/install/vegabot_bringup/share/ament_index/resource_index/parent_prefix_path/vegabot_bringup
[0.781s] -- Up-to-date: /home/spkmak/vegabot_ws/install/vegabot_bringup/share/vegabot_bringup/environment/ament_prefix_path.sh
[0.781s] -- Up-to-date: /home/spkmak/vegabot_ws/install/vegabot_bringup/share/vegabot_bringup/environment/ament_prefix_path.dsv
[0.781s] -- Up-to-date: /home/spkmak/vegabot_ws/install/vegabot_bringup/share/vegabot_bringup/environment/path.sh
[0.781s] -- Up-to-date: /home/spkmak/vegabot_ws/install/vegabot_bringup/share/vegabot_bringup/environment/path.dsv
[0.781s] -- Up-to-date: /home/spkmak/vegabot_ws/install/vegabot_bringup/share/vegabot_bringup/local_setup.bash
[0.784s] -- Up-to-date: /home/spkmak/vegabot_ws/install/vegabot_bringup/share/vegabot_bringup/local_setup.sh
[0.785s] -- Up-to-date: /home/spkmak/vegabot_ws/install/vegabot_bringup/share/vegabot_bringup/local_setup.zsh
[0.785s] -- Up-to-date: /home/spkmak/vegabot_ws/install/vegabot_bringup/share/vegabot_bringup/local_setup.dsv
[0.785s] -- Up-to-date: /home/spkmak/vegabot_ws/install/vegabot_bringup/share/vegabot_bringup/package.dsv
[0.785s] -- Up-to-date: /home/spkmak/vegabot_ws/install/vegabot_bringup/share/ament_index/resource_index/packages/vegabot_bringup
[0.785s] -- Up-to-date: /home/spkmak/vegabot_ws/install/vegabot_bringup/share/vegabot_bringup/cmake/vegabot_bringupConfig.cmake
[0.786s] -- Up-to-date: /home/spkmak/vegabot_ws/install/vegabot_bringup/share/vegabot_bringup/cmake/vegabot_bringupConfig-version.cmake
[0.788s] -- Up-to-date: /home/spkmak/vegabot_ws/install/vegabot_bringup/share/vegabot_bringup/package.xml
[0.943s] Invoked command in '/home/spkmak/vegabot_ws/build/vegabot_bringup' returned '0': CMAKE_PREFIX_PATH=${CMAKE_PREFIX_PATH}:/home/spkmak/vegabot_ws/install/vegabot_scripts:/home/spkmak/ros2_ws/install/so_arm_100_bringup:/opt/ros/humble /home/spkmak/.local/bin/cmake --install /home/spkmak/vegabot_ws/build/vegabot_bringup
