running egg_info
creating ../../build/mechabot_scripts/mechabot_scripts.egg-info
writing ../../build/mechabot_scripts/mechabot_scripts.egg-info/PKG-INFO
writing dependency_links to ../../build/mechabot_scripts/mechabot_scripts.egg-info/dependency_links.txt
writing entry points to ../../build/mechabot_scripts/mechabot_scripts.egg-info/entry_points.txt
writing requirements to ../../build/mechabot_scripts/mechabot_scripts.egg-info/requires.txt
writing top-level names to ../../build/mechabot_scripts/mechabot_scripts.egg-info/top_level.txt
writing manifest file '../../build/mechabot_scripts/mechabot_scripts.egg-info/SOURCES.txt'
reading manifest file '../../build/mechabot_scripts/mechabot_scripts.egg-info/SOURCES.txt'
writing manifest file '../../build/mechabot_scripts/mechabot_scripts.egg-info/SOURCES.txt'
running build
running build_py
creating /home/spkmak/vegabot_ws/build/mechabot_scripts/build/lib/vegabot_scripts
copying vegabot_scripts/obstacle_avoidance.py -> /home/spkmak/vegabot_ws/build/mechabot_scripts/build/lib/vegabot_scripts
copying vegabot_scripts/docking_with_patrolling.py -> /home/spkmak/vegabot_ws/build/mechabot_scripts/build/lib/vegabot_scripts
copying vegabot_scripts/auto_docking_undocking.py -> /home/spkmak/vegabot_ws/build/mechabot_scripts/build/lib/vegabot_scripts
copying vegabot_scripts/read_camera.py -> /home/spkmak/vegabot_ws/build/mechabot_scripts/build/lib/vegabot_scripts
copying vegabot_scripts/auto_docking_with_battery.py -> /home/spkmak/vegabot_ws/build/mechabot_scripts/build/lib/vegabot_scripts
copying vegabot_scripts/detect_marker.py -> /home/spkmak/vegabot_ws/build/mechabot_scripts/build/lib/vegabot_scripts
copying vegabot_scripts/read_lidar.py -> /home/spkmak/vegabot_ws/build/mechabot_scripts/build/lib/vegabot_scripts
copying vegabot_scripts/read_imu.py -> /home/spkmak/vegabot_ws/build/mechabot_scripts/build/lib/vegabot_scripts
copying vegabot_scripts/maze_solver.py -> /home/spkmak/vegabot_ws/build/mechabot_scripts/build/lib/vegabot_scripts
copying vegabot_scripts/__init__.py -> /home/spkmak/vegabot_ws/build/mechabot_scripts/build/lib/vegabot_scripts
running install
running install_lib
creating /home/spkmak/vegabot_ws/install/mechabot_scripts/lib/python3.10/site-packages/vegabot_scripts
copying /home/spkmak/vegabot_ws/build/mechabot_scripts/build/lib/vegabot_scripts/obstacle_avoidance.py -> /home/spkmak/vegabot_ws/install/mechabot_scripts/lib/python3.10/site-packages/vegabot_scripts
copying /home/spkmak/vegabot_ws/build/mechabot_scripts/build/lib/vegabot_scripts/docking_with_patrolling.py -> /home/spkmak/vegabot_ws/install/mechabot_scripts/lib/python3.10/site-packages/vegabot_scripts
copying /home/spkmak/vegabot_ws/build/mechabot_scripts/build/lib/vegabot_scripts/auto_docking_undocking.py -> /home/spkmak/vegabot_ws/install/mechabot_scripts/lib/python3.10/site-packages/vegabot_scripts
copying /home/spkmak/vegabot_ws/build/mechabot_scripts/build/lib/vegabot_scripts/read_camera.py -> /home/spkmak/vegabot_ws/install/mechabot_scripts/lib/python3.10/site-packages/vegabot_scripts
copying /home/spkmak/vegabot_ws/build/mechabot_scripts/build/lib/vegabot_scripts/auto_docking_with_battery.py -> /home/spkmak/vegabot_ws/install/mechabot_scripts/lib/python3.10/site-packages/vegabot_scripts
copying /home/spkmak/vegabot_ws/build/mechabot_scripts/build/lib/vegabot_scripts/detect_marker.py -> /home/spkmak/vegabot_ws/install/mechabot_scripts/lib/python3.10/site-packages/vegabot_scripts
copying /home/spkmak/vegabot_ws/build/mechabot_scripts/build/lib/vegabot_scripts/read_lidar.py -> /home/spkmak/vegabot_ws/install/mechabot_scripts/lib/python3.10/site-packages/vegabot_scripts
copying /home/spkmak/vegabot_ws/build/mechabot_scripts/build/lib/vegabot_scripts/read_imu.py -> /home/spkmak/vegabot_ws/install/mechabot_scripts/lib/python3.10/site-packages/vegabot_scripts
copying /home/spkmak/vegabot_ws/build/mechabot_scripts/build/lib/vegabot_scripts/maze_solver.py -> /home/spkmak/vegabot_ws/install/mechabot_scripts/lib/python3.10/site-packages/vegabot_scripts
copying /home/spkmak/vegabot_ws/build/mechabot_scripts/build/lib/vegabot_scripts/__init__.py -> /home/spkmak/vegabot_ws/install/mechabot_scripts/lib/python3.10/site-packages/vegabot_scripts
byte-compiling /home/spkmak/vegabot_ws/install/mechabot_scripts/lib/python3.10/site-packages/vegabot_scripts/obstacle_avoidance.py to obstacle_avoidance.cpython-310.pyc
byte-compiling /home/spkmak/vegabot_ws/install/mechabot_scripts/lib/python3.10/site-packages/vegabot_scripts/docking_with_patrolling.py to docking_with_patrolling.cpython-310.pyc
byte-compiling /home/spkmak/vegabot_ws/install/mechabot_scripts/lib/python3.10/site-packages/vegabot_scripts/auto_docking_undocking.py to auto_docking_undocking.cpython-310.pyc
byte-compiling /home/spkmak/vegabot_ws/install/mechabot_scripts/lib/python3.10/site-packages/vegabot_scripts/read_camera.py to read_camera.cpython-310.pyc
byte-compiling /home/spkmak/vegabot_ws/install/mechabot_scripts/lib/python3.10/site-packages/vegabot_scripts/auto_docking_with_battery.py to auto_docking_with_battery.cpython-310.pyc
byte-compiling /home/spkmak/vegabot_ws/install/mechabot_scripts/lib/python3.10/site-packages/vegabot_scripts/detect_marker.py to detect_marker.cpython-310.pyc
byte-compiling /home/spkmak/vegabot_ws/install/mechabot_scripts/lib/python3.10/site-packages/vegabot_scripts/read_lidar.py to read_lidar.cpython-310.pyc
byte-compiling /home/spkmak/vegabot_ws/install/mechabot_scripts/lib/python3.10/site-packages/vegabot_scripts/read_imu.py to read_imu.cpython-310.pyc
byte-compiling /home/spkmak/vegabot_ws/install/mechabot_scripts/lib/python3.10/site-packages/vegabot_scripts/maze_solver.py to maze_solver.cpython-310.pyc
byte-compiling /home/spkmak/vegabot_ws/install/mechabot_scripts/lib/python3.10/site-packages/vegabot_scripts/__init__.py to __init__.cpython-310.pyc
running install_data
creating /home/spkmak/vegabot_ws/install/mechabot_scripts/share/ament_index/resource_index/packages
