[5.289s] Invoking command in '/home/spkmak/vegabot_ws/src/vegabot_scripts': PYTHONPATH=/home/spkmak/vegabot_ws/build/mechabot_scripts/prefix_override:/usr/lib/python3/dist-packages/colcon_core/task/python/colcon_distutils_commands:/home/spkmak/vegabot_ws/install/mechabot_scripts/lib/python3.10/site-packages:${PYTHONPATH} /usr/bin/python3 -W ignore:setup.py install is deprecated -W ignore:easy_install command is deprecated setup.py egg_info --egg-base ../../build/mechabot_scripts build --build-base /home/spkmak/vegabot_ws/build/mechabot_scripts/build install --record /home/spkmak/vegabot_ws/build/mechabot_scripts/install.log --install-scripts $base/lib/mechabot_scripts --single-version-externally-managed install_data
[5.837s] running egg_info
[5.875s] creating ../../build/mechabot_scripts/mechabot_scripts.egg-info
[5.875s] writing ../../build/mechabot_scripts/mechabot_scripts.egg-info/PKG-INFO
[5.876s] writing dependency_links to ../../build/mechabot_scripts/mechabot_scripts.egg-info/dependency_links.txt
[5.877s] writing entry points to ../../build/mechabot_scripts/mechabot_scripts.egg-info/entry_points.txt
[5.877s] writing requirements to ../../build/mechabot_scripts/mechabot_scripts.egg-info/requires.txt
[5.878s] writing top-level names to ../../build/mechabot_scripts/mechabot_scripts.egg-info/top_level.txt
[5.878s] writing manifest file '../../build/mechabot_scripts/mechabot_scripts.egg-info/SOURCES.txt'
[5.958s] reading manifest file '../../build/mechabot_scripts/mechabot_scripts.egg-info/SOURCES.txt'
[5.962s] writing manifest file '../../build/mechabot_scripts/mechabot_scripts.egg-info/SOURCES.txt'
[5.962s] running build
[5.963s] running build_py
[5.963s] creating /home/spkmak/vegabot_ws/build/mechabot_scripts/build/lib/vegabot_scripts
[5.964s] copying vegabot_scripts/obstacle_avoidance.py -> /home/spkmak/vegabot_ws/build/mechabot_scripts/build/lib/vegabot_scripts
[5.964s] copying vegabot_scripts/docking_with_patrolling.py -> /home/spkmak/vegabot_ws/build/mechabot_scripts/build/lib/vegabot_scripts
[5.964s] copying vegabot_scripts/auto_docking_undocking.py -> /home/spkmak/vegabot_ws/build/mechabot_scripts/build/lib/vegabot_scripts
[5.964s] copying vegabot_scripts/read_camera.py -> /home/spkmak/vegabot_ws/build/mechabot_scripts/build/lib/vegabot_scripts
[5.965s] copying vegabot_scripts/auto_docking_with_battery.py -> /home/spkmak/vegabot_ws/build/mechabot_scripts/build/lib/vegabot_scripts
[5.966s] copying vegabot_scripts/detect_marker.py -> /home/spkmak/vegabot_ws/build/mechabot_scripts/build/lib/vegabot_scripts
[5.966s] copying vegabot_scripts/read_lidar.py -> /home/spkmak/vegabot_ws/build/mechabot_scripts/build/lib/vegabot_scripts
[5.966s] copying vegabot_scripts/read_imu.py -> /home/spkmak/vegabot_ws/build/mechabot_scripts/build/lib/vegabot_scripts
[5.966s] copying vegabot_scripts/maze_solver.py -> /home/spkmak/vegabot_ws/build/mechabot_scripts/build/lib/vegabot_scripts
[5.966s] copying vegabot_scripts/__init__.py -> /home/spkmak/vegabot_ws/build/mechabot_scripts/build/lib/vegabot_scripts
[5.966s] running install
[5.973s] running install_lib
[6.011s] creating /home/spkmak/vegabot_ws/install/mechabot_scripts/lib/python3.10/site-packages/vegabot_scripts
[6.012s] copying /home/spkmak/vegabot_ws/build/mechabot_scripts/build/lib/vegabot_scripts/obstacle_avoidance.py -> /home/spkmak/vegabot_ws/install/mechabot_scripts/lib/python3.10/site-packages/vegabot_scripts
[6.012s] copying /home/spkmak/vegabot_ws/build/mechabot_scripts/build/lib/vegabot_scripts/docking_with_patrolling.py -> /home/spkmak/vegabot_ws/install/mechabot_scripts/lib/python3.10/site-packages/vegabot_scripts
[6.012s] copying /home/spkmak/vegabot_ws/build/mechabot_scripts/build/lib/vegabot_scripts/auto_docking_undocking.py -> /home/spkmak/vegabot_ws/install/mechabot_scripts/lib/python3.10/site-packages/vegabot_scripts
[6.013s] copying /home/spkmak/vegabot_ws/build/mechabot_scripts/build/lib/vegabot_scripts/read_camera.py -> /home/spkmak/vegabot_ws/install/mechabot_scripts/lib/python3.10/site-packages/vegabot_scripts
[6.013s] copying /home/spkmak/vegabot_ws/build/mechabot_scripts/build/lib/vegabot_scripts/auto_docking_with_battery.py -> /home/spkmak/vegabot_ws/install/mechabot_scripts/lib/python3.10/site-packages/vegabot_scripts
[6.013s] copying /home/spkmak/vegabot_ws/build/mechabot_scripts/build/lib/vegabot_scripts/detect_marker.py -> /home/spkmak/vegabot_ws/install/mechabot_scripts/lib/python3.10/site-packages/vegabot_scripts
[6.014s] copying /home/spkmak/vegabot_ws/build/mechabot_scripts/build/lib/vegabot_scripts/read_lidar.py -> /home/spkmak/vegabot_ws/install/mechabot_scripts/lib/python3.10/site-packages/vegabot_scripts
[6.014s] copying /home/spkmak/vegabot_ws/build/mechabot_scripts/build/lib/vegabot_scripts/read_imu.py -> /home/spkmak/vegabot_ws/install/mechabot_scripts/lib/python3.10/site-packages/vegabot_scripts
[6.014s] copying /home/spkmak/vegabot_ws/build/mechabot_scripts/build/lib/vegabot_scripts/maze_solver.py -> /home/spkmak/vegabot_ws/install/mechabot_scripts/lib/python3.10/site-packages/vegabot_scripts
[6.014s] copying /home/spkmak/vegabot_ws/build/mechabot_scripts/build/lib/vegabot_scripts/__init__.py -> /home/spkmak/vegabot_ws/install/mechabot_scripts/lib/python3.10/site-packages/vegabot_scripts
[6.016s] byte-compiling /home/spkmak/vegabot_ws/install/mechabot_scripts/lib/python3.10/site-packages/vegabot_scripts/obstacle_avoidance.py to obstacle_avoidance.cpython-310.pyc
[6.017s] byte-compiling /home/spkmak/vegabot_ws/install/mechabot_scripts/lib/python3.10/site-packages/vegabot_scripts/docking_with_patrolling.py to docking_with_patrolling.cpython-310.pyc
[6.021s] byte-compiling /home/spkmak/vegabot_ws/install/mechabot_scripts/lib/python3.10/site-packages/vegabot_scripts/auto_docking_undocking.py to auto_docking_undocking.cpython-310.pyc
[6.024s] byte-compiling /home/spkmak/vegabot_ws/install/mechabot_scripts/lib/python3.10/site-packages/vegabot_scripts/read_camera.py to read_camera.cpython-310.pyc
[6.024s] byte-compiling /home/spkmak/vegabot_ws/install/mechabot_scripts/lib/python3.10/site-packages/vegabot_scripts/auto_docking_with_battery.py to auto_docking_with_battery.cpython-310.pyc
[6.028s] byte-compiling /home/spkmak/vegabot_ws/install/mechabot_scripts/lib/python3.10/site-packages/vegabot_scripts/detect_marker.py to detect_marker.cpython-310.pyc
[6.029s] byte-compiling /home/spkmak/vegabot_ws/install/mechabot_scripts/lib/python3.10/site-packages/vegabot_scripts/read_lidar.py to read_lidar.cpython-310.pyc
[6.030s] byte-compiling /home/spkmak/vegabot_ws/install/mechabot_scripts/lib/python3.10/site-packages/vegabot_scripts/read_imu.py to read_imu.cpython-310.pyc
[6.031s] byte-compiling /home/spkmak/vegabot_ws/install/mechabot_scripts/lib/python3.10/site-packages/vegabot_scripts/maze_solver.py to maze_solver.cpython-310.pyc
[6.032s] byte-compiling /home/spkmak/vegabot_ws/install/mechabot_scripts/lib/python3.10/site-packages/vegabot_scripts/__init__.py to __init__.cpython-310.pyc
[6.033s] running install_data
[6.033s] creating /home/spkmak/vegabot_ws/install/mechabot_scripts/share/ament_index/resource_index/packages
[6.034s] error: can't copy 'resource/mechabot_scripts': doesn't exist or not a regular file
[6.104s] Invoked command in '/home/spkmak/vegabot_ws/src/vegabot_scripts' returned '1': PYTHONPATH=/home/spkmak/vegabot_ws/build/mechabot_scripts/prefix_override:/usr/lib/python3/dist-packages/colcon_core/task/python/colcon_distutils_commands:/home/spkmak/vegabot_ws/install/mechabot_scripts/lib/python3.10/site-packages:${PYTHONPATH} /usr/bin/python3 -W ignore:setup.py install is deprecated -W ignore:easy_install command is deprecated setup.py egg_info --egg-base ../../build/mechabot_scripts build --build-base /home/spkmak/vegabot_ws/build/mechabot_scripts/build install --record /home/spkmak/vegabot_ws/build/mechabot_scripts/install.log --install-scripts $base/lib/mechabot_scripts --single-version-externally-managed install_data
