[0.561s] Invoking command in '/home/spkmak/vegabot_ws/build/vegabot_controller': CMAKE_PREFIX_PATH=${CMAKE_PREFIX_PATH}:/home/spkmak/ros2_ws/install/so_arm_100_bringup:/opt/ros/humble /home/spkmak/.local/bin/cmake --build /home/spkmak/vegabot_ws/build/vegabot_controller -- -j6 -l6
[1.920s] Invoked command in '/home/spkmak/vegabot_ws/build/vegabot_controller' returned '0': CMAKE_PREFIX_PATH=${CMAKE_PREFIX_PATH}:/home/spkmak/ros2_ws/install/so_arm_100_bringup:/opt/ros/humble /home/spkmak/.local/bin/cmake --build /home/spkmak/vegabot_ws/build/vegabot_controller -- -j6 -l6
[2.181s] Invoking command in '/home/spkmak/vegabot_ws/build/vegabot_controller': CMAKE_PREFIX_PATH=${CMAKE_PREFIX_PATH}:/home/spkmak/ros2_ws/install/so_arm_100_bringup:/opt/ros/humble /home/spkmak/.local/bin/cmake --install /home/spkmak/vegabot_ws/build/vegabot_controller
[2.351s] -- Install configuration: ""
[2.351s] -- Up-to-date: /home/spkmak/vegabot_ws/install/vegabot_controller/share/vegabot_controller/launch
[2.351s] -- Up-to-date: /home/spkmak/vegabot_ws/install/vegabot_controller/share/vegabot_controller/launch/joystick.launch.py
[2.352s] -- Up-to-date: /home/spkmak/vegabot_ws/install/vegabot_controller/share/vegabot_controller/launch/controller.launch.py
[2.352s] -- Up-to-date: /home/spkmak/vegabot_ws/install/vegabot_controller/share/vegabot_controller/config
[2.352s] -- Up-to-date: /home/spkmak/vegabot_ws/install/vegabot_controller/share/vegabot_controller/config/vegabot_controllers.yaml
[2.352s] -- Up-to-date: /home/spkmak/vegabot_ws/install/vegabot_controller/share/vegabot_controller/config/twist_mux_locks.yaml
[2.352s] -- Up-to-date: /home/spkmak/vegabot_ws/install/vegabot_controller/share/vegabot_controller/config/twist_mux_joy.yaml
[2.353s] -- Up-to-date: /home/spkmak/vegabot_ws/install/vegabot_controller/share/vegabot_controller/config/twist_mux_topics.yaml
[2.353s] -- Up-to-date: /home/spkmak/vegabot_ws/install/vegabot_controller/share/vegabot_controller/config/joy_teleop.yaml
[2.353s] -- Up-to-date: /home/spkmak/vegabot_ws/install/vegabot_controller/share/vegabot_controller/config/joy_config.yaml
[2.353s] -- Up-to-date: /home/spkmak/vegabot_ws/install/vegabot_controller/share/ament_index/resource_index/package_run_dependencies/vegabot_controller
[2.355s] -- Up-to-date: /home/spkmak/vegabot_ws/install/vegabot_controller/share/ament_index/resource_index/parent_prefix_path/vegabot_controller
[2.361s] -- Up-to-date: /home/spkmak/vegabot_ws/install/vegabot_controller/share/vegabot_controller/environment/ament_prefix_path.sh
[2.361s] -- Up-to-date: /home/spkmak/vegabot_ws/install/vegabot_controller/share/vegabot_controller/environment/ament_prefix_path.dsv
[2.361s] -- Up-to-date: /home/spkmak/vegabot_ws/install/vegabot_controller/share/vegabot_controller/environment/path.sh
[2.362s] -- Up-to-date: /home/spkmak/vegabot_ws/install/vegabot_controller/share/vegabot_controller/environment/path.dsv
[2.368s] -- Up-to-date: /home/spkmak/vegabot_ws/install/vegabot_controller/share/vegabot_controller/local_setup.bash
[2.369s] -- Up-to-date: /home/spkmak/vegabot_ws/install/vegabot_controller/share/vegabot_controller/local_setup.sh
[2.369s] -- Up-to-date: /home/spkmak/vegabot_ws/install/vegabot_controller/share/vegabot_controller/local_setup.zsh
[2.369s] -- Up-to-date: /home/spkmak/vegabot_ws/install/vegabot_controller/share/vegabot_controller/local_setup.dsv
[2.369s] -- Installing: /home/spkmak/vegabot_ws/install/vegabot_controller/share/vegabot_controller/package.dsv
[2.371s] -- Up-to-date: /home/spkmak/vegabot_ws/install/vegabot_controller/share/ament_index/resource_index/packages/vegabot_controller
[2.373s] -- Up-to-date: /home/spkmak/vegabot_ws/install/vegabot_controller/share/vegabot_controller/cmake/vegabot_controllerConfig.cmake
[2.374s] -- Up-to-date: /home/spkmak/vegabot_ws/install/vegabot_controller/share/vegabot_controller/cmake/vegabot_controllerConfig-version.cmake
[2.379s] -- Up-to-date: /home/spkmak/vegabot_ws/install/vegabot_controller/share/vegabot_controller/package.xml
[2.379s] Invoked command in '/home/spkmak/vegabot_ws/build/vegabot_controller' returned '0': CMAKE_PREFIX_PATH=${CMAKE_PREFIX_PATH}:/home/spkmak/ros2_ws/install/so_arm_100_bringup:/opt/ros/humble /home/spkmak/.local/bin/cmake --install /home/spkmak/vegabot_ws/build/vegabot_controller
