[0.033s] Invoking command in '/home/spkmak/vegabot_ws/build/vegabot_controller': CMAKE_PREFIX_PATH=${CMAKE_PREFIX_PATH}:/home/spkmak/ros2_ws/install/so_arm_100_bringup:/opt/ros/humble /home/spkmak/.local/bin/cmake --build /home/spkmak/vegabot_ws/build/vegabot_controller -- -j6 -l6
[0.364s] Invoked command in '/home/spkmak/vegabot_ws/build/vegabot_controller' returned '0': CMAKE_PREFIX_PATH=${CMAKE_PREFIX_PATH}:/home/spkmak/ros2_ws/install/so_arm_100_bringup:/opt/ros/humble /home/spkmak/.local/bin/cmake --build /home/spkmak/vegabot_ws/build/vegabot_controller -- -j6 -l6
[0.368s] Invoking command in '/home/spkmak/vegabot_ws/build/vegabot_controller': CMAKE_PREFIX_PATH=${CMAKE_PREFIX_PATH}:/home/spkmak/ros2_ws/install/so_arm_100_bringup:/opt/ros/humble /home/spkmak/.local/bin/cmake --install /home/spkmak/vegabot_ws/build/vegabot_controller
[0.651s] -- Install configuration: ""
[0.652s] -- Up-to-date: /home/spkmak/vegabot_ws/install/vegabot_controller/share/vegabot_controller/launch
[0.655s] -- Up-to-date: /home/spkmak/vegabot_ws/install/vegabot_controller/share/vegabot_controller/launch/joystick.launch.py
[0.656s] -- Up-to-date: /home/spkmak/vegabot_ws/install/vegabot_controller/share/vegabot_controller/launch/controller.launch.py
[0.657s] -- Up-to-date: /home/spkmak/vegabot_ws/install/vegabot_controller/share/vegabot_controller/config
[0.657s] -- Up-to-date: /home/spkmak/vegabot_ws/install/vegabot_controller/share/vegabot_controller/config/vegabot_controllers.yaml
[0.658s] -- Up-to-date: /home/spkmak/vegabot_ws/install/vegabot_controller/share/vegabot_controller/config/twist_mux_locks.yaml
[0.660s] -- Up-to-date: /home/spkmak/vegabot_ws/install/vegabot_controller/share/vegabot_controller/config/twist_mux_joy.yaml
[0.660s] -- Up-to-date: /home/spkmak/vegabot_ws/install/vegabot_controller/share/vegabot_controller/config/twist_mux_topics.yaml
[0.662s] -- Up-to-date: /home/spkmak/vegabot_ws/install/vegabot_controller/share/vegabot_controller/config/joy_teleop.yaml
[0.662s] -- Up-to-date: /home/spkmak/vegabot_ws/install/vegabot_controller/share/vegabot_controller/config/joy_config.yaml
[0.662s] -- Up-to-date: /home/spkmak/vegabot_ws/install/vegabot_controller/share/ament_index/resource_index/package_run_dependencies/vegabot_controller
[0.664s] -- Up-to-date: /home/spkmak/vegabot_ws/install/vegabot_controller/share/ament_index/resource_index/parent_prefix_path/vegabot_controller
[0.664s] -- Up-to-date: /home/spkmak/vegabot_ws/install/vegabot_controller/share/vegabot_controller/environment/ament_prefix_path.sh
[0.666s] -- Up-to-date: /home/spkmak/vegabot_ws/install/vegabot_controller/share/vegabot_controller/environment/ament_prefix_path.dsv
[0.671s] -- Up-to-date: /home/spkmak/vegabot_ws/install/vegabot_controller/share/vegabot_controller/environment/path.sh
[0.673s] -- Up-to-date: /home/spkmak/vegabot_ws/install/vegabot_controller/share/vegabot_controller/environment/path.dsv
[0.673s] -- Up-to-date: /home/spkmak/vegabot_ws/install/vegabot_controller/share/vegabot_controller/local_setup.bash
[0.674s] -- Up-to-date: /home/spkmak/vegabot_ws/install/vegabot_controller/share/vegabot_controller/local_setup.sh
[0.674s] -- Up-to-date: /home/spkmak/vegabot_ws/install/vegabot_controller/share/vegabot_controller/local_setup.zsh
[0.674s] -- Up-to-date: /home/spkmak/vegabot_ws/install/vegabot_controller/share/vegabot_controller/local_setup.dsv
[0.675s] -- Installing: /home/spkmak/vegabot_ws/install/vegabot_controller/share/vegabot_controller/package.dsv
[0.679s] -- Up-to-date: /home/spkmak/vegabot_ws/install/vegabot_controller/share/ament_index/resource_index/packages/vegabot_controller
[0.679s] -- Up-to-date: /home/spkmak/vegabot_ws/install/vegabot_controller/share/vegabot_controller/cmake/vegabot_controllerConfig.cmake
[0.680s] -- Up-to-date: /home/spkmak/vegabot_ws/install/vegabot_controller/share/vegabot_controller/cmake/vegabot_controllerConfig-version.cmake
[0.681s] -- Up-to-date: /home/spkmak/vegabot_ws/install/vegabot_controller/share/vegabot_controller/package.xml
[0.727s] Invoked command in '/home/spkmak/vegabot_ws/build/vegabot_controller' returned '0': CMAKE_PREFIX_PATH=${CMAKE_PREFIX_PATH}:/home/spkmak/ros2_ws/install/so_arm_100_bringup:/opt/ros/humble /home/spkmak/.local/bin/cmake --install /home/spkmak/vegabot_ws/build/vegabot_controller
