-- Install configuration: ""
-- Up-to-date: /home/spkmak/vegabot_ws/install/vegabot_mapping/share/vegabot_mapping/config
-- Up-to-date: /home/spkmak/vegabot_ws/install/vegabot_mapping/share/vegabot_mapping/config/slam_toolbox.yaml
-- Up-to-date: /home/spkmak/vegabot_ws/install/vegabot_mapping/share/vegabot_mapping/launch
-- Up-to-date: /home/spkmak/vegabot_ws/install/vegabot_mapping/share/vegabot_mapping/launch/slam.launch.py
-- Up-to-date: /home/spkmak/vegabot_ws/install/vegabot_mapping/share/vegabot_mapping/maps
-- Up-to-date: /home/spkmak/vegabot_ws/install/vegabot_mapping/share/vegabot_mapping/maps/myroom
-- Up-to-date: /home/spkmak/vegabot_ws/install/vegabot_mapping/share/vegabot_mapping/maps/myroom/map.yaml
-- Up-to-date: /home/spkmak/vegabot_ws/install/vegabot_mapping/share/vegabot_mapping/maps/myroom/map.pgm
-- Up-to-date: /home/spkmak/vegabot_ws/install/vegabot_mapping/share/vegabot_mapping/maps/small_house
-- Up-to-date: /home/spkmak/vegabot_ws/install/vegabot_mapping/share/vegabot_mapping/maps/small_house/map.yaml
-- Up-to-date: /home/spkmak/vegabot_ws/install/vegabot_mapping/share/vegabot_mapping/maps/small_house/map.pgm
-- Up-to-date: /home/spkmak/vegabot_ws/install/vegabot_mapping/share/vegabot_mapping/rviz
-- Up-to-date: /home/spkmak/vegabot_ws/install/vegabot_mapping/share/vegabot_mapping/rviz/slam.rviz
-- Up-to-date: /home/spkmak/vegabot_ws/install/vegabot_mapping/share/ament_index/resource_index/package_run_dependencies/vegabot_mapping
-- Up-to-date: /home/spkmak/vegabot_ws/install/vegabot_mapping/share/ament_index/resource_index/parent_prefix_path/vegabot_mapping
-- Up-to-date: /home/spkmak/vegabot_ws/install/vegabot_mapping/share/vegabot_mapping/environment/ament_prefix_path.sh
-- Up-to-date: /home/spkmak/vegabot_ws/install/vegabot_mapping/share/vegabot_mapping/environment/ament_prefix_path.dsv
-- Up-to-date: /home/spkmak/vegabot_ws/install/vegabot_mapping/share/vegabot_mapping/environment/path.sh
-- Up-to-date: /home/spkmak/vegabot_ws/install/vegabot_mapping/share/vegabot_mapping/environment/path.dsv
-- Up-to-date: /home/spkmak/vegabot_ws/install/vegabot_mapping/share/vegabot_mapping/local_setup.bash
-- Up-to-date: /home/spkmak/vegabot_ws/install/vegabot_mapping/share/vegabot_mapping/local_setup.sh
-- Up-to-date: /home/spkmak/vegabot_ws/install/vegabot_mapping/share/vegabot_mapping/local_setup.zsh
-- Up-to-date: /home/spkmak/vegabot_ws/install/vegabot_mapping/share/vegabot_mapping/local_setup.dsv
-- Up-to-date: /home/spkmak/vegabot_ws/install/vegabot_mapping/share/vegabot_mapping/package.dsv
-- Up-to-date: /home/spkmak/vegabot_ws/install/vegabot_mapping/share/ament_index/resource_index/packages/vegabot_mapping
-- Up-to-date: /home/spkmak/vegabot_ws/install/vegabot_mapping/share/vegabot_mapping/cmake/vegabot_mappingConfig.cmake
-- Up-to-date: /home/spkmak/vegabot_ws/install/vegabot_mapping/share/vegabot_mapping/cmake/vegabot_mappingConfig-version.cmake
-- Up-to-date: /home/spkmak/vegabot_ws/install/vegabot_mapping/share/vegabot_mapping/package.xml
