[0.037s] Invoking command in '/home/spkmak/vegabot_ws/build/vegabot_mapping': CMAKE_PREFIX_PATH=${CMAKE_PREFIX_PATH}:/home/spkmak/ros2_ws/install/so_arm_100_bringup:/opt/ros/humble /home/spkmak/.local/bin/cmake /home/spkmak/vegabot_ws/src/vegabot_mapping -DCMAKE_INSTALL_PREFIX=/home/spkmak/vegabot_ws/install/vegabot_mapping
[0.507s] [0mCMake Deprecation Warning at CMakeLists.txt:1 (cmake_minimum_required):
[0.507s]   Compatibility with CMake < 3.10 will be removed from a future version of
[0.507s]   CMake.
[0.508s] 
[0.508s]   Update the VERSION argument <min> value.  Or, use the <min>...<max> syntax
[0.508s]   to tell CMake that the project requires at least <min> but has been updated
[0.508s]   to work with policies introduced by <max> or earlier.
[0.509s] 
[0.509s] [0m
[1.532s] -- The C compiler identification is GNU 11.4.0
[2.156s] -- The CXX compiler identification is GNU 11.4.0
[2.184s] -- Detecting C compiler ABI info
[2.318s] -- Detecting C compiler ABI info - done
[2.346s] -- Check for working C compiler: /usr/bin/cc - skipped
[2.350s] -- Detecting C compile features
[2.352s] -- Detecting C compile features - done
[2.387s] -- Detecting CXX compiler ABI info
[2.528s] -- Detecting CXX compiler ABI info - done
[2.568s] -- Check for working CXX compiler: /usr/bin/c++ - skipped
[2.568s] -- Detecting CXX compile features
[2.570s] -- Detecting CXX compile features - done
[2.610s] -- Found ament_cmake: 1.3.14 (/opt/ros/humble/share/ament_cmake/cmake)
[2.944s] -- Found Python3: /usr/bin/python3 (found version "3.10.12") found components: Interpreter
[3.360s] -- Found ament_lint_auto: 0.12.15 (/opt/ros/humble/share/ament_lint_auto/cmake)
[3.579s] -- Added test 'flake8' to check Python code syntax and style conventions
[3.583s] -- Added test 'lint_cmake' to check CMake code style
[3.584s] -- Added test 'pep257' to check Python code against some of the docstring style conventions in PEP 257
[3.587s] -- Added test 'xmllint' to check XML markup files
[3.591s] -- Configuring done (3.1s)
[3.600s] -- Generating done (0.0s)
[3.603s] -- Build files have been written to: /home/spkmak/vegabot_ws/build/vegabot_mapping
[3.616s] Invoked command in '/home/spkmak/vegabot_ws/build/vegabot_mapping' returned '0': CMAKE_PREFIX_PATH=${CMAKE_PREFIX_PATH}:/home/spkmak/ros2_ws/install/so_arm_100_bringup:/opt/ros/humble /home/spkmak/.local/bin/cmake /home/spkmak/vegabot_ws/src/vegabot_mapping -DCMAKE_INSTALL_PREFIX=/home/spkmak/vegabot_ws/install/vegabot_mapping
[3.619s] Invoking command in '/home/spkmak/vegabot_ws/build/vegabot_mapping': CMAKE_PREFIX_PATH=${CMAKE_PREFIX_PATH}:/home/spkmak/ros2_ws/install/so_arm_100_bringup:/opt/ros/humble /home/spkmak/.local/bin/cmake --build /home/spkmak/vegabot_ws/build/vegabot_mapping -- -j6 -l6
[3.790s] Invoked command in '/home/spkmak/vegabot_ws/build/vegabot_mapping' returned '0': CMAKE_PREFIX_PATH=${CMAKE_PREFIX_PATH}:/home/spkmak/ros2_ws/install/so_arm_100_bringup:/opt/ros/humble /home/spkmak/.local/bin/cmake --build /home/spkmak/vegabot_ws/build/vegabot_mapping -- -j6 -l6
[3.795s] Invoking command in '/home/spkmak/vegabot_ws/build/vegabot_mapping': CMAKE_PREFIX_PATH=${CMAKE_PREFIX_PATH}:/home/spkmak/ros2_ws/install/so_arm_100_bringup:/opt/ros/humble /home/spkmak/.local/bin/cmake --install /home/spkmak/vegabot_ws/build/vegabot_mapping
[3.947s] -- Install configuration: ""
[3.947s] -- Installing: /home/spkmak/vegabot_ws/install/vegabot_mapping/share/vegabot_mapping/config
[3.947s] -- Installing: /home/spkmak/vegabot_ws/install/vegabot_mapping/share/vegabot_mapping/config/slam_toolbox.yaml
[3.947s] -- Installing: /home/spkmak/vegabot_ws/install/vegabot_mapping/share/vegabot_mapping/launch
[3.948s] -- Installing: /home/spkmak/vegabot_ws/install/vegabot_mapping/share/vegabot_mapping/launch/slam.launch.py
[3.948s] -- Installing: /home/spkmak/vegabot_ws/install/vegabot_mapping/share/vegabot_mapping/maps
[3.948s] -- Installing: /home/spkmak/vegabot_ws/install/vegabot_mapping/share/vegabot_mapping/maps/myroom
[3.948s] -- Installing: /home/spkmak/vegabot_ws/install/vegabot_mapping/share/vegabot_mapping/maps/myroom/map.yaml
[3.948s] -- Installing: /home/spkmak/vegabot_ws/install/vegabot_mapping/share/vegabot_mapping/maps/myroom/map.pgm
[3.949s] -- Installing: /home/spkmak/vegabot_ws/install/vegabot_mapping/share/vegabot_mapping/maps/small_house
[3.949s] -- Installing: /home/spkmak/vegabot_ws/install/vegabot_mapping/share/vegabot_mapping/maps/small_house/map.yaml
[3.949s] -- Installing: /home/spkmak/vegabot_ws/install/vegabot_mapping/share/vegabot_mapping/maps/small_house/map.pgm
[3.949s] -- Installing: /home/spkmak/vegabot_ws/install/vegabot_mapping/share/vegabot_mapping/rviz
[3.950s] -- Installing: /home/spkmak/vegabot_ws/install/vegabot_mapping/share/vegabot_mapping/rviz/slam.rviz
[3.950s] -- Installing: /home/spkmak/vegabot_ws/install/vegabot_mapping/share/ament_index/resource_index/package_run_dependencies/vegabot_mapping
[3.950s] -- Installing: /home/spkmak/vegabot_ws/install/vegabot_mapping/share/ament_index/resource_index/parent_prefix_path/vegabot_mapping
[3.951s] -- Installing: /home/spkmak/vegabot_ws/install/vegabot_mapping/share/vegabot_mapping/environment/ament_prefix_path.sh
[3.951s] -- Installing: /home/spkmak/vegabot_ws/install/vegabot_mapping/share/vegabot_mapping/environment/ament_prefix_path.dsv
[3.951s] -- Installing: /home/spkmak/vegabot_ws/install/vegabot_mapping/share/vegabot_mapping/environment/path.sh
[3.951s] -- Installing: /home/spkmak/vegabot_ws/install/vegabot_mapping/share/vegabot_mapping/environment/path.dsv
[3.951s] -- Installing: /home/spkmak/vegabot_ws/install/vegabot_mapping/share/vegabot_mapping/local_setup.bash
[3.952s] -- Installing: /home/spkmak/vegabot_ws/install/vegabot_mapping/share/vegabot_mapping/local_setup.sh
[3.952s] -- Installing: /home/spkmak/vegabot_ws/install/vegabot_mapping/share/vegabot_mapping/local_setup.zsh
[3.952s] -- Installing: /home/spkmak/vegabot_ws/install/vegabot_mapping/share/vegabot_mapping/local_setup.dsv
[3.952s] -- Installing: /home/spkmak/vegabot_ws/install/vegabot_mapping/share/vegabot_mapping/package.dsv
[3.952s] -- Installing: /home/spkmak/vegabot_ws/install/vegabot_mapping/share/ament_index/resource_index/packages/vegabot_mapping
[3.953s] -- Installing: /home/spkmak/vegabot_ws/install/vegabot_mapping/share/vegabot_mapping/cmake/vegabot_mappingConfig.cmake
[3.953s] -- Installing: /home/spkmak/vegabot_ws/install/vegabot_mapping/share/vegabot_mapping/cmake/vegabot_mappingConfig-version.cmake
[3.953s] -- Installing: /home/spkmak/vegabot_ws/install/vegabot_mapping/share/vegabot_mapping/package.xml
[3.959s] Invoked command in '/home/spkmak/vegabot_ws/build/vegabot_mapping' returned '0': CMAKE_PREFIX_PATH=${CMAKE_PREFIX_PATH}:/home/spkmak/ros2_ws/install/so_arm_100_bringup:/opt/ros/humble /home/spkmak/.local/bin/cmake --install /home/spkmak/vegabot_ws/build/vegabot_mapping
