[0.539s] Invoking command in '/home/spkmak/vegabot_ws/build/vegabot_navigation': CMAKE_PREFIX_PATH=${CMAKE_PREFIX_PATH}:/home/spkmak/ros2_ws/install/so_arm_100_bringup:/opt/ros/humble /home/spkmak/.local/bin/cmake /home/spkmak/vegabot_ws/src/vegabot_navigation -DCMAKE_INSTALL_PREFIX=/home/spkmak/vegabot_ws/install/vegabot_navigation
[0.908s] [0mCMake Deprecation Warning at CMakeLists.txt:1 (cmake_minimum_required):
[0.908s]   Compatibility with CMake < 3.10 will be removed from a future version of
[0.908s]   CMake.
[0.908s] 
[0.909s]   Update the VERSION argument <min> value.  Or, use the <min>...<max> syntax
[0.909s]   to tell CMake that the project requires at least <min> but has been updated
[0.909s]   to work with policies introduced by <max> or earlier.
[0.909s] 
[0.909s] [0m
[2.305s] -- The C compiler identification is GNU 11.4.0
[2.922s] -- The CXX compiler identification is GNU 11.4.0
[2.976s] -- Detecting C compiler ABI info
[3.119s] -- Detecting C compiler ABI info - done
[3.152s] -- Check for working C compiler: /usr/bin/cc - skipped
[3.153s] -- Detecting C compile features
[3.155s] -- Detecting C compile features - done
[3.199s] -- Detecting CXX compiler ABI info
[3.331s] -- Detecting CXX compiler ABI info - done
[3.369s] -- Check for working CXX compiler: /usr/bin/c++ - skipped
[3.371s] -- Detecting CXX compile features
[3.371s] -- Detecting CXX compile features - done
[3.484s] -- Found ament_cmake: 1.3.14 (/opt/ros/humble/share/ament_cmake/cmake)
[3.912s] -- Found Python3: /usr/bin/python3 (found version "3.10.12") found components: Interpreter
[4.235s] -- Found rclpy: 3.3.21 (/opt/ros/humble/share/rclpy/cmake)
[4.426s] -- Found ament_lint_auto: 0.12.15 (/opt/ros/humble/share/ament_lint_auto/cmake)
[4.621s] -- Added test 'flake8' to check Python code syntax and style conventions
[4.624s] -- Added test 'lint_cmake' to check CMake code style
[4.626s] -- Added test 'pep257' to check Python code against some of the docstring style conventions in PEP 257
[4.630s] -- Added test 'xmllint' to check XML markup files
[4.634s] -- Configuring done (3.7s)
[4.645s] -- Generating done (0.0s)
[4.648s] -- Build files have been written to: /home/spkmak/vegabot_ws/build/vegabot_navigation
[4.660s] Invoked command in '/home/spkmak/vegabot_ws/build/vegabot_navigation' returned '0': CMAKE_PREFIX_PATH=${CMAKE_PREFIX_PATH}:/home/spkmak/ros2_ws/install/so_arm_100_bringup:/opt/ros/humble /home/spkmak/.local/bin/cmake /home/spkmak/vegabot_ws/src/vegabot_navigation -DCMAKE_INSTALL_PREFIX=/home/spkmak/vegabot_ws/install/vegabot_navigation
[4.663s] Invoking command in '/home/spkmak/vegabot_ws/build/vegabot_navigation': CMAKE_PREFIX_PATH=${CMAKE_PREFIX_PATH}:/home/spkmak/ros2_ws/install/so_arm_100_bringup:/opt/ros/humble /home/spkmak/.local/bin/cmake --build /home/spkmak/vegabot_ws/build/vegabot_navigation -- -j6 -l6
[4.855s] Built target ament_cmake_python_copy_vegabot_navigation
[5.299s] running egg_info
[5.340s] creating vegabot_navigation.egg-info
[5.340s] writing vegabot_navigation.egg-info/PKG-INFO
[5.342s] writing dependency_links to vegabot_navigation.egg-info/dependency_links.txt
[5.342s] writing top-level names to vegabot_navigation.egg-info/top_level.txt
[5.343s] writing manifest file 'vegabot_navigation.egg-info/SOURCES.txt'
[5.460s] reading manifest file 'vegabot_navigation.egg-info/SOURCES.txt'
[5.461s] writing manifest file 'vegabot_navigation.egg-info/SOURCES.txt'
[5.532s] Built target ament_cmake_python_build_vegabot_navigation_egg
[5.547s] Invoked command in '/home/spkmak/vegabot_ws/build/vegabot_navigation' returned '0': CMAKE_PREFIX_PATH=${CMAKE_PREFIX_PATH}:/home/spkmak/ros2_ws/install/so_arm_100_bringup:/opt/ros/humble /home/spkmak/.local/bin/cmake --build /home/spkmak/vegabot_ws/build/vegabot_navigation -- -j6 -l6
[5.548s] Invoking command in '/home/spkmak/vegabot_ws/build/vegabot_navigation': CMAKE_PREFIX_PATH=${CMAKE_PREFIX_PATH}:/home/spkmak/ros2_ws/install/so_arm_100_bringup:/opt/ros/humble /home/spkmak/.local/bin/cmake --install /home/spkmak/vegabot_ws/build/vegabot_navigation
[5.695s] -- Install configuration: ""
[5.695s] -- Installing: /home/spkmak/vegabot_ws/install/vegabot_navigation/share/vegabot_navigation/environment/pythonpath.sh
[5.696s] -- Installing: /home/spkmak/vegabot_ws/install/vegabot_navigation/share/vegabot_navigation/environment/pythonpath.dsv
[5.696s] -- Installing: /home/spkmak/vegabot_ws/install/vegabot_navigation/local/lib/python3.10/dist-packages/vegabot_navigation-0.0.0-py3.10.egg-info
[5.696s] -- Installing: /home/spkmak/vegabot_ws/install/vegabot_navigation/local/lib/python3.10/dist-packages/vegabot_navigation-0.0.0-py3.10.egg-info/top_level.txt
[5.697s] -- Installing: /home/spkmak/vegabot_ws/install/vegabot_navigation/local/lib/python3.10/dist-packages/vegabot_navigation-0.0.0-py3.10.egg-info/SOURCES.txt
[5.697s] -- Installing: /home/spkmak/vegabot_ws/install/vegabot_navigation/local/lib/python3.10/dist-packages/vegabot_navigation-0.0.0-py3.10.egg-info/PKG-INFO
[5.697s] -- Installing: /home/spkmak/vegabot_ws/install/vegabot_navigation/local/lib/python3.10/dist-packages/vegabot_navigation-0.0.0-py3.10.egg-info/dependency_links.txt
[5.697s] -- Installing: /home/spkmak/vegabot_ws/install/vegabot_navigation/local/lib/python3.10/dist-packages/vegabot_navigation
[5.698s] -- Installing: /home/spkmak/vegabot_ws/install/vegabot_navigation/local/lib/python3.10/dist-packages/vegabot_navigation/waypoint_following.py
[5.698s] -- Installing: /home/spkmak/vegabot_ws/install/vegabot_navigation/local/lib/python3.10/dist-packages/vegabot_navigation/__init__.py
[5.781s] Listing '/home/spkmak/vegabot_ws/install/vegabot_navigation/local/lib/python3.10/dist-packages/vegabot_navigation'...
[5.781s] Compiling '/home/spkmak/vegabot_ws/install/vegabot_navigation/local/lib/python3.10/dist-packages/vegabot_navigation/__init__.py'...
[5.781s] Compiling '/home/spkmak/vegabot_ws/install/vegabot_navigation/local/lib/python3.10/dist-packages/vegabot_navigation/waypoint_following.py'...
[5.794s] -- Installing: /home/spkmak/vegabot_ws/install/vegabot_navigation/share/vegabot_navigation/launch
[5.795s] -- Installing: /home/spkmak/vegabot_ws/install/vegabot_navigation/share/vegabot_navigation/launch/navigation.launch.py
[5.795s] -- Installing: /home/spkmak/vegabot_ws/install/vegabot_navigation/share/vegabot_navigation/config
[5.796s] -- Installing: /home/spkmak/vegabot_ws/install/vegabot_navigation/share/vegabot_navigation/config/smoother_server.yaml
[5.796s] -- Installing: /home/spkmak/vegabot_ws/install/vegabot_navigation/share/vegabot_navigation/config/planner_server.yaml
[5.796s] -- Installing: /home/spkmak/vegabot_ws/install/vegabot_navigation/share/vegabot_navigation/config/behavior_server.yaml
[5.796s] -- Installing: /home/spkmak/vegabot_ws/install/vegabot_navigation/share/vegabot_navigation/config/bt_navigator.yaml
[5.797s] -- Installing: /home/spkmak/vegabot_ws/install/vegabot_navigation/share/vegabot_navigation/config/waypoint_follower.yaml
[5.797s] -- Installing: /home/spkmak/vegabot_ws/install/vegabot_navigation/share/vegabot_navigation/config/controller_server.yaml
[5.797s] -- Installing: /home/spkmak/vegabot_ws/install/vegabot_navigation/share/vegabot_navigation/behavior_tree
[5.798s] -- Installing: /home/spkmak/vegabot_ws/install/vegabot_navigation/share/vegabot_navigation/behavior_tree/simple_navigation_w_replanning_and_recovery.xml
[5.798s] -- Installing: /home/spkmak/vegabot_ws/install/vegabot_navigation/lib/vegabot_navigation/waypoint_following.py
[5.798s] -- Installing: /home/spkmak/vegabot_ws/install/vegabot_navigation/share/ament_index/resource_index/package_run_dependencies/vegabot_navigation
[5.799s] -- Installing: /home/spkmak/vegabot_ws/install/vegabot_navigation/share/ament_index/resource_index/parent_prefix_path/vegabot_navigation
[5.799s] -- Installing: /home/spkmak/vegabot_ws/install/vegabot_navigation/share/vegabot_navigation/environment/ament_prefix_path.sh
[5.799s] -- Installing: /home/spkmak/vegabot_ws/install/vegabot_navigation/share/vegabot_navigation/environment/ament_prefix_path.dsv
[5.799s] -- Installing: /home/spkmak/vegabot_ws/install/vegabot_navigation/share/vegabot_navigation/environment/path.sh
[5.800s] -- Installing: /home/spkmak/vegabot_ws/install/vegabot_navigation/share/vegabot_navigation/environment/path.dsv
[5.800s] -- Installing: /home/spkmak/vegabot_ws/install/vegabot_navigation/share/vegabot_navigation/local_setup.bash
[5.800s] -- Installing: /home/spkmak/vegabot_ws/install/vegabot_navigation/share/vegabot_navigation/local_setup.sh
[5.800s] -- Installing: /home/spkmak/vegabot_ws/install/vegabot_navigation/share/vegabot_navigation/local_setup.zsh
[5.800s] -- Installing: /home/spkmak/vegabot_ws/install/vegabot_navigation/share/vegabot_navigation/local_setup.dsv
[5.801s] -- Installing: /home/spkmak/vegabot_ws/install/vegabot_navigation/share/vegabot_navigation/package.dsv
[5.801s] -- Installing: /home/spkmak/vegabot_ws/install/vegabot_navigation/share/ament_index/resource_index/packages/vegabot_navigation
[5.801s] -- Installing: /home/spkmak/vegabot_ws/install/vegabot_navigation/share/vegabot_navigation/cmake/vegabot_navigationConfig.cmake
[5.801s] -- Installing: /home/spkmak/vegabot_ws/install/vegabot_navigation/share/vegabot_navigation/cmake/vegabot_navigationConfig-version.cmake
[5.801s] -- Installing: /home/spkmak/vegabot_ws/install/vegabot_navigation/share/vegabot_navigation/package.xml
[5.805s] Invoked command in '/home/spkmak/vegabot_ws/build/vegabot_navigation' returned '0': CMAKE_PREFIX_PATH=${CMAKE_PREFIX_PATH}:/home/spkmak/ros2_ws/install/so_arm_100_bringup:/opt/ros/humble /home/spkmak/.local/bin/cmake --install /home/spkmak/vegabot_ws/build/vegabot_navigation
