running egg_info
creating ../../build/vegabot_scripts/vegabot_scripts.egg-info
writing ../../build/vegabot_scripts/vegabot_scripts.egg-info/PKG-INFO
writing dependency_links to ../../build/vegabot_scripts/vegabot_scripts.egg-info/dependency_links.txt
writing entry points to ../../build/vegabot_scripts/vegabot_scripts.egg-info/entry_points.txt
writing requirements to ../../build/vegabot_scripts/vegabot_scripts.egg-info/requires.txt
writing top-level names to ../../build/vegabot_scripts/vegabot_scripts.egg-info/top_level.txt
writing manifest file '../../build/vegabot_scripts/vegabot_scripts.egg-info/SOURCES.txt'
reading manifest file '../../build/vegabot_scripts/vegabot_scripts.egg-info/SOURCES.txt'
writing manifest file '../../build/vegabot_scripts/vegabot_scripts.egg-info/SOURCES.txt'
running build
running build_py
creating /home/spkmak/vegabot_ws/build/vegabot_scripts/build/lib/vegabot_scripts
copying vegabot_scripts/obstacle_avoidance.py -> /home/spkmak/vegabot_ws/build/vegabot_scripts/build/lib/vegabot_scripts
copying vegabot_scripts/docking_with_patrolling.py -> /home/spkmak/vegabot_ws/build/vegabot_scripts/build/lib/vegabot_scripts
copying vegabot_scripts/auto_docking_undocking.py -> /home/spkmak/vegabot_ws/build/vegabot_scripts/build/lib/vegabot_scripts
copying vegabot_scripts/read_camera.py -> /home/spkmak/vegabot_ws/build/vegabot_scripts/build/lib/vegabot_scripts
copying vegabot_scripts/auto_docking_with_battery.py -> /home/spkmak/vegabot_ws/build/vegabot_scripts/build/lib/vegabot_scripts
copying vegabot_scripts/detect_marker.py -> /home/spkmak/vegabot_ws/build/vegabot_scripts/build/lib/vegabot_scripts
copying vegabot_scripts/read_lidar.py -> /home/spkmak/vegabot_ws/build/vegabot_scripts/build/lib/vegabot_scripts
copying vegabot_scripts/read_imu.py -> /home/spkmak/vegabot_ws/build/vegabot_scripts/build/lib/vegabot_scripts
copying vegabot_scripts/maze_solver.py -> /home/spkmak/vegabot_ws/build/vegabot_scripts/build/lib/vegabot_scripts
copying vegabot_scripts/__init__.py -> /home/spkmak/vegabot_ws/build/vegabot_scripts/build/lib/vegabot_scripts
running install
running install_lib
creating /home/spkmak/vegabot_ws/install/vegabot_scripts/lib/python3.10/site-packages/vegabot_scripts
copying /home/spkmak/vegabot_ws/build/vegabot_scripts/build/lib/vegabot_scripts/obstacle_avoidance.py -> /home/spkmak/vegabot_ws/install/vegabot_scripts/lib/python3.10/site-packages/vegabot_scripts
copying /home/spkmak/vegabot_ws/build/vegabot_scripts/build/lib/vegabot_scripts/docking_with_patrolling.py -> /home/spkmak/vegabot_ws/install/vegabot_scripts/lib/python3.10/site-packages/vegabot_scripts
copying /home/spkmak/vegabot_ws/build/vegabot_scripts/build/lib/vegabot_scripts/auto_docking_undocking.py -> /home/spkmak/vegabot_ws/install/vegabot_scripts/lib/python3.10/site-packages/vegabot_scripts
copying /home/spkmak/vegabot_ws/build/vegabot_scripts/build/lib/vegabot_scripts/read_camera.py -> /home/spkmak/vegabot_ws/install/vegabot_scripts/lib/python3.10/site-packages/vegabot_scripts
copying /home/spkmak/vegabot_ws/build/vegabot_scripts/build/lib/vegabot_scripts/auto_docking_with_battery.py -> /home/spkmak/vegabot_ws/install/vegabot_scripts/lib/python3.10/site-packages/vegabot_scripts
copying /home/spkmak/vegabot_ws/build/vegabot_scripts/build/lib/vegabot_scripts/detect_marker.py -> /home/spkmak/vegabot_ws/install/vegabot_scripts/lib/python3.10/site-packages/vegabot_scripts
copying /home/spkmak/vegabot_ws/build/vegabot_scripts/build/lib/vegabot_scripts/read_lidar.py -> /home/spkmak/vegabot_ws/install/vegabot_scripts/lib/python3.10/site-packages/vegabot_scripts
copying /home/spkmak/vegabot_ws/build/vegabot_scripts/build/lib/vegabot_scripts/read_imu.py -> /home/spkmak/vegabot_ws/install/vegabot_scripts/lib/python3.10/site-packages/vegabot_scripts
copying /home/spkmak/vegabot_ws/build/vegabot_scripts/build/lib/vegabot_scripts/maze_solver.py -> /home/spkmak/vegabot_ws/install/vegabot_scripts/lib/python3.10/site-packages/vegabot_scripts
copying /home/spkmak/vegabot_ws/build/vegabot_scripts/build/lib/vegabot_scripts/__init__.py -> /home/spkmak/vegabot_ws/install/vegabot_scripts/lib/python3.10/site-packages/vegabot_scripts
byte-compiling /home/spkmak/vegabot_ws/install/vegabot_scripts/lib/python3.10/site-packages/vegabot_scripts/obstacle_avoidance.py to obstacle_avoidance.cpython-310.pyc
byte-compiling /home/spkmak/vegabot_ws/install/vegabot_scripts/lib/python3.10/site-packages/vegabot_scripts/docking_with_patrolling.py to docking_with_patrolling.cpython-310.pyc
byte-compiling /home/spkmak/vegabot_ws/install/vegabot_scripts/lib/python3.10/site-packages/vegabot_scripts/auto_docking_undocking.py to auto_docking_undocking.cpython-310.pyc
byte-compiling /home/spkmak/vegabot_ws/install/vegabot_scripts/lib/python3.10/site-packages/vegabot_scripts/read_camera.py to read_camera.cpython-310.pyc
byte-compiling /home/spkmak/vegabot_ws/install/vegabot_scripts/lib/python3.10/site-packages/vegabot_scripts/auto_docking_with_battery.py to auto_docking_with_battery.cpython-310.pyc
byte-compiling /home/spkmak/vegabot_ws/install/vegabot_scripts/lib/python3.10/site-packages/vegabot_scripts/detect_marker.py to detect_marker.cpython-310.pyc
byte-compiling /home/spkmak/vegabot_ws/install/vegabot_scripts/lib/python3.10/site-packages/vegabot_scripts/read_lidar.py to read_lidar.cpython-310.pyc
byte-compiling /home/spkmak/vegabot_ws/install/vegabot_scripts/lib/python3.10/site-packages/vegabot_scripts/read_imu.py to read_imu.cpython-310.pyc
byte-compiling /home/spkmak/vegabot_ws/install/vegabot_scripts/lib/python3.10/site-packages/vegabot_scripts/maze_solver.py to maze_solver.cpython-310.pyc
byte-compiling /home/spkmak/vegabot_ws/install/vegabot_scripts/lib/python3.10/site-packages/vegabot_scripts/__init__.py to __init__.cpython-310.pyc
running install_data
creating /home/spkmak/vegabot_ws/install/vegabot_scripts/share/ament_index/resource_index/packages
copying resource/vegabot_scripts -> /home/spkmak/vegabot_ws/install/vegabot_scripts/share/ament_index/resource_index/packages
copying package.xml -> /home/spkmak/vegabot_ws/install/vegabot_scripts/share/vegabot_scripts
running install_egg_info
Copying ../../build/vegabot_scripts/vegabot_scripts.egg-info to /home/spkmak/vegabot_ws/install/vegabot_scripts/lib/python3.10/site-packages/vegabot_scripts-0.0.0-py3.10.egg-info
running install_scripts
Installing auto_docking_undocking script to /home/spkmak/vegabot_ws/install/vegabot_scripts/lib/vegabot_scripts
Installing auto_docking_with_battery script to /home/spkmak/vegabot_ws/install/vegabot_scripts/lib/vegabot_scripts
Installing detect_marker script to /home/spkmak/vegabot_ws/install/vegabot_scripts/lib/vegabot_scripts
Installing docking_with_patrolling script to /home/spkmak/vegabot_ws/install/vegabot_scripts/lib/vegabot_scripts
Installing maze_solver script to /home/spkmak/vegabot_ws/install/vegabot_scripts/lib/vegabot_scripts
Installing obstacle_avoidance script to /home/spkmak/vegabot_ws/install/vegabot_scripts/lib/vegabot_scripts
Installing read_camera script to /home/spkmak/vegabot_ws/install/vegabot_scripts/lib/vegabot_scripts
Installing read_imu script to /home/spkmak/vegabot_ws/install/vegabot_scripts/lib/vegabot_scripts
Installing read_lidar script to /home/spkmak/vegabot_ws/install/vegabot_scripts/lib/vegabot_scripts
writing list of installed files to '/home/spkmak/vegabot_ws/build/vegabot_scripts/install.log'
