[1.897s] Invoking command in '/home/spkmak/vegabot_ws/src/vegabot_scripts': PYTHONPATH=/home/spkmak/vegabot_ws/build/vegabot_scripts/prefix_override:/usr/lib/python3/dist-packages/colcon_core/task/python/colcon_distutils_commands:/home/spkmak/vegabot_ws/install/vegabot_scripts/lib/python3.10/site-packages:${PYTHONPATH} /usr/bin/python3 -W ignore:setup.py install is deprecated -W ignore:easy_install command is deprecated setup.py egg_info --egg-base ../../build/vegabot_scripts build --build-base /home/spkmak/vegabot_ws/build/vegabot_scripts/build install --record /home/spkmak/vegabot_ws/build/vegabot_scripts/install.log --install-scripts $base/lib/vegabot_scripts --single-version-externally-managed install_data
[2.428s] running egg_info
[2.463s] creating ../../build/vegabot_scripts/vegabot_scripts.egg-info
[2.463s] writing ../../build/vegabot_scripts/vegabot_scripts.egg-info/PKG-INFO
[2.464s] writing dependency_links to ../../build/vegabot_scripts/vegabot_scripts.egg-info/dependency_links.txt
[2.465s] writing entry points to ../../build/vegabot_scripts/vegabot_scripts.egg-info/entry_points.txt
[2.465s] writing requirements to ../../build/vegabot_scripts/vegabot_scripts.egg-info/requires.txt
[2.465s] writing top-level names to ../../build/vegabot_scripts/vegabot_scripts.egg-info/top_level.txt
[2.466s] writing manifest file '../../build/vegabot_scripts/vegabot_scripts.egg-info/SOURCES.txt'
[2.540s] reading manifest file '../../build/vegabot_scripts/vegabot_scripts.egg-info/SOURCES.txt'
[2.542s] writing manifest file '../../build/vegabot_scripts/vegabot_scripts.egg-info/SOURCES.txt'
[2.543s] running build
[2.543s] running build_py
[2.543s] creating /home/spkmak/vegabot_ws/build/vegabot_scripts/build/lib/vegabot_scripts
[2.544s] copying vegabot_scripts/obstacle_avoidance.py -> /home/spkmak/vegabot_ws/build/vegabot_scripts/build/lib/vegabot_scripts
[2.544s] copying vegabot_scripts/docking_with_patrolling.py -> /home/spkmak/vegabot_ws/build/vegabot_scripts/build/lib/vegabot_scripts
[2.544s] copying vegabot_scripts/auto_docking_undocking.py -> /home/spkmak/vegabot_ws/build/vegabot_scripts/build/lib/vegabot_scripts
[2.545s] copying vegabot_scripts/read_camera.py -> /home/spkmak/vegabot_ws/build/vegabot_scripts/build/lib/vegabot_scripts
[2.545s] copying vegabot_scripts/auto_docking_with_battery.py -> /home/spkmak/vegabot_ws/build/vegabot_scripts/build/lib/vegabot_scripts
[2.545s] copying vegabot_scripts/detect_marker.py -> /home/spkmak/vegabot_ws/build/vegabot_scripts/build/lib/vegabot_scripts
[2.545s] copying vegabot_scripts/read_lidar.py -> /home/spkmak/vegabot_ws/build/vegabot_scripts/build/lib/vegabot_scripts
[2.546s] copying vegabot_scripts/read_imu.py -> /home/spkmak/vegabot_ws/build/vegabot_scripts/build/lib/vegabot_scripts
[2.546s] copying vegabot_scripts/maze_solver.py -> /home/spkmak/vegabot_ws/build/vegabot_scripts/build/lib/vegabot_scripts
[2.546s] copying vegabot_scripts/__init__.py -> /home/spkmak/vegabot_ws/build/vegabot_scripts/build/lib/vegabot_scripts
[2.547s] running install
[2.555s] running install_lib
[2.592s] creating /home/spkmak/vegabot_ws/install/vegabot_scripts/lib/python3.10/site-packages/vegabot_scripts
[2.592s] copying /home/spkmak/vegabot_ws/build/vegabot_scripts/build/lib/vegabot_scripts/obstacle_avoidance.py -> /home/spkmak/vegabot_ws/install/vegabot_scripts/lib/python3.10/site-packages/vegabot_scripts
[2.593s] copying /home/spkmak/vegabot_ws/build/vegabot_scripts/build/lib/vegabot_scripts/docking_with_patrolling.py -> /home/spkmak/vegabot_ws/install/vegabot_scripts/lib/python3.10/site-packages/vegabot_scripts
[2.593s] copying /home/spkmak/vegabot_ws/build/vegabot_scripts/build/lib/vegabot_scripts/auto_docking_undocking.py -> /home/spkmak/vegabot_ws/install/vegabot_scripts/lib/python3.10/site-packages/vegabot_scripts
[2.593s] copying /home/spkmak/vegabot_ws/build/vegabot_scripts/build/lib/vegabot_scripts/read_camera.py -> /home/spkmak/vegabot_ws/install/vegabot_scripts/lib/python3.10/site-packages/vegabot_scripts
[2.594s] copying /home/spkmak/vegabot_ws/build/vegabot_scripts/build/lib/vegabot_scripts/auto_docking_with_battery.py -> /home/spkmak/vegabot_ws/install/vegabot_scripts/lib/python3.10/site-packages/vegabot_scripts
[2.594s] copying /home/spkmak/vegabot_ws/build/vegabot_scripts/build/lib/vegabot_scripts/detect_marker.py -> /home/spkmak/vegabot_ws/install/vegabot_scripts/lib/python3.10/site-packages/vegabot_scripts
[2.594s] copying /home/spkmak/vegabot_ws/build/vegabot_scripts/build/lib/vegabot_scripts/read_lidar.py -> /home/spkmak/vegabot_ws/install/vegabot_scripts/lib/python3.10/site-packages/vegabot_scripts
[2.595s] copying /home/spkmak/vegabot_ws/build/vegabot_scripts/build/lib/vegabot_scripts/read_imu.py -> /home/spkmak/vegabot_ws/install/vegabot_scripts/lib/python3.10/site-packages/vegabot_scripts
[2.595s] copying /home/spkmak/vegabot_ws/build/vegabot_scripts/build/lib/vegabot_scripts/maze_solver.py -> /home/spkmak/vegabot_ws/install/vegabot_scripts/lib/python3.10/site-packages/vegabot_scripts
[2.595s] copying /home/spkmak/vegabot_ws/build/vegabot_scripts/build/lib/vegabot_scripts/__init__.py -> /home/spkmak/vegabot_ws/install/vegabot_scripts/lib/python3.10/site-packages/vegabot_scripts
[2.596s] byte-compiling /home/spkmak/vegabot_ws/install/vegabot_scripts/lib/python3.10/site-packages/vegabot_scripts/obstacle_avoidance.py to obstacle_avoidance.cpython-310.pyc
[2.597s] byte-compiling /home/spkmak/vegabot_ws/install/vegabot_scripts/lib/python3.10/site-packages/vegabot_scripts/docking_with_patrolling.py to docking_with_patrolling.cpython-310.pyc
[2.601s] byte-compiling /home/spkmak/vegabot_ws/install/vegabot_scripts/lib/python3.10/site-packages/vegabot_scripts/auto_docking_undocking.py to auto_docking_undocking.cpython-310.pyc
[2.603s] byte-compiling /home/spkmak/vegabot_ws/install/vegabot_scripts/lib/python3.10/site-packages/vegabot_scripts/read_camera.py to read_camera.cpython-310.pyc
[2.604s] byte-compiling /home/spkmak/vegabot_ws/install/vegabot_scripts/lib/python3.10/site-packages/vegabot_scripts/auto_docking_with_battery.py to auto_docking_with_battery.cpython-310.pyc
[2.608s] byte-compiling /home/spkmak/vegabot_ws/install/vegabot_scripts/lib/python3.10/site-packages/vegabot_scripts/detect_marker.py to detect_marker.cpython-310.pyc
[2.609s] byte-compiling /home/spkmak/vegabot_ws/install/vegabot_scripts/lib/python3.10/site-packages/vegabot_scripts/read_lidar.py to read_lidar.cpython-310.pyc
[2.609s] byte-compiling /home/spkmak/vegabot_ws/install/vegabot_scripts/lib/python3.10/site-packages/vegabot_scripts/read_imu.py to read_imu.cpython-310.pyc
[2.610s] byte-compiling /home/spkmak/vegabot_ws/install/vegabot_scripts/lib/python3.10/site-packages/vegabot_scripts/maze_solver.py to maze_solver.cpython-310.pyc
[2.611s] byte-compiling /home/spkmak/vegabot_ws/install/vegabot_scripts/lib/python3.10/site-packages/vegabot_scripts/__init__.py to __init__.cpython-310.pyc
[2.612s] running install_data
[2.612s] creating /home/spkmak/vegabot_ws/install/vegabot_scripts/share/ament_index/resource_index/packages
[2.613s] copying resource/vegabot_scripts -> /home/spkmak/vegabot_ws/install/vegabot_scripts/share/ament_index/resource_index/packages
[2.613s] copying package.xml -> /home/spkmak/vegabot_ws/install/vegabot_scripts/share/vegabot_scripts
[2.613s] running install_egg_info
[2.653s] Copying ../../build/vegabot_scripts/vegabot_scripts.egg-info to /home/spkmak/vegabot_ws/install/vegabot_scripts/lib/python3.10/site-packages/vegabot_scripts-0.0.0-py3.10.egg-info
[2.655s] running install_scripts
[2.943s] Installing auto_docking_undocking script to /home/spkmak/vegabot_ws/install/vegabot_scripts/lib/vegabot_scripts
[2.943s] Installing auto_docking_with_battery script to /home/spkmak/vegabot_ws/install/vegabot_scripts/lib/vegabot_scripts
[2.944s] Installing detect_marker script to /home/spkmak/vegabot_ws/install/vegabot_scripts/lib/vegabot_scripts
[2.944s] Installing docking_with_patrolling script to /home/spkmak/vegabot_ws/install/vegabot_scripts/lib/vegabot_scripts
[2.944s] Installing maze_solver script to /home/spkmak/vegabot_ws/install/vegabot_scripts/lib/vegabot_scripts
[2.944s] Installing obstacle_avoidance script to /home/spkmak/vegabot_ws/install/vegabot_scripts/lib/vegabot_scripts
[2.945s] Installing read_camera script to /home/spkmak/vegabot_ws/install/vegabot_scripts/lib/vegabot_scripts
[2.945s] Installing read_imu script to /home/spkmak/vegabot_ws/install/vegabot_scripts/lib/vegabot_scripts
[2.945s] Installing read_lidar script to /home/spkmak/vegabot_ws/install/vegabot_scripts/lib/vegabot_scripts
[2.946s] writing list of installed files to '/home/spkmak/vegabot_ws/build/vegabot_scripts/install.log'
[3.024s] Invoked command in '/home/spkmak/vegabot_ws/src/vegabot_scripts' returned '0': PYTHONPATH=/home/spkmak/vegabot_ws/build/vegabot_scripts/prefix_override:/usr/lib/python3/dist-packages/colcon_core/task/python/colcon_distutils_commands:/home/spkmak/vegabot_ws/install/vegabot_scripts/lib/python3.10/site-packages:${PYTHONPATH} /usr/bin/python3 -W ignore:setup.py install is deprecated -W ignore:easy_install command is deprecated setup.py egg_info --egg-base ../../build/vegabot_scripts build --build-base /home/spkmak/vegabot_ws/build/vegabot_scripts/build install --record /home/spkmak/vegabot_ws/build/vegabot_scripts/install.log --install-scripts $base/lib/vegabot_scripts --single-version-externally-managed install_data
