/home/spkmak/vegabot_ws/install/vegabot_scripts/lib/python3.10/site-packages/vegabot_scripts/obstacle_avoidance.py
/home/spkmak/vegabot_ws/install/vegabot_scripts/lib/python3.10/site-packages/vegabot_scripts/docking_with_patrolling.py
/home/spkmak/vegabot_ws/install/vegabot_scripts/lib/python3.10/site-packages/vegabot_scripts/auto_docking_undocking.py
/home/spkmak/vegabot_ws/install/vegabot_scripts/lib/python3.10/site-packages/vegabot_scripts/read_camera.py
/home/spkmak/vegabot_ws/install/vegabot_scripts/lib/python3.10/site-packages/vegabot_scripts/auto_docking_with_battery.py
/home/spkmak/vegabot_ws/install/vegabot_scripts/lib/python3.10/site-packages/vegabot_scripts/detect_marker.py
/home/spkmak/vegabot_ws/install/vegabot_scripts/lib/python3.10/site-packages/vegabot_scripts/read_lidar.py
/home/spkmak/vegabot_ws/install/vegabot_scripts/lib/python3.10/site-packages/vegabot_scripts/read_imu.py
/home/spkmak/vegabot_ws/install/vegabot_scripts/lib/python3.10/site-packages/vegabot_scripts/maze_solver.py
/home/spkmak/vegabot_ws/install/vegabot_scripts/lib/python3.10/site-packages/vegabot_scripts/__init__.py
/home/spkmak/vegabot_ws/install/vegabot_scripts/lib/python3.10/site-packages/vegabot_scripts/__pycache__/obstacle_avoidance.cpython-310.pyc
/home/spkmak/vegabot_ws/install/vegabot_scripts/lib/python3.10/site-packages/vegabot_scripts/__pycache__/docking_with_patrolling.cpython-310.pyc
/home/spkmak/vegabot_ws/install/vegabot_scripts/lib/python3.10/site-packages/vegabot_scripts/__pycache__/auto_docking_undocking.cpython-310.pyc
/home/spkmak/vegabot_ws/install/vegabot_scripts/lib/python3.10/site-packages/vegabot_scripts/__pycache__/read_camera.cpython-310.pyc
/home/spkmak/vegabot_ws/install/vegabot_scripts/lib/python3.10/site-packages/vegabot_scripts/__pycache__/auto_docking_with_battery.cpython-310.pyc
/home/spkmak/vegabot_ws/install/vegabot_scripts/lib/python3.10/site-packages/vegabot_scripts/__pycache__/detect_marker.cpython-310.pyc
/home/spkmak/vegabot_ws/install/vegabot_scripts/lib/python3.10/site-packages/vegabot_scripts/__pycache__/read_lidar.cpython-310.pyc
/home/spkmak/vegabot_ws/install/vegabot_scripts/lib/python3.10/site-packages/vegabot_scripts/__pycache__/read_imu.cpython-310.pyc
/home/spkmak/vegabot_ws/install/vegabot_scripts/lib/python3.10/site-packages/vegabot_scripts/__pycache__/maze_solver.cpython-310.pyc
/home/spkmak/vegabot_ws/install/vegabot_scripts/lib/python3.10/site-packages/vegabot_scripts/__pycache__/__init__.cpython-310.pyc
/home/spkmak/vegabot_ws/install/vegabot_scripts/share/ament_index/resource_index/packages/vegabot_scripts
/home/spkmak/vegabot_ws/install/vegabot_scripts/share/vegabot_scripts/package.xml
/home/spkmak/vegabot_ws/install/vegabot_scripts/lib/python3.10/site-packages/vegabot_scripts-0.0.0-py3.10.egg-info/top_level.txt
/home/spkmak/vegabot_ws/install/vegabot_scripts/lib/python3.10/site-packages/vegabot_scripts-0.0.0-py3.10.egg-info/requires.txt
/home/spkmak/vegabot_ws/install/vegabot_scripts/lib/python3.10/site-packages/vegabot_scripts-0.0.0-py3.10.egg-info/SOURCES.txt
/home/spkmak/vegabot_ws/install/vegabot_scripts/lib/python3.10/site-packages/vegabot_scripts-0.0.0-py3.10.egg-info/entry_points.txt
/home/spkmak/vegabot_ws/install/vegabot_scripts/lib/python3.10/site-packages/vegabot_scripts-0.0.0-py3.10.egg-info/PKG-INFO
/home/spkmak/vegabot_ws/install/vegabot_scripts/lib/python3.10/site-packages/vegabot_scripts-0.0.0-py3.10.egg-info/zip-safe
/home/spkmak/vegabot_ws/install/vegabot_scripts/lib/python3.10/site-packages/vegabot_scripts-0.0.0-py3.10.egg-info/dependency_links.txt
/home/spkmak/vegabot_ws/install/vegabot_scripts/lib/vegabot_scripts/auto_docking_undocking
/home/spkmak/vegabot_ws/install/vegabot_scripts/lib/vegabot_scripts/auto_docking_with_battery
/home/spkmak/vegabot_ws/install/vegabot_scripts/lib/vegabot_scripts/detect_marker
/home/spkmak/vegabot_ws/install/vegabot_scripts/lib/vegabot_scripts/docking_with_patrolling
/home/spkmak/vegabot_ws/install/vegabot_scripts/lib/vegabot_scripts/maze_solver
/home/spkmak/vegabot_ws/install/vegabot_scripts/lib/vegabot_scripts/obstacle_avoidance
/home/spkmak/vegabot_ws/install/vegabot_scripts/lib/vegabot_scripts/read_camera
/home/spkmak/vegabot_ws/install/vegabot_scripts/lib/vegabot_scripts/read_imu
/home/spkmak/vegabot_ws/install/vegabot_scripts/lib/vegabot_scripts/read_lidar
