[0.226s] DEBUG:colcon:Command line arguments: ['/usr/bin/colcon', 'build']
[0.226s] DEBUG:colcon:Parsed command line arguments: Namespace(log_base=None, log_level=None, verb_name='build', build_base='build', install_base='install', merge_install=False, symlink_install=False, test_result_base=None, continue_on_error=False, executor='parallel', parallel_workers=6, event_handlers=None, ignore_user_meta=False, metas=['./colcon.meta'], base_paths=['.'], packages_ignore=None, packages_ignore_regex=None, paths=None, packages_up_to=None, packages_up_to_regex=None, packages_above=None, packages_above_and_dependencies=None, packages_above_depth=None, packages_select_by_dep=None, packages_skip_by_dep=None, packages_skip_up_to=None, packages_select_build_failed=False, packages_skip_build_finished=False, packages_select_test_failures=False, packages_skip_test_passed=False, packages_select=None, packages_skip=None, packages_select_regex=None, packages_skip_regex=None, packages_start=None, packages_end=None, allow_overriding=[], cargo_args=None, clean_build=False, cmake_args=None, cmake_target=None, cmake_target_skip_unavailable=False, cmake_clean_cache=False, cmake_clean_first=False, cmake_force_configure=False, lookup_in_workspace=False, ament_cmake_args=None, catkin_cmake_args=None, catkin_skip_building_tests=False, verb_parser=<colcon_defaults.argument_parser.defaults.DefaultArgumentsDecorator object at 0xffff84a036d0>, verb_extension=<colcon_core.verb.build.BuildVerb object at 0xffff84c25540>, main=<bound method BuildVerb.main of <colcon_core.verb.build.BuildVerb object at 0xffff84c25540>>)
[0.304s] Level 1:colcon.colcon_core.package_discovery:discover_packages(colcon_meta) check parameters
[0.304s] Level 1:colcon.colcon_core.package_discovery:discover_packages(recursive) check parameters
[0.304s] Level 1:colcon.colcon_core.package_discovery:discover_packages(ignore) check parameters
[0.304s] Level 1:colcon.colcon_core.package_discovery:discover_packages(path) check parameters
[0.304s] Level 1:colcon.colcon_core.package_discovery:discover_packages(cargo_workspace) check parameters
[0.304s] Level 1:colcon.colcon_core.package_discovery:discover_packages(colcon_meta) discover
[0.304s] Level 1:colcon.colcon_core.package_discovery:discover_packages(recursive) discover
[0.304s] INFO:colcon.colcon_core.package_discovery:Crawling recursively for packages in '/home/spkmak/vegabot_ws'
[0.305s] Level 1:colcon.colcon_core.package_identification:_identify(.) by extensions ['ignore', 'ignore_ament_install']
[0.305s] Level 1:colcon.colcon_core.package_identification:_identify(.) by extension 'ignore'
[0.305s] Level 1:colcon.colcon_core.package_identification:_identify(.) by extension 'ignore_ament_install'
[0.305s] Level 1:colcon.colcon_core.package_identification:_identify(.) by extensions ['cargo_workspace']
[0.305s] Level 1:colcon.colcon_core.package_identification:_identify(.) by extension 'cargo_workspace'
[0.305s] Level 1:colcon.colcon_core.package_identification:_identify(.) by extensions ['colcon_pkg']
[0.305s] Level 1:colcon.colcon_core.package_identification:_identify(.) by extension 'colcon_pkg'
[0.305s] Level 1:colcon.colcon_core.package_identification:_identify(.) by extensions ['colcon_meta']
[0.306s] Level 1:colcon.colcon_core.package_identification:_identify(.) by extension 'colcon_meta'
[0.306s] Level 1:colcon.colcon_core.package_identification:_identify(.) by extensions ['ros']
[0.306s] Level 1:colcon.colcon_core.package_identification:_identify(.) by extension 'ros'
[0.332s] Level 1:colcon.colcon_core.package_identification:_identify(.) by extensions ['cargo', 'cmake', 'python']
[0.332s] Level 1:colcon.colcon_core.package_identification:_identify(.) by extension 'cargo'
[0.332s] Level 1:colcon.colcon_core.package_identification:_identify(.) by extension 'cmake'
[0.332s] Level 1:colcon.colcon_core.package_identification:_identify(.) by extension 'python'
[0.332s] Level 1:colcon.colcon_core.package_identification:_identify(.) by extensions ['python_setup_py']
[0.333s] Level 1:colcon.colcon_core.package_identification:_identify(.) by extension 'python_setup_py'
[0.333s] Level 1:colcon.colcon_core.package_identification:_identify(build) by extensions ['ignore', 'ignore_ament_install']
[0.333s] Level 1:colcon.colcon_core.package_identification:_identify(build) by extension 'ignore'
[0.333s] Level 1:colcon.colcon_core.package_identification:_identify(build) ignored
[0.333s] Level 1:colcon.colcon_core.package_identification:_identify(install) by extensions ['ignore', 'ignore_ament_install']
[0.334s] Level 1:colcon.colcon_core.package_identification:_identify(install) by extension 'ignore'
[0.334s] Level 1:colcon.colcon_core.package_identification:_identify(install) ignored
[0.334s] Level 1:colcon.colcon_core.package_identification:_identify(log) by extensions ['ignore', 'ignore_ament_install']
[0.334s] Level 1:colcon.colcon_core.package_identification:_identify(log) by extension 'ignore'
[0.334s] Level 1:colcon.colcon_core.package_identification:_identify(log) ignored
[0.334s] Level 1:colcon.colcon_core.package_identification:_identify(src) by extensions ['ignore', 'ignore_ament_install']
[0.334s] Level 1:colcon.colcon_core.package_identification:_identify(src) by extension 'ignore'
[0.335s] Level 1:colcon.colcon_core.package_identification:_identify(src) by extension 'ignore_ament_install'
[0.335s] Level 1:colcon.colcon_core.package_identification:_identify(src) by extensions ['cargo_workspace']
[0.335s] Level 1:colcon.colcon_core.package_identification:_identify(src) by extension 'cargo_workspace'
[0.335s] Level 1:colcon.colcon_core.package_identification:_identify(src) by extensions ['colcon_pkg']
[0.335s] Level 1:colcon.colcon_core.package_identification:_identify(src) by extension 'colcon_pkg'
[0.335s] Level 1:colcon.colcon_core.package_identification:_identify(src) by extensions ['colcon_meta']
[0.335s] Level 1:colcon.colcon_core.package_identification:_identify(src) by extension 'colcon_meta'
[0.335s] Level 1:colcon.colcon_core.package_identification:_identify(src) by extensions ['ros']
[0.335s] Level 1:colcon.colcon_core.package_identification:_identify(src) by extension 'ros'
[0.335s] Level 1:colcon.colcon_core.package_identification:_identify(src) by extensions ['cargo', 'cmake', 'python']
[0.335s] Level 1:colcon.colcon_core.package_identification:_identify(src) by extension 'cargo'
[0.335s] Level 1:colcon.colcon_core.package_identification:_identify(src) by extension 'cmake'
[0.336s] Level 1:colcon.colcon_core.package_identification:_identify(src) by extension 'python'
[0.336s] Level 1:colcon.colcon_core.package_identification:_identify(src) by extensions ['python_setup_py']
[0.336s] Level 1:colcon.colcon_core.package_identification:_identify(src) by extension 'python_setup_py'
[0.336s] Level 1:colcon.colcon_core.package_identification:_identify(src/vegabot_bringup) by extensions ['ignore', 'ignore_ament_install']
[0.336s] Level 1:colcon.colcon_core.package_identification:_identify(src/vegabot_bringup) by extension 'ignore'
[0.336s] Level 1:colcon.colcon_core.package_identification:_identify(src/vegabot_bringup) by extension 'ignore_ament_install'
[0.336s] Level 1:colcon.colcon_core.package_identification:_identify(src/vegabot_bringup) by extensions ['cargo_workspace']
[0.336s] Level 1:colcon.colcon_core.package_identification:_identify(src/vegabot_bringup) by extension 'cargo_workspace'
[0.336s] Level 1:colcon.colcon_core.package_identification:_identify(src/vegabot_bringup) by extensions ['colcon_pkg']
[0.336s] Level 1:colcon.colcon_core.package_identification:_identify(src/vegabot_bringup) by extension 'colcon_pkg'
[0.336s] Level 1:colcon.colcon_core.package_identification:_identify(src/vegabot_bringup) by extensions ['colcon_meta']
[0.337s] Level 1:colcon.colcon_core.package_identification:_identify(src/vegabot_bringup) by extension 'colcon_meta'
[0.337s] Level 1:colcon.colcon_core.package_identification:_identify(src/vegabot_bringup) by extensions ['ros']
[0.337s] Level 1:colcon.colcon_core.package_identification:_identify(src/vegabot_bringup) by extension 'ros'
[0.341s] DEBUG:colcon.colcon_core.package_identification:Package 'src/vegabot_bringup' with type 'ros.ament_cmake' and name 'vegabot_bringup'
[0.341s] Level 1:colcon.colcon_core.package_identification:_identify(src/vegabot_controller) by extensions ['ignore', 'ignore_ament_install']
[0.342s] Level 1:colcon.colcon_core.package_identification:_identify(src/vegabot_controller) by extension 'ignore'
[0.342s] Level 1:colcon.colcon_core.package_identification:_identify(src/vegabot_controller) by extension 'ignore_ament_install'
[0.342s] Level 1:colcon.colcon_core.package_identification:_identify(src/vegabot_controller) by extensions ['cargo_workspace']
[0.342s] Level 1:colcon.colcon_core.package_identification:_identify(src/vegabot_controller) by extension 'cargo_workspace'
[0.342s] Level 1:colcon.colcon_core.package_identification:_identify(src/vegabot_controller) by extensions ['colcon_pkg']
[0.342s] Level 1:colcon.colcon_core.package_identification:_identify(src/vegabot_controller) by extension 'colcon_pkg'
[0.342s] Level 1:colcon.colcon_core.package_identification:_identify(src/vegabot_controller) by extensions ['colcon_meta']
[0.342s] Level 1:colcon.colcon_core.package_identification:_identify(src/vegabot_controller) by extension 'colcon_meta'
[0.342s] Level 1:colcon.colcon_core.package_identification:_identify(src/vegabot_controller) by extensions ['ros']
[0.342s] Level 1:colcon.colcon_core.package_identification:_identify(src/vegabot_controller) by extension 'ros'
[0.344s] DEBUG:colcon.colcon_core.package_identification:Package 'src/vegabot_controller' with type 'ros.ament_cmake' and name 'vegabot_controller'
[0.344s] Level 1:colcon.colcon_core.package_identification:_identify(src/vegabot_description) by extensions ['ignore', 'ignore_ament_install']
[0.344s] Level 1:colcon.colcon_core.package_identification:_identify(src/vegabot_description) by extension 'ignore'
[0.344s] Level 1:colcon.colcon_core.package_identification:_identify(src/vegabot_description) by extension 'ignore_ament_install'
[0.344s] Level 1:colcon.colcon_core.package_identification:_identify(src/vegabot_description) by extensions ['cargo_workspace']
[0.344s] Level 1:colcon.colcon_core.package_identification:_identify(src/vegabot_description) by extension 'cargo_workspace'
[0.344s] Level 1:colcon.colcon_core.package_identification:_identify(src/vegabot_description) by extensions ['colcon_pkg']
[0.344s] Level 1:colcon.colcon_core.package_identification:_identify(src/vegabot_description) by extension 'colcon_pkg'
[0.345s] Level 1:colcon.colcon_core.package_identification:_identify(src/vegabot_description) by extensions ['colcon_meta']
[0.345s] Level 1:colcon.colcon_core.package_identification:_identify(src/vegabot_description) by extension 'colcon_meta'
[0.345s] Level 1:colcon.colcon_core.package_identification:_identify(src/vegabot_description) by extensions ['ros']
[0.345s] Level 1:colcon.colcon_core.package_identification:_identify(src/vegabot_description) by extension 'ros'
[0.346s] DEBUG:colcon.colcon_core.package_identification:Package 'src/vegabot_description' with type 'ros.ament_cmake' and name 'vegabot_description'
[0.346s] Level 1:colcon.colcon_core.package_identification:_identify(src/vegabot_localization) by extensions ['ignore', 'ignore_ament_install']
[0.346s] Level 1:colcon.colcon_core.package_identification:_identify(src/vegabot_localization) by extension 'ignore'
[0.346s] Level 1:colcon.colcon_core.package_identification:_identify(src/vegabot_localization) by extension 'ignore_ament_install'
[0.346s] Level 1:colcon.colcon_core.package_identification:_identify(src/vegabot_localization) by extensions ['cargo_workspace']
[0.346s] Level 1:colcon.colcon_core.package_identification:_identify(src/vegabot_localization) by extension 'cargo_workspace'
[0.346s] Level 1:colcon.colcon_core.package_identification:_identify(src/vegabot_localization) by extensions ['colcon_pkg']
[0.347s] Level 1:colcon.colcon_core.package_identification:_identify(src/vegabot_localization) by extension 'colcon_pkg'
[0.347s] Level 1:colcon.colcon_core.package_identification:_identify(src/vegabot_localization) by extensions ['colcon_meta']
[0.347s] Level 1:colcon.colcon_core.package_identification:_identify(src/vegabot_localization) by extension 'colcon_meta'
[0.347s] Level 1:colcon.colcon_core.package_identification:_identify(src/vegabot_localization) by extensions ['ros']
[0.347s] Level 1:colcon.colcon_core.package_identification:_identify(src/vegabot_localization) by extension 'ros'
[0.348s] DEBUG:colcon.colcon_core.package_identification:Package 'src/vegabot_localization' with type 'ros.ament_cmake' and name 'vegabot_localization'
[0.348s] Level 1:colcon.colcon_core.package_identification:_identify(src/vegabot_mapping) by extensions ['ignore', 'ignore_ament_install']
[0.348s] Level 1:colcon.colcon_core.package_identification:_identify(src/vegabot_mapping) by extension 'ignore'
[0.348s] Level 1:colcon.colcon_core.package_identification:_identify(src/vegabot_mapping) by extension 'ignore_ament_install'
[0.348s] Level 1:colcon.colcon_core.package_identification:_identify(src/vegabot_mapping) by extensions ['cargo_workspace']
[0.348s] Level 1:colcon.colcon_core.package_identification:_identify(src/vegabot_mapping) by extension 'cargo_workspace'
[0.349s] Level 1:colcon.colcon_core.package_identification:_identify(src/vegabot_mapping) by extensions ['colcon_pkg']
[0.349s] Level 1:colcon.colcon_core.package_identification:_identify(src/vegabot_mapping) by extension 'colcon_pkg'
[0.349s] Level 1:colcon.colcon_core.package_identification:_identify(src/vegabot_mapping) by extensions ['colcon_meta']
[0.349s] Level 1:colcon.colcon_core.package_identification:_identify(src/vegabot_mapping) by extension 'colcon_meta'
[0.349s] Level 1:colcon.colcon_core.package_identification:_identify(src/vegabot_mapping) by extensions ['ros']
[0.349s] Level 1:colcon.colcon_core.package_identification:_identify(src/vegabot_mapping) by extension 'ros'
[0.350s] DEBUG:colcon.colcon_core.package_identification:Package 'src/vegabot_mapping' with type 'ros.ament_cmake' and name 'vegabot_mapping'
[0.350s] Level 1:colcon.colcon_core.package_identification:_identify(src/vegabot_media) by extensions ['ignore', 'ignore_ament_install']
[0.350s] Level 1:colcon.colcon_core.package_identification:_identify(src/vegabot_media) by extension 'ignore'
[0.350s] Level 1:colcon.colcon_core.package_identification:_identify(src/vegabot_media) by extension 'ignore_ament_install'
[0.350s] Level 1:colcon.colcon_core.package_identification:_identify(src/vegabot_media) by extensions ['cargo_workspace']
[0.350s] Level 1:colcon.colcon_core.package_identification:_identify(src/vegabot_media) by extension 'cargo_workspace'
[0.351s] Level 1:colcon.colcon_core.package_identification:_identify(src/vegabot_media) by extensions ['colcon_pkg']
[0.351s] Level 1:colcon.colcon_core.package_identification:_identify(src/vegabot_media) by extension 'colcon_pkg'
[0.351s] Level 1:colcon.colcon_core.package_identification:_identify(src/vegabot_media) by extensions ['colcon_meta']
[0.351s] Level 1:colcon.colcon_core.package_identification:_identify(src/vegabot_media) by extension 'colcon_meta'
[0.351s] Level 1:colcon.colcon_core.package_identification:_identify(src/vegabot_media) by extensions ['ros']
[0.351s] Level 1:colcon.colcon_core.package_identification:_identify(src/vegabot_media) by extension 'ros'
[0.351s] Level 1:colcon.colcon_core.package_identification:_identify(src/vegabot_media) by extensions ['cargo', 'cmake', 'python']
[0.351s] Level 1:colcon.colcon_core.package_identification:_identify(src/vegabot_media) by extension 'cargo'
[0.351s] Level 1:colcon.colcon_core.package_identification:_identify(src/vegabot_media) by extension 'cmake'
[0.351s] Level 1:colcon.colcon_core.package_identification:_identify(src/vegabot_media) by extension 'python'
[0.351s] Level 1:colcon.colcon_core.package_identification:_identify(src/vegabot_media) by extensions ['python_setup_py']
[0.351s] Level 1:colcon.colcon_core.package_identification:_identify(src/vegabot_media) by extension 'python_setup_py'
[0.352s] Level 1:colcon.colcon_core.package_identification:_identify(src/vegabot_navigation) by extensions ['ignore', 'ignore_ament_install']
[0.352s] Level 1:colcon.colcon_core.package_identification:_identify(src/vegabot_navigation) by extension 'ignore'
[0.352s] Level 1:colcon.colcon_core.package_identification:_identify(src/vegabot_navigation) by extension 'ignore_ament_install'
[0.352s] Level 1:colcon.colcon_core.package_identification:_identify(src/vegabot_navigation) by extensions ['cargo_workspace']
[0.352s] Level 1:colcon.colcon_core.package_identification:_identify(src/vegabot_navigation) by extension 'cargo_workspace'
[0.352s] Level 1:colcon.colcon_core.package_identification:_identify(src/vegabot_navigation) by extensions ['colcon_pkg']
[0.352s] Level 1:colcon.colcon_core.package_identification:_identify(src/vegabot_navigation) by extension 'colcon_pkg'
[0.352s] Level 1:colcon.colcon_core.package_identification:_identify(src/vegabot_navigation) by extensions ['colcon_meta']
[0.352s] Level 1:colcon.colcon_core.package_identification:_identify(src/vegabot_navigation) by extension 'colcon_meta'
[0.352s] Level 1:colcon.colcon_core.package_identification:_identify(src/vegabot_navigation) by extensions ['ros']
[0.352s] Level 1:colcon.colcon_core.package_identification:_identify(src/vegabot_navigation) by extension 'ros'
[0.354s] DEBUG:colcon.colcon_core.package_identification:Package 'src/vegabot_navigation' with type 'ros.ament_cmake' and name 'vegabot_navigation'
[0.354s] Level 1:colcon.colcon_core.package_identification:_identify(src/vegabot_scripts) by extensions ['ignore', 'ignore_ament_install']
[0.354s] Level 1:colcon.colcon_core.package_identification:_identify(src/vegabot_scripts) by extension 'ignore'
[0.354s] Level 1:colcon.colcon_core.package_identification:_identify(src/vegabot_scripts) by extension 'ignore_ament_install'
[0.354s] Level 1:colcon.colcon_core.package_identification:_identify(src/vegabot_scripts) by extensions ['cargo_workspace']
[0.355s] Level 1:colcon.colcon_core.package_identification:_identify(src/vegabot_scripts) by extension 'cargo_workspace'
[0.355s] Level 1:colcon.colcon_core.package_identification:_identify(src/vegabot_scripts) by extensions ['colcon_pkg']
[0.355s] Level 1:colcon.colcon_core.package_identification:_identify(src/vegabot_scripts) by extension 'colcon_pkg'
[0.355s] Level 1:colcon.colcon_core.package_identification:_identify(src/vegabot_scripts) by extensions ['colcon_meta']
[0.355s] Level 1:colcon.colcon_core.package_identification:_identify(src/vegabot_scripts) by extension 'colcon_meta'
[0.355s] Level 1:colcon.colcon_core.package_identification:_identify(src/vegabot_scripts) by extensions ['ros']
[0.355s] Level 1:colcon.colcon_core.package_identification:_identify(src/vegabot_scripts) by extension 'ros'
[0.358s] DEBUG:colcon.colcon_core.package_identification:Package 'src/vegabot_scripts' with type 'ros.ament_python' and name 'vegabot_scripts'
[0.358s] Level 1:colcon.colcon_core.package_discovery:discover_packages(recursive) using defaults
[0.359s] Level 1:colcon.colcon_core.package_discovery:discover_packages(ignore) discover
[0.359s] Level 1:colcon.colcon_core.package_discovery:discover_packages(ignore) using defaults
[0.359s] Level 1:colcon.colcon_core.package_discovery:discover_packages(path) discover
[0.359s] Level 1:colcon.colcon_core.package_discovery:discover_packages(path) using defaults
[0.359s] Level 1:colcon.colcon_core.package_discovery:discover_packages(cargo_workspace) discover
[0.359s] Level 1:colcon.colcon_core.package_discovery:discover_packages(cargo_workspace) using defaults
[0.397s] Level 1:colcon.colcon_core.package_discovery:discover_packages(prefix_path) check parameters
[0.397s] Level 1:colcon.colcon_core.package_discovery:discover_packages(prefix_path) discover
[0.402s] DEBUG:colcon.colcon_installed_package_information.package_discovery:Found 9 installed packages in /home/spkmak/vegabot_ws/install
[0.403s] DEBUG:colcon.colcon_installed_package_information.package_discovery:Found 10 installed packages in /home/spkmak/ros2_ws/install
[0.406s] DEBUG:colcon.colcon_installed_package_information.package_discovery:Found 415 installed packages in /opt/ros/humble
[0.409s] Level 1:colcon.colcon_core.package_discovery:discover_packages(prefix_path) using defaults
[0.540s] Level 5:colcon.colcon_core.verb:set package 'vegabot_bringup' build argument 'cargo_args' from command line to 'None'
[0.540s] Level 5:colcon.colcon_core.verb:set package 'vegabot_bringup' build argument 'clean_build' from command line to 'False'
[0.540s] Level 5:colcon.colcon_core.verb:set package 'vegabot_bringup' build argument 'cmake_args' from command line to 'None'
[0.540s] Level 5:colcon.colcon_core.verb:set package 'vegabot_bringup' build argument 'cmake_target' from command line to 'None'
[0.540s] Level 5:colcon.colcon_core.verb:set package 'vegabot_bringup' build argument 'cmake_target_skip_unavailable' from command line to 'False'
[0.540s] Level 5:colcon.colcon_core.verb:set package 'vegabot_bringup' build argument 'cmake_clean_cache' from command line to 'False'
[0.540s] Level 5:colcon.colcon_core.verb:set package 'vegabot_bringup' build argument 'cmake_clean_first' from command line to 'False'
[0.540s] Level 5:colcon.colcon_core.verb:set package 'vegabot_bringup' build argument 'cmake_force_configure' from command line to 'False'
[0.540s] Level 5:colcon.colcon_core.verb:set package 'vegabot_bringup' build argument 'lookup_in_workspace' from command line to 'False'
[0.540s] Level 5:colcon.colcon_core.verb:set package 'vegabot_bringup' build argument 'ament_cmake_args' from command line to 'None'
[0.540s] Level 5:colcon.colcon_core.verb:set package 'vegabot_bringup' build argument 'catkin_cmake_args' from command line to 'None'
[0.540s] Level 5:colcon.colcon_core.verb:set package 'vegabot_bringup' build argument 'catkin_skip_building_tests' from command line to 'False'
[0.541s] DEBUG:colcon.colcon_core.verb:Building package 'vegabot_bringup' with the following arguments: {'ament_cmake_args': None, 'build_base': '/home/spkmak/vegabot_ws/build/vegabot_bringup', 'cargo_args': None, 'catkin_cmake_args': None, 'catkin_skip_building_tests': False, 'clean_build': False, 'cmake_args': None, 'cmake_clean_cache': False, 'cmake_clean_first': False, 'cmake_force_configure': False, 'cmake_target': None, 'cmake_target_skip_unavailable': False, 'install_base': '/home/spkmak/vegabot_ws/install/vegabot_bringup', 'lookup_in_workspace': False, 'merge_install': False, 'path': '/home/spkmak/vegabot_ws/src/vegabot_bringup', 'symlink_install': False, 'test_result_base': None}
[0.541s] Level 5:colcon.colcon_core.verb:set package 'vegabot_controller' build argument 'cargo_args' from command line to 'None'
[0.541s] Level 5:colcon.colcon_core.verb:set package 'vegabot_controller' build argument 'clean_build' from command line to 'False'
[0.541s] Level 5:colcon.colcon_core.verb:set package 'vegabot_controller' build argument 'cmake_args' from command line to 'None'
[0.541s] Level 5:colcon.colcon_core.verb:set package 'vegabot_controller' build argument 'cmake_target' from command line to 'None'
[0.542s] Level 5:colcon.colcon_core.verb:set package 'vegabot_controller' build argument 'cmake_target_skip_unavailable' from command line to 'False'
[0.542s] Level 5:colcon.colcon_core.verb:set package 'vegabot_controller' build argument 'cmake_clean_cache' from command line to 'False'
[0.542s] Level 5:colcon.colcon_core.verb:set package 'vegabot_controller' build argument 'cmake_clean_first' from command line to 'False'
[0.542s] Level 5:colcon.colcon_core.verb:set package 'vegabot_controller' build argument 'cmake_force_configure' from command line to 'False'
[0.542s] Level 5:colcon.colcon_core.verb:set package 'vegabot_controller' build argument 'lookup_in_workspace' from command line to 'False'
[0.542s] Level 5:colcon.colcon_core.verb:set package 'vegabot_controller' build argument 'ament_cmake_args' from command line to 'None'
[0.542s] Level 5:colcon.colcon_core.verb:set package 'vegabot_controller' build argument 'catkin_cmake_args' from command line to 'None'
[0.542s] Level 5:colcon.colcon_core.verb:set package 'vegabot_controller' build argument 'catkin_skip_building_tests' from command line to 'False'
[0.542s] DEBUG:colcon.colcon_core.verb:Building package 'vegabot_controller' with the following arguments: {'ament_cmake_args': None, 'build_base': '/home/spkmak/vegabot_ws/build/vegabot_controller', 'cargo_args': None, 'catkin_cmake_args': None, 'catkin_skip_building_tests': False, 'clean_build': False, 'cmake_args': None, 'cmake_clean_cache': False, 'cmake_clean_first': False, 'cmake_force_configure': False, 'cmake_target': None, 'cmake_target_skip_unavailable': False, 'install_base': '/home/spkmak/vegabot_ws/install/vegabot_controller', 'lookup_in_workspace': False, 'merge_install': False, 'path': '/home/spkmak/vegabot_ws/src/vegabot_controller', 'symlink_install': False, 'test_result_base': None}
[0.543s] Level 5:colcon.colcon_core.verb:set package 'vegabot_description' build argument 'cargo_args' from command line to 'None'
[0.543s] Level 5:colcon.colcon_core.verb:set package 'vegabot_description' build argument 'clean_build' from command line to 'False'
[0.543s] Level 5:colcon.colcon_core.verb:set package 'vegabot_description' build argument 'cmake_args' from command line to 'None'
[0.543s] Level 5:colcon.colcon_core.verb:set package 'vegabot_description' build argument 'cmake_target' from command line to 'None'
[0.543s] Level 5:colcon.colcon_core.verb:set package 'vegabot_description' build argument 'cmake_target_skip_unavailable' from command line to 'False'
[0.543s] Level 5:colcon.colcon_core.verb:set package 'vegabot_description' build argument 'cmake_clean_cache' from command line to 'False'
[0.543s] Level 5:colcon.colcon_core.verb:set package 'vegabot_description' build argument 'cmake_clean_first' from command line to 'False'
[0.543s] Level 5:colcon.colcon_core.verb:set package 'vegabot_description' build argument 'cmake_force_configure' from command line to 'False'
[0.543s] Level 5:colcon.colcon_core.verb:set package 'vegabot_description' build argument 'lookup_in_workspace' from command line to 'False'
[0.543s] Level 5:colcon.colcon_core.verb:set package 'vegabot_description' build argument 'ament_cmake_args' from command line to 'None'
[0.543s] Level 5:colcon.colcon_core.verb:set package 'vegabot_description' build argument 'catkin_cmake_args' from command line to 'None'
[0.543s] Level 5:colcon.colcon_core.verb:set package 'vegabot_description' build argument 'catkin_skip_building_tests' from command line to 'False'
[0.543s] DEBUG:colcon.colcon_core.verb:Building package 'vegabot_description' with the following arguments: {'ament_cmake_args': None, 'build_base': '/home/spkmak/vegabot_ws/build/vegabot_description', 'cargo_args': None, 'catkin_cmake_args': None, 'catkin_skip_building_tests': False, 'clean_build': False, 'cmake_args': None, 'cmake_clean_cache': False, 'cmake_clean_first': False, 'cmake_force_configure': False, 'cmake_target': None, 'cmake_target_skip_unavailable': False, 'install_base': '/home/spkmak/vegabot_ws/install/vegabot_description', 'lookup_in_workspace': False, 'merge_install': False, 'path': '/home/spkmak/vegabot_ws/src/vegabot_description', 'symlink_install': False, 'test_result_base': None}
[0.544s] Level 5:colcon.colcon_core.verb:set package 'vegabot_localization' build argument 'cargo_args' from command line to 'None'
[0.544s] Level 5:colcon.colcon_core.verb:set package 'vegabot_localization' build argument 'clean_build' from command line to 'False'
[0.544s] Level 5:colcon.colcon_core.verb:set package 'vegabot_localization' build argument 'cmake_args' from command line to 'None'
[0.544s] Level 5:colcon.colcon_core.verb:set package 'vegabot_localization' build argument 'cmake_target' from command line to 'None'
[0.544s] Level 5:colcon.colcon_core.verb:set package 'vegabot_localization' build argument 'cmake_target_skip_unavailable' from command line to 'False'
[0.544s] Level 5:colcon.colcon_core.verb:set package 'vegabot_localization' build argument 'cmake_clean_cache' from command line to 'False'
[0.544s] Level 5:colcon.colcon_core.verb:set package 'vegabot_localization' build argument 'cmake_clean_first' from command line to 'False'
[0.544s] Level 5:colcon.colcon_core.verb:set package 'vegabot_localization' build argument 'cmake_force_configure' from command line to 'False'
[0.544s] Level 5:colcon.colcon_core.verb:set package 'vegabot_localization' build argument 'lookup_in_workspace' from command line to 'False'
[0.544s] Level 5:colcon.colcon_core.verb:set package 'vegabot_localization' build argument 'ament_cmake_args' from command line to 'None'
[0.544s] Level 5:colcon.colcon_core.verb:set package 'vegabot_localization' build argument 'catkin_cmake_args' from command line to 'None'
[0.544s] Level 5:colcon.colcon_core.verb:set package 'vegabot_localization' build argument 'catkin_skip_building_tests' from command line to 'False'
[0.544s] DEBUG:colcon.colcon_core.verb:Building package 'vegabot_localization' with the following arguments: {'ament_cmake_args': None, 'build_base': '/home/spkmak/vegabot_ws/build/vegabot_localization', 'cargo_args': None, 'catkin_cmake_args': None, 'catkin_skip_building_tests': False, 'clean_build': False, 'cmake_args': None, 'cmake_clean_cache': False, 'cmake_clean_first': False, 'cmake_force_configure': False, 'cmake_target': None, 'cmake_target_skip_unavailable': False, 'install_base': '/home/spkmak/vegabot_ws/install/vegabot_localization', 'lookup_in_workspace': False, 'merge_install': False, 'path': '/home/spkmak/vegabot_ws/src/vegabot_localization', 'symlink_install': False, 'test_result_base': None}
[0.545s] Level 5:colcon.colcon_core.verb:set package 'vegabot_mapping' build argument 'cargo_args' from command line to 'None'
[0.545s] Level 5:colcon.colcon_core.verb:set package 'vegabot_mapping' build argument 'clean_build' from command line to 'False'
[0.545s] Level 5:colcon.colcon_core.verb:set package 'vegabot_mapping' build argument 'cmake_args' from command line to 'None'
[0.545s] Level 5:colcon.colcon_core.verb:set package 'vegabot_mapping' build argument 'cmake_target' from command line to 'None'
[0.545s] Level 5:colcon.colcon_core.verb:set package 'vegabot_mapping' build argument 'cmake_target_skip_unavailable' from command line to 'False'
[0.545s] Level 5:colcon.colcon_core.verb:set package 'vegabot_mapping' build argument 'cmake_clean_cache' from command line to 'False'
[0.545s] Level 5:colcon.colcon_core.verb:set package 'vegabot_mapping' build argument 'cmake_clean_first' from command line to 'False'
[0.545s] Level 5:colcon.colcon_core.verb:set package 'vegabot_mapping' build argument 'cmake_force_configure' from command line to 'False'
[0.545s] Level 5:colcon.colcon_core.verb:set package 'vegabot_mapping' build argument 'lookup_in_workspace' from command line to 'False'
[0.545s] Level 5:colcon.colcon_core.verb:set package 'vegabot_mapping' build argument 'ament_cmake_args' from command line to 'None'
[0.546s] Level 5:colcon.colcon_core.verb:set package 'vegabot_mapping' build argument 'catkin_cmake_args' from command line to 'None'
[0.546s] Level 5:colcon.colcon_core.verb:set package 'vegabot_mapping' build argument 'catkin_skip_building_tests' from command line to 'False'
[0.546s] DEBUG:colcon.colcon_core.verb:Building package 'vegabot_mapping' with the following arguments: {'ament_cmake_args': None, 'build_base': '/home/spkmak/vegabot_ws/build/vegabot_mapping', 'cargo_args': None, 'catkin_cmake_args': None, 'catkin_skip_building_tests': False, 'clean_build': False, 'cmake_args': None, 'cmake_clean_cache': False, 'cmake_clean_first': False, 'cmake_force_configure': False, 'cmake_target': None, 'cmake_target_skip_unavailable': False, 'install_base': '/home/spkmak/vegabot_ws/install/vegabot_mapping', 'lookup_in_workspace': False, 'merge_install': False, 'path': '/home/spkmak/vegabot_ws/src/vegabot_mapping', 'symlink_install': False, 'test_result_base': None}
[0.546s] Level 5:colcon.colcon_core.verb:set package 'vegabot_navigation' build argument 'cargo_args' from command line to 'None'
[0.546s] Level 5:colcon.colcon_core.verb:set package 'vegabot_navigation' build argument 'clean_build' from command line to 'False'
[0.546s] Level 5:colcon.colcon_core.verb:set package 'vegabot_navigation' build argument 'cmake_args' from command line to 'None'
[0.546s] Level 5:colcon.colcon_core.verb:set package 'vegabot_navigation' build argument 'cmake_target' from command line to 'None'
[0.547s] Level 5:colcon.colcon_core.verb:set package 'vegabot_navigation' build argument 'cmake_target_skip_unavailable' from command line to 'False'
[0.547s] Level 5:colcon.colcon_core.verb:set package 'vegabot_navigation' build argument 'cmake_clean_cache' from command line to 'False'
[0.547s] Level 5:colcon.colcon_core.verb:set package 'vegabot_navigation' build argument 'cmake_clean_first' from command line to 'False'
[0.547s] Level 5:colcon.colcon_core.verb:set package 'vegabot_navigation' build argument 'cmake_force_configure' from command line to 'False'
[0.547s] Level 5:colcon.colcon_core.verb:set package 'vegabot_navigation' build argument 'lookup_in_workspace' from command line to 'False'
[0.547s] Level 5:colcon.colcon_core.verb:set package 'vegabot_navigation' build argument 'ament_cmake_args' from command line to 'None'
[0.547s] Level 5:colcon.colcon_core.verb:set package 'vegabot_navigation' build argument 'catkin_cmake_args' from command line to 'None'
[0.547s] Level 5:colcon.colcon_core.verb:set package 'vegabot_navigation' build argument 'catkin_skip_building_tests' from command line to 'False'
[0.547s] DEBUG:colcon.colcon_core.verb:Building package 'vegabot_navigation' with the following arguments: {'ament_cmake_args': None, 'build_base': '/home/spkmak/vegabot_ws/build/vegabot_navigation', 'cargo_args': None, 'catkin_cmake_args': None, 'catkin_skip_building_tests': False, 'clean_build': False, 'cmake_args': None, 'cmake_clean_cache': False, 'cmake_clean_first': False, 'cmake_force_configure': False, 'cmake_target': None, 'cmake_target_skip_unavailable': False, 'install_base': '/home/spkmak/vegabot_ws/install/vegabot_navigation', 'lookup_in_workspace': False, 'merge_install': False, 'path': '/home/spkmak/vegabot_ws/src/vegabot_navigation', 'symlink_install': False, 'test_result_base': None}
[0.548s] Level 5:colcon.colcon_core.verb:set package 'vegabot_scripts' build argument 'cargo_args' from command line to 'None'
[0.548s] Level 5:colcon.colcon_core.verb:set package 'vegabot_scripts' build argument 'clean_build' from command line to 'False'
[0.548s] Level 5:colcon.colcon_core.verb:set package 'vegabot_scripts' build argument 'cmake_args' from command line to 'None'
[0.548s] Level 5:colcon.colcon_core.verb:set package 'vegabot_scripts' build argument 'cmake_target' from command line to 'None'
[0.548s] Level 5:colcon.colcon_core.verb:set package 'vegabot_scripts' build argument 'cmake_target_skip_unavailable' from command line to 'False'
[0.548s] Level 5:colcon.colcon_core.verb:set package 'vegabot_scripts' build argument 'cmake_clean_cache' from command line to 'False'
[0.548s] Level 5:colcon.colcon_core.verb:set package 'vegabot_scripts' build argument 'cmake_clean_first' from command line to 'False'
[0.548s] Level 5:colcon.colcon_core.verb:set package 'vegabot_scripts' build argument 'cmake_force_configure' from command line to 'False'
[0.548s] Level 5:colcon.colcon_core.verb:set package 'vegabot_scripts' build argument 'lookup_in_workspace' from command line to 'False'
[0.548s] Level 5:colcon.colcon_core.verb:set package 'vegabot_scripts' build argument 'ament_cmake_args' from command line to 'None'
[0.548s] Level 5:colcon.colcon_core.verb:set package 'vegabot_scripts' build argument 'catkin_cmake_args' from command line to 'None'
[0.548s] Level 5:colcon.colcon_core.verb:set package 'vegabot_scripts' build argument 'catkin_skip_building_tests' from command line to 'False'
[0.548s] DEBUG:colcon.colcon_core.verb:Building package 'vegabot_scripts' with the following arguments: {'ament_cmake_args': None, 'build_base': '/home/spkmak/vegabot_ws/build/vegabot_scripts', 'cargo_args': None, 'catkin_cmake_args': None, 'catkin_skip_building_tests': False, 'clean_build': False, 'cmake_args': None, 'cmake_clean_cache': False, 'cmake_clean_first': False, 'cmake_force_configure': False, 'cmake_target': None, 'cmake_target_skip_unavailable': False, 'install_base': '/home/spkmak/vegabot_ws/install/vegabot_scripts', 'lookup_in_workspace': False, 'merge_install': False, 'path': '/home/spkmak/vegabot_ws/src/vegabot_scripts', 'symlink_install': False, 'test_result_base': None}
[0.548s] INFO:colcon.colcon_core.executor:Executing jobs using 'parallel' executor
[0.551s] DEBUG:colcon.colcon_parallel_executor.executor.parallel:run_until_complete
[0.551s] INFO:colcon.colcon_ros.task.ament_cmake.build:Building ROS package in '/home/spkmak/vegabot_ws/src/vegabot_bringup' with build type 'ament_cmake'
[0.552s] INFO:colcon.colcon_cmake.task.cmake.build:Building CMake package in '/home/spkmak/vegabot_ws/src/vegabot_bringup'
[0.556s] INFO:colcon.colcon_core.plugin_system:Skipping extension 'colcon_core.shell.bat': Not used on non-Windows systems
[0.556s] INFO:colcon.colcon_core.shell:Skip shell extension 'powershell' for command environment: Not usable outside of PowerShell
[0.556s] DEBUG:colcon.colcon_core.shell:Skip shell extension 'dsv' for command environment
[0.567s] INFO:colcon.colcon_ros.task.ament_cmake.build:Building ROS package in '/home/spkmak/vegabot_ws/src/vegabot_controller' with build type 'ament_cmake'
[0.567s] INFO:colcon.colcon_cmake.task.cmake.build:Building CMake package in '/home/spkmak/vegabot_ws/src/vegabot_controller'
[0.568s] INFO:colcon.colcon_core.shell:Skip shell extension 'powershell' for command environment: Not usable outside of PowerShell
[0.568s] DEBUG:colcon.colcon_core.shell:Skip shell extension 'dsv' for command environment
[0.577s] INFO:colcon.colcon_ros.task.ament_cmake.build:Building ROS package in '/home/spkmak/vegabot_ws/src/vegabot_description' with build type 'ament_cmake'
[0.577s] INFO:colcon.colcon_cmake.task.cmake.build:Building CMake package in '/home/spkmak/vegabot_ws/src/vegabot_description'
[0.577s] INFO:colcon.colcon_core.shell:Skip shell extension 'powershell' for command environment: Not usable outside of PowerShell
[0.578s] DEBUG:colcon.colcon_core.shell:Skip shell extension 'dsv' for command environment
[0.587s] INFO:colcon.colcon_ros.task.ament_cmake.build:Building ROS package in '/home/spkmak/vegabot_ws/src/vegabot_localization' with build type 'ament_cmake'
[0.587s] INFO:colcon.colcon_cmake.task.cmake.build:Building CMake package in '/home/spkmak/vegabot_ws/src/vegabot_localization'
[0.588s] INFO:colcon.colcon_core.shell:Skip shell extension 'powershell' for command environment: Not usable outside of PowerShell
[0.588s] DEBUG:colcon.colcon_core.shell:Skip shell extension 'dsv' for command environment
[0.596s] INFO:colcon.colcon_ros.task.ament_cmake.build:Building ROS package in '/home/spkmak/vegabot_ws/src/vegabot_mapping' with build type 'ament_cmake'
[0.596s] INFO:colcon.colcon_cmake.task.cmake.build:Building CMake package in '/home/spkmak/vegabot_ws/src/vegabot_mapping'
[0.597s] INFO:colcon.colcon_core.shell:Skip shell extension 'powershell' for command environment: Not usable outside of PowerShell
[0.597s] DEBUG:colcon.colcon_core.shell:Skip shell extension 'dsv' for command environment
[0.606s] INFO:colcon.colcon_ros.task.ament_cmake.build:Building ROS package in '/home/spkmak/vegabot_ws/src/vegabot_navigation' with build type 'ament_cmake'
[0.606s] INFO:colcon.colcon_cmake.task.cmake.build:Building CMake package in '/home/spkmak/vegabot_ws/src/vegabot_navigation'
[0.607s] INFO:colcon.colcon_core.shell:Skip shell extension 'powershell' for command environment: Not usable outside of PowerShell
[0.607s] DEBUG:colcon.colcon_core.shell:Skip shell extension 'dsv' for command environment
[0.626s] DEBUG:colcon.colcon_core.event_handler.log_command:Invoking command in '/home/spkmak/vegabot_ws/build/vegabot_bringup': CMAKE_PREFIX_PATH=${CMAKE_PREFIX_PATH}:/home/spkmak/vegabot_ws/install/vegabot_scripts:/home/spkmak/ros2_ws/install/so_arm_100_bringup:/opt/ros/humble /home/spkmak/.local/bin/cmake --build /home/spkmak/vegabot_ws/build/vegabot_bringup -- -j6 -l6
[0.633s] DEBUG:colcon.colcon_core.event_handler.log_command:Invoking command in '/home/spkmak/vegabot_ws/build/vegabot_controller': CMAKE_PREFIX_PATH=${CMAKE_PREFIX_PATH}:/home/spkmak/vegabot_ws/install/vegabot_scripts:/home/spkmak/ros2_ws/install/so_arm_100_bringup:/opt/ros/humble /home/spkmak/.local/bin/cmake --build /home/spkmak/vegabot_ws/build/vegabot_controller -- -j6 -l6
[0.639s] DEBUG:colcon.colcon_core.event_handler.log_command:Invoking command in '/home/spkmak/vegabot_ws/build/vegabot_description': CMAKE_PREFIX_PATH=${CMAKE_PREFIX_PATH}:/home/spkmak/vegabot_ws/install/vegabot_scripts:/home/spkmak/ros2_ws/install/so_arm_100_bringup:/opt/ros/humble /home/spkmak/.local/bin/cmake --build /home/spkmak/vegabot_ws/build/vegabot_description -- -j6 -l6
[0.645s] DEBUG:colcon.colcon_core.event_handler.log_command:Invoking command in '/home/spkmak/vegabot_ws/build/vegabot_localization': CMAKE_PREFIX_PATH=${CMAKE_PREFIX_PATH}:/home/spkmak/vegabot_ws/install/vegabot_scripts:/home/spkmak/ros2_ws/install/so_arm_100_bringup:/opt/ros/humble /home/spkmak/.local/bin/cmake --build /home/spkmak/vegabot_ws/build/vegabot_localization -- -j6 -l6
[0.651s] DEBUG:colcon.colcon_core.event_handler.log_command:Invoking command in '/home/spkmak/vegabot_ws/build/vegabot_mapping': CMAKE_PREFIX_PATH=${CMAKE_PREFIX_PATH}:/home/spkmak/vegabot_ws/install/vegabot_scripts:/home/spkmak/ros2_ws/install/so_arm_100_bringup:/opt/ros/humble /home/spkmak/.local/bin/cmake --build /home/spkmak/vegabot_ws/build/vegabot_mapping -- -j6 -l6
[0.682s] DEBUG:colcon.colcon_core.event_handler.log_command:Invoking command in '/home/spkmak/vegabot_ws/build/vegabot_navigation': CMAKE_PREFIX_PATH=${CMAKE_PREFIX_PATH}:/home/spkmak/vegabot_ws/install/vegabot_scripts:/home/spkmak/ros2_ws/install/so_arm_100_bringup:/opt/ros/humble /home/spkmak/.local/bin/cmake --build /home/spkmak/vegabot_ws/build/vegabot_navigation -- -j6 -l6
[0.816s] DEBUG:colcon.colcon_core.event_handler.log_command:Invoked command in '/home/spkmak/vegabot_ws/build/vegabot_controller' returned '0': CMAKE_PREFIX_PATH=${CMAKE_PREFIX_PATH}:/home/spkmak/vegabot_ws/install/vegabot_scripts:/home/spkmak/ros2_ws/install/so_arm_100_bringup:/opt/ros/humble /home/spkmak/.local/bin/cmake --build /home/spkmak/vegabot_ws/build/vegabot_controller -- -j6 -l6
[0.974s] DEBUG:colcon.colcon_core.event_handler.log_command:Invoking command in '/home/spkmak/vegabot_ws/build/vegabot_controller': CMAKE_PREFIX_PATH=${CMAKE_PREFIX_PATH}:/home/spkmak/vegabot_ws/install/vegabot_scripts:/home/spkmak/ros2_ws/install/so_arm_100_bringup:/opt/ros/humble /home/spkmak/.local/bin/cmake --install /home/spkmak/vegabot_ws/build/vegabot_controller
[0.978s] DEBUG:colcon.colcon_core.event_handler.log_command:Invoked command in '/home/spkmak/vegabot_ws/build/vegabot_localization' returned '0': CMAKE_PREFIX_PATH=${CMAKE_PREFIX_PATH}:/home/spkmak/vegabot_ws/install/vegabot_scripts:/home/spkmak/ros2_ws/install/so_arm_100_bringup:/opt/ros/humble /home/spkmak/.local/bin/cmake --build /home/spkmak/vegabot_ws/build/vegabot_localization -- -j6 -l6
[0.982s] DEBUG:colcon.colcon_core.event_handler.log_command:Invoking command in '/home/spkmak/vegabot_ws/build/vegabot_localization': CMAKE_PREFIX_PATH=${CMAKE_PREFIX_PATH}:/home/spkmak/vegabot_ws/install/vegabot_scripts:/home/spkmak/ros2_ws/install/so_arm_100_bringup:/opt/ros/humble /home/spkmak/.local/bin/cmake --install /home/spkmak/vegabot_ws/build/vegabot_localization
[0.986s] DEBUG:colcon.colcon_core.event_handler.log_command:Invoked command in '/home/spkmak/vegabot_ws/build/vegabot_description' returned '0': CMAKE_PREFIX_PATH=${CMAKE_PREFIX_PATH}:/home/spkmak/vegabot_ws/install/vegabot_scripts:/home/spkmak/ros2_ws/install/so_arm_100_bringup:/opt/ros/humble /home/spkmak/.local/bin/cmake --build /home/spkmak/vegabot_ws/build/vegabot_description -- -j6 -l6
[0.987s] DEBUG:colcon.colcon_core.event_handler.log_command:Invoking command in '/home/spkmak/vegabot_ws/build/vegabot_description': CMAKE_PREFIX_PATH=${CMAKE_PREFIX_PATH}:/home/spkmak/vegabot_ws/install/vegabot_scripts:/home/spkmak/ros2_ws/install/so_arm_100_bringup:/opt/ros/humble /home/spkmak/.local/bin/cmake --install /home/spkmak/vegabot_ws/build/vegabot_description
[0.991s] DEBUG:colcon.colcon_core.event_handler.log_command:Invoked command in '/home/spkmak/vegabot_ws/build/vegabot_bringup' returned '0': CMAKE_PREFIX_PATH=${CMAKE_PREFIX_PATH}:/home/spkmak/vegabot_ws/install/vegabot_scripts:/home/spkmak/ros2_ws/install/so_arm_100_bringup:/opt/ros/humble /home/spkmak/.local/bin/cmake --build /home/spkmak/vegabot_ws/build/vegabot_bringup -- -j6 -l6
[0.992s] DEBUG:colcon.colcon_core.event_handler.log_command:Invoking command in '/home/spkmak/vegabot_ws/build/vegabot_bringup': CMAKE_PREFIX_PATH=${CMAKE_PREFIX_PATH}:/home/spkmak/vegabot_ws/install/vegabot_scripts:/home/spkmak/ros2_ws/install/so_arm_100_bringup:/opt/ros/humble /home/spkmak/.local/bin/cmake --install /home/spkmak/vegabot_ws/build/vegabot_bringup
[0.994s] DEBUG:colcon.colcon_core.event_handler.log_command:Invoked command in '/home/spkmak/vegabot_ws/build/vegabot_mapping' returned '0': CMAKE_PREFIX_PATH=${CMAKE_PREFIX_PATH}:/home/spkmak/vegabot_ws/install/vegabot_scripts:/home/spkmak/ros2_ws/install/so_arm_100_bringup:/opt/ros/humble /home/spkmak/.local/bin/cmake --build /home/spkmak/vegabot_ws/build/vegabot_mapping -- -j6 -l6
[0.997s] DEBUG:colcon.colcon_core.event_handler.log_command:Invoking command in '/home/spkmak/vegabot_ws/build/vegabot_mapping': CMAKE_PREFIX_PATH=${CMAKE_PREFIX_PATH}:/home/spkmak/vegabot_ws/install/vegabot_scripts:/home/spkmak/ros2_ws/install/so_arm_100_bringup:/opt/ros/humble /home/spkmak/.local/bin/cmake --install /home/spkmak/vegabot_ws/build/vegabot_mapping
[1.150s] Level 1:colcon.colcon_core.environment:create_environment_scripts_only(vegabot_localization)
[1.170s] Level 1:colcon.colcon_core.environment:checking '/home/spkmak/vegabot_ws/install/vegabot_localization' for CMake module files
[1.185s] Level 1:colcon.colcon_core.environment:checking '/home/spkmak/vegabot_ws/install/vegabot_localization' for CMake config files
[1.192s] Level 1:colcon.colcon_core.shell:create_environment_hook('vegabot_localization', 'cmake_prefix_path')
[1.193s] INFO:colcon.colcon_core.shell:Creating environment hook '/home/spkmak/vegabot_ws/install/vegabot_localization/share/vegabot_localization/hook/cmake_prefix_path.ps1'
[1.197s] INFO:colcon.colcon_core.shell:Creating environment descriptor '/home/spkmak/vegabot_ws/install/vegabot_localization/share/vegabot_localization/hook/cmake_prefix_path.dsv'
[1.198s] DEBUG:colcon.colcon_core.event_handler.log_command:Invoked command in '/home/spkmak/vegabot_ws/build/vegabot_localization' returned '0': CMAKE_PREFIX_PATH=${CMAKE_PREFIX_PATH}:/home/spkmak/vegabot_ws/install/vegabot_scripts:/home/spkmak/ros2_ws/install/so_arm_100_bringup:/opt/ros/humble /home/spkmak/.local/bin/cmake --install /home/spkmak/vegabot_ws/build/vegabot_localization
[1.201s] INFO:colcon.colcon_core.shell:Creating environment hook '/home/spkmak/vegabot_ws/install/vegabot_localization/share/vegabot_localization/hook/cmake_prefix_path.sh'
[1.206s] Level 1:colcon.colcon_core.environment:checking '/home/spkmak/vegabot_ws/install/vegabot_localization/bin'
[1.207s] Level 1:colcon.colcon_core.environment:checking '/home/spkmak/vegabot_ws/install/vegabot_localization/lib/pkgconfig/vegabot_localization.pc'
[1.208s] Level 1:colcon.colcon_core.environment:checking '/home/spkmak/vegabot_ws/install/vegabot_localization/lib/python3.10/site-packages'
[1.210s] Level 1:colcon.colcon_core.environment:checking '/home/spkmak/vegabot_ws/install/vegabot_localization/bin'
[1.211s] INFO:colcon.colcon_core.shell:Creating package script '/home/spkmak/vegabot_ws/install/vegabot_localization/share/vegabot_localization/package.ps1'
[1.217s] INFO:colcon.colcon_core.shell:Creating package descriptor '/home/spkmak/vegabot_ws/install/vegabot_localization/share/vegabot_localization/package.dsv'
[1.220s] INFO:colcon.colcon_core.shell:Creating package script '/home/spkmak/vegabot_ws/install/vegabot_localization/share/vegabot_localization/package.sh'
[1.225s] INFO:colcon.colcon_core.shell:Creating package script '/home/spkmak/vegabot_ws/install/vegabot_localization/share/vegabot_localization/package.bash'
[1.230s] INFO:colcon.colcon_core.shell:Creating package script '/home/spkmak/vegabot_ws/install/vegabot_localization/share/vegabot_localization/package.zsh'
[1.233s] Level 1:colcon.colcon_core.environment:create_file_with_runtime_dependencies(/home/spkmak/vegabot_ws/install/vegabot_localization/share/colcon-core/packages/vegabot_localization)
[1.238s] Level 1:colcon.colcon_core.environment:create_environment_scripts_only(vegabot_localization)
[1.239s] Level 1:colcon.colcon_core.environment:checking '/home/spkmak/vegabot_ws/install/vegabot_localization' for CMake module files
[1.245s] Level 1:colcon.colcon_core.environment:checking '/home/spkmak/vegabot_ws/install/vegabot_localization' for CMake config files
[1.253s] Level 1:colcon.colcon_core.shell:create_environment_hook('vegabot_localization', 'cmake_prefix_path')
[1.254s] INFO:colcon.colcon_core.shell:Creating environment hook '/home/spkmak/vegabot_ws/install/vegabot_localization/share/vegabot_localization/hook/cmake_prefix_path.ps1'
[1.257s] INFO:colcon.colcon_core.shell:Creating environment descriptor '/home/spkmak/vegabot_ws/install/vegabot_localization/share/vegabot_localization/hook/cmake_prefix_path.dsv'
[1.260s] INFO:colcon.colcon_core.shell:Creating environment hook '/home/spkmak/vegabot_ws/install/vegabot_localization/share/vegabot_localization/hook/cmake_prefix_path.sh'
[1.264s] Level 1:colcon.colcon_core.environment:checking '/home/spkmak/vegabot_ws/install/vegabot_localization/bin'
[1.265s] Level 1:colcon.colcon_core.environment:checking '/home/spkmak/vegabot_ws/install/vegabot_localization/lib/pkgconfig/vegabot_localization.pc'
[1.266s] Level 1:colcon.colcon_core.environment:checking '/home/spkmak/vegabot_ws/install/vegabot_localization/lib/python3.10/site-packages'
[1.267s] Level 1:colcon.colcon_core.environment:checking '/home/spkmak/vegabot_ws/install/vegabot_localization/bin'
[1.269s] INFO:colcon.colcon_core.shell:Creating package script '/home/spkmak/vegabot_ws/install/vegabot_localization/share/vegabot_localization/package.ps1'
[1.273s] INFO:colcon.colcon_core.shell:Creating package descriptor '/home/spkmak/vegabot_ws/install/vegabot_localization/share/vegabot_localization/package.dsv'
[1.276s] INFO:colcon.colcon_core.shell:Creating package script '/home/spkmak/vegabot_ws/install/vegabot_localization/share/vegabot_localization/package.sh'
[1.279s] INFO:colcon.colcon_core.shell:Creating package script '/home/spkmak/vegabot_ws/install/vegabot_localization/share/vegabot_localization/package.bash'
[1.285s] INFO:colcon.colcon_core.shell:Creating package script '/home/spkmak/vegabot_ws/install/vegabot_localization/share/vegabot_localization/package.zsh'
[1.289s] Level 1:colcon.colcon_core.environment:create_file_with_runtime_dependencies(/home/spkmak/vegabot_ws/install/vegabot_localization/share/colcon-core/packages/vegabot_localization)
[1.292s] INFO:colcon.colcon_ros.task.ament_python.build:Building ROS package in '/home/spkmak/vegabot_ws/src/vegabot_scripts' with build type 'ament_python'
[1.293s] Level 1:colcon.colcon_core.shell:create_environment_hook('vegabot_scripts', 'ament_prefix_path')
[1.294s] INFO:colcon.colcon_core.shell:Creating environment hook '/home/spkmak/vegabot_ws/install/vegabot_scripts/share/vegabot_scripts/hook/ament_prefix_path.ps1'
[1.297s] INFO:colcon.colcon_core.shell:Creating environment descriptor '/home/spkmak/vegabot_ws/install/vegabot_scripts/share/vegabot_scripts/hook/ament_prefix_path.dsv'
[1.300s] INFO:colcon.colcon_core.shell:Creating environment hook '/home/spkmak/vegabot_ws/install/vegabot_scripts/share/vegabot_scripts/hook/ament_prefix_path.sh'
[1.304s] INFO:colcon.colcon_core.shell:Skip shell extension 'powershell' for command environment: Not usable outside of PowerShell
[1.305s] DEBUG:colcon.colcon_core.shell:Skip shell extension 'dsv' for command environment
[1.401s] Level 1:colcon.colcon_core.environment:create_environment_scripts_only(vegabot_controller)
[1.403s] Level 1:colcon.colcon_core.environment:checking '/home/spkmak/vegabot_ws/install/vegabot_controller' for CMake module files
[1.403s] DEBUG:colcon.colcon_core.event_handler.log_command:Invoked command in '/home/spkmak/vegabot_ws/build/vegabot_controller' returned '0': CMAKE_PREFIX_PATH=${CMAKE_PREFIX_PATH}:/home/spkmak/vegabot_ws/install/vegabot_scripts:/home/spkmak/ros2_ws/install/so_arm_100_bringup:/opt/ros/humble /home/spkmak/.local/bin/cmake --install /home/spkmak/vegabot_ws/build/vegabot_controller
[1.405s] Level 1:colcon.colcon_core.environment:checking '/home/spkmak/vegabot_ws/install/vegabot_controller' for CMake config files
[1.406s] Level 1:colcon.colcon_core.shell:create_environment_hook('vegabot_controller', 'cmake_prefix_path')
[1.407s] INFO:colcon.colcon_core.shell:Creating environment hook '/home/spkmak/vegabot_ws/install/vegabot_controller/share/vegabot_controller/hook/cmake_prefix_path.ps1'
[1.409s] INFO:colcon.colcon_core.shell:Creating environment descriptor '/home/spkmak/vegabot_ws/install/vegabot_controller/share/vegabot_controller/hook/cmake_prefix_path.dsv'
[1.410s] INFO:colcon.colcon_core.shell:Creating environment hook '/home/spkmak/vegabot_ws/install/vegabot_controller/share/vegabot_controller/hook/cmake_prefix_path.sh'
[1.412s] Level 1:colcon.colcon_core.environment:checking '/home/spkmak/vegabot_ws/install/vegabot_controller/bin'
[1.413s] Level 1:colcon.colcon_core.environment:checking '/home/spkmak/vegabot_ws/install/vegabot_controller/lib/pkgconfig/vegabot_controller.pc'
[1.413s] Level 1:colcon.colcon_core.environment:checking '/home/spkmak/vegabot_ws/install/vegabot_controller/lib/python3.10/site-packages'
[1.415s] Level 1:colcon.colcon_core.environment:checking '/home/spkmak/vegabot_ws/install/vegabot_controller/bin'
[1.416s] INFO:colcon.colcon_core.shell:Creating package script '/home/spkmak/vegabot_ws/install/vegabot_controller/share/vegabot_controller/package.ps1'
[1.419s] INFO:colcon.colcon_core.shell:Creating package descriptor '/home/spkmak/vegabot_ws/install/vegabot_controller/share/vegabot_controller/package.dsv'
[1.420s] INFO:colcon.colcon_core.shell:Creating package script '/home/spkmak/vegabot_ws/install/vegabot_controller/share/vegabot_controller/package.sh'
[1.422s] INFO:colcon.colcon_core.shell:Creating package script '/home/spkmak/vegabot_ws/install/vegabot_controller/share/vegabot_controller/package.bash'
[1.423s] INFO:colcon.colcon_core.shell:Creating package script '/home/spkmak/vegabot_ws/install/vegabot_controller/share/vegabot_controller/package.zsh'
[1.425s] Level 1:colcon.colcon_core.environment:create_file_with_runtime_dependencies(/home/spkmak/vegabot_ws/install/vegabot_controller/share/colcon-core/packages/vegabot_controller)
[1.427s] Level 1:colcon.colcon_core.environment:create_environment_scripts_only(vegabot_controller)
[1.428s] Level 1:colcon.colcon_core.environment:checking '/home/spkmak/vegabot_ws/install/vegabot_controller' for CMake module files
[1.429s] Level 1:colcon.colcon_core.environment:checking '/home/spkmak/vegabot_ws/install/vegabot_controller' for CMake config files
[1.430s] Level 1:colcon.colcon_core.shell:create_environment_hook('vegabot_controller', 'cmake_prefix_path')
[1.431s] INFO:colcon.colcon_core.shell:Creating environment hook '/home/spkmak/vegabot_ws/install/vegabot_controller/share/vegabot_controller/hook/cmake_prefix_path.ps1'
[1.433s] INFO:colcon.colcon_core.shell:Creating environment descriptor '/home/spkmak/vegabot_ws/install/vegabot_controller/share/vegabot_controller/hook/cmake_prefix_path.dsv'
[1.434s] INFO:colcon.colcon_core.shell:Creating environment hook '/home/spkmak/vegabot_ws/install/vegabot_controller/share/vegabot_controller/hook/cmake_prefix_path.sh'
[1.436s] Level 1:colcon.colcon_core.environment:checking '/home/spkmak/vegabot_ws/install/vegabot_controller/bin'
[1.436s] Level 1:colcon.colcon_core.environment:checking '/home/spkmak/vegabot_ws/install/vegabot_controller/lib/pkgconfig/vegabot_controller.pc'
[1.437s] Level 1:colcon.colcon_core.environment:checking '/home/spkmak/vegabot_ws/install/vegabot_controller/lib/python3.10/site-packages'
[1.438s] Level 1:colcon.colcon_core.environment:checking '/home/spkmak/vegabot_ws/install/vegabot_controller/bin'
[1.439s] INFO:colcon.colcon_core.shell:Creating package script '/home/spkmak/vegabot_ws/install/vegabot_controller/share/vegabot_controller/package.ps1'
[1.441s] INFO:colcon.colcon_core.shell:Creating package descriptor '/home/spkmak/vegabot_ws/install/vegabot_controller/share/vegabot_controller/package.dsv'
[1.443s] INFO:colcon.colcon_core.shell:Creating package script '/home/spkmak/vegabot_ws/install/vegabot_controller/share/vegabot_controller/package.sh'
[1.444s] INFO:colcon.colcon_core.shell:Creating package script '/home/spkmak/vegabot_ws/install/vegabot_controller/share/vegabot_controller/package.bash'
[1.445s] INFO:colcon.colcon_core.shell:Creating package script '/home/spkmak/vegabot_ws/install/vegabot_controller/share/vegabot_controller/package.zsh'
[1.447s] Level 1:colcon.colcon_core.environment:create_file_with_runtime_dependencies(/home/spkmak/vegabot_ws/install/vegabot_controller/share/colcon-core/packages/vegabot_controller)
[1.448s] Level 1:colcon.colcon_core.environment:create_environment_scripts_only(vegabot_mapping)
[1.448s] Level 1:colcon.colcon_core.environment:checking '/home/spkmak/vegabot_ws/install/vegabot_mapping' for CMake module files
[1.450s] DEBUG:colcon.colcon_core.event_handler.log_command:Invoked command in '/home/spkmak/vegabot_ws/build/vegabot_mapping' returned '0': CMAKE_PREFIX_PATH=${CMAKE_PREFIX_PATH}:/home/spkmak/vegabot_ws/install/vegabot_scripts:/home/spkmak/ros2_ws/install/so_arm_100_bringup:/opt/ros/humble /home/spkmak/.local/bin/cmake --install /home/spkmak/vegabot_ws/build/vegabot_mapping
[1.452s] Level 1:colcon.colcon_core.environment:checking '/home/spkmak/vegabot_ws/install/vegabot_mapping' for CMake config files
[1.453s] Level 1:colcon.colcon_core.shell:create_environment_hook('vegabot_mapping', 'cmake_prefix_path')
[1.454s] INFO:colcon.colcon_core.shell:Creating environment hook '/home/spkmak/vegabot_ws/install/vegabot_mapping/share/vegabot_mapping/hook/cmake_prefix_path.ps1'
[1.456s] INFO:colcon.colcon_core.shell:Creating environment descriptor '/home/spkmak/vegabot_ws/install/vegabot_mapping/share/vegabot_mapping/hook/cmake_prefix_path.dsv'
[1.457s] INFO:colcon.colcon_core.shell:Creating environment hook '/home/spkmak/vegabot_ws/install/vegabot_mapping/share/vegabot_mapping/hook/cmake_prefix_path.sh'
[1.459s] Level 1:colcon.colcon_core.environment:checking '/home/spkmak/vegabot_ws/install/vegabot_mapping/bin'
[1.460s] Level 1:colcon.colcon_core.environment:checking '/home/spkmak/vegabot_ws/install/vegabot_mapping/lib/pkgconfig/vegabot_mapping.pc'
[1.460s] Level 1:colcon.colcon_core.environment:checking '/home/spkmak/vegabot_ws/install/vegabot_mapping/lib/python3.10/site-packages'
[1.462s] Level 1:colcon.colcon_core.environment:checking '/home/spkmak/vegabot_ws/install/vegabot_mapping/bin'
[1.463s] INFO:colcon.colcon_core.shell:Creating package script '/home/spkmak/vegabot_ws/install/vegabot_mapping/share/vegabot_mapping/package.ps1'
[1.466s] INFO:colcon.colcon_core.shell:Creating package descriptor '/home/spkmak/vegabot_ws/install/vegabot_mapping/share/vegabot_mapping/package.dsv'
[1.467s] INFO:colcon.colcon_core.shell:Creating package script '/home/spkmak/vegabot_ws/install/vegabot_mapping/share/vegabot_mapping/package.sh'
[1.469s] INFO:colcon.colcon_core.shell:Creating package script '/home/spkmak/vegabot_ws/install/vegabot_mapping/share/vegabot_mapping/package.bash'
[1.470s] INFO:colcon.colcon_core.shell:Creating package script '/home/spkmak/vegabot_ws/install/vegabot_mapping/share/vegabot_mapping/package.zsh'
[1.472s] Level 1:colcon.colcon_core.environment:create_file_with_runtime_dependencies(/home/spkmak/vegabot_ws/install/vegabot_mapping/share/colcon-core/packages/vegabot_mapping)
[1.473s] Level 1:colcon.colcon_core.environment:create_environment_scripts_only(vegabot_mapping)
[1.474s] Level 1:colcon.colcon_core.environment:checking '/home/spkmak/vegabot_ws/install/vegabot_mapping' for CMake module files
[1.475s] Level 1:colcon.colcon_core.environment:checking '/home/spkmak/vegabot_ws/install/vegabot_mapping' for CMake config files
[1.477s] Level 1:colcon.colcon_core.shell:create_environment_hook('vegabot_mapping', 'cmake_prefix_path')
[1.477s] INFO:colcon.colcon_core.shell:Creating environment hook '/home/spkmak/vegabot_ws/install/vegabot_mapping/share/vegabot_mapping/hook/cmake_prefix_path.ps1'
[1.479s] INFO:colcon.colcon_core.shell:Creating environment descriptor '/home/spkmak/vegabot_ws/install/vegabot_mapping/share/vegabot_mapping/hook/cmake_prefix_path.dsv'
[1.480s] INFO:colcon.colcon_core.shell:Creating environment hook '/home/spkmak/vegabot_ws/install/vegabot_mapping/share/vegabot_mapping/hook/cmake_prefix_path.sh'
[1.481s] Level 1:colcon.colcon_core.environment:checking '/home/spkmak/vegabot_ws/install/vegabot_mapping/bin'
[1.482s] Level 1:colcon.colcon_core.environment:checking '/home/spkmak/vegabot_ws/install/vegabot_mapping/lib/pkgconfig/vegabot_mapping.pc'
[1.482s] Level 1:colcon.colcon_core.environment:checking '/home/spkmak/vegabot_ws/install/vegabot_mapping/lib/python3.10/site-packages'
[1.483s] Level 1:colcon.colcon_core.environment:checking '/home/spkmak/vegabot_ws/install/vegabot_mapping/bin'
[1.484s] INFO:colcon.colcon_core.shell:Creating package script '/home/spkmak/vegabot_ws/install/vegabot_mapping/share/vegabot_mapping/package.ps1'
[1.486s] INFO:colcon.colcon_core.shell:Creating package descriptor '/home/spkmak/vegabot_ws/install/vegabot_mapping/share/vegabot_mapping/package.dsv'
[1.488s] INFO:colcon.colcon_core.shell:Creating package script '/home/spkmak/vegabot_ws/install/vegabot_mapping/share/vegabot_mapping/package.sh'
[1.489s] INFO:colcon.colcon_core.shell:Creating package script '/home/spkmak/vegabot_ws/install/vegabot_mapping/share/vegabot_mapping/package.bash'
[1.490s] INFO:colcon.colcon_core.shell:Creating package script '/home/spkmak/vegabot_ws/install/vegabot_mapping/share/vegabot_mapping/package.zsh'
[1.492s] Level 1:colcon.colcon_core.environment:create_file_with_runtime_dependencies(/home/spkmak/vegabot_ws/install/vegabot_mapping/share/colcon-core/packages/vegabot_mapping)
[1.492s] Level 1:colcon.colcon_core.environment:create_environment_scripts_only(vegabot_bringup)
[1.494s] Level 1:colcon.colcon_core.environment:checking '/home/spkmak/vegabot_ws/install/vegabot_bringup' for CMake module files
[1.495s] DEBUG:colcon.colcon_core.event_handler.log_command:Invoked command in '/home/spkmak/vegabot_ws/build/vegabot_bringup' returned '0': CMAKE_PREFIX_PATH=${CMAKE_PREFIX_PATH}:/home/spkmak/vegabot_ws/install/vegabot_scripts:/home/spkmak/ros2_ws/install/so_arm_100_bringup:/opt/ros/humble /home/spkmak/.local/bin/cmake --install /home/spkmak/vegabot_ws/build/vegabot_bringup
[1.496s] Level 1:colcon.colcon_core.environment:checking '/home/spkmak/vegabot_ws/install/vegabot_bringup' for CMake config files
[1.497s] Level 1:colcon.colcon_core.shell:create_environment_hook('vegabot_bringup', 'cmake_prefix_path')
[1.498s] INFO:colcon.colcon_core.shell:Creating environment hook '/home/spkmak/vegabot_ws/install/vegabot_bringup/share/vegabot_bringup/hook/cmake_prefix_path.ps1'
[1.499s] INFO:colcon.colcon_core.shell:Creating environment descriptor '/home/spkmak/vegabot_ws/install/vegabot_bringup/share/vegabot_bringup/hook/cmake_prefix_path.dsv'
[1.500s] INFO:colcon.colcon_core.shell:Creating environment hook '/home/spkmak/vegabot_ws/install/vegabot_bringup/share/vegabot_bringup/hook/cmake_prefix_path.sh'
[1.502s] Level 1:colcon.colcon_core.environment:checking '/home/spkmak/vegabot_ws/install/vegabot_bringup/bin'
[1.503s] Level 1:colcon.colcon_core.environment:checking '/home/spkmak/vegabot_ws/install/vegabot_bringup/lib/pkgconfig/vegabot_bringup.pc'
[1.503s] Level 1:colcon.colcon_core.environment:checking '/home/spkmak/vegabot_ws/install/vegabot_bringup/lib/python3.10/site-packages'
[1.504s] Level 1:colcon.colcon_core.environment:checking '/home/spkmak/vegabot_ws/install/vegabot_bringup/bin'
[1.505s] INFO:colcon.colcon_core.shell:Creating package script '/home/spkmak/vegabot_ws/install/vegabot_bringup/share/vegabot_bringup/package.ps1'
[1.507s] INFO:colcon.colcon_core.shell:Creating package descriptor '/home/spkmak/vegabot_ws/install/vegabot_bringup/share/vegabot_bringup/package.dsv'
[1.508s] INFO:colcon.colcon_core.shell:Creating package script '/home/spkmak/vegabot_ws/install/vegabot_bringup/share/vegabot_bringup/package.sh'
[1.509s] INFO:colcon.colcon_core.shell:Creating package script '/home/spkmak/vegabot_ws/install/vegabot_bringup/share/vegabot_bringup/package.bash'
[1.510s] INFO:colcon.colcon_core.shell:Creating package script '/home/spkmak/vegabot_ws/install/vegabot_bringup/share/vegabot_bringup/package.zsh'
[1.511s] Level 1:colcon.colcon_core.environment:create_file_with_runtime_dependencies(/home/spkmak/vegabot_ws/install/vegabot_bringup/share/colcon-core/packages/vegabot_bringup)
[1.513s] Level 1:colcon.colcon_core.environment:create_environment_scripts_only(vegabot_bringup)
[1.514s] Level 1:colcon.colcon_core.environment:checking '/home/spkmak/vegabot_ws/install/vegabot_bringup' for CMake module files
[1.515s] Level 1:colcon.colcon_core.environment:checking '/home/spkmak/vegabot_ws/install/vegabot_bringup' for CMake config files
[1.515s] Level 1:colcon.colcon_core.shell:create_environment_hook('vegabot_bringup', 'cmake_prefix_path')
[1.516s] INFO:colcon.colcon_core.shell:Creating environment hook '/home/spkmak/vegabot_ws/install/vegabot_bringup/share/vegabot_bringup/hook/cmake_prefix_path.ps1'
[1.517s] INFO:colcon.colcon_core.shell:Creating environment descriptor '/home/spkmak/vegabot_ws/install/vegabot_bringup/share/vegabot_bringup/hook/cmake_prefix_path.dsv'
[1.518s] INFO:colcon.colcon_core.shell:Creating environment hook '/home/spkmak/vegabot_ws/install/vegabot_bringup/share/vegabot_bringup/hook/cmake_prefix_path.sh'
[1.519s] Level 1:colcon.colcon_core.environment:checking '/home/spkmak/vegabot_ws/install/vegabot_bringup/bin'
[1.520s] Level 1:colcon.colcon_core.environment:checking '/home/spkmak/vegabot_ws/install/vegabot_bringup/lib/pkgconfig/vegabot_bringup.pc'
[1.520s] Level 1:colcon.colcon_core.environment:checking '/home/spkmak/vegabot_ws/install/vegabot_bringup/lib/python3.10/site-packages'
[1.521s] Level 1:colcon.colcon_core.environment:checking '/home/spkmak/vegabot_ws/install/vegabot_bringup/bin'
[1.522s] INFO:colcon.colcon_core.shell:Creating package script '/home/spkmak/vegabot_ws/install/vegabot_bringup/share/vegabot_bringup/package.ps1'
[1.523s] INFO:colcon.colcon_core.shell:Creating package descriptor '/home/spkmak/vegabot_ws/install/vegabot_bringup/share/vegabot_bringup/package.dsv'
[1.524s] INFO:colcon.colcon_core.shell:Creating package script '/home/spkmak/vegabot_ws/install/vegabot_bringup/share/vegabot_bringup/package.sh'
[1.525s] INFO:colcon.colcon_core.shell:Creating package script '/home/spkmak/vegabot_ws/install/vegabot_bringup/share/vegabot_bringup/package.bash'
[1.526s] INFO:colcon.colcon_core.shell:Creating package script '/home/spkmak/vegabot_ws/install/vegabot_bringup/share/vegabot_bringup/package.zsh'
[1.527s] Level 1:colcon.colcon_core.environment:create_file_with_runtime_dependencies(/home/spkmak/vegabot_ws/install/vegabot_bringup/share/colcon-core/packages/vegabot_bringup)
[1.528s] Level 1:colcon.colcon_core.environment:create_environment_scripts_only(vegabot_description)
[1.529s] Level 1:colcon.colcon_core.environment:checking '/home/spkmak/vegabot_ws/install/vegabot_description' for CMake module files
[1.531s] DEBUG:colcon.colcon_core.event_handler.log_command:Invoked command in '/home/spkmak/vegabot_ws/build/vegabot_description' returned '0': CMAKE_PREFIX_PATH=${CMAKE_PREFIX_PATH}:/home/spkmak/vegabot_ws/install/vegabot_scripts:/home/spkmak/ros2_ws/install/so_arm_100_bringup:/opt/ros/humble /home/spkmak/.local/bin/cmake --install /home/spkmak/vegabot_ws/build/vegabot_description
[1.531s] Level 1:colcon.colcon_core.environment:checking '/home/spkmak/vegabot_ws/install/vegabot_description' for CMake config files
[1.549s] Level 1:colcon.colcon_core.shell:create_environment_hook('vegabot_description', 'cmake_prefix_path')
[1.550s] INFO:colcon.colcon_core.shell:Creating environment hook '/home/spkmak/vegabot_ws/install/vegabot_description/share/vegabot_description/hook/cmake_prefix_path.ps1'
[1.551s] INFO:colcon.colcon_core.shell:Creating environment descriptor '/home/spkmak/vegabot_ws/install/vegabot_description/share/vegabot_description/hook/cmake_prefix_path.dsv'
[1.552s] INFO:colcon.colcon_core.shell:Creating environment hook '/home/spkmak/vegabot_ws/install/vegabot_description/share/vegabot_description/hook/cmake_prefix_path.sh'
[1.554s] Level 1:colcon.colcon_core.environment:checking '/home/spkmak/vegabot_ws/install/vegabot_description/bin'
[1.554s] Level 1:colcon.colcon_core.environment:checking '/home/spkmak/vegabot_ws/install/vegabot_description/lib/pkgconfig/vegabot_description.pc'
[1.555s] Level 1:colcon.colcon_core.environment:checking '/home/spkmak/vegabot_ws/install/vegabot_description/lib/python3.10/site-packages'
[1.556s] Level 1:colcon.colcon_core.environment:checking '/home/spkmak/vegabot_ws/install/vegabot_description/bin'
[1.556s] INFO:colcon.colcon_core.shell:Creating package script '/home/spkmak/vegabot_ws/install/vegabot_description/share/vegabot_description/package.ps1'
[1.558s] INFO:colcon.colcon_core.shell:Creating package descriptor '/home/spkmak/vegabot_ws/install/vegabot_description/share/vegabot_description/package.dsv'
[1.560s] INFO:colcon.colcon_core.shell:Creating package script '/home/spkmak/vegabot_ws/install/vegabot_description/share/vegabot_description/package.sh'
[1.562s] INFO:colcon.colcon_core.shell:Creating package script '/home/spkmak/vegabot_ws/install/vegabot_description/share/vegabot_description/package.bash'
[1.562s] INFO:colcon.colcon_core.shell:Creating package script '/home/spkmak/vegabot_ws/install/vegabot_description/share/vegabot_description/package.zsh'
[1.563s] Level 1:colcon.colcon_core.environment:create_file_with_runtime_dependencies(/home/spkmak/vegabot_ws/install/vegabot_description/share/colcon-core/packages/vegabot_description)
[1.565s] Level 1:colcon.colcon_core.environment:create_environment_scripts_only(vegabot_description)
[1.565s] Level 1:colcon.colcon_core.environment:checking '/home/spkmak/vegabot_ws/install/vegabot_description' for CMake module files
[1.566s] Level 1:colcon.colcon_core.environment:checking '/home/spkmak/vegabot_ws/install/vegabot_description' for CMake config files
[1.580s] Level 1:colcon.colcon_core.shell:create_environment_hook('vegabot_description', 'cmake_prefix_path')
[1.581s] INFO:colcon.colcon_core.shell:Creating environment hook '/home/spkmak/vegabot_ws/install/vegabot_description/share/vegabot_description/hook/cmake_prefix_path.ps1'
[1.582s] INFO:colcon.colcon_core.shell:Creating environment descriptor '/home/spkmak/vegabot_ws/install/vegabot_description/share/vegabot_description/hook/cmake_prefix_path.dsv'
[1.583s] INFO:colcon.colcon_core.shell:Creating environment hook '/home/spkmak/vegabot_ws/install/vegabot_description/share/vegabot_description/hook/cmake_prefix_path.sh'
[1.584s] Level 1:colcon.colcon_core.environment:checking '/home/spkmak/vegabot_ws/install/vegabot_description/bin'
[1.584s] Level 1:colcon.colcon_core.environment:checking '/home/spkmak/vegabot_ws/install/vegabot_description/lib/pkgconfig/vegabot_description.pc'
[1.585s] Level 1:colcon.colcon_core.environment:checking '/home/spkmak/vegabot_ws/install/vegabot_description/lib/python3.10/site-packages'
[1.585s] Level 1:colcon.colcon_core.environment:checking '/home/spkmak/vegabot_ws/install/vegabot_description/bin'
[1.586s] INFO:colcon.colcon_core.shell:Creating package script '/home/spkmak/vegabot_ws/install/vegabot_description/share/vegabot_description/package.ps1'
[1.587s] INFO:colcon.colcon_core.shell:Creating package descriptor '/home/spkmak/vegabot_ws/install/vegabot_description/share/vegabot_description/package.dsv'
[1.588s] INFO:colcon.colcon_core.shell:Creating package script '/home/spkmak/vegabot_ws/install/vegabot_description/share/vegabot_description/package.sh'
[1.589s] INFO:colcon.colcon_core.shell:Creating package script '/home/spkmak/vegabot_ws/install/vegabot_description/share/vegabot_description/package.bash'
[1.590s] INFO:colcon.colcon_core.shell:Creating package script '/home/spkmak/vegabot_ws/install/vegabot_description/share/vegabot_description/package.zsh'
[1.591s] Level 1:colcon.colcon_core.environment:create_file_with_runtime_dependencies(/home/spkmak/vegabot_ws/install/vegabot_description/share/colcon-core/packages/vegabot_description)
[2.041s] INFO:colcon.colcon_core.task.python.build:Building Python package in '/home/spkmak/vegabot_ws/src/vegabot_scripts'
[2.042s] INFO:colcon.colcon_core.shell:Skip shell extension 'powershell' for command environment: Not usable outside of PowerShell
[2.042s] DEBUG:colcon.colcon_core.shell:Skip shell extension 'dsv' for command environment
[2.057s] DEBUG:colcon.colcon_core.event_handler.log_command:Invoked command in '/home/spkmak/vegabot_ws/build/vegabot_navigation' returned '0': CMAKE_PREFIX_PATH=${CMAKE_PREFIX_PATH}:/home/spkmak/vegabot_ws/install/vegabot_scripts:/home/spkmak/ros2_ws/install/so_arm_100_bringup:/opt/ros/humble /home/spkmak/.local/bin/cmake --build /home/spkmak/vegabot_ws/build/vegabot_navigation -- -j6 -l6
[2.061s] DEBUG:colcon.colcon_core.event_handler.log_command:Invoking command in '/home/spkmak/vegabot_ws/build/vegabot_navigation': CMAKE_PREFIX_PATH=${CMAKE_PREFIX_PATH}:/home/spkmak/vegabot_ws/install/vegabot_scripts:/home/spkmak/ros2_ws/install/so_arm_100_bringup:/opt/ros/humble /home/spkmak/.local/bin/cmake --install /home/spkmak/vegabot_ws/build/vegabot_navigation
[2.297s] Level 1:colcon.colcon_core.environment:create_environment_scripts_only(vegabot_navigation)
[2.298s] Level 1:colcon.colcon_core.environment:checking '/home/spkmak/vegabot_ws/install/vegabot_navigation' for CMake module files
[2.300s] DEBUG:colcon.colcon_core.event_handler.log_command:Invoked command in '/home/spkmak/vegabot_ws/build/vegabot_navigation' returned '0': CMAKE_PREFIX_PATH=${CMAKE_PREFIX_PATH}:/home/spkmak/vegabot_ws/install/vegabot_scripts:/home/spkmak/ros2_ws/install/so_arm_100_bringup:/opt/ros/humble /home/spkmak/.local/bin/cmake --install /home/spkmak/vegabot_ws/build/vegabot_navigation
[2.301s] Level 1:colcon.colcon_core.environment:checking '/home/spkmak/vegabot_ws/install/vegabot_navigation' for CMake config files
[2.303s] Level 1:colcon.colcon_core.shell:create_environment_hook('vegabot_navigation', 'cmake_prefix_path')
[2.304s] INFO:colcon.colcon_core.shell:Creating environment hook '/home/spkmak/vegabot_ws/install/vegabot_navigation/share/vegabot_navigation/hook/cmake_prefix_path.ps1'
[2.305s] INFO:colcon.colcon_core.shell:Creating environment descriptor '/home/spkmak/vegabot_ws/install/vegabot_navigation/share/vegabot_navigation/hook/cmake_prefix_path.dsv'
[2.306s] INFO:colcon.colcon_core.shell:Creating environment hook '/home/spkmak/vegabot_ws/install/vegabot_navigation/share/vegabot_navigation/hook/cmake_prefix_path.sh'
[2.308s] Level 1:colcon.colcon_core.environment:checking '/home/spkmak/vegabot_ws/install/vegabot_navigation/lib'
[2.309s] Level 1:colcon.colcon_core.environment:checking '/home/spkmak/vegabot_ws/install/vegabot_navigation/bin'
[2.309s] Level 1:colcon.colcon_core.environment:checking '/home/spkmak/vegabot_ws/install/vegabot_navigation/lib/pkgconfig/vegabot_navigation.pc'
[2.310s] Level 1:colcon.colcon_core.environment:checking '/home/spkmak/vegabot_ws/install/vegabot_navigation/lib/python3.10/site-packages'
[2.311s] Level 1:colcon.colcon_core.environment:checking '/home/spkmak/vegabot_ws/install/vegabot_navigation/bin'
[2.312s] INFO:colcon.colcon_core.shell:Creating package script '/home/spkmak/vegabot_ws/install/vegabot_navigation/share/vegabot_navigation/package.ps1'
[2.315s] INFO:colcon.colcon_core.shell:Creating package descriptor '/home/spkmak/vegabot_ws/install/vegabot_navigation/share/vegabot_navigation/package.dsv'
[2.316s] INFO:colcon.colcon_core.shell:Creating package script '/home/spkmak/vegabot_ws/install/vegabot_navigation/share/vegabot_navigation/package.sh'
[2.318s] INFO:colcon.colcon_core.shell:Creating package script '/home/spkmak/vegabot_ws/install/vegabot_navigation/share/vegabot_navigation/package.bash'
[2.320s] INFO:colcon.colcon_core.shell:Creating package script '/home/spkmak/vegabot_ws/install/vegabot_navigation/share/vegabot_navigation/package.zsh'
[2.321s] Level 1:colcon.colcon_core.environment:create_file_with_runtime_dependencies(/home/spkmak/vegabot_ws/install/vegabot_navigation/share/colcon-core/packages/vegabot_navigation)
[2.323s] Level 1:colcon.colcon_core.environment:create_environment_scripts_only(vegabot_navigation)
[2.323s] Level 1:colcon.colcon_core.environment:checking '/home/spkmak/vegabot_ws/install/vegabot_navigation' for CMake module files
[2.324s] Level 1:colcon.colcon_core.environment:checking '/home/spkmak/vegabot_ws/install/vegabot_navigation' for CMake config files
[2.325s] Level 1:colcon.colcon_core.shell:create_environment_hook('vegabot_navigation', 'cmake_prefix_path')
[2.325s] INFO:colcon.colcon_core.shell:Creating environment hook '/home/spkmak/vegabot_ws/install/vegabot_navigation/share/vegabot_navigation/hook/cmake_prefix_path.ps1'
[2.326s] INFO:colcon.colcon_core.shell:Creating environment descriptor '/home/spkmak/vegabot_ws/install/vegabot_navigation/share/vegabot_navigation/hook/cmake_prefix_path.dsv'
[2.327s] INFO:colcon.colcon_core.shell:Creating environment hook '/home/spkmak/vegabot_ws/install/vegabot_navigation/share/vegabot_navigation/hook/cmake_prefix_path.sh'
[2.329s] Level 1:colcon.colcon_core.environment:checking '/home/spkmak/vegabot_ws/install/vegabot_navigation/lib'
[2.330s] Level 1:colcon.colcon_core.environment:checking '/home/spkmak/vegabot_ws/install/vegabot_navigation/bin'
[2.330s] Level 1:colcon.colcon_core.environment:checking '/home/spkmak/vegabot_ws/install/vegabot_navigation/lib/pkgconfig/vegabot_navigation.pc'
[2.331s] Level 1:colcon.colcon_core.environment:checking '/home/spkmak/vegabot_ws/install/vegabot_navigation/lib/python3.10/site-packages'
[2.332s] Level 1:colcon.colcon_core.environment:checking '/home/spkmak/vegabot_ws/install/vegabot_navigation/bin'
[2.333s] INFO:colcon.colcon_core.shell:Creating package script '/home/spkmak/vegabot_ws/install/vegabot_navigation/share/vegabot_navigation/package.ps1'
[2.335s] INFO:colcon.colcon_core.shell:Creating package descriptor '/home/spkmak/vegabot_ws/install/vegabot_navigation/share/vegabot_navigation/package.dsv'
[2.337s] INFO:colcon.colcon_core.shell:Creating package script '/home/spkmak/vegabot_ws/install/vegabot_navigation/share/vegabot_navigation/package.sh'
[2.338s] INFO:colcon.colcon_core.shell:Creating package script '/home/spkmak/vegabot_ws/install/vegabot_navigation/share/vegabot_navigation/package.bash'
[2.340s] INFO:colcon.colcon_core.shell:Creating package script '/home/spkmak/vegabot_ws/install/vegabot_navigation/share/vegabot_navigation/package.zsh'
[2.341s] Level 1:colcon.colcon_core.environment:create_file_with_runtime_dependencies(/home/spkmak/vegabot_ws/install/vegabot_navigation/share/colcon-core/packages/vegabot_navigation)
[3.170s] DEBUG:colcon.colcon_core.task.python.build:Available setuptools commands: build, rotate, install_headers, check, build_clib, bdist_egg, update_catalog, bdist_dumb, editable_wheel, install_scripts, compile_catalog, bdist_wheel, install_data, develop, clean, sdist, build_scripts, install, extract_messages, install_lib, saveopts, init_catalog, bdist_rpm, dist_info, easy_install, build_ext, egg_info, setopt, bdist, build_py, install_egg_info, alias, symlink_data
[3.178s] DEBUG:colcon.colcon_core.event_handler.log_command:Invoking command in '/home/spkmak/vegabot_ws/src/vegabot_scripts': PYTHONPATH=/home/spkmak/vegabot_ws/build/vegabot_scripts/prefix_override:/usr/lib/python3/dist-packages/colcon_core/task/python/colcon_distutils_commands:/home/spkmak/vegabot_ws/install/vegabot_scripts/lib/python3.10/site-packages:${PYTHONPATH} /usr/bin/python3 -W ignore:setup.py install is deprecated -W ignore:easy_install command is deprecated setup.py egg_info --egg-base ../../build/vegabot_scripts build --build-base /home/spkmak/vegabot_ws/build/vegabot_scripts/build install --record /home/spkmak/vegabot_ws/build/vegabot_scripts/install.log --install-scripts $base/lib/vegabot_scripts --single-version-externally-managed install_data
[4.298s] Level 1:colcon.colcon_core.environment:checking '/home/spkmak/vegabot_ws/install/vegabot_scripts' for CMake module files
[4.300s] DEBUG:colcon.colcon_core.event_handler.log_command:Invoked command in '/home/spkmak/vegabot_ws/src/vegabot_scripts' returned '0': PYTHONPATH=/home/spkmak/vegabot_ws/build/vegabot_scripts/prefix_override:/usr/lib/python3/dist-packages/colcon_core/task/python/colcon_distutils_commands:/home/spkmak/vegabot_ws/install/vegabot_scripts/lib/python3.10/site-packages:${PYTHONPATH} /usr/bin/python3 -W ignore:setup.py install is deprecated -W ignore:easy_install command is deprecated setup.py egg_info --egg-base ../../build/vegabot_scripts build --build-base /home/spkmak/vegabot_ws/build/vegabot_scripts/build install --record /home/spkmak/vegabot_ws/build/vegabot_scripts/install.log --install-scripts $base/lib/vegabot_scripts --single-version-externally-managed install_data
[4.301s] Level 1:colcon.colcon_core.environment:checking '/home/spkmak/vegabot_ws/install/vegabot_scripts' for CMake config files
[4.304s] Level 1:colcon.colcon_core.environment:checking '/home/spkmak/vegabot_ws/install/vegabot_scripts/lib'
[4.304s] Level 1:colcon.colcon_core.environment:checking '/home/spkmak/vegabot_ws/install/vegabot_scripts/bin'
[4.304s] Level 1:colcon.colcon_core.environment:checking '/home/spkmak/vegabot_ws/install/vegabot_scripts/lib/pkgconfig/vegabot_scripts.pc'
[4.305s] Level 1:colcon.colcon_core.environment:checking '/home/spkmak/vegabot_ws/install/vegabot_scripts/lib/python3.10/site-packages'
[4.305s] Level 1:colcon.colcon_core.shell:create_environment_hook('vegabot_scripts', 'pythonpath')
[4.307s] INFO:colcon.colcon_core.shell:Creating environment hook '/home/spkmak/vegabot_ws/install/vegabot_scripts/share/vegabot_scripts/hook/pythonpath.ps1'
[4.309s] INFO:colcon.colcon_core.shell:Creating environment descriptor '/home/spkmak/vegabot_ws/install/vegabot_scripts/share/vegabot_scripts/hook/pythonpath.dsv'
[4.309s] INFO:colcon.colcon_core.shell:Creating environment hook '/home/spkmak/vegabot_ws/install/vegabot_scripts/share/vegabot_scripts/hook/pythonpath.sh'
[4.311s] Level 1:colcon.colcon_core.environment:checking '/home/spkmak/vegabot_ws/install/vegabot_scripts/bin'
[4.311s] Level 1:colcon.colcon_core.environment:create_environment_scripts_only(vegabot_scripts)
[4.312s] INFO:colcon.colcon_core.shell:Creating package script '/home/spkmak/vegabot_ws/install/vegabot_scripts/share/vegabot_scripts/package.ps1'
[4.313s] INFO:colcon.colcon_core.shell:Creating package descriptor '/home/spkmak/vegabot_ws/install/vegabot_scripts/share/vegabot_scripts/package.dsv'
[4.314s] INFO:colcon.colcon_core.shell:Creating package script '/home/spkmak/vegabot_ws/install/vegabot_scripts/share/vegabot_scripts/package.sh'
[4.314s] INFO:colcon.colcon_core.shell:Creating package script '/home/spkmak/vegabot_ws/install/vegabot_scripts/share/vegabot_scripts/package.bash'
[4.315s] INFO:colcon.colcon_core.shell:Creating package script '/home/spkmak/vegabot_ws/install/vegabot_scripts/share/vegabot_scripts/package.zsh'
[4.316s] Level 1:colcon.colcon_core.environment:create_file_with_runtime_dependencies(/home/spkmak/vegabot_ws/install/vegabot_scripts/share/colcon-core/packages/vegabot_scripts)
[4.317s] DEBUG:colcon.colcon_parallel_executor.executor.parallel:closing loop
[4.319s] DEBUG:colcon.colcon_parallel_executor.executor.parallel:loop closed
[4.319s] DEBUG:colcon.colcon_parallel_executor.executor.parallel:run_until_complete finished with '0'
[4.319s] DEBUG:colcon.colcon_core.event_reactor:joining thread
[4.343s] INFO:colcon.colcon_core.plugin_system:Skipping extension 'colcon_notification.desktop_notification.terminal_notifier': Not used on non-Darwin systems
[4.343s] INFO:colcon.colcon_core.plugin_system:Skipping extension 'colcon_notification.desktop_notification.win32': Not used on non-Windows systems
[4.343s] INFO:colcon.colcon_notification.desktop_notification:Sending desktop notification using 'notify2'
[4.381s] DEBUG:colcon.colcon_core.event_reactor:joined thread
[4.383s] INFO:colcon.colcon_core.shell:Creating prefix script '/home/spkmak/vegabot_ws/install/local_setup.ps1'
[4.388s] INFO:colcon.colcon_core.shell:Creating prefix util module '/home/spkmak/vegabot_ws/install/_local_setup_util_ps1.py'
[4.391s] INFO:colcon.colcon_core.shell:Creating prefix chain script '/home/spkmak/vegabot_ws/install/setup.ps1'
[4.395s] INFO:colcon.colcon_core.shell:Creating prefix script '/home/spkmak/vegabot_ws/install/local_setup.sh'
[4.397s] INFO:colcon.colcon_core.shell:Creating prefix util module '/home/spkmak/vegabot_ws/install/_local_setup_util_sh.py'
[4.400s] INFO:colcon.colcon_core.shell:Creating prefix chain script '/home/spkmak/vegabot_ws/install/setup.sh'
[4.407s] INFO:colcon.colcon_core.shell:Creating prefix script '/home/spkmak/vegabot_ws/install/local_setup.bash'
[4.408s] INFO:colcon.colcon_core.shell:Creating prefix chain script '/home/spkmak/vegabot_ws/install/setup.bash'
[4.412s] INFO:colcon.colcon_core.shell:Creating prefix script '/home/spkmak/vegabot_ws/install/local_setup.zsh'
[4.414s] INFO:colcon.colcon_core.shell:Creating prefix chain script '/home/spkmak/vegabot_ws/install/setup.zsh'
