[0.076s] Invoking command in '/home/spkmak/vegabot_ws/build/vegabot_bringup': CMAKE_PREFIX_PATH=${CMAKE_PREFIX_PATH}:/home/spkmak/vegabot_ws/install/vegabot_scripts:/home/spkmak/ros2_ws/install/so_arm_100_bringup:/opt/ros/humble /home/spkmak/.local/bin/cmake /home/spkmak/vegabot_ws/src/vegabot_bringup -DCMAKE_INSTALL_PREFIX=/home/spkmak/vegabot_ws/install/vegabot_bringup
[0.251s] [0mCMake Deprecation Warning at CMakeLists.txt:1 (cmake_minimum_required):
[0.251s]   Compatibility with CMake < 3.10 will be removed from a future version of
[0.251s]   CMake.
[0.252s] 
[0.252s]   Update the VERSION argument <min> value.  Or, use the <min>...<max> syntax
[0.252s]   to tell CMake that the project requires at least <min> but has been updated
[0.252s]   to work with policies introduced by <max> or earlier.
[0.252s] 
[0.252s] [0m
[0.342s] -- The C compiler identification is GNU 11.4.0
[0.480s] -- The CXX compiler identification is GNU 11.4.0
[0.499s] -- Detecting C compiler ABI info
[0.893s] -- Detecting C compiler ABI info - done
[0.948s] -- Check for working C compiler: /usr/bin/cc - skipped
[0.948s] -- Detecting C compile features
[0.949s] -- Detecting C compile features - done
[0.950s] -- Detecting CXX compiler ABI info
[0.953s] -- Detecting CXX compiler ABI info - done
[0.955s] -- Check for working CXX compiler: /usr/bin/c++ - skipped
[0.955s] -- Detecting CXX compile features
[0.956s] -- Detecting CXX compile features - done
[0.956s] -- Found ament_cmake: 1.3.14 (/opt/ros/humble/share/ament_cmake/cmake)
[1.215s] -- Found Python3: /usr/bin/python3 (found version "3.10.12") found components: Interpreter
[1.470s] -- Found ament_lint_auto: 0.12.15 (/opt/ros/humble/share/ament_lint_auto/cmake)
[1.666s] -- Added test 'flake8' to check Python code syntax and style conventions
[1.668s] -- Added test 'lint_cmake' to check CMake code style
[1.669s] -- Added test 'pep257' to check Python code against some of the docstring style conventions in PEP 257
[1.672s] -- Added test 'xmllint' to check XML markup files
[1.677s] -- Configuring done (1.4s)
[1.686s] -- Generating done (0.0s)
[1.688s] -- Build files have been written to: /home/spkmak/vegabot_ws/build/vegabot_bringup
[1.728s] Invoked command in '/home/spkmak/vegabot_ws/build/vegabot_bringup' returned '0': CMAKE_PREFIX_PATH=${CMAKE_PREFIX_PATH}:/home/spkmak/vegabot_ws/install/vegabot_scripts:/home/spkmak/ros2_ws/install/so_arm_100_bringup:/opt/ros/humble /home/spkmak/.local/bin/cmake /home/spkmak/vegabot_ws/src/vegabot_bringup -DCMAKE_INSTALL_PREFIX=/home/spkmak/vegabot_ws/install/vegabot_bringup
[1.728s] Invoking command in '/home/spkmak/vegabot_ws/build/vegabot_bringup': CMAKE_PREFIX_PATH=${CMAKE_PREFIX_PATH}:/home/spkmak/vegabot_ws/install/vegabot_scripts:/home/spkmak/ros2_ws/install/so_arm_100_bringup:/opt/ros/humble /home/spkmak/.local/bin/cmake --build /home/spkmak/vegabot_ws/build/vegabot_bringup -- -j6 -l6
[1.898s] Invoked command in '/home/spkmak/vegabot_ws/build/vegabot_bringup' returned '0': CMAKE_PREFIX_PATH=${CMAKE_PREFIX_PATH}:/home/spkmak/vegabot_ws/install/vegabot_scripts:/home/spkmak/ros2_ws/install/so_arm_100_bringup:/opt/ros/humble /home/spkmak/.local/bin/cmake --build /home/spkmak/vegabot_ws/build/vegabot_bringup -- -j6 -l6
[1.901s] Invoking command in '/home/spkmak/vegabot_ws/build/vegabot_bringup': CMAKE_PREFIX_PATH=${CMAKE_PREFIX_PATH}:/home/spkmak/vegabot_ws/install/vegabot_scripts:/home/spkmak/ros2_ws/install/so_arm_100_bringup:/opt/ros/humble /home/spkmak/.local/bin/cmake --install /home/spkmak/vegabot_ws/build/vegabot_bringup
[2.047s] -- Install configuration: ""
[2.048s] -- Installing: /home/spkmak/vegabot_ws/install/vegabot_bringup/share/vegabot_bringup/launch
[2.048s] -- Installing: /home/spkmak/vegabot_ws/install/vegabot_bringup/share/vegabot_bringup/launch/real_robot.launch.py
[2.048s] -- Installing: /home/spkmak/vegabot_ws/install/vegabot_bringup/share/vegabot_bringup/launch/simulated_robot.launch.py
[2.048s] -- Installing: /home/spkmak/vegabot_ws/install/vegabot_bringup/share/ament_index/resource_index/package_run_dependencies/vegabot_bringup
[2.049s] -- Installing: /home/spkmak/vegabot_ws/install/vegabot_bringup/share/ament_index/resource_index/parent_prefix_path/vegabot_bringup
[2.049s] -- Installing: /home/spkmak/vegabot_ws/install/vegabot_bringup/share/vegabot_bringup/environment/ament_prefix_path.sh
[2.049s] -- Installing: /home/spkmak/vegabot_ws/install/vegabot_bringup/share/vegabot_bringup/environment/ament_prefix_path.dsv
[2.049s] -- Installing: /home/spkmak/vegabot_ws/install/vegabot_bringup/share/vegabot_bringup/environment/path.sh
[2.049s] -- Installing: /home/spkmak/vegabot_ws/install/vegabot_bringup/share/vegabot_bringup/environment/path.dsv
[2.050s] -- Installing: /home/spkmak/vegabot_ws/install/vegabot_bringup/share/vegabot_bringup/local_setup.bash
[2.050s] -- Installing: /home/spkmak/vegabot_ws/install/vegabot_bringup/share/vegabot_bringup/local_setup.sh
[2.050s] -- Installing: /home/spkmak/vegabot_ws/install/vegabot_bringup/share/vegabot_bringup/local_setup.zsh
[2.050s] -- Installing: /home/spkmak/vegabot_ws/install/vegabot_bringup/share/vegabot_bringup/local_setup.dsv
[2.050s] -- Installing: /home/spkmak/vegabot_ws/install/vegabot_bringup/share/vegabot_bringup/package.dsv
[2.051s] -- Installing: /home/spkmak/vegabot_ws/install/vegabot_bringup/share/ament_index/resource_index/packages/vegabot_bringup
[2.051s] -- Installing: /home/spkmak/vegabot_ws/install/vegabot_bringup/share/vegabot_bringup/cmake/vegabot_bringupConfig.cmake
[2.051s] -- Installing: /home/spkmak/vegabot_ws/install/vegabot_bringup/share/vegabot_bringup/cmake/vegabot_bringupConfig-version.cmake
[2.051s] -- Installing: /home/spkmak/vegabot_ws/install/vegabot_bringup/share/vegabot_bringup/package.xml
[2.056s] Invoked command in '/home/spkmak/vegabot_ws/build/vegabot_bringup' returned '0': CMAKE_PREFIX_PATH=${CMAKE_PREFIX_PATH}:/home/spkmak/vegabot_ws/install/vegabot_scripts:/home/spkmak/ros2_ws/install/so_arm_100_bringup:/opt/ros/humble /home/spkmak/.local/bin/cmake --install /home/spkmak/vegabot_ws/build/vegabot_bringup
