Built target ament_cmake_python_copy_vegabot_navigation
running egg_info
writing vegabot_navigation.egg-info/PKG-INFO
writing dependency_links to vegabot_navigation.egg-info/dependency_links.txt
writing top-level names to vegabot_navigation.egg-info/top_level.txt
reading manifest file 'vegabot_navigation.egg-info/SOURCES.txt'
writing manifest file 'vegabot_navigation.egg-info/SOURCES.txt'
Built target ament_cmake_python_build_vegabot_navigation_egg
-- Install configuration: ""
-- Up-to-date: /home/spkmak/vegabot_ws/install/vegabot_navigation/share/vegabot_navigation/environment/pythonpath.sh
-- Up-to-date: /home/spkmak/vegabot_ws/install/vegabot_navigation/share/vegabot_navigation/environment/pythonpath.dsv
-- Up-to-date: /home/spkmak/vegabot_ws/install/vegabot_navigation/local/lib/python3.10/dist-packages/vegabot_navigation-0.0.0-py3.10.egg-info
-- Installing: /home/spkmak/vegabot_ws/install/vegabot_navigation/local/lib/python3.10/dist-packages/vegabot_navigation-0.0.0-py3.10.egg-info/top_level.txt
-- Installing: /home/spkmak/vegabot_ws/install/vegabot_navigation/local/lib/python3.10/dist-packages/vegabot_navigation-0.0.0-py3.10.egg-info/SOURCES.txt
-- Installing: /home/spkmak/vegabot_ws/install/vegabot_navigation/local/lib/python3.10/dist-packages/vegabot_navigation-0.0.0-py3.10.egg-info/PKG-INFO
-- Installing: /home/spkmak/vegabot_ws/install/vegabot_navigation/local/lib/python3.10/dist-packages/vegabot_navigation-0.0.0-py3.10.egg-info/dependency_links.txt
-- Up-to-date: /home/spkmak/vegabot_ws/install/vegabot_navigation/local/lib/python3.10/dist-packages/vegabot_navigation
-- Up-to-date: /home/spkmak/vegabot_ws/install/vegabot_navigation/local/lib/python3.10/dist-packages/vegabot_navigation/waypoint_following.py
-- Up-to-date: /home/spkmak/vegabot_ws/install/vegabot_navigation/local/lib/python3.10/dist-packages/vegabot_navigation/__init__.py
Listing '/home/spkmak/vegabot_ws/install/vegabot_navigation/local/lib/python3.10/dist-packages/vegabot_navigation'...
-- Up-to-date: /home/spkmak/vegabot_ws/install/vegabot_navigation/share/vegabot_navigation/launch
-- Up-to-date: /home/spkmak/vegabot_ws/install/vegabot_navigation/share/vegabot_navigation/launch/navigation.launch.py
-- Up-to-date: /home/spkmak/vegabot_ws/install/vegabot_navigation/share/vegabot_navigation/config
-- Up-to-date: /home/spkmak/vegabot_ws/install/vegabot_navigation/share/vegabot_navigation/config/smoother_server.yaml
-- Up-to-date: /home/spkmak/vegabot_ws/install/vegabot_navigation/share/vegabot_navigation/config/planner_server.yaml
-- Up-to-date: /home/spkmak/vegabot_ws/install/vegabot_navigation/share/vegabot_navigation/config/behavior_server.yaml
-- Up-to-date: /home/spkmak/vegabot_ws/install/vegabot_navigation/share/vegabot_navigation/config/bt_navigator.yaml
-- Up-to-date: /home/spkmak/vegabot_ws/install/vegabot_navigation/share/vegabot_navigation/config/waypoint_follower.yaml
-- Up-to-date: /home/spkmak/vegabot_ws/install/vegabot_navigation/share/vegabot_navigation/config/controller_server.yaml
-- Up-to-date: /home/spkmak/vegabot_ws/install/vegabot_navigation/share/vegabot_navigation/behavior_tree
-- Up-to-date: /home/spkmak/vegabot_ws/install/vegabot_navigation/share/vegabot_navigation/behavior_tree/simple_navigation_w_replanning_and_recovery.xml
-- Up-to-date: /home/spkmak/vegabot_ws/install/vegabot_navigation/lib/vegabot_navigation/waypoint_following.py
-- Up-to-date: /home/spkmak/vegabot_ws/install/vegabot_navigation/share/ament_index/resource_index/package_run_dependencies/vegabot_navigation
-- Up-to-date: /home/spkmak/vegabot_ws/install/vegabot_navigation/share/ament_index/resource_index/parent_prefix_path/vegabot_navigation
-- Up-to-date: /home/spkmak/vegabot_ws/install/vegabot_navigation/share/vegabot_navigation/environment/ament_prefix_path.sh
-- Up-to-date: /home/spkmak/vegabot_ws/install/vegabot_navigation/share/vegabot_navigation/environment/ament_prefix_path.dsv
-- Up-to-date: /home/spkmak/vegabot_ws/install/vegabot_navigation/share/vegabot_navigation/environment/path.sh
-- Up-to-date: /home/spkmak/vegabot_ws/install/vegabot_navigation/share/vegabot_navigation/environment/path.dsv
-- Up-to-date: /home/spkmak/vegabot_ws/install/vegabot_navigation/share/vegabot_navigation/local_setup.bash
-- Up-to-date: /home/spkmak/vegabot_ws/install/vegabot_navigation/share/vegabot_navigation/local_setup.sh
-- Up-to-date: /home/spkmak/vegabot_ws/install/vegabot_navigation/share/vegabot_navigation/local_setup.zsh
-- Up-to-date: /home/spkmak/vegabot_ws/install/vegabot_navigation/share/vegabot_navigation/local_setup.dsv
-- Installing: /home/spkmak/vegabot_ws/install/vegabot_navigation/share/vegabot_navigation/package.dsv
-- Up-to-date: /home/spkmak/vegabot_ws/install/vegabot_navigation/share/ament_index/resource_index/packages/vegabot_navigation
-- Up-to-date: /home/spkmak/vegabot_ws/install/vegabot_navigation/share/vegabot_navigation/cmake/vegabot_navigationConfig.cmake
-- Up-to-date: /home/spkmak/vegabot_ws/install/vegabot_navigation/share/vegabot_navigation/cmake/vegabot_navigationConfig-version.cmake
-- Up-to-date: /home/spkmak/vegabot_ws/install/vegabot_navigation/share/vegabot_navigation/package.xml
