[0.069s] Invoking command in '/home/spkmak/vegabot_ws/build/vegabot_navigation': CMAKE_PREFIX_PATH=${CMAKE_PREFIX_PATH}:/home/spkmak/vegabot_ws/install/vegabot_scripts:/home/spkmak/ros2_ws/install/so_arm_100_bringup:/opt/ros/humble /home/spkmak/.local/bin/cmake --build /home/spkmak/vegabot_ws/build/vegabot_navigation -- -j6 -l6
[0.268s] Built target ament_cmake_python_copy_vegabot_navigation
[0.911s] running egg_info
[0.916s] writing vegabot_navigation.egg-info/PKG-INFO
[0.917s] writing dependency_links to vegabot_navigation.egg-info/dependency_links.txt
[0.917s] writing top-level names to vegabot_navigation.egg-info/top_level.txt
[0.920s] reading manifest file 'vegabot_navigation.egg-info/SOURCES.txt'
[0.921s] writing manifest file 'vegabot_navigation.egg-info/SOURCES.txt'
[0.999s] Built target ament_cmake_python_build_vegabot_navigation_egg
[1.421s] Invoked command in '/home/spkmak/vegabot_ws/build/vegabot_navigation' returned '0': CMAKE_PREFIX_PATH=${CMAKE_PREFIX_PATH}:/home/spkmak/vegabot_ws/install/vegabot_scripts:/home/spkmak/ros2_ws/install/so_arm_100_bringup:/opt/ros/humble /home/spkmak/.local/bin/cmake --build /home/spkmak/vegabot_ws/build/vegabot_navigation -- -j6 -l6
[1.426s] Invoking command in '/home/spkmak/vegabot_ws/build/vegabot_navigation': CMAKE_PREFIX_PATH=${CMAKE_PREFIX_PATH}:/home/spkmak/vegabot_ws/install/vegabot_scripts:/home/spkmak/ros2_ws/install/so_arm_100_bringup:/opt/ros/humble /home/spkmak/.local/bin/cmake --install /home/spkmak/vegabot_ws/build/vegabot_navigation
[1.580s] -- Install configuration: ""
[1.581s] -- Up-to-date: /home/spkmak/vegabot_ws/install/vegabot_navigation/share/vegabot_navigation/environment/pythonpath.sh
[1.581s] -- Up-to-date: /home/spkmak/vegabot_ws/install/vegabot_navigation/share/vegabot_navigation/environment/pythonpath.dsv
[1.581s] -- Up-to-date: /home/spkmak/vegabot_ws/install/vegabot_navigation/local/lib/python3.10/dist-packages/vegabot_navigation-0.0.0-py3.10.egg-info
[1.581s] -- Installing: /home/spkmak/vegabot_ws/install/vegabot_navigation/local/lib/python3.10/dist-packages/vegabot_navigation-0.0.0-py3.10.egg-info/top_level.txt
[1.581s] -- Installing: /home/spkmak/vegabot_ws/install/vegabot_navigation/local/lib/python3.10/dist-packages/vegabot_navigation-0.0.0-py3.10.egg-info/SOURCES.txt
[1.581s] -- Installing: /home/spkmak/vegabot_ws/install/vegabot_navigation/local/lib/python3.10/dist-packages/vegabot_navigation-0.0.0-py3.10.egg-info/PKG-INFO
[1.582s] -- Installing: /home/spkmak/vegabot_ws/install/vegabot_navigation/local/lib/python3.10/dist-packages/vegabot_navigation-0.0.0-py3.10.egg-info/dependency_links.txt
[1.582s] -- Up-to-date: /home/spkmak/vegabot_ws/install/vegabot_navigation/local/lib/python3.10/dist-packages/vegabot_navigation
[1.582s] -- Up-to-date: /home/spkmak/vegabot_ws/install/vegabot_navigation/local/lib/python3.10/dist-packages/vegabot_navigation/waypoint_following.py
[1.582s] -- Up-to-date: /home/spkmak/vegabot_ws/install/vegabot_navigation/local/lib/python3.10/dist-packages/vegabot_navigation/__init__.py
[1.645s] Listing '/home/spkmak/vegabot_ws/install/vegabot_navigation/local/lib/python3.10/dist-packages/vegabot_navigation'...
[1.657s] -- Up-to-date: /home/spkmak/vegabot_ws/install/vegabot_navigation/share/vegabot_navigation/launch
[1.657s] -- Up-to-date: /home/spkmak/vegabot_ws/install/vegabot_navigation/share/vegabot_navigation/launch/navigation.launch.py
[1.657s] -- Up-to-date: /home/spkmak/vegabot_ws/install/vegabot_navigation/share/vegabot_navigation/config
[1.657s] -- Up-to-date: /home/spkmak/vegabot_ws/install/vegabot_navigation/share/vegabot_navigation/config/smoother_server.yaml
[1.657s] -- Up-to-date: /home/spkmak/vegabot_ws/install/vegabot_navigation/share/vegabot_navigation/config/planner_server.yaml
[1.658s] -- Up-to-date: /home/spkmak/vegabot_ws/install/vegabot_navigation/share/vegabot_navigation/config/behavior_server.yaml
[1.658s] -- Up-to-date: /home/spkmak/vegabot_ws/install/vegabot_navigation/share/vegabot_navigation/config/bt_navigator.yaml
[1.658s] -- Up-to-date: /home/spkmak/vegabot_ws/install/vegabot_navigation/share/vegabot_navigation/config/waypoint_follower.yaml
[1.658s] -- Up-to-date: /home/spkmak/vegabot_ws/install/vegabot_navigation/share/vegabot_navigation/config/controller_server.yaml
[1.658s] -- Up-to-date: /home/spkmak/vegabot_ws/install/vegabot_navigation/share/vegabot_navigation/behavior_tree
[1.658s] -- Up-to-date: /home/spkmak/vegabot_ws/install/vegabot_navigation/share/vegabot_navigation/behavior_tree/simple_navigation_w_replanning_and_recovery.xml
[1.658s] -- Up-to-date: /home/spkmak/vegabot_ws/install/vegabot_navigation/lib/vegabot_navigation/waypoint_following.py
[1.659s] -- Up-to-date: /home/spkmak/vegabot_ws/install/vegabot_navigation/share/ament_index/resource_index/package_run_dependencies/vegabot_navigation
[1.659s] -- Up-to-date: /home/spkmak/vegabot_ws/install/vegabot_navigation/share/ament_index/resource_index/parent_prefix_path/vegabot_navigation
[1.659s] -- Up-to-date: /home/spkmak/vegabot_ws/install/vegabot_navigation/share/vegabot_navigation/environment/ament_prefix_path.sh
[1.659s] -- Up-to-date: /home/spkmak/vegabot_ws/install/vegabot_navigation/share/vegabot_navigation/environment/ament_prefix_path.dsv
[1.659s] -- Up-to-date: /home/spkmak/vegabot_ws/install/vegabot_navigation/share/vegabot_navigation/environment/path.sh
[1.659s] -- Up-to-date: /home/spkmak/vegabot_ws/install/vegabot_navigation/share/vegabot_navigation/environment/path.dsv
[1.659s] -- Up-to-date: /home/spkmak/vegabot_ws/install/vegabot_navigation/share/vegabot_navigation/local_setup.bash
[1.659s] -- Up-to-date: /home/spkmak/vegabot_ws/install/vegabot_navigation/share/vegabot_navigation/local_setup.sh
[1.659s] -- Up-to-date: /home/spkmak/vegabot_ws/install/vegabot_navigation/share/vegabot_navigation/local_setup.zsh
[1.660s] -- Up-to-date: /home/spkmak/vegabot_ws/install/vegabot_navigation/share/vegabot_navigation/local_setup.dsv
[1.660s] -- Installing: /home/spkmak/vegabot_ws/install/vegabot_navigation/share/vegabot_navigation/package.dsv
[1.660s] -- Up-to-date: /home/spkmak/vegabot_ws/install/vegabot_navigation/share/ament_index/resource_index/packages/vegabot_navigation
[1.660s] -- Up-to-date: /home/spkmak/vegabot_ws/install/vegabot_navigation/share/vegabot_navigation/cmake/vegabot_navigationConfig.cmake
[1.660s] -- Up-to-date: /home/spkmak/vegabot_ws/install/vegabot_navigation/share/vegabot_navigation/cmake/vegabot_navigationConfig-version.cmake
[1.660s] -- Up-to-date: /home/spkmak/vegabot_ws/install/vegabot_navigation/share/vegabot_navigation/package.xml
[1.663s] Invoked command in '/home/spkmak/vegabot_ws/build/vegabot_navigation' returned '0': CMAKE_PREFIX_PATH=${CMAKE_PREFIX_PATH}:/home/spkmak/vegabot_ws/install/vegabot_scripts:/home/spkmak/ros2_ws/install/so_arm_100_bringup:/opt/ros/humble /home/spkmak/.local/bin/cmake --install /home/spkmak/vegabot_ws/build/vegabot_navigation
