[0.225s] DEBUG:colcon:Command line arguments: ['/usr/bin/colcon', 'build']
[0.226s] DEBUG:colcon:Parsed command line arguments: Namespace(log_base=None, log_level=None, verb_name='build', build_base='build', install_base='install', merge_install=False, symlink_install=False, test_result_base=None, continue_on_error=False, executor='parallel', parallel_workers=6, event_handlers=None, ignore_user_meta=False, metas=['./colcon.meta'], base_paths=['.'], packages_ignore=None, packages_ignore_regex=None, paths=None, packages_up_to=None, packages_up_to_regex=None, packages_above=None, packages_above_and_dependencies=None, packages_above_depth=None, packages_select_by_dep=None, packages_skip_by_dep=None, packages_skip_up_to=None, packages_select_build_failed=False, packages_skip_build_finished=False, packages_select_test_failures=False, packages_skip_test_passed=False, packages_select=None, packages_skip=None, packages_select_regex=None, packages_skip_regex=None, packages_start=None, packages_end=None, allow_overriding=[], cargo_args=None, clean_build=False, cmake_args=None, cmake_target=None, cmake_target_skip_unavailable=False, cmake_clean_cache=False, cmake_clean_first=False, cmake_force_configure=False, lookup_in_workspace=False, ament_cmake_args=None, catkin_cmake_args=None, catkin_skip_building_tests=False, verb_parser=<colcon_defaults.argument_parser.defaults.DefaultArgumentsDecorator object at 0xffffa7f536d0>, verb_extension=<colcon_core.verb.build.BuildVerb object at 0xffffa8175540>, main=<bound method BuildVerb.main of <colcon_core.verb.build.BuildVerb object at 0xffffa8175540>>)
[0.303s] Level 1:colcon.colcon_core.package_discovery:discover_packages(colcon_meta) check parameters
[0.303s] Level 1:colcon.colcon_core.package_discovery:discover_packages(recursive) check parameters
[0.303s] Level 1:colcon.colcon_core.package_discovery:discover_packages(ignore) check parameters
[0.303s] Level 1:colcon.colcon_core.package_discovery:discover_packages(path) check parameters
[0.303s] Level 1:colcon.colcon_core.package_discovery:discover_packages(cargo_workspace) check parameters
[0.303s] Level 1:colcon.colcon_core.package_discovery:discover_packages(colcon_meta) discover
[0.303s] Level 1:colcon.colcon_core.package_discovery:discover_packages(recursive) discover
[0.304s] INFO:colcon.colcon_core.package_discovery:Crawling recursively for packages in '/home/spkmak/vegabot_ws'
[0.304s] Level 1:colcon.colcon_core.package_identification:_identify(.) by extensions ['ignore', 'ignore_ament_install']
[0.304s] Level 1:colcon.colcon_core.package_identification:_identify(.) by extension 'ignore'
[0.304s] Level 1:colcon.colcon_core.package_identification:_identify(.) by extension 'ignore_ament_install'
[0.304s] Level 1:colcon.colcon_core.package_identification:_identify(.) by extensions ['cargo_workspace']
[0.304s] Level 1:colcon.colcon_core.package_identification:_identify(.) by extension 'cargo_workspace'
[0.304s] Level 1:colcon.colcon_core.package_identification:_identify(.) by extensions ['colcon_pkg']
[0.304s] Level 1:colcon.colcon_core.package_identification:_identify(.) by extension 'colcon_pkg'
[0.305s] Level 1:colcon.colcon_core.package_identification:_identify(.) by extensions ['colcon_meta']
[0.305s] Level 1:colcon.colcon_core.package_identification:_identify(.) by extension 'colcon_meta'
[0.305s] Level 1:colcon.colcon_core.package_identification:_identify(.) by extensions ['ros']
[0.305s] Level 1:colcon.colcon_core.package_identification:_identify(.) by extension 'ros'
[0.331s] Level 1:colcon.colcon_core.package_identification:_identify(.) by extensions ['cargo', 'cmake', 'python']
[0.331s] Level 1:colcon.colcon_core.package_identification:_identify(.) by extension 'cargo'
[0.331s] Level 1:colcon.colcon_core.package_identification:_identify(.) by extension 'cmake'
[0.331s] Level 1:colcon.colcon_core.package_identification:_identify(.) by extension 'python'
[0.331s] Level 1:colcon.colcon_core.package_identification:_identify(.) by extensions ['python_setup_py']
[0.331s] Level 1:colcon.colcon_core.package_identification:_identify(.) by extension 'python_setup_py'
[0.332s] Level 1:colcon.colcon_core.package_identification:_identify(build) by extensions ['ignore', 'ignore_ament_install']
[0.332s] Level 1:colcon.colcon_core.package_identification:_identify(build) by extension 'ignore'
[0.332s] Level 1:colcon.colcon_core.package_identification:_identify(build) ignored
[0.332s] Level 1:colcon.colcon_core.package_identification:_identify(install) by extensions ['ignore', 'ignore_ament_install']
[0.332s] Level 1:colcon.colcon_core.package_identification:_identify(install) by extension 'ignore'
[0.332s] Level 1:colcon.colcon_core.package_identification:_identify(install) ignored
[0.333s] Level 1:colcon.colcon_core.package_identification:_identify(log) by extensions ['ignore', 'ignore_ament_install']
[0.333s] Level 1:colcon.colcon_core.package_identification:_identify(log) by extension 'ignore'
[0.333s] Level 1:colcon.colcon_core.package_identification:_identify(log) ignored
[0.333s] Level 1:colcon.colcon_core.package_identification:_identify(src) by extensions ['ignore', 'ignore_ament_install']
[0.333s] Level 1:colcon.colcon_core.package_identification:_identify(src) by extension 'ignore'
[0.333s] Level 1:colcon.colcon_core.package_identification:_identify(src) by extension 'ignore_ament_install'
[0.333s] Level 1:colcon.colcon_core.package_identification:_identify(src) by extensions ['cargo_workspace']
[0.333s] Level 1:colcon.colcon_core.package_identification:_identify(src) by extension 'cargo_workspace'
[0.334s] Level 1:colcon.colcon_core.package_identification:_identify(src) by extensions ['colcon_pkg']
[0.334s] Level 1:colcon.colcon_core.package_identification:_identify(src) by extension 'colcon_pkg'
[0.334s] Level 1:colcon.colcon_core.package_identification:_identify(src) by extensions ['colcon_meta']
[0.334s] Level 1:colcon.colcon_core.package_identification:_identify(src) by extension 'colcon_meta'
[0.334s] Level 1:colcon.colcon_core.package_identification:_identify(src) by extensions ['ros']
[0.334s] Level 1:colcon.colcon_core.package_identification:_identify(src) by extension 'ros'
[0.334s] Level 1:colcon.colcon_core.package_identification:_identify(src) by extensions ['cargo', 'cmake', 'python']
[0.334s] Level 1:colcon.colcon_core.package_identification:_identify(src) by extension 'cargo'
[0.334s] Level 1:colcon.colcon_core.package_identification:_identify(src) by extension 'cmake'
[0.334s] Level 1:colcon.colcon_core.package_identification:_identify(src) by extension 'python'
[0.334s] Level 1:colcon.colcon_core.package_identification:_identify(src) by extensions ['python_setup_py']
[0.334s] Level 1:colcon.colcon_core.package_identification:_identify(src) by extension 'python_setup_py'
[0.335s] Level 1:colcon.colcon_core.package_identification:_identify(src/vegabot_bringup) by extensions ['ignore', 'ignore_ament_install']
[0.335s] Level 1:colcon.colcon_core.package_identification:_identify(src/vegabot_bringup) by extension 'ignore'
[0.335s] Level 1:colcon.colcon_core.package_identification:_identify(src/vegabot_bringup) by extension 'ignore_ament_install'
[0.335s] Level 1:colcon.colcon_core.package_identification:_identify(src/vegabot_bringup) by extensions ['cargo_workspace']
[0.335s] Level 1:colcon.colcon_core.package_identification:_identify(src/vegabot_bringup) by extension 'cargo_workspace'
[0.335s] Level 1:colcon.colcon_core.package_identification:_identify(src/vegabot_bringup) by extensions ['colcon_pkg']
[0.335s] Level 1:colcon.colcon_core.package_identification:_identify(src/vegabot_bringup) by extension 'colcon_pkg'
[0.335s] Level 1:colcon.colcon_core.package_identification:_identify(src/vegabot_bringup) by extensions ['colcon_meta']
[0.335s] Level 1:colcon.colcon_core.package_identification:_identify(src/vegabot_bringup) by extension 'colcon_meta'
[0.335s] Level 1:colcon.colcon_core.package_identification:_identify(src/vegabot_bringup) by extensions ['ros']
[0.335s] Level 1:colcon.colcon_core.package_identification:_identify(src/vegabot_bringup) by extension 'ros'
[0.340s] DEBUG:colcon.colcon_core.package_identification:Package 'src/vegabot_bringup' with type 'ros.ament_cmake' and name 'mechabot_bringup'
[0.340s] Level 1:colcon.colcon_core.package_identification:_identify(src/vegabot_controller) by extensions ['ignore', 'ignore_ament_install']
[0.340s] Level 1:colcon.colcon_core.package_identification:_identify(src/vegabot_controller) by extension 'ignore'
[0.340s] Level 1:colcon.colcon_core.package_identification:_identify(src/vegabot_controller) by extension 'ignore_ament_install'
[0.340s] Level 1:colcon.colcon_core.package_identification:_identify(src/vegabot_controller) by extensions ['cargo_workspace']
[0.340s] Level 1:colcon.colcon_core.package_identification:_identify(src/vegabot_controller) by extension 'cargo_workspace'
[0.340s] Level 1:colcon.colcon_core.package_identification:_identify(src/vegabot_controller) by extensions ['colcon_pkg']
[0.340s] Level 1:colcon.colcon_core.package_identification:_identify(src/vegabot_controller) by extension 'colcon_pkg'
[0.341s] Level 1:colcon.colcon_core.package_identification:_identify(src/vegabot_controller) by extensions ['colcon_meta']
[0.341s] Level 1:colcon.colcon_core.package_identification:_identify(src/vegabot_controller) by extension 'colcon_meta'
[0.341s] Level 1:colcon.colcon_core.package_identification:_identify(src/vegabot_controller) by extensions ['ros']
[0.341s] Level 1:colcon.colcon_core.package_identification:_identify(src/vegabot_controller) by extension 'ros'
[0.342s] DEBUG:colcon.colcon_core.package_identification:Package 'src/vegabot_controller' with type 'ros.ament_cmake' and name 'vegabot_controller'
[0.342s] Level 1:colcon.colcon_core.package_identification:_identify(src/vegabot_description) by extensions ['ignore', 'ignore_ament_install']
[0.343s] Level 1:colcon.colcon_core.package_identification:_identify(src/vegabot_description) by extension 'ignore'
[0.343s] Level 1:colcon.colcon_core.package_identification:_identify(src/vegabot_description) by extension 'ignore_ament_install'
[0.343s] Level 1:colcon.colcon_core.package_identification:_identify(src/vegabot_description) by extensions ['cargo_workspace']
[0.343s] Level 1:colcon.colcon_core.package_identification:_identify(src/vegabot_description) by extension 'cargo_workspace'
[0.343s] Level 1:colcon.colcon_core.package_identification:_identify(src/vegabot_description) by extensions ['colcon_pkg']
[0.343s] Level 1:colcon.colcon_core.package_identification:_identify(src/vegabot_description) by extension 'colcon_pkg'
[0.343s] Level 1:colcon.colcon_core.package_identification:_identify(src/vegabot_description) by extensions ['colcon_meta']
[0.343s] Level 1:colcon.colcon_core.package_identification:_identify(src/vegabot_description) by extension 'colcon_meta'
[0.343s] Level 1:colcon.colcon_core.package_identification:_identify(src/vegabot_description) by extensions ['ros']
[0.343s] Level 1:colcon.colcon_core.package_identification:_identify(src/vegabot_description) by extension 'ros'
[0.344s] DEBUG:colcon.colcon_core.package_identification:Package 'src/vegabot_description' with type 'ros.ament_cmake' and name 'vegabot_description'
[0.344s] Level 1:colcon.colcon_core.package_identification:_identify(src/vegabot_localization) by extensions ['ignore', 'ignore_ament_install']
[0.345s] Level 1:colcon.colcon_core.package_identification:_identify(src/vegabot_localization) by extension 'ignore'
[0.345s] Level 1:colcon.colcon_core.package_identification:_identify(src/vegabot_localization) by extension 'ignore_ament_install'
[0.345s] Level 1:colcon.colcon_core.package_identification:_identify(src/vegabot_localization) by extensions ['cargo_workspace']
[0.345s] Level 1:colcon.colcon_core.package_identification:_identify(src/vegabot_localization) by extension 'cargo_workspace'
[0.345s] Level 1:colcon.colcon_core.package_identification:_identify(src/vegabot_localization) by extensions ['colcon_pkg']
[0.345s] Level 1:colcon.colcon_core.package_identification:_identify(src/vegabot_localization) by extension 'colcon_pkg'
[0.345s] Level 1:colcon.colcon_core.package_identification:_identify(src/vegabot_localization) by extensions ['colcon_meta']
[0.345s] Level 1:colcon.colcon_core.package_identification:_identify(src/vegabot_localization) by extension 'colcon_meta'
[0.345s] Level 1:colcon.colcon_core.package_identification:_identify(src/vegabot_localization) by extensions ['ros']
[0.345s] Level 1:colcon.colcon_core.package_identification:_identify(src/vegabot_localization) by extension 'ros'
[0.346s] DEBUG:colcon.colcon_core.package_identification:Package 'src/vegabot_localization' with type 'ros.ament_cmake' and name 'vegabot_localization'
[0.346s] Level 1:colcon.colcon_core.package_identification:_identify(src/vegabot_mapping) by extensions ['ignore', 'ignore_ament_install']
[0.347s] Level 1:colcon.colcon_core.package_identification:_identify(src/vegabot_mapping) by extension 'ignore'
[0.347s] Level 1:colcon.colcon_core.package_identification:_identify(src/vegabot_mapping) by extension 'ignore_ament_install'
[0.347s] Level 1:colcon.colcon_core.package_identification:_identify(src/vegabot_mapping) by extensions ['cargo_workspace']
[0.347s] Level 1:colcon.colcon_core.package_identification:_identify(src/vegabot_mapping) by extension 'cargo_workspace'
[0.347s] Level 1:colcon.colcon_core.package_identification:_identify(src/vegabot_mapping) by extensions ['colcon_pkg']
[0.347s] Level 1:colcon.colcon_core.package_identification:_identify(src/vegabot_mapping) by extension 'colcon_pkg'
[0.347s] Level 1:colcon.colcon_core.package_identification:_identify(src/vegabot_mapping) by extensions ['colcon_meta']
[0.347s] Level 1:colcon.colcon_core.package_identification:_identify(src/vegabot_mapping) by extension 'colcon_meta'
[0.347s] Level 1:colcon.colcon_core.package_identification:_identify(src/vegabot_mapping) by extensions ['ros']
[0.347s] Level 1:colcon.colcon_core.package_identification:_identify(src/vegabot_mapping) by extension 'ros'
[0.348s] DEBUG:colcon.colcon_core.package_identification:Package 'src/vegabot_mapping' with type 'ros.ament_cmake' and name 'vegabot_mapping'
[0.348s] Level 1:colcon.colcon_core.package_identification:_identify(src/vegabot_media) by extensions ['ignore', 'ignore_ament_install']
[0.348s] Level 1:colcon.colcon_core.package_identification:_identify(src/vegabot_media) by extension 'ignore'
[0.349s] Level 1:colcon.colcon_core.package_identification:_identify(src/vegabot_media) by extension 'ignore_ament_install'
[0.349s] Level 1:colcon.colcon_core.package_identification:_identify(src/vegabot_media) by extensions ['cargo_workspace']
[0.349s] Level 1:colcon.colcon_core.package_identification:_identify(src/vegabot_media) by extension 'cargo_workspace'
[0.349s] Level 1:colcon.colcon_core.package_identification:_identify(src/vegabot_media) by extensions ['colcon_pkg']
[0.349s] Level 1:colcon.colcon_core.package_identification:_identify(src/vegabot_media) by extension 'colcon_pkg'
[0.349s] Level 1:colcon.colcon_core.package_identification:_identify(src/vegabot_media) by extensions ['colcon_meta']
[0.349s] Level 1:colcon.colcon_core.package_identification:_identify(src/vegabot_media) by extension 'colcon_meta'
[0.349s] Level 1:colcon.colcon_core.package_identification:_identify(src/vegabot_media) by extensions ['ros']
[0.349s] Level 1:colcon.colcon_core.package_identification:_identify(src/vegabot_media) by extension 'ros'
[0.349s] Level 1:colcon.colcon_core.package_identification:_identify(src/vegabot_media) by extensions ['cargo', 'cmake', 'python']
[0.349s] Level 1:colcon.colcon_core.package_identification:_identify(src/vegabot_media) by extension 'cargo'
[0.349s] Level 1:colcon.colcon_core.package_identification:_identify(src/vegabot_media) by extension 'cmake'
[0.350s] Level 1:colcon.colcon_core.package_identification:_identify(src/vegabot_media) by extension 'python'
[0.350s] Level 1:colcon.colcon_core.package_identification:_identify(src/vegabot_media) by extensions ['python_setup_py']
[0.350s] Level 1:colcon.colcon_core.package_identification:_identify(src/vegabot_media) by extension 'python_setup_py'
[0.350s] Level 1:colcon.colcon_core.package_identification:_identify(src/vegabot_navigation) by extensions ['ignore', 'ignore_ament_install']
[0.350s] Level 1:colcon.colcon_core.package_identification:_identify(src/vegabot_navigation) by extension 'ignore'
[0.350s] Level 1:colcon.colcon_core.package_identification:_identify(src/vegabot_navigation) by extension 'ignore_ament_install'
[0.350s] Level 1:colcon.colcon_core.package_identification:_identify(src/vegabot_navigation) by extensions ['cargo_workspace']
[0.350s] Level 1:colcon.colcon_core.package_identification:_identify(src/vegabot_navigation) by extension 'cargo_workspace'
[0.350s] Level 1:colcon.colcon_core.package_identification:_identify(src/vegabot_navigation) by extensions ['colcon_pkg']
[0.350s] Level 1:colcon.colcon_core.package_identification:_identify(src/vegabot_navigation) by extension 'colcon_pkg'
[0.350s] Level 1:colcon.colcon_core.package_identification:_identify(src/vegabot_navigation) by extensions ['colcon_meta']
[0.350s] Level 1:colcon.colcon_core.package_identification:_identify(src/vegabot_navigation) by extension 'colcon_meta'
[0.351s] Level 1:colcon.colcon_core.package_identification:_identify(src/vegabot_navigation) by extensions ['ros']
[0.351s] Level 1:colcon.colcon_core.package_identification:_identify(src/vegabot_navigation) by extension 'ros'
[0.352s] DEBUG:colcon.colcon_core.package_identification:Package 'src/vegabot_navigation' with type 'ros.ament_cmake' and name 'vegabot_navigation'
[0.352s] Level 1:colcon.colcon_core.package_identification:_identify(src/vegabot_scripts) by extensions ['ignore', 'ignore_ament_install']
[0.353s] Level 1:colcon.colcon_core.package_identification:_identify(src/vegabot_scripts) by extension 'ignore'
[0.353s] Level 1:colcon.colcon_core.package_identification:_identify(src/vegabot_scripts) by extension 'ignore_ament_install'
[0.353s] Level 1:colcon.colcon_core.package_identification:_identify(src/vegabot_scripts) by extensions ['cargo_workspace']
[0.353s] Level 1:colcon.colcon_core.package_identification:_identify(src/vegabot_scripts) by extension 'cargo_workspace'
[0.353s] Level 1:colcon.colcon_core.package_identification:_identify(src/vegabot_scripts) by extensions ['colcon_pkg']
[0.353s] Level 1:colcon.colcon_core.package_identification:_identify(src/vegabot_scripts) by extension 'colcon_pkg'
[0.353s] Level 1:colcon.colcon_core.package_identification:_identify(src/vegabot_scripts) by extensions ['colcon_meta']
[0.353s] Level 1:colcon.colcon_core.package_identification:_identify(src/vegabot_scripts) by extension 'colcon_meta'
[0.353s] Level 1:colcon.colcon_core.package_identification:_identify(src/vegabot_scripts) by extensions ['ros']
[0.353s] Level 1:colcon.colcon_core.package_identification:_identify(src/vegabot_scripts) by extension 'ros'
[0.356s] DEBUG:colcon.colcon_core.package_identification:Package 'src/vegabot_scripts' with type 'ros.ament_python' and name 'vegabot_scripts'
[0.357s] Level 1:colcon.colcon_core.package_discovery:discover_packages(recursive) using defaults
[0.357s] Level 1:colcon.colcon_core.package_discovery:discover_packages(ignore) discover
[0.357s] Level 1:colcon.colcon_core.package_discovery:discover_packages(ignore) using defaults
[0.357s] Level 1:colcon.colcon_core.package_discovery:discover_packages(path) discover
[0.357s] Level 1:colcon.colcon_core.package_discovery:discover_packages(path) using defaults
[0.357s] Level 1:colcon.colcon_core.package_discovery:discover_packages(cargo_workspace) discover
[0.357s] Level 1:colcon.colcon_core.package_discovery:discover_packages(cargo_workspace) using defaults
[0.395s] Level 1:colcon.colcon_core.package_discovery:discover_packages(prefix_path) check parameters
[0.395s] Level 1:colcon.colcon_core.package_discovery:discover_packages(prefix_path) discover
[0.400s] DEBUG:colcon.colcon_installed_package_information.package_discovery:Found 8 installed packages in /home/spkmak/vegabot_ws/install
[0.401s] DEBUG:colcon.colcon_installed_package_information.package_discovery:Found 10 installed packages in /home/spkmak/ros2_ws/install
[0.404s] DEBUG:colcon.colcon_installed_package_information.package_discovery:Found 415 installed packages in /opt/ros/humble
[0.407s] Level 1:colcon.colcon_core.package_discovery:discover_packages(prefix_path) using defaults
[0.539s] Level 5:colcon.colcon_core.verb:set package 'mechabot_bringup' build argument 'cargo_args' from command line to 'None'
[0.539s] Level 5:colcon.colcon_core.verb:set package 'mechabot_bringup' build argument 'clean_build' from command line to 'False'
[0.539s] Level 5:colcon.colcon_core.verb:set package 'mechabot_bringup' build argument 'cmake_args' from command line to 'None'
[0.539s] Level 5:colcon.colcon_core.verb:set package 'mechabot_bringup' build argument 'cmake_target' from command line to 'None'
[0.539s] Level 5:colcon.colcon_core.verb:set package 'mechabot_bringup' build argument 'cmake_target_skip_unavailable' from command line to 'False'
[0.539s] Level 5:colcon.colcon_core.verb:set package 'mechabot_bringup' build argument 'cmake_clean_cache' from command line to 'False'
[0.539s] Level 5:colcon.colcon_core.verb:set package 'mechabot_bringup' build argument 'cmake_clean_first' from command line to 'False'
[0.540s] Level 5:colcon.colcon_core.verb:set package 'mechabot_bringup' build argument 'cmake_force_configure' from command line to 'False'
[0.540s] Level 5:colcon.colcon_core.verb:set package 'mechabot_bringup' build argument 'lookup_in_workspace' from command line to 'False'
[0.540s] Level 5:colcon.colcon_core.verb:set package 'mechabot_bringup' build argument 'ament_cmake_args' from command line to 'None'
[0.540s] Level 5:colcon.colcon_core.verb:set package 'mechabot_bringup' build argument 'catkin_cmake_args' from command line to 'None'
[0.540s] Level 5:colcon.colcon_core.verb:set package 'mechabot_bringup' build argument 'catkin_skip_building_tests' from command line to 'False'
[0.540s] DEBUG:colcon.colcon_core.verb:Building package 'mechabot_bringup' with the following arguments: {'ament_cmake_args': None, 'build_base': '/home/spkmak/vegabot_ws/build/mechabot_bringup', 'cargo_args': None, 'catkin_cmake_args': None, 'catkin_skip_building_tests': False, 'clean_build': False, 'cmake_args': None, 'cmake_clean_cache': False, 'cmake_clean_first': False, 'cmake_force_configure': False, 'cmake_target': None, 'cmake_target_skip_unavailable': False, 'install_base': '/home/spkmak/vegabot_ws/install/mechabot_bringup', 'lookup_in_workspace': False, 'merge_install': False, 'path': '/home/spkmak/vegabot_ws/src/vegabot_bringup', 'symlink_install': False, 'test_result_base': None}
[0.541s] Level 5:colcon.colcon_core.verb:set package 'vegabot_controller' build argument 'cargo_args' from command line to 'None'
[0.541s] Level 5:colcon.colcon_core.verb:set package 'vegabot_controller' build argument 'clean_build' from command line to 'False'
[0.541s] Level 5:colcon.colcon_core.verb:set package 'vegabot_controller' build argument 'cmake_args' from command line to 'None'
[0.541s] Level 5:colcon.colcon_core.verb:set package 'vegabot_controller' build argument 'cmake_target' from command line to 'None'
[0.541s] Level 5:colcon.colcon_core.verb:set package 'vegabot_controller' build argument 'cmake_target_skip_unavailable' from command line to 'False'
[0.541s] Level 5:colcon.colcon_core.verb:set package 'vegabot_controller' build argument 'cmake_clean_cache' from command line to 'False'
[0.541s] Level 5:colcon.colcon_core.verb:set package 'vegabot_controller' build argument 'cmake_clean_first' from command line to 'False'
[0.541s] Level 5:colcon.colcon_core.verb:set package 'vegabot_controller' build argument 'cmake_force_configure' from command line to 'False'
[0.541s] Level 5:colcon.colcon_core.verb:set package 'vegabot_controller' build argument 'lookup_in_workspace' from command line to 'False'
[0.541s] Level 5:colcon.colcon_core.verb:set package 'vegabot_controller' build argument 'ament_cmake_args' from command line to 'None'
[0.541s] Level 5:colcon.colcon_core.verb:set package 'vegabot_controller' build argument 'catkin_cmake_args' from command line to 'None'
[0.541s] Level 5:colcon.colcon_core.verb:set package 'vegabot_controller' build argument 'catkin_skip_building_tests' from command line to 'False'
[0.541s] DEBUG:colcon.colcon_core.verb:Building package 'vegabot_controller' with the following arguments: {'ament_cmake_args': None, 'build_base': '/home/spkmak/vegabot_ws/build/vegabot_controller', 'cargo_args': None, 'catkin_cmake_args': None, 'catkin_skip_building_tests': False, 'clean_build': False, 'cmake_args': None, 'cmake_clean_cache': False, 'cmake_clean_first': False, 'cmake_force_configure': False, 'cmake_target': None, 'cmake_target_skip_unavailable': False, 'install_base': '/home/spkmak/vegabot_ws/install/vegabot_controller', 'lookup_in_workspace': False, 'merge_install': False, 'path': '/home/spkmak/vegabot_ws/src/vegabot_controller', 'symlink_install': False, 'test_result_base': None}
[0.542s] Level 5:colcon.colcon_core.verb:set package 'vegabot_description' build argument 'cargo_args' from command line to 'None'
[0.542s] Level 5:colcon.colcon_core.verb:set package 'vegabot_description' build argument 'clean_build' from command line to 'False'
[0.542s] Level 5:colcon.colcon_core.verb:set package 'vegabot_description' build argument 'cmake_args' from command line to 'None'
[0.542s] Level 5:colcon.colcon_core.verb:set package 'vegabot_description' build argument 'cmake_target' from command line to 'None'
[0.542s] Level 5:colcon.colcon_core.verb:set package 'vegabot_description' build argument 'cmake_target_skip_unavailable' from command line to 'False'
[0.542s] Level 5:colcon.colcon_core.verb:set package 'vegabot_description' build argument 'cmake_clean_cache' from command line to 'False'
[0.542s] Level 5:colcon.colcon_core.verb:set package 'vegabot_description' build argument 'cmake_clean_first' from command line to 'False'
[0.542s] Level 5:colcon.colcon_core.verb:set package 'vegabot_description' build argument 'cmake_force_configure' from command line to 'False'
[0.542s] Level 5:colcon.colcon_core.verb:set package 'vegabot_description' build argument 'lookup_in_workspace' from command line to 'False'
[0.542s] Level 5:colcon.colcon_core.verb:set package 'vegabot_description' build argument 'ament_cmake_args' from command line to 'None'
[0.542s] Level 5:colcon.colcon_core.verb:set package 'vegabot_description' build argument 'catkin_cmake_args' from command line to 'None'
[0.542s] Level 5:colcon.colcon_core.verb:set package 'vegabot_description' build argument 'catkin_skip_building_tests' from command line to 'False'
[0.542s] DEBUG:colcon.colcon_core.verb:Building package 'vegabot_description' with the following arguments: {'ament_cmake_args': None, 'build_base': '/home/spkmak/vegabot_ws/build/vegabot_description', 'cargo_args': None, 'catkin_cmake_args': None, 'catkin_skip_building_tests': False, 'clean_build': False, 'cmake_args': None, 'cmake_clean_cache': False, 'cmake_clean_first': False, 'cmake_force_configure': False, 'cmake_target': None, 'cmake_target_skip_unavailable': False, 'install_base': '/home/spkmak/vegabot_ws/install/vegabot_description', 'lookup_in_workspace': False, 'merge_install': False, 'path': '/home/spkmak/vegabot_ws/src/vegabot_description', 'symlink_install': False, 'test_result_base': None}
[0.543s] Level 5:colcon.colcon_core.verb:set package 'vegabot_localization' build argument 'cargo_args' from command line to 'None'
[0.543s] Level 5:colcon.colcon_core.verb:set package 'vegabot_localization' build argument 'clean_build' from command line to 'False'
[0.543s] Level 5:colcon.colcon_core.verb:set package 'vegabot_localization' build argument 'cmake_args' from command line to 'None'
[0.543s] Level 5:colcon.colcon_core.verb:set package 'vegabot_localization' build argument 'cmake_target' from command line to 'None'
[0.543s] Level 5:colcon.colcon_core.verb:set package 'vegabot_localization' build argument 'cmake_target_skip_unavailable' from command line to 'False'
[0.543s] Level 5:colcon.colcon_core.verb:set package 'vegabot_localization' build argument 'cmake_clean_cache' from command line to 'False'
[0.543s] Level 5:colcon.colcon_core.verb:set package 'vegabot_localization' build argument 'cmake_clean_first' from command line to 'False'
[0.543s] Level 5:colcon.colcon_core.verb:set package 'vegabot_localization' build argument 'cmake_force_configure' from command line to 'False'
[0.543s] Level 5:colcon.colcon_core.verb:set package 'vegabot_localization' build argument 'lookup_in_workspace' from command line to 'False'
[0.544s] Level 5:colcon.colcon_core.verb:set package 'vegabot_localization' build argument 'ament_cmake_args' from command line to 'None'
[0.544s] Level 5:colcon.colcon_core.verb:set package 'vegabot_localization' build argument 'catkin_cmake_args' from command line to 'None'
[0.544s] Level 5:colcon.colcon_core.verb:set package 'vegabot_localization' build argument 'catkin_skip_building_tests' from command line to 'False'
[0.544s] DEBUG:colcon.colcon_core.verb:Building package 'vegabot_localization' with the following arguments: {'ament_cmake_args': None, 'build_base': '/home/spkmak/vegabot_ws/build/vegabot_localization', 'cargo_args': None, 'catkin_cmake_args': None, 'catkin_skip_building_tests': False, 'clean_build': False, 'cmake_args': None, 'cmake_clean_cache': False, 'cmake_clean_first': False, 'cmake_force_configure': False, 'cmake_target': None, 'cmake_target_skip_unavailable': False, 'install_base': '/home/spkmak/vegabot_ws/install/vegabot_localization', 'lookup_in_workspace': False, 'merge_install': False, 'path': '/home/spkmak/vegabot_ws/src/vegabot_localization', 'symlink_install': False, 'test_result_base': None}
[0.544s] Level 5:colcon.colcon_core.verb:set package 'vegabot_mapping' build argument 'cargo_args' from command line to 'None'
[0.544s] Level 5:colcon.colcon_core.verb:set package 'vegabot_mapping' build argument 'clean_build' from command line to 'False'
[0.544s] Level 5:colcon.colcon_core.verb:set package 'vegabot_mapping' build argument 'cmake_args' from command line to 'None'
[0.544s] Level 5:colcon.colcon_core.verb:set package 'vegabot_mapping' build argument 'cmake_target' from command line to 'None'
[0.545s] Level 5:colcon.colcon_core.verb:set package 'vegabot_mapping' build argument 'cmake_target_skip_unavailable' from command line to 'False'
[0.545s] Level 5:colcon.colcon_core.verb:set package 'vegabot_mapping' build argument 'cmake_clean_cache' from command line to 'False'
[0.545s] Level 5:colcon.colcon_core.verb:set package 'vegabot_mapping' build argument 'cmake_clean_first' from command line to 'False'
[0.545s] Level 5:colcon.colcon_core.verb:set package 'vegabot_mapping' build argument 'cmake_force_configure' from command line to 'False'
[0.545s] Level 5:colcon.colcon_core.verb:set package 'vegabot_mapping' build argument 'lookup_in_workspace' from command line to 'False'
[0.545s] Level 5:colcon.colcon_core.verb:set package 'vegabot_mapping' build argument 'ament_cmake_args' from command line to 'None'
[0.545s] Level 5:colcon.colcon_core.verb:set package 'vegabot_mapping' build argument 'catkin_cmake_args' from command line to 'None'
[0.545s] Level 5:colcon.colcon_core.verb:set package 'vegabot_mapping' build argument 'catkin_skip_building_tests' from command line to 'False'
[0.545s] DEBUG:colcon.colcon_core.verb:Building package 'vegabot_mapping' with the following arguments: {'ament_cmake_args': None, 'build_base': '/home/spkmak/vegabot_ws/build/vegabot_mapping', 'cargo_args': None, 'catkin_cmake_args': None, 'catkin_skip_building_tests': False, 'clean_build': False, 'cmake_args': None, 'cmake_clean_cache': False, 'cmake_clean_first': False, 'cmake_force_configure': False, 'cmake_target': None, 'cmake_target_skip_unavailable': False, 'install_base': '/home/spkmak/vegabot_ws/install/vegabot_mapping', 'lookup_in_workspace': False, 'merge_install': False, 'path': '/home/spkmak/vegabot_ws/src/vegabot_mapping', 'symlink_install': False, 'test_result_base': None}
[0.546s] Level 5:colcon.colcon_core.verb:set package 'vegabot_navigation' build argument 'cargo_args' from command line to 'None'
[0.546s] Level 5:colcon.colcon_core.verb:set package 'vegabot_navigation' build argument 'clean_build' from command line to 'False'
[0.546s] Level 5:colcon.colcon_core.verb:set package 'vegabot_navigation' build argument 'cmake_args' from command line to 'None'
[0.546s] Level 5:colcon.colcon_core.verb:set package 'vegabot_navigation' build argument 'cmake_target' from command line to 'None'
[0.546s] Level 5:colcon.colcon_core.verb:set package 'vegabot_navigation' build argument 'cmake_target_skip_unavailable' from command line to 'False'
[0.546s] Level 5:colcon.colcon_core.verb:set package 'vegabot_navigation' build argument 'cmake_clean_cache' from command line to 'False'
[0.546s] Level 5:colcon.colcon_core.verb:set package 'vegabot_navigation' build argument 'cmake_clean_first' from command line to 'False'
[0.546s] Level 5:colcon.colcon_core.verb:set package 'vegabot_navigation' build argument 'cmake_force_configure' from command line to 'False'
[0.546s] Level 5:colcon.colcon_core.verb:set package 'vegabot_navigation' build argument 'lookup_in_workspace' from command line to 'False'
[0.546s] Level 5:colcon.colcon_core.verb:set package 'vegabot_navigation' build argument 'ament_cmake_args' from command line to 'None'
[0.546s] Level 5:colcon.colcon_core.verb:set package 'vegabot_navigation' build argument 'catkin_cmake_args' from command line to 'None'
[0.546s] Level 5:colcon.colcon_core.verb:set package 'vegabot_navigation' build argument 'catkin_skip_building_tests' from command line to 'False'
[0.546s] DEBUG:colcon.colcon_core.verb:Building package 'vegabot_navigation' with the following arguments: {'ament_cmake_args': None, 'build_base': '/home/spkmak/vegabot_ws/build/vegabot_navigation', 'cargo_args': None, 'catkin_cmake_args': None, 'catkin_skip_building_tests': False, 'clean_build': False, 'cmake_args': None, 'cmake_clean_cache': False, 'cmake_clean_first': False, 'cmake_force_configure': False, 'cmake_target': None, 'cmake_target_skip_unavailable': False, 'install_base': '/home/spkmak/vegabot_ws/install/vegabot_navigation', 'lookup_in_workspace': False, 'merge_install': False, 'path': '/home/spkmak/vegabot_ws/src/vegabot_navigation', 'symlink_install': False, 'test_result_base': None}
[0.547s] Level 5:colcon.colcon_core.verb:set package 'vegabot_scripts' build argument 'cargo_args' from command line to 'None'
[0.547s] Level 5:colcon.colcon_core.verb:set package 'vegabot_scripts' build argument 'clean_build' from command line to 'False'
[0.547s] Level 5:colcon.colcon_core.verb:set package 'vegabot_scripts' build argument 'cmake_args' from command line to 'None'
[0.547s] Level 5:colcon.colcon_core.verb:set package 'vegabot_scripts' build argument 'cmake_target' from command line to 'None'
[0.547s] Level 5:colcon.colcon_core.verb:set package 'vegabot_scripts' build argument 'cmake_target_skip_unavailable' from command line to 'False'
[0.547s] Level 5:colcon.colcon_core.verb:set package 'vegabot_scripts' build argument 'cmake_clean_cache' from command line to 'False'
[0.547s] Level 5:colcon.colcon_core.verb:set package 'vegabot_scripts' build argument 'cmake_clean_first' from command line to 'False'
[0.547s] Level 5:colcon.colcon_core.verb:set package 'vegabot_scripts' build argument 'cmake_force_configure' from command line to 'False'
[0.547s] Level 5:colcon.colcon_core.verb:set package 'vegabot_scripts' build argument 'lookup_in_workspace' from command line to 'False'
[0.547s] Level 5:colcon.colcon_core.verb:set package 'vegabot_scripts' build argument 'ament_cmake_args' from command line to 'None'
[0.547s] Level 5:colcon.colcon_core.verb:set package 'vegabot_scripts' build argument 'catkin_cmake_args' from command line to 'None'
[0.547s] Level 5:colcon.colcon_core.verb:set package 'vegabot_scripts' build argument 'catkin_skip_building_tests' from command line to 'False'
[0.547s] DEBUG:colcon.colcon_core.verb:Building package 'vegabot_scripts' with the following arguments: {'ament_cmake_args': None, 'build_base': '/home/spkmak/vegabot_ws/build/vegabot_scripts', 'cargo_args': None, 'catkin_cmake_args': None, 'catkin_skip_building_tests': False, 'clean_build': False, 'cmake_args': None, 'cmake_clean_cache': False, 'cmake_clean_first': False, 'cmake_force_configure': False, 'cmake_target': None, 'cmake_target_skip_unavailable': False, 'install_base': '/home/spkmak/vegabot_ws/install/vegabot_scripts', 'lookup_in_workspace': False, 'merge_install': False, 'path': '/home/spkmak/vegabot_ws/src/vegabot_scripts', 'symlink_install': False, 'test_result_base': None}
[0.548s] INFO:colcon.colcon_core.executor:Executing jobs using 'parallel' executor
[0.550s] DEBUG:colcon.colcon_parallel_executor.executor.parallel:run_until_complete
[0.551s] INFO:colcon.colcon_ros.task.ament_cmake.build:Building ROS package in '/home/spkmak/vegabot_ws/src/vegabot_bringup' with build type 'ament_cmake'
[0.551s] INFO:colcon.colcon_cmake.task.cmake.build:Building CMake package in '/home/spkmak/vegabot_ws/src/vegabot_bringup'
[0.555s] INFO:colcon.colcon_core.plugin_system:Skipping extension 'colcon_core.shell.bat': Not used on non-Windows systems
[0.556s] INFO:colcon.colcon_core.shell:Skip shell extension 'powershell' for command environment: Not usable outside of PowerShell
[0.556s] DEBUG:colcon.colcon_core.shell:Skip shell extension 'dsv' for command environment
[0.566s] INFO:colcon.colcon_ros.task.ament_cmake.build:Building ROS package in '/home/spkmak/vegabot_ws/src/vegabot_controller' with build type 'ament_cmake'
[0.566s] INFO:colcon.colcon_cmake.task.cmake.build:Building CMake package in '/home/spkmak/vegabot_ws/src/vegabot_controller'
[0.567s] INFO:colcon.colcon_core.shell:Skip shell extension 'powershell' for command environment: Not usable outside of PowerShell
[0.567s] DEBUG:colcon.colcon_core.shell:Skip shell extension 'dsv' for command environment
[0.576s] INFO:colcon.colcon_ros.task.ament_cmake.build:Building ROS package in '/home/spkmak/vegabot_ws/src/vegabot_description' with build type 'ament_cmake'
[0.576s] INFO:colcon.colcon_cmake.task.cmake.build:Building CMake package in '/home/spkmak/vegabot_ws/src/vegabot_description'
[0.577s] INFO:colcon.colcon_core.shell:Skip shell extension 'powershell' for command environment: Not usable outside of PowerShell
[0.577s] DEBUG:colcon.colcon_core.shell:Skip shell extension 'dsv' for command environment
[0.586s] INFO:colcon.colcon_ros.task.ament_cmake.build:Building ROS package in '/home/spkmak/vegabot_ws/src/vegabot_localization' with build type 'ament_cmake'
[0.587s] INFO:colcon.colcon_cmake.task.cmake.build:Building CMake package in '/home/spkmak/vegabot_ws/src/vegabot_localization'
[0.587s] INFO:colcon.colcon_core.shell:Skip shell extension 'powershell' for command environment: Not usable outside of PowerShell
[0.587s] DEBUG:colcon.colcon_core.shell:Skip shell extension 'dsv' for command environment
[0.596s] INFO:colcon.colcon_ros.task.ament_cmake.build:Building ROS package in '/home/spkmak/vegabot_ws/src/vegabot_mapping' with build type 'ament_cmake'
[0.596s] INFO:colcon.colcon_cmake.task.cmake.build:Building CMake package in '/home/spkmak/vegabot_ws/src/vegabot_mapping'
[0.597s] INFO:colcon.colcon_core.shell:Skip shell extension 'powershell' for command environment: Not usable outside of PowerShell
[0.597s] DEBUG:colcon.colcon_core.shell:Skip shell extension 'dsv' for command environment
[0.606s] INFO:colcon.colcon_ros.task.ament_cmake.build:Building ROS package in '/home/spkmak/vegabot_ws/src/vegabot_navigation' with build type 'ament_cmake'
[0.606s] INFO:colcon.colcon_cmake.task.cmake.build:Building CMake package in '/home/spkmak/vegabot_ws/src/vegabot_navigation'
[0.607s] INFO:colcon.colcon_core.shell:Skip shell extension 'powershell' for command environment: Not usable outside of PowerShell
[0.607s] DEBUG:colcon.colcon_core.shell:Skip shell extension 'dsv' for command environment
[0.628s] DEBUG:colcon.colcon_core.event_handler.log_command:Invoking command in '/home/spkmak/vegabot_ws/build/mechabot_bringup': CMAKE_PREFIX_PATH=${CMAKE_PREFIX_PATH}:/home/spkmak/vegabot_ws/install/vegabot_scripts:/home/spkmak/ros2_ws/install/so_arm_100_bringup:/opt/ros/humble /home/spkmak/.local/bin/cmake --build /home/spkmak/vegabot_ws/build/mechabot_bringup -- -j6 -l6
[0.633s] DEBUG:colcon.colcon_core.event_handler.log_command:Invoking command in '/home/spkmak/vegabot_ws/build/vegabot_controller': CMAKE_PREFIX_PATH=${CMAKE_PREFIX_PATH}:/home/spkmak/vegabot_ws/install/vegabot_scripts:/home/spkmak/ros2_ws/install/so_arm_100_bringup:/opt/ros/humble /home/spkmak/.local/bin/cmake --build /home/spkmak/vegabot_ws/build/vegabot_controller -- -j6 -l6
[0.638s] DEBUG:colcon.colcon_core.event_handler.log_command:Invoking command in '/home/spkmak/vegabot_ws/build/vegabot_description': CMAKE_PREFIX_PATH=${CMAKE_PREFIX_PATH}:/home/spkmak/vegabot_ws/install/vegabot_scripts:/home/spkmak/ros2_ws/install/so_arm_100_bringup:/opt/ros/humble /home/spkmak/.local/bin/cmake --build /home/spkmak/vegabot_ws/build/vegabot_description -- -j6 -l6
[0.643s] DEBUG:colcon.colcon_core.event_handler.log_command:Invoking command in '/home/spkmak/vegabot_ws/build/vegabot_localization': CMAKE_PREFIX_PATH=${CMAKE_PREFIX_PATH}:/home/spkmak/vegabot_ws/install/vegabot_scripts:/home/spkmak/ros2_ws/install/so_arm_100_bringup:/opt/ros/humble /home/spkmak/.local/bin/cmake --build /home/spkmak/vegabot_ws/build/vegabot_localization -- -j6 -l6
[0.655s] DEBUG:colcon.colcon_core.event_handler.log_command:Invoking command in '/home/spkmak/vegabot_ws/build/vegabot_mapping': CMAKE_PREFIX_PATH=${CMAKE_PREFIX_PATH}:/home/spkmak/vegabot_ws/install/vegabot_scripts:/home/spkmak/ros2_ws/install/so_arm_100_bringup:/opt/ros/humble /home/spkmak/.local/bin/cmake --build /home/spkmak/vegabot_ws/build/vegabot_mapping -- -j6 -l6
[0.722s] DEBUG:colcon.colcon_core.event_handler.log_command:Invoking command in '/home/spkmak/vegabot_ws/build/vegabot_navigation': CMAKE_PREFIX_PATH=${CMAKE_PREFIX_PATH}:/home/spkmak/vegabot_ws/install/vegabot_scripts:/home/spkmak/ros2_ws/install/so_arm_100_bringup:/opt/ros/humble /home/spkmak/.local/bin/cmake --build /home/spkmak/vegabot_ws/build/vegabot_navigation -- -j6 -l6
[0.823s] DEBUG:colcon.colcon_core.event_handler.log_command:Invoked command in '/home/spkmak/vegabot_ws/build/vegabot_description' returned '0': CMAKE_PREFIX_PATH=${CMAKE_PREFIX_PATH}:/home/spkmak/vegabot_ws/install/vegabot_scripts:/home/spkmak/ros2_ws/install/so_arm_100_bringup:/opt/ros/humble /home/spkmak/.local/bin/cmake --build /home/spkmak/vegabot_ws/build/vegabot_description -- -j6 -l6
[0.982s] DEBUG:colcon.colcon_core.event_handler.log_command:Invoking command in '/home/spkmak/vegabot_ws/build/vegabot_description': CMAKE_PREFIX_PATH=${CMAKE_PREFIX_PATH}:/home/spkmak/vegabot_ws/install/vegabot_scripts:/home/spkmak/ros2_ws/install/so_arm_100_bringup:/opt/ros/humble /home/spkmak/.local/bin/cmake --install /home/spkmak/vegabot_ws/build/vegabot_description
[0.987s] DEBUG:colcon.colcon_core.event_handler.log_command:Invoked command in '/home/spkmak/vegabot_ws/build/vegabot_mapping' returned '0': CMAKE_PREFIX_PATH=${CMAKE_PREFIX_PATH}:/home/spkmak/vegabot_ws/install/vegabot_scripts:/home/spkmak/ros2_ws/install/so_arm_100_bringup:/opt/ros/humble /home/spkmak/.local/bin/cmake --build /home/spkmak/vegabot_ws/build/vegabot_mapping -- -j6 -l6
[0.991s] DEBUG:colcon.colcon_core.event_handler.log_command:Invoking command in '/home/spkmak/vegabot_ws/build/vegabot_mapping': CMAKE_PREFIX_PATH=${CMAKE_PREFIX_PATH}:/home/spkmak/vegabot_ws/install/vegabot_scripts:/home/spkmak/ros2_ws/install/so_arm_100_bringup:/opt/ros/humble /home/spkmak/.local/bin/cmake --install /home/spkmak/vegabot_ws/build/vegabot_mapping
[0.992s] DEBUG:colcon.colcon_core.event_handler.log_command:Invoked command in '/home/spkmak/vegabot_ws/build/mechabot_bringup' returned '0': CMAKE_PREFIX_PATH=${CMAKE_PREFIX_PATH}:/home/spkmak/vegabot_ws/install/vegabot_scripts:/home/spkmak/ros2_ws/install/so_arm_100_bringup:/opt/ros/humble /home/spkmak/.local/bin/cmake --build /home/spkmak/vegabot_ws/build/mechabot_bringup -- -j6 -l6
[0.995s] DEBUG:colcon.colcon_core.event_handler.log_command:Invoking command in '/home/spkmak/vegabot_ws/build/mechabot_bringup': CMAKE_PREFIX_PATH=${CMAKE_PREFIX_PATH}:/home/spkmak/vegabot_ws/install/vegabot_scripts:/home/spkmak/ros2_ws/install/so_arm_100_bringup:/opt/ros/humble /home/spkmak/.local/bin/cmake --install /home/spkmak/vegabot_ws/build/mechabot_bringup
[0.996s] DEBUG:colcon.colcon_core.event_handler.log_command:Invoked command in '/home/spkmak/vegabot_ws/build/vegabot_localization' returned '0': CMAKE_PREFIX_PATH=${CMAKE_PREFIX_PATH}:/home/spkmak/vegabot_ws/install/vegabot_scripts:/home/spkmak/ros2_ws/install/so_arm_100_bringup:/opt/ros/humble /home/spkmak/.local/bin/cmake --build /home/spkmak/vegabot_ws/build/vegabot_localization -- -j6 -l6
[0.997s] DEBUG:colcon.colcon_core.event_handler.log_command:Invoking command in '/home/spkmak/vegabot_ws/build/vegabot_localization': CMAKE_PREFIX_PATH=${CMAKE_PREFIX_PATH}:/home/spkmak/vegabot_ws/install/vegabot_scripts:/home/spkmak/ros2_ws/install/so_arm_100_bringup:/opt/ros/humble /home/spkmak/.local/bin/cmake --install /home/spkmak/vegabot_ws/build/vegabot_localization
[1.007s] DEBUG:colcon.colcon_core.event_handler.log_command:Invoked command in '/home/spkmak/vegabot_ws/build/vegabot_controller' returned '0': CMAKE_PREFIX_PATH=${CMAKE_PREFIX_PATH}:/home/spkmak/vegabot_ws/install/vegabot_scripts:/home/spkmak/ros2_ws/install/so_arm_100_bringup:/opt/ros/humble /home/spkmak/.local/bin/cmake --build /home/spkmak/vegabot_ws/build/vegabot_controller -- -j6 -l6
[1.008s] DEBUG:colcon.colcon_core.event_handler.log_command:Invoking command in '/home/spkmak/vegabot_ws/build/vegabot_controller': CMAKE_PREFIX_PATH=${CMAKE_PREFIX_PATH}:/home/spkmak/vegabot_ws/install/vegabot_scripts:/home/spkmak/ros2_ws/install/so_arm_100_bringup:/opt/ros/humble /home/spkmak/.local/bin/cmake --install /home/spkmak/vegabot_ws/build/vegabot_controller
[1.169s] Level 1:colcon.colcon_core.environment:create_environment_scripts_only(vegabot_mapping)
[1.177s] Level 1:colcon.colcon_core.environment:checking '/home/spkmak/vegabot_ws/install/vegabot_mapping' for CMake module files
[1.191s] Level 1:colcon.colcon_core.environment:checking '/home/spkmak/vegabot_ws/install/vegabot_mapping' for CMake config files
[1.199s] Level 1:colcon.colcon_core.shell:create_environment_hook('vegabot_mapping', 'cmake_prefix_path')
[1.200s] INFO:colcon.colcon_core.shell:Creating environment hook '/home/spkmak/vegabot_ws/install/vegabot_mapping/share/vegabot_mapping/hook/cmake_prefix_path.ps1'
[1.205s] INFO:colcon.colcon_core.shell:Creating environment descriptor '/home/spkmak/vegabot_ws/install/vegabot_mapping/share/vegabot_mapping/hook/cmake_prefix_path.dsv'
[1.209s] INFO:colcon.colcon_core.shell:Creating environment hook '/home/spkmak/vegabot_ws/install/vegabot_mapping/share/vegabot_mapping/hook/cmake_prefix_path.sh'
[1.214s] Level 1:colcon.colcon_core.environment:checking '/home/spkmak/vegabot_ws/install/vegabot_mapping/bin'
[1.215s] Level 1:colcon.colcon_core.environment:checking '/home/spkmak/vegabot_ws/install/vegabot_mapping/lib/pkgconfig/vegabot_mapping.pc'
[1.216s] Level 1:colcon.colcon_core.environment:checking '/home/spkmak/vegabot_ws/install/vegabot_mapping/lib/python3.10/site-packages'
[1.218s] Level 1:colcon.colcon_core.environment:checking '/home/spkmak/vegabot_ws/install/vegabot_mapping/bin'
[1.219s] INFO:colcon.colcon_core.shell:Creating package script '/home/spkmak/vegabot_ws/install/vegabot_mapping/share/vegabot_mapping/package.ps1'
[1.225s] INFO:colcon.colcon_core.shell:Creating package descriptor '/home/spkmak/vegabot_ws/install/vegabot_mapping/share/vegabot_mapping/package.dsv'
[1.229s] INFO:colcon.colcon_core.shell:Creating package script '/home/spkmak/vegabot_ws/install/vegabot_mapping/share/vegabot_mapping/package.sh'
[1.233s] INFO:colcon.colcon_core.shell:Creating package script '/home/spkmak/vegabot_ws/install/vegabot_mapping/share/vegabot_mapping/package.bash'
[1.238s] INFO:colcon.colcon_core.shell:Creating package script '/home/spkmak/vegabot_ws/install/vegabot_mapping/share/vegabot_mapping/package.zsh'
[1.241s] Level 1:colcon.colcon_core.environment:create_file_with_runtime_dependencies(/home/spkmak/vegabot_ws/install/vegabot_mapping/share/colcon-core/packages/vegabot_mapping)
[1.245s] Level 1:colcon.colcon_core.environment:create_environment_scripts_only(vegabot_mapping)
[1.246s] Level 1:colcon.colcon_core.environment:checking '/home/spkmak/vegabot_ws/install/vegabot_mapping' for CMake module files
[1.254s] Level 1:colcon.colcon_core.environment:checking '/home/spkmak/vegabot_ws/install/vegabot_mapping' for CMake config files
[1.263s] Level 1:colcon.colcon_core.shell:create_environment_hook('vegabot_mapping', 'cmake_prefix_path')
[1.264s] INFO:colcon.colcon_core.shell:Creating environment hook '/home/spkmak/vegabot_ws/install/vegabot_mapping/share/vegabot_mapping/hook/cmake_prefix_path.ps1'
[1.267s] INFO:colcon.colcon_core.shell:Creating environment descriptor '/home/spkmak/vegabot_ws/install/vegabot_mapping/share/vegabot_mapping/hook/cmake_prefix_path.dsv'
[1.270s] INFO:colcon.colcon_core.shell:Creating environment hook '/home/spkmak/vegabot_ws/install/vegabot_mapping/share/vegabot_mapping/hook/cmake_prefix_path.sh'
[1.275s] Level 1:colcon.colcon_core.environment:checking '/home/spkmak/vegabot_ws/install/vegabot_mapping/bin'
[1.275s] Level 1:colcon.colcon_core.environment:checking '/home/spkmak/vegabot_ws/install/vegabot_mapping/lib/pkgconfig/vegabot_mapping.pc'
[1.277s] Level 1:colcon.colcon_core.environment:checking '/home/spkmak/vegabot_ws/install/vegabot_mapping/lib/python3.10/site-packages'
[1.279s] Level 1:colcon.colcon_core.environment:checking '/home/spkmak/vegabot_ws/install/vegabot_mapping/bin'
[1.280s] INFO:colcon.colcon_core.shell:Creating package script '/home/spkmak/vegabot_ws/install/vegabot_mapping/share/vegabot_mapping/package.ps1'
[1.284s] INFO:colcon.colcon_core.shell:Creating package descriptor '/home/spkmak/vegabot_ws/install/vegabot_mapping/share/vegabot_mapping/package.dsv'
[1.288s] INFO:colcon.colcon_core.shell:Creating package script '/home/spkmak/vegabot_ws/install/vegabot_mapping/share/vegabot_mapping/package.sh'
[1.291s] INFO:colcon.colcon_core.shell:Creating package script '/home/spkmak/vegabot_ws/install/vegabot_mapping/share/vegabot_mapping/package.bash'
[1.295s] INFO:colcon.colcon_core.shell:Creating package script '/home/spkmak/vegabot_ws/install/vegabot_mapping/share/vegabot_mapping/package.zsh'
[1.298s] Level 1:colcon.colcon_core.environment:create_file_with_runtime_dependencies(/home/spkmak/vegabot_ws/install/vegabot_mapping/share/colcon-core/packages/vegabot_mapping)
[1.301s] INFO:colcon.colcon_ros.task.ament_python.build:Building ROS package in '/home/spkmak/vegabot_ws/src/vegabot_scripts' with build type 'ament_python'
[1.302s] Level 1:colcon.colcon_core.shell:create_environment_hook('vegabot_scripts', 'ament_prefix_path')
[1.303s] INFO:colcon.colcon_core.shell:Creating environment hook '/home/spkmak/vegabot_ws/install/vegabot_scripts/share/vegabot_scripts/hook/ament_prefix_path.ps1'
[1.306s] INFO:colcon.colcon_core.shell:Creating environment descriptor '/home/spkmak/vegabot_ws/install/vegabot_scripts/share/vegabot_scripts/hook/ament_prefix_path.dsv'
[1.309s] INFO:colcon.colcon_core.shell:Creating environment hook '/home/spkmak/vegabot_ws/install/vegabot_scripts/share/vegabot_scripts/hook/ament_prefix_path.sh'
[1.313s] INFO:colcon.colcon_core.shell:Skip shell extension 'powershell' for command environment: Not usable outside of PowerShell
[1.314s] DEBUG:colcon.colcon_core.shell:Skip shell extension 'dsv' for command environment
[1.335s] DEBUG:colcon.colcon_core.event_handler.log_command:Invoked command in '/home/spkmak/vegabot_ws/build/vegabot_mapping' returned '0': CMAKE_PREFIX_PATH=${CMAKE_PREFIX_PATH}:/home/spkmak/vegabot_ws/install/vegabot_scripts:/home/spkmak/ros2_ws/install/so_arm_100_bringup:/opt/ros/humble /home/spkmak/.local/bin/cmake --install /home/spkmak/vegabot_ws/build/vegabot_mapping
[1.405s] Level 1:colcon.colcon_core.environment:create_environment_scripts_only(vegabot_localization)
[1.406s] Level 1:colcon.colcon_core.environment:checking '/home/spkmak/vegabot_ws/install/vegabot_localization' for CMake module files
[1.407s] DEBUG:colcon.colcon_core.event_handler.log_command:Invoked command in '/home/spkmak/vegabot_ws/build/vegabot_localization' returned '0': CMAKE_PREFIX_PATH=${CMAKE_PREFIX_PATH}:/home/spkmak/vegabot_ws/install/vegabot_scripts:/home/spkmak/ros2_ws/install/so_arm_100_bringup:/opt/ros/humble /home/spkmak/.local/bin/cmake --install /home/spkmak/vegabot_ws/build/vegabot_localization
[1.408s] Level 1:colcon.colcon_core.environment:checking '/home/spkmak/vegabot_ws/install/vegabot_localization' for CMake config files
[1.408s] Level 1:colcon.colcon_core.shell:create_environment_hook('vegabot_localization', 'cmake_prefix_path')
[1.409s] INFO:colcon.colcon_core.shell:Creating environment hook '/home/spkmak/vegabot_ws/install/vegabot_localization/share/vegabot_localization/hook/cmake_prefix_path.ps1'
[1.410s] INFO:colcon.colcon_core.shell:Creating environment descriptor '/home/spkmak/vegabot_ws/install/vegabot_localization/share/vegabot_localization/hook/cmake_prefix_path.dsv'
[1.410s] INFO:colcon.colcon_core.shell:Creating environment hook '/home/spkmak/vegabot_ws/install/vegabot_localization/share/vegabot_localization/hook/cmake_prefix_path.sh'
[1.411s] Level 1:colcon.colcon_core.environment:checking '/home/spkmak/vegabot_ws/install/vegabot_localization/bin'
[1.412s] Level 1:colcon.colcon_core.environment:checking '/home/spkmak/vegabot_ws/install/vegabot_localization/lib/pkgconfig/vegabot_localization.pc'
[1.412s] Level 1:colcon.colcon_core.environment:checking '/home/spkmak/vegabot_ws/install/vegabot_localization/lib/python3.10/site-packages'
[1.413s] Level 1:colcon.colcon_core.environment:checking '/home/spkmak/vegabot_ws/install/vegabot_localization/bin'
[1.413s] INFO:colcon.colcon_core.shell:Creating package script '/home/spkmak/vegabot_ws/install/vegabot_localization/share/vegabot_localization/package.ps1'
[1.415s] INFO:colcon.colcon_core.shell:Creating package descriptor '/home/spkmak/vegabot_ws/install/vegabot_localization/share/vegabot_localization/package.dsv'
[1.415s] INFO:colcon.colcon_core.shell:Creating package script '/home/spkmak/vegabot_ws/install/vegabot_localization/share/vegabot_localization/package.sh'
[1.416s] INFO:colcon.colcon_core.shell:Creating package script '/home/spkmak/vegabot_ws/install/vegabot_localization/share/vegabot_localization/package.bash'
[1.417s] INFO:colcon.colcon_core.shell:Creating package script '/home/spkmak/vegabot_ws/install/vegabot_localization/share/vegabot_localization/package.zsh'
[1.418s] Level 1:colcon.colcon_core.environment:create_file_with_runtime_dependencies(/home/spkmak/vegabot_ws/install/vegabot_localization/share/colcon-core/packages/vegabot_localization)
[1.419s] Level 1:colcon.colcon_core.environment:create_environment_scripts_only(vegabot_localization)
[1.420s] Level 1:colcon.colcon_core.environment:checking '/home/spkmak/vegabot_ws/install/vegabot_localization' for CMake module files
[1.421s] Level 1:colcon.colcon_core.environment:checking '/home/spkmak/vegabot_ws/install/vegabot_localization' for CMake config files
[1.421s] Level 1:colcon.colcon_core.shell:create_environment_hook('vegabot_localization', 'cmake_prefix_path')
[1.422s] INFO:colcon.colcon_core.shell:Creating environment hook '/home/spkmak/vegabot_ws/install/vegabot_localization/share/vegabot_localization/hook/cmake_prefix_path.ps1'
[1.423s] INFO:colcon.colcon_core.shell:Creating environment descriptor '/home/spkmak/vegabot_ws/install/vegabot_localization/share/vegabot_localization/hook/cmake_prefix_path.dsv'
[1.424s] INFO:colcon.colcon_core.shell:Creating environment hook '/home/spkmak/vegabot_ws/install/vegabot_localization/share/vegabot_localization/hook/cmake_prefix_path.sh'
[1.425s] Level 1:colcon.colcon_core.environment:checking '/home/spkmak/vegabot_ws/install/vegabot_localization/bin'
[1.425s] Level 1:colcon.colcon_core.environment:checking '/home/spkmak/vegabot_ws/install/vegabot_localization/lib/pkgconfig/vegabot_localization.pc'
[1.426s] Level 1:colcon.colcon_core.environment:checking '/home/spkmak/vegabot_ws/install/vegabot_localization/lib/python3.10/site-packages'
[1.426s] Level 1:colcon.colcon_core.environment:checking '/home/spkmak/vegabot_ws/install/vegabot_localization/bin'
[1.427s] INFO:colcon.colcon_core.shell:Creating package script '/home/spkmak/vegabot_ws/install/vegabot_localization/share/vegabot_localization/package.ps1'
[1.429s] INFO:colcon.colcon_core.shell:Creating package descriptor '/home/spkmak/vegabot_ws/install/vegabot_localization/share/vegabot_localization/package.dsv'
[1.430s] INFO:colcon.colcon_core.shell:Creating package script '/home/spkmak/vegabot_ws/install/vegabot_localization/share/vegabot_localization/package.sh'
[1.431s] INFO:colcon.colcon_core.shell:Creating package script '/home/spkmak/vegabot_ws/install/vegabot_localization/share/vegabot_localization/package.bash'
[1.432s] INFO:colcon.colcon_core.shell:Creating package script '/home/spkmak/vegabot_ws/install/vegabot_localization/share/vegabot_localization/package.zsh'
[1.434s] Level 1:colcon.colcon_core.environment:create_file_with_runtime_dependencies(/home/spkmak/vegabot_ws/install/vegabot_localization/share/colcon-core/packages/vegabot_localization)
[1.437s] Level 1:colcon.colcon_core.environment:create_environment_scripts_only(mechabot_bringup)
[1.438s] Level 1:colcon.colcon_core.environment:checking '/home/spkmak/vegabot_ws/install/mechabot_bringup' for CMake module files
[1.439s] DEBUG:colcon.colcon_core.event_handler.log_command:Invoked command in '/home/spkmak/vegabot_ws/build/mechabot_bringup' returned '0': CMAKE_PREFIX_PATH=${CMAKE_PREFIX_PATH}:/home/spkmak/vegabot_ws/install/vegabot_scripts:/home/spkmak/ros2_ws/install/so_arm_100_bringup:/opt/ros/humble /home/spkmak/.local/bin/cmake --install /home/spkmak/vegabot_ws/build/mechabot_bringup
[1.440s] Level 1:colcon.colcon_core.environment:checking '/home/spkmak/vegabot_ws/install/mechabot_bringup' for CMake config files
[1.441s] Level 1:colcon.colcon_core.shell:create_environment_hook('mechabot_bringup', 'cmake_prefix_path')
[1.441s] INFO:colcon.colcon_core.shell:Creating environment hook '/home/spkmak/vegabot_ws/install/mechabot_bringup/share/mechabot_bringup/hook/cmake_prefix_path.ps1'
[1.442s] INFO:colcon.colcon_core.shell:Creating environment descriptor '/home/spkmak/vegabot_ws/install/mechabot_bringup/share/mechabot_bringup/hook/cmake_prefix_path.dsv'
[1.443s] INFO:colcon.colcon_core.shell:Creating environment hook '/home/spkmak/vegabot_ws/install/mechabot_bringup/share/mechabot_bringup/hook/cmake_prefix_path.sh'
[1.445s] Level 1:colcon.colcon_core.environment:checking '/home/spkmak/vegabot_ws/install/mechabot_bringup/bin'
[1.445s] Level 1:colcon.colcon_core.environment:checking '/home/spkmak/vegabot_ws/install/mechabot_bringup/lib/pkgconfig/mechabot_bringup.pc'
[1.446s] Level 1:colcon.colcon_core.environment:checking '/home/spkmak/vegabot_ws/install/mechabot_bringup/lib/python3.10/site-packages'
[1.447s] Level 1:colcon.colcon_core.environment:checking '/home/spkmak/vegabot_ws/install/mechabot_bringup/bin'
[1.447s] INFO:colcon.colcon_core.shell:Creating package script '/home/spkmak/vegabot_ws/install/mechabot_bringup/share/mechabot_bringup/package.ps1'
[1.449s] INFO:colcon.colcon_core.shell:Creating package descriptor '/home/spkmak/vegabot_ws/install/mechabot_bringup/share/mechabot_bringup/package.dsv'
[1.450s] INFO:colcon.colcon_core.shell:Creating package script '/home/spkmak/vegabot_ws/install/mechabot_bringup/share/mechabot_bringup/package.sh'
[1.451s] INFO:colcon.colcon_core.shell:Creating package script '/home/spkmak/vegabot_ws/install/mechabot_bringup/share/mechabot_bringup/package.bash'
[1.452s] INFO:colcon.colcon_core.shell:Creating package script '/home/spkmak/vegabot_ws/install/mechabot_bringup/share/mechabot_bringup/package.zsh'
[1.453s] Level 1:colcon.colcon_core.environment:create_file_with_runtime_dependencies(/home/spkmak/vegabot_ws/install/mechabot_bringup/share/colcon-core/packages/mechabot_bringup)
[1.455s] Level 1:colcon.colcon_core.environment:create_environment_scripts_only(mechabot_bringup)
[1.455s] Level 1:colcon.colcon_core.environment:checking '/home/spkmak/vegabot_ws/install/mechabot_bringup' for CMake module files
[1.456s] Level 1:colcon.colcon_core.environment:checking '/home/spkmak/vegabot_ws/install/mechabot_bringup' for CMake config files
[1.457s] Level 1:colcon.colcon_core.shell:create_environment_hook('mechabot_bringup', 'cmake_prefix_path')
[1.457s] INFO:colcon.colcon_core.shell:Creating environment hook '/home/spkmak/vegabot_ws/install/mechabot_bringup/share/mechabot_bringup/hook/cmake_prefix_path.ps1'
[1.458s] INFO:colcon.colcon_core.shell:Creating environment descriptor '/home/spkmak/vegabot_ws/install/mechabot_bringup/share/mechabot_bringup/hook/cmake_prefix_path.dsv'
[1.459s] INFO:colcon.colcon_core.shell:Creating environment hook '/home/spkmak/vegabot_ws/install/mechabot_bringup/share/mechabot_bringup/hook/cmake_prefix_path.sh'
[1.461s] Level 1:colcon.colcon_core.environment:checking '/home/spkmak/vegabot_ws/install/mechabot_bringup/bin'
[1.461s] Level 1:colcon.colcon_core.environment:checking '/home/spkmak/vegabot_ws/install/mechabot_bringup/lib/pkgconfig/mechabot_bringup.pc'
[1.461s] Level 1:colcon.colcon_core.environment:checking '/home/spkmak/vegabot_ws/install/mechabot_bringup/lib/python3.10/site-packages'
[1.462s] Level 1:colcon.colcon_core.environment:checking '/home/spkmak/vegabot_ws/install/mechabot_bringup/bin'
[1.463s] INFO:colcon.colcon_core.shell:Creating package script '/home/spkmak/vegabot_ws/install/mechabot_bringup/share/mechabot_bringup/package.ps1'
[1.465s] INFO:colcon.colcon_core.shell:Creating package descriptor '/home/spkmak/vegabot_ws/install/mechabot_bringup/share/mechabot_bringup/package.dsv'
[1.466s] INFO:colcon.colcon_core.shell:Creating package script '/home/spkmak/vegabot_ws/install/mechabot_bringup/share/mechabot_bringup/package.sh'
[1.467s] INFO:colcon.colcon_core.shell:Creating package script '/home/spkmak/vegabot_ws/install/mechabot_bringup/share/mechabot_bringup/package.bash'
[1.468s] INFO:colcon.colcon_core.shell:Creating package script '/home/spkmak/vegabot_ws/install/mechabot_bringup/share/mechabot_bringup/package.zsh'
[1.469s] Level 1:colcon.colcon_core.environment:create_file_with_runtime_dependencies(/home/spkmak/vegabot_ws/install/mechabot_bringup/share/colcon-core/packages/mechabot_bringup)
[1.469s] Level 1:colcon.colcon_core.environment:create_environment_scripts_only(vegabot_controller)
[1.470s] Level 1:colcon.colcon_core.environment:checking '/home/spkmak/vegabot_ws/install/vegabot_controller' for CMake module files
[1.472s] DEBUG:colcon.colcon_core.event_handler.log_command:Invoked command in '/home/spkmak/vegabot_ws/build/vegabot_controller' returned '0': CMAKE_PREFIX_PATH=${CMAKE_PREFIX_PATH}:/home/spkmak/vegabot_ws/install/vegabot_scripts:/home/spkmak/ros2_ws/install/so_arm_100_bringup:/opt/ros/humble /home/spkmak/.local/bin/cmake --install /home/spkmak/vegabot_ws/build/vegabot_controller
[1.472s] Level 1:colcon.colcon_core.environment:checking '/home/spkmak/vegabot_ws/install/vegabot_controller' for CMake config files
[1.473s] Level 1:colcon.colcon_core.shell:create_environment_hook('vegabot_controller', 'cmake_prefix_path')
[1.473s] INFO:colcon.colcon_core.shell:Creating environment hook '/home/spkmak/vegabot_ws/install/vegabot_controller/share/vegabot_controller/hook/cmake_prefix_path.ps1'
[1.474s] INFO:colcon.colcon_core.shell:Creating environment descriptor '/home/spkmak/vegabot_ws/install/vegabot_controller/share/vegabot_controller/hook/cmake_prefix_path.dsv'
[1.475s] INFO:colcon.colcon_core.shell:Creating environment hook '/home/spkmak/vegabot_ws/install/vegabot_controller/share/vegabot_controller/hook/cmake_prefix_path.sh'
[1.476s] Level 1:colcon.colcon_core.environment:checking '/home/spkmak/vegabot_ws/install/vegabot_controller/bin'
[1.477s] Level 1:colcon.colcon_core.environment:checking '/home/spkmak/vegabot_ws/install/vegabot_controller/lib/pkgconfig/vegabot_controller.pc'
[1.477s] Level 1:colcon.colcon_core.environment:checking '/home/spkmak/vegabot_ws/install/vegabot_controller/lib/python3.10/site-packages'
[1.478s] Level 1:colcon.colcon_core.environment:checking '/home/spkmak/vegabot_ws/install/vegabot_controller/bin'
[1.479s] INFO:colcon.colcon_core.shell:Creating package script '/home/spkmak/vegabot_ws/install/vegabot_controller/share/vegabot_controller/package.ps1'
[1.480s] INFO:colcon.colcon_core.shell:Creating package descriptor '/home/spkmak/vegabot_ws/install/vegabot_controller/share/vegabot_controller/package.dsv'
[1.481s] INFO:colcon.colcon_core.shell:Creating package script '/home/spkmak/vegabot_ws/install/vegabot_controller/share/vegabot_controller/package.sh'
[1.482s] INFO:colcon.colcon_core.shell:Creating package script '/home/spkmak/vegabot_ws/install/vegabot_controller/share/vegabot_controller/package.bash'
[1.482s] INFO:colcon.colcon_core.shell:Creating package script '/home/spkmak/vegabot_ws/install/vegabot_controller/share/vegabot_controller/package.zsh'
[1.483s] Level 1:colcon.colcon_core.environment:create_file_with_runtime_dependencies(/home/spkmak/vegabot_ws/install/vegabot_controller/share/colcon-core/packages/vegabot_controller)
[1.484s] Level 1:colcon.colcon_core.environment:create_environment_scripts_only(vegabot_controller)
[1.485s] Level 1:colcon.colcon_core.environment:checking '/home/spkmak/vegabot_ws/install/vegabot_controller' for CMake module files
[1.486s] Level 1:colcon.colcon_core.environment:checking '/home/spkmak/vegabot_ws/install/vegabot_controller' for CMake config files
[1.486s] Level 1:colcon.colcon_core.shell:create_environment_hook('vegabot_controller', 'cmake_prefix_path')
[1.487s] INFO:colcon.colcon_core.shell:Creating environment hook '/home/spkmak/vegabot_ws/install/vegabot_controller/share/vegabot_controller/hook/cmake_prefix_path.ps1'
[1.488s] INFO:colcon.colcon_core.shell:Creating environment descriptor '/home/spkmak/vegabot_ws/install/vegabot_controller/share/vegabot_controller/hook/cmake_prefix_path.dsv'
[1.489s] INFO:colcon.colcon_core.shell:Creating environment hook '/home/spkmak/vegabot_ws/install/vegabot_controller/share/vegabot_controller/hook/cmake_prefix_path.sh'
[1.490s] Level 1:colcon.colcon_core.environment:checking '/home/spkmak/vegabot_ws/install/vegabot_controller/bin'
[1.490s] Level 1:colcon.colcon_core.environment:checking '/home/spkmak/vegabot_ws/install/vegabot_controller/lib/pkgconfig/vegabot_controller.pc'
[1.490s] Level 1:colcon.colcon_core.environment:checking '/home/spkmak/vegabot_ws/install/vegabot_controller/lib/python3.10/site-packages'
[1.491s] Level 1:colcon.colcon_core.environment:checking '/home/spkmak/vegabot_ws/install/vegabot_controller/bin'
[1.492s] INFO:colcon.colcon_core.shell:Creating package script '/home/spkmak/vegabot_ws/install/vegabot_controller/share/vegabot_controller/package.ps1'
[1.493s] INFO:colcon.colcon_core.shell:Creating package descriptor '/home/spkmak/vegabot_ws/install/vegabot_controller/share/vegabot_controller/package.dsv'
[1.494s] INFO:colcon.colcon_core.shell:Creating package script '/home/spkmak/vegabot_ws/install/vegabot_controller/share/vegabot_controller/package.sh'
[1.495s] INFO:colcon.colcon_core.shell:Creating package script '/home/spkmak/vegabot_ws/install/vegabot_controller/share/vegabot_controller/package.bash'
[1.496s] INFO:colcon.colcon_core.shell:Creating package script '/home/spkmak/vegabot_ws/install/vegabot_controller/share/vegabot_controller/package.zsh'
[1.497s] Level 1:colcon.colcon_core.environment:create_file_with_runtime_dependencies(/home/spkmak/vegabot_ws/install/vegabot_controller/share/colcon-core/packages/vegabot_controller)
[1.497s] Level 1:colcon.colcon_core.environment:create_environment_scripts_only(vegabot_description)
[1.498s] Level 1:colcon.colcon_core.environment:checking '/home/spkmak/vegabot_ws/install/vegabot_description' for CMake module files
[1.500s] DEBUG:colcon.colcon_core.event_handler.log_command:Invoked command in '/home/spkmak/vegabot_ws/build/vegabot_description' returned '0': CMAKE_PREFIX_PATH=${CMAKE_PREFIX_PATH}:/home/spkmak/vegabot_ws/install/vegabot_scripts:/home/spkmak/ros2_ws/install/so_arm_100_bringup:/opt/ros/humble /home/spkmak/.local/bin/cmake --install /home/spkmak/vegabot_ws/build/vegabot_description
[1.501s] Level 1:colcon.colcon_core.environment:checking '/home/spkmak/vegabot_ws/install/vegabot_description' for CMake config files
[1.515s] Level 1:colcon.colcon_core.shell:create_environment_hook('vegabot_description', 'cmake_prefix_path')
[1.515s] INFO:colcon.colcon_core.shell:Creating environment hook '/home/spkmak/vegabot_ws/install/vegabot_description/share/vegabot_description/hook/cmake_prefix_path.ps1'
[1.517s] INFO:colcon.colcon_core.shell:Creating environment descriptor '/home/spkmak/vegabot_ws/install/vegabot_description/share/vegabot_description/hook/cmake_prefix_path.dsv'
[1.518s] INFO:colcon.colcon_core.shell:Creating environment hook '/home/spkmak/vegabot_ws/install/vegabot_description/share/vegabot_description/hook/cmake_prefix_path.sh'
[1.519s] Level 1:colcon.colcon_core.environment:checking '/home/spkmak/vegabot_ws/install/vegabot_description/bin'
[1.519s] Level 1:colcon.colcon_core.environment:checking '/home/spkmak/vegabot_ws/install/vegabot_description/lib/pkgconfig/vegabot_description.pc'
[1.520s] Level 1:colcon.colcon_core.environment:checking '/home/spkmak/vegabot_ws/install/vegabot_description/lib/python3.10/site-packages'
[1.520s] Level 1:colcon.colcon_core.environment:checking '/home/spkmak/vegabot_ws/install/vegabot_description/bin'
[1.521s] INFO:colcon.colcon_core.shell:Creating package script '/home/spkmak/vegabot_ws/install/vegabot_description/share/vegabot_description/package.ps1'
[1.522s] INFO:colcon.colcon_core.shell:Creating package descriptor '/home/spkmak/vegabot_ws/install/vegabot_description/share/vegabot_description/package.dsv'
[1.523s] INFO:colcon.colcon_core.shell:Creating package script '/home/spkmak/vegabot_ws/install/vegabot_description/share/vegabot_description/package.sh'
[1.523s] INFO:colcon.colcon_core.shell:Creating package script '/home/spkmak/vegabot_ws/install/vegabot_description/share/vegabot_description/package.bash'
[1.524s] INFO:colcon.colcon_core.shell:Creating package script '/home/spkmak/vegabot_ws/install/vegabot_description/share/vegabot_description/package.zsh'
[1.525s] Level 1:colcon.colcon_core.environment:create_file_with_runtime_dependencies(/home/spkmak/vegabot_ws/install/vegabot_description/share/colcon-core/packages/vegabot_description)
[1.526s] Level 1:colcon.colcon_core.environment:create_environment_scripts_only(vegabot_description)
[1.527s] Level 1:colcon.colcon_core.environment:checking '/home/spkmak/vegabot_ws/install/vegabot_description' for CMake module files
[1.528s] Level 1:colcon.colcon_core.environment:checking '/home/spkmak/vegabot_ws/install/vegabot_description' for CMake config files
[1.539s] Level 1:colcon.colcon_core.shell:create_environment_hook('vegabot_description', 'cmake_prefix_path')
[1.540s] INFO:colcon.colcon_core.shell:Creating environment hook '/home/spkmak/vegabot_ws/install/vegabot_description/share/vegabot_description/hook/cmake_prefix_path.ps1'
[1.540s] INFO:colcon.colcon_core.shell:Creating environment descriptor '/home/spkmak/vegabot_ws/install/vegabot_description/share/vegabot_description/hook/cmake_prefix_path.dsv'
[1.541s] INFO:colcon.colcon_core.shell:Creating environment hook '/home/spkmak/vegabot_ws/install/vegabot_description/share/vegabot_description/hook/cmake_prefix_path.sh'
[1.542s] Level 1:colcon.colcon_core.environment:checking '/home/spkmak/vegabot_ws/install/vegabot_description/bin'
[1.542s] Level 1:colcon.colcon_core.environment:checking '/home/spkmak/vegabot_ws/install/vegabot_description/lib/pkgconfig/vegabot_description.pc'
[1.543s] Level 1:colcon.colcon_core.environment:checking '/home/spkmak/vegabot_ws/install/vegabot_description/lib/python3.10/site-packages'
[1.543s] Level 1:colcon.colcon_core.environment:checking '/home/spkmak/vegabot_ws/install/vegabot_description/bin'
[1.544s] INFO:colcon.colcon_core.shell:Creating package script '/home/spkmak/vegabot_ws/install/vegabot_description/share/vegabot_description/package.ps1'
[1.547s] INFO:colcon.colcon_core.shell:Creating package descriptor '/home/spkmak/vegabot_ws/install/vegabot_description/share/vegabot_description/package.dsv'
[1.548s] INFO:colcon.colcon_core.shell:Creating package script '/home/spkmak/vegabot_ws/install/vegabot_description/share/vegabot_description/package.sh'
[1.549s] INFO:colcon.colcon_core.shell:Creating package script '/home/spkmak/vegabot_ws/install/vegabot_description/share/vegabot_description/package.bash'
[1.549s] INFO:colcon.colcon_core.shell:Creating package script '/home/spkmak/vegabot_ws/install/vegabot_description/share/vegabot_description/package.zsh'
[1.550s] Level 1:colcon.colcon_core.environment:create_file_with_runtime_dependencies(/home/spkmak/vegabot_ws/install/vegabot_description/share/colcon-core/packages/vegabot_description)
[1.995s] INFO:colcon.colcon_core.task.python.build:Building Python package in '/home/spkmak/vegabot_ws/src/vegabot_scripts'
[1.995s] INFO:colcon.colcon_core.shell:Skip shell extension 'powershell' for command environment: Not usable outside of PowerShell
[1.996s] DEBUG:colcon.colcon_core.shell:Skip shell extension 'dsv' for command environment
[2.012s] DEBUG:colcon.colcon_core.event_handler.log_command:Invoked command in '/home/spkmak/vegabot_ws/build/vegabot_navigation' returned '0': CMAKE_PREFIX_PATH=${CMAKE_PREFIX_PATH}:/home/spkmak/vegabot_ws/install/vegabot_scripts:/home/spkmak/ros2_ws/install/so_arm_100_bringup:/opt/ros/humble /home/spkmak/.local/bin/cmake --build /home/spkmak/vegabot_ws/build/vegabot_navigation -- -j6 -l6
[2.016s] DEBUG:colcon.colcon_core.event_handler.log_command:Invoking command in '/home/spkmak/vegabot_ws/build/vegabot_navigation': CMAKE_PREFIX_PATH=${CMAKE_PREFIX_PATH}:/home/spkmak/vegabot_ws/install/vegabot_scripts:/home/spkmak/ros2_ws/install/so_arm_100_bringup:/opt/ros/humble /home/spkmak/.local/bin/cmake --install /home/spkmak/vegabot_ws/build/vegabot_navigation
[2.250s] Level 1:colcon.colcon_core.environment:create_environment_scripts_only(vegabot_navigation)
[2.251s] Level 1:colcon.colcon_core.environment:checking '/home/spkmak/vegabot_ws/install/vegabot_navigation' for CMake module files
[2.252s] DEBUG:colcon.colcon_core.event_handler.log_command:Invoked command in '/home/spkmak/vegabot_ws/build/vegabot_navigation' returned '0': CMAKE_PREFIX_PATH=${CMAKE_PREFIX_PATH}:/home/spkmak/vegabot_ws/install/vegabot_scripts:/home/spkmak/ros2_ws/install/so_arm_100_bringup:/opt/ros/humble /home/spkmak/.local/bin/cmake --install /home/spkmak/vegabot_ws/build/vegabot_navigation
[2.253s] Level 1:colcon.colcon_core.environment:checking '/home/spkmak/vegabot_ws/install/vegabot_navigation' for CMake config files
[2.254s] Level 1:colcon.colcon_core.shell:create_environment_hook('vegabot_navigation', 'cmake_prefix_path')
[2.255s] INFO:colcon.colcon_core.shell:Creating environment hook '/home/spkmak/vegabot_ws/install/vegabot_navigation/share/vegabot_navigation/hook/cmake_prefix_path.ps1'
[2.257s] INFO:colcon.colcon_core.shell:Creating environment descriptor '/home/spkmak/vegabot_ws/install/vegabot_navigation/share/vegabot_navigation/hook/cmake_prefix_path.dsv'
[2.259s] INFO:colcon.colcon_core.shell:Creating environment hook '/home/spkmak/vegabot_ws/install/vegabot_navigation/share/vegabot_navigation/hook/cmake_prefix_path.sh'
[2.261s] Level 1:colcon.colcon_core.environment:checking '/home/spkmak/vegabot_ws/install/vegabot_navigation/lib'
[2.262s] Level 1:colcon.colcon_core.environment:checking '/home/spkmak/vegabot_ws/install/vegabot_navigation/bin'
[2.263s] Level 1:colcon.colcon_core.environment:checking '/home/spkmak/vegabot_ws/install/vegabot_navigation/lib/pkgconfig/vegabot_navigation.pc'
[2.263s] Level 1:colcon.colcon_core.environment:checking '/home/spkmak/vegabot_ws/install/vegabot_navigation/lib/python3.10/site-packages'
[2.265s] Level 1:colcon.colcon_core.environment:checking '/home/spkmak/vegabot_ws/install/vegabot_navigation/bin'
[2.266s] INFO:colcon.colcon_core.shell:Creating package script '/home/spkmak/vegabot_ws/install/vegabot_navigation/share/vegabot_navigation/package.ps1'
[2.268s] INFO:colcon.colcon_core.shell:Creating package descriptor '/home/spkmak/vegabot_ws/install/vegabot_navigation/share/vegabot_navigation/package.dsv'
[2.270s] INFO:colcon.colcon_core.shell:Creating package script '/home/spkmak/vegabot_ws/install/vegabot_navigation/share/vegabot_navigation/package.sh'
[2.271s] INFO:colcon.colcon_core.shell:Creating package script '/home/spkmak/vegabot_ws/install/vegabot_navigation/share/vegabot_navigation/package.bash'
[2.273s] INFO:colcon.colcon_core.shell:Creating package script '/home/spkmak/vegabot_ws/install/vegabot_navigation/share/vegabot_navigation/package.zsh'
[2.274s] Level 1:colcon.colcon_core.environment:create_file_with_runtime_dependencies(/home/spkmak/vegabot_ws/install/vegabot_navigation/share/colcon-core/packages/vegabot_navigation)
[2.276s] Level 1:colcon.colcon_core.environment:create_environment_scripts_only(vegabot_navigation)
[2.277s] Level 1:colcon.colcon_core.environment:checking '/home/spkmak/vegabot_ws/install/vegabot_navigation' for CMake module files
[2.278s] Level 1:colcon.colcon_core.environment:checking '/home/spkmak/vegabot_ws/install/vegabot_navigation' for CMake config files
[2.279s] Level 1:colcon.colcon_core.shell:create_environment_hook('vegabot_navigation', 'cmake_prefix_path')
[2.280s] INFO:colcon.colcon_core.shell:Creating environment hook '/home/spkmak/vegabot_ws/install/vegabot_navigation/share/vegabot_navigation/hook/cmake_prefix_path.ps1'
[2.281s] INFO:colcon.colcon_core.shell:Creating environment descriptor '/home/spkmak/vegabot_ws/install/vegabot_navigation/share/vegabot_navigation/hook/cmake_prefix_path.dsv'
[2.282s] INFO:colcon.colcon_core.shell:Creating environment hook '/home/spkmak/vegabot_ws/install/vegabot_navigation/share/vegabot_navigation/hook/cmake_prefix_path.sh'
[2.285s] Level 1:colcon.colcon_core.environment:checking '/home/spkmak/vegabot_ws/install/vegabot_navigation/lib'
[2.285s] Level 1:colcon.colcon_core.environment:checking '/home/spkmak/vegabot_ws/install/vegabot_navigation/bin'
[2.286s] Level 1:colcon.colcon_core.environment:checking '/home/spkmak/vegabot_ws/install/vegabot_navigation/lib/pkgconfig/vegabot_navigation.pc'
[2.287s] Level 1:colcon.colcon_core.environment:checking '/home/spkmak/vegabot_ws/install/vegabot_navigation/lib/python3.10/site-packages'
[2.289s] Level 1:colcon.colcon_core.environment:checking '/home/spkmak/vegabot_ws/install/vegabot_navigation/bin'
[2.290s] INFO:colcon.colcon_core.shell:Creating package script '/home/spkmak/vegabot_ws/install/vegabot_navigation/share/vegabot_navigation/package.ps1'
[2.293s] INFO:colcon.colcon_core.shell:Creating package descriptor '/home/spkmak/vegabot_ws/install/vegabot_navigation/share/vegabot_navigation/package.dsv'
[2.295s] INFO:colcon.colcon_core.shell:Creating package script '/home/spkmak/vegabot_ws/install/vegabot_navigation/share/vegabot_navigation/package.sh'
[2.296s] INFO:colcon.colcon_core.shell:Creating package script '/home/spkmak/vegabot_ws/install/vegabot_navigation/share/vegabot_navigation/package.bash'
[2.298s] INFO:colcon.colcon_core.shell:Creating package script '/home/spkmak/vegabot_ws/install/vegabot_navigation/share/vegabot_navigation/package.zsh'
[2.300s] Level 1:colcon.colcon_core.environment:create_file_with_runtime_dependencies(/home/spkmak/vegabot_ws/install/vegabot_navigation/share/colcon-core/packages/vegabot_navigation)
[3.118s] DEBUG:colcon.colcon_core.task.python.build:Available setuptools commands: symlink_data, build_ext, install_lib, setopt, install_headers, update_catalog, bdist_rpm, bdist_dumb, install_scripts, build_py, bdist_egg, check, build_clib, bdist_wheel, build_scripts, dist_info, easy_install, install, build, sdist, bdist, egg_info, saveopts, compile_catalog, install_data, init_catalog, extract_messages, develop, alias, clean, editable_wheel, rotate, install_egg_info
[3.125s] DEBUG:colcon.colcon_core.event_handler.log_command:Invoking command in '/home/spkmak/vegabot_ws/src/vegabot_scripts': PYTHONPATH=/home/spkmak/vegabot_ws/build/vegabot_scripts/prefix_override:/usr/lib/python3/dist-packages/colcon_core/task/python/colcon_distutils_commands:/home/spkmak/vegabot_ws/install/vegabot_scripts/lib/python3.10/site-packages:${PYTHONPATH} /usr/bin/python3 -W ignore:setup.py install is deprecated -W ignore:easy_install command is deprecated setup.py egg_info --egg-base ../../build/vegabot_scripts build --build-base /home/spkmak/vegabot_ws/build/vegabot_scripts/build install --record /home/spkmak/vegabot_ws/build/vegabot_scripts/install.log --install-scripts $base/lib/vegabot_scripts --single-version-externally-managed install_data
[4.246s] Level 1:colcon.colcon_core.environment:checking '/home/spkmak/vegabot_ws/install/vegabot_scripts' for CMake module files
[4.248s] DEBUG:colcon.colcon_core.event_handler.log_command:Invoked command in '/home/spkmak/vegabot_ws/src/vegabot_scripts' returned '0': PYTHONPATH=/home/spkmak/vegabot_ws/build/vegabot_scripts/prefix_override:/usr/lib/python3/dist-packages/colcon_core/task/python/colcon_distutils_commands:/home/spkmak/vegabot_ws/install/vegabot_scripts/lib/python3.10/site-packages:${PYTHONPATH} /usr/bin/python3 -W ignore:setup.py install is deprecated -W ignore:easy_install command is deprecated setup.py egg_info --egg-base ../../build/vegabot_scripts build --build-base /home/spkmak/vegabot_ws/build/vegabot_scripts/build install --record /home/spkmak/vegabot_ws/build/vegabot_scripts/install.log --install-scripts $base/lib/vegabot_scripts --single-version-externally-managed install_data
[4.249s] Level 1:colcon.colcon_core.environment:checking '/home/spkmak/vegabot_ws/install/vegabot_scripts' for CMake config files
[4.251s] Level 1:colcon.colcon_core.environment:checking '/home/spkmak/vegabot_ws/install/vegabot_scripts/lib'
[4.251s] Level 1:colcon.colcon_core.environment:checking '/home/spkmak/vegabot_ws/install/vegabot_scripts/bin'
[4.252s] Level 1:colcon.colcon_core.environment:checking '/home/spkmak/vegabot_ws/install/vegabot_scripts/lib/pkgconfig/vegabot_scripts.pc'
[4.253s] Level 1:colcon.colcon_core.environment:checking '/home/spkmak/vegabot_ws/install/vegabot_scripts/lib/python3.10/site-packages'
[4.253s] Level 1:colcon.colcon_core.shell:create_environment_hook('vegabot_scripts', 'pythonpath')
[4.254s] INFO:colcon.colcon_core.shell:Creating environment hook '/home/spkmak/vegabot_ws/install/vegabot_scripts/share/vegabot_scripts/hook/pythonpath.ps1'
[4.256s] INFO:colcon.colcon_core.shell:Creating environment descriptor '/home/spkmak/vegabot_ws/install/vegabot_scripts/share/vegabot_scripts/hook/pythonpath.dsv'
[4.258s] INFO:colcon.colcon_core.shell:Creating environment hook '/home/spkmak/vegabot_ws/install/vegabot_scripts/share/vegabot_scripts/hook/pythonpath.sh'
[4.261s] Level 1:colcon.colcon_core.environment:checking '/home/spkmak/vegabot_ws/install/vegabot_scripts/bin'
[4.261s] Level 1:colcon.colcon_core.environment:create_environment_scripts_only(vegabot_scripts)
[4.263s] INFO:colcon.colcon_core.shell:Creating package script '/home/spkmak/vegabot_ws/install/vegabot_scripts/share/vegabot_scripts/package.ps1'
[4.266s] INFO:colcon.colcon_core.shell:Creating package descriptor '/home/spkmak/vegabot_ws/install/vegabot_scripts/share/vegabot_scripts/package.dsv'
[4.268s] INFO:colcon.colcon_core.shell:Creating package script '/home/spkmak/vegabot_ws/install/vegabot_scripts/share/vegabot_scripts/package.sh'
[4.270s] INFO:colcon.colcon_core.shell:Creating package script '/home/spkmak/vegabot_ws/install/vegabot_scripts/share/vegabot_scripts/package.bash'
[4.272s] INFO:colcon.colcon_core.shell:Creating package script '/home/spkmak/vegabot_ws/install/vegabot_scripts/share/vegabot_scripts/package.zsh'
[4.274s] Level 1:colcon.colcon_core.environment:create_file_with_runtime_dependencies(/home/spkmak/vegabot_ws/install/vegabot_scripts/share/colcon-core/packages/vegabot_scripts)
[4.275s] DEBUG:colcon.colcon_parallel_executor.executor.parallel:closing loop
[4.276s] DEBUG:colcon.colcon_parallel_executor.executor.parallel:loop closed
[4.277s] DEBUG:colcon.colcon_parallel_executor.executor.parallel:run_until_complete finished with '0'
[4.277s] DEBUG:colcon.colcon_core.event_reactor:joining thread
[4.301s] INFO:colcon.colcon_core.plugin_system:Skipping extension 'colcon_notification.desktop_notification.terminal_notifier': Not used on non-Darwin systems
[4.301s] INFO:colcon.colcon_core.plugin_system:Skipping extension 'colcon_notification.desktop_notification.win32': Not used on non-Windows systems
[4.301s] INFO:colcon.colcon_notification.desktop_notification:Sending desktop notification using 'notify2'
[4.340s] DEBUG:colcon.colcon_core.event_reactor:joined thread
[4.341s] INFO:colcon.colcon_core.shell:Creating prefix script '/home/spkmak/vegabot_ws/install/local_setup.ps1'
[4.345s] INFO:colcon.colcon_core.shell:Creating prefix util module '/home/spkmak/vegabot_ws/install/_local_setup_util_ps1.py'
[4.349s] INFO:colcon.colcon_core.shell:Creating prefix chain script '/home/spkmak/vegabot_ws/install/setup.ps1'
[4.354s] INFO:colcon.colcon_core.shell:Creating prefix script '/home/spkmak/vegabot_ws/install/local_setup.sh'
[4.355s] INFO:colcon.colcon_core.shell:Creating prefix util module '/home/spkmak/vegabot_ws/install/_local_setup_util_sh.py'
[4.357s] INFO:colcon.colcon_core.shell:Creating prefix chain script '/home/spkmak/vegabot_ws/install/setup.sh'
[4.364s] INFO:colcon.colcon_core.shell:Creating prefix script '/home/spkmak/vegabot_ws/install/local_setup.bash'
[4.367s] INFO:colcon.colcon_core.shell:Creating prefix chain script '/home/spkmak/vegabot_ws/install/setup.bash'
[4.374s] INFO:colcon.colcon_core.shell:Creating prefix script '/home/spkmak/vegabot_ws/install/local_setup.zsh'
[4.376s] INFO:colcon.colcon_core.shell:Creating prefix chain script '/home/spkmak/vegabot_ws/install/setup.zsh'
